******************************************************************************
                  TI ARM Linker PC v5.2.6                      
******************************************************************************
>> Linked Sat Nov 28 21:54:45 2015

OUTPUT FILE NAME:   <stepper_drv8711.out>
ENTRY POINT SYMBOL: "_c_int00"  address: 000022c1


MEMORY CONFIGURATION

         name            origin    length      used     unused   attr    fill
----------------------  --------  ---------  --------  --------  ----  --------
  FLASH                 00000000   00040000  0000314c  0003ceb4  R  X
  SRAM                  20000000   00008000  00001085  00006f7b  RW X


SEGMENT ALLOCATION MAP

run origin  load origin   length   init length attrs members
----------  ----------- ---------- ----------- ----- -------
00000000    00000000    00003150   00003150    r-x
  00000000    00000000    0000026c   0000026c    r-- .intvecs
  0000026c    0000026c    00002988   00002988    r-x .text
  00002bf4    00002bf4    0000043c   0000043c    r-- .const
  00003030    00003030    00000004   00000004    r-- .init_array
  00003038    00003038    00000118   00000118    r-- .cinit
20000000    20000000    00001090   00000000    rw-
  20000000    20000000    00000800   00000000    rw- .stack
  20000800    20000800    00000631   00000000    rw- .bss
  20000e38    20000e38    0000024c   00000000    rw- .data
  20001088    20001088    00000008   00000000    rw- .sysmem


SECTION ALLOCATION MAP

 output                                  attributes/
section   page    origin      length       input sections
--------  ----  ----------  ----------   ----------------
.intvecs   0    00000000    0000026c     
                  00000000    0000026c     startup_ccs.obj (.intvecs)

.text      0    0000026c    00002988     
                  0000026c    000003dc     rtsv7M4_T_le_v4SPD16_eabi.lib : memory.obj (.text)
                  00000648    000001ea     uartstdio.obj (.text:UARTvprintf)
                  00000832    00000002     startup_ccs.obj (.text:FaultISR)
                  00000834    000001e8     main.obj (.text:main)
                  00000a1c    0000016c     rtsv7M4_T_le_v4SPD16_eabi.lib : xfsin.obj (.text)
                  00000b88    00000160     uartstdio.obj (.text:UARTStdioIntHandler)
                  00000ce8    00000160     rtsv7M4_T_le_v4SPD16_eabi.lib : fmodf.obj (.text)
                  00000e48    00000130     driverlib.lib : gpio.obj (.text:GPIOPadConfigSet)
                  00000f78    0000010c                   : sysctl.obj (.text:SysCtlClockGet)
                  00001084    00000100     rgb.obj (.text:RGBInit)
                  00001184    000000fc     ssi_display.obj (.text:_ZN4aeo111ssi_display10InitializeEv)
                  00001280    000000f4     rtsv7M4_T_le_v4SPD16_eabi.lib : dtor_list.obj (.text)
                  00001374    000000e0     main.obj (.text:_Z10AppRainbowj)
                  00001454    000000d0     rtsv7M4_T_le_v4SPD16_eabi.lib : xfdscale.obj (.text)
                  00001524    000000c0     rgb.obj (.text:RGBEnable)
                  000015e4    000000bc     rtsv7M4_T_le_v4SPD16_eabi.lib : typeinfo_.obj (.text)
                  000016a0    000000b0     uartstdio.obj (.text:UARTStdioConfig)
                  00001750    000000ac     main.obj (.text:_Z13ConfigureQei0v)
                  000017fc    000000a8     uartstdio.obj (.text:UARTwrite)
                  000018a4    0000009c     rtsv7M4_T_le_v4SPD16_eabi.lib : memcpy_t2.obj (.text)
                  00001940    0000009c     ustdlib.obj (.text:ustrtoul)
                  000019dc    00000098     potmeter.obj (.text:_ZN4aeo112adc_potmeter10InitializeEv)
                  00001a74    00000090     rgb.obj (.text:RGBColorSet)
                  00001b04    0000008c     uartstdio.obj (.text:_Z17UARTPrimeTransmitj)
                  00001b90    00000086     rtsv7M4_T_le_v4SPD16_eabi.lib : fd_cmp_t2.obj (.text:__aeabi_cdcmple)
                  00001c16    00000002     startup_ccs.obj (.text:IntDefaultHandler)
                  00001c18    00000084     main.obj (.text:SysTickIntHandler)
                  00001c9c    0000007a     rtsv7M4_T_le_v4SPD16_eabi.lib : memset_t2.obj (.text)
                  00001d16    0000007a                                   : xfdnorm.obj (.text)
                  00001d90    00000074     ssi_display.obj (.text:_ZN4aeo111ssi_display3SetEii)
                  00001e04    00000074     potmeter.obj (.text:_ZN4aeo112adc_potmeter11OnInterruptEv)
                  00001e78    00000070     main.obj (.text:_Z13ConfigureQei1v)
                  00001ee8    0000006c     rtsv7M4_T_le_v4SPD16_eabi.lib : autoinit.obj (.text)
                  00001f54    0000006a                                   : copy_decompress_rle.obj (.text)
                  00001fbe    00000002     startup_ccs.obj (.text:NmiSR)
                  00001fc0    00000068     main.obj (.text:_Z7AppQei0v)
                  00002028    00000068     commands.obj (.text:_Z8CMD_helpiPPc)
                  00002090    00000064     cmdline.obj (.text:CmdLineProcess)
                  000020f4    00000064     main.obj (.text:_Z13AppAdcHandlerv)
                  00002158    00000064     ssi_display.obj (.text:_ZN4aeo111ssi_display14Digit2SegmentsEjjb)
                  000021bc    00000060     main.obj (.text:_Z7AppQei1v)
                  0000221c    00000054     uartstdio.obj (.text:UARTgets)
                  00002270    00000050     main.obj (.text:__sti___8_main_cpp_0581e047)
                  000022c0    00000050     rtsv7M4_T_le_v4SPD16_eabi.lib : boot.obj (.text)
                  00002310    0000004c     main.obj (.text:_Z13ConfigureUARTv)
                  0000235c    0000004c     ssi_display.obj (.text:_ZN4aeo111ssi_display9TerminateEv)
                  000023a8    0000004c     rtsv7M4_T_le_v4SPD16_eabi.lib : cpy_tbl.obj (.text)
                  000023f4    00000048     driverlib.lib : gpio.obj (.text:GPIOPinConfigure)
                  0000243c    00000044     uartstdio.obj (.text:UARTPeek)
                  00002480    00000044     rtsv7M4_T_le_v4SPD16_eabi.lib : exit.obj (.text)
                  000024c4    00000040     commands.obj (.text:_Z13CMD_intensityiPPc)
                  00002504    00000040     commands.obj (.text:_Z7CMD_rgbiPPc)
                  00002544    00000040     rtsv7M4_T_le_v4SPD16_eabi.lib : signal.obj (.text)
                  00002584    00000040                                   : u_divt2.obj (.text)
                  000025c4    0000003c     driverlib.lib : ssi.obj (.text:SSIConfigSetExpClk)
                  00002600    0000003c     uartstdio.obj (.text:UARTFlushTx)
                  0000263c    0000003c     display.obj (.text:_ZN4aeo17display11OnInterruptEv)
                  00002678    00000038     ssi_display.obj (.text:_ZN4aeo111ssi_display8LoadFIFOEv)
                  000026b0    00000038     ssi_display.obj (.text:_ZN4aeo111ssi_displayC1ENS0_9device_idE)
                  000026e8    00000038     display.obj (.text:_ZN4aeo17display8LoadFIFOEv)
                  00002720    00000038     rtsv7M4_T_le_v4SPD16_eabi.lib : fs_tod_t2.obj (.text)
                  00002758    00000034     driverlib.lib : sysctl.obj (.text:SysCtlPeripheralEnable)
                  0000278c    00000034     rtsv7M4_T_le_v4SPD16_eabi.lib : feraiseexcept.obj (.text)
                  000027c0    00000030     potmeter.obj (.text:_ZN4aeo112adc_potmeter4DiagEv)
                  000027f0    00000030     potmeter.obj (.text:_ZN4aeo112adc_potmeter9TerminateEv)
                  00002820    00000030     display.obj (.text:_ZN4aeo17display4DiagEv)
                  00002850    00000030     rtsv7M4_T_le_v4SPD16_eabi.lib : xferaise.obj (.text)
                  00002880    0000002e                                   : raise.obj (.text)
                  000028ae    00000002                                   : i_div0.obj (.text)
                  000028b0    0000002c     uartstdio.obj (.text:UARTFlushRx)
                  000028dc    0000002a     driverlib.lib : gpio.obj (.text:GPIODirModeSet)
                  00002906    00000002     --HOLE-- [fill = 0]
                  00002908    00000024     potmeter.obj (.text:_ZN4aeo112adc_potmeterD1Ev)
                  0000292c    0000001c     potmeter.obj (.text:_ZN4aeo112adc_potmeter7TriggerEv)
                  00002948    0000001a     uartstdio.obj (.text:UARTprintf)
                  00002962    00000018     driverlib.lib : adc.obj (.text:ADCClockConfigSet)
                  0000297a    00000018     uartstdio.obj (.text:_Z12IsBufferFullPVjS0_j)
                  00002992    00000002     --HOLE-- [fill = 0]
                  00002994    00000018     ssi_display.obj (.text:_ZN4aeo111ssi_displayD1Ev)
                  000029ac    00000018     potmeter.obj (.text:_ZN4aeo112adc_potmeter8GetValueEv)
                  000029c4    00000018     rtsv7M4_T_le_v4SPD16_eabi.lib : args_main.obj (.text)
                  000029dc    00000018                                   : strcmp.obj (.text)
                  000029f4    00000014     rgb.obj (.text:RGBIntensitySet)
                  00002a08    00000014     driverlib.lib : sysctl.obj (.text:SysCtlResetCauseClear)
                  00002a1c    00000014                   : systick.obj (.text:SysTickEnable)
                  00002a30    00000014                   : systick.obj (.text:SysTickIntEnable)
                  00002a44    00000014     rtsv7M4_T_le_v4SPD16_eabi.lib : _lock.obj (.text)
                  00002a58    00000012     driverlib.lib : gpio.obj (.text:GPIOPinTypeQEI)
                  00002a6a    00000012                   : gpio.obj (.text:GPIOPinTypeUART)
                  00002a7c    00000012     uartstdio.obj (.text:_Z14GetBufferCountPVjS0_j)
                  00002a8e    00000010     driverlib.lib : interrupt.obj (.text:IntMasterEnable)
                  00002a9e    00000002     --HOLE-- [fill = 0]
                  00002aa0    00000010     potmeter.obj (.text:OnADCInterrupt)
                  00002ab0    00000010     display.obj (.text:OnSSI3Interrupt)
                  00002ac0    00000010     driverlib.lib : systick.obj (.text:SysTickPeriodSet)
                  00002ad0    00000010     main.obj (.text:_Z10AppCounterv)
                  00002ae0    00000010     commands.obj (.text:_Z8CMD_randiPPc)
                  00002af0    00000010     potmeter.obj (.text:_ZN4aeo112adc_potmeter15GetErrorCounterEv)
                  00002b00    00000010     potmeter.obj (.text:_ZN4aeo112adc_potmeterC1Ev)
                  00002b10    0000000e     driverlib.lib : qei.obj (.text:QEIConfigure)
                  00002b1e    0000000e                   : ssi.obj (.text:SSIDataPutNonBlocking)
                  00002b2c    0000000e     uartstdio.obj (.text:_Z13IsBufferEmptyPVjS0_)
                  00002b3a    0000000e     commands.obj (.text:_Z8CMD_diagiPPc)
                  00002b48    0000000e     ssi_display.obj (.text:_ZN4aeo111ssi_displayD0Ev)
                  00002b56    0000000e     potmeter.obj (.text:_ZN4aeo112adc_potmeterD0Ev)
                  00002b64    0000000e     rtsv7M4_T_le_v4SPD16_eabi.lib : copy_decompress_none.obj (.text:decompress:none)
                  00002b72    0000000c     driverlib.lib : cpu.obj (.text:CPUcpsie)
                  00002b7e    00000002     --HOLE-- [fill = 0]
                  00002b80    0000000c                   : sysctl.obj (.text:SysCtlResetCauseGet)
                  00002b8c    0000000c     rtsv7M4_T_le_v4SPD16_eabi.lib : copy_zero_init.obj (.text:decompress:ZI)
                  00002b98    0000000a     driverlib.lib : qei.obj (.text:QEIEnable)
                  00002ba2    0000000a                   : ssi.obj (.text:SSIIntDisable)
                  00002bac    0000000a                   : ssi.obj (.text:SSIIntStatus)
                  00002bb6    00000008                   : ssi.obj (.text:SSIIntEnable)
                  00002bbe    00000008     rtsv7M4_T_le_v4SPD16_eabi.lib : delete.obj (.text)
                  00002bc6    00000006     startup_ccs.obj (.text:ResetISR)
                  00002bcc    00000006     driverlib.lib : sysctl.obj (.text:SysCtlDelay)
                  00002bd2    00000006                   : uart.obj (.text:UARTClockSourceSet)
                  00002bd8    00000006     rtsv7M4_T_le_v4SPD16_eabi.lib : copy_decompress_rle.obj (.text:decompress:rle24)
                  00002bde    00000006                                   : sinf.obj (.text)
                  00002be4    00000004     driverlib.lib : qei.obj (.text:QEIPositionGet)
                  00002be8    00000004                   : ssi.obj (.text:SSIIntClear)
                  00002bec    00000004     commands.obj (.text:_Z7CMD_hibiPPc)
                  00002bf0    00000004     rtsv7M4_T_le_v4SPD16_eabi.lib : pre_init.obj (.text)

.const     0    00002bf4    0000043c     
                  00002bf4    00000106     commands.obj (.const:.string)
                  00002cfa    00000002     rtsv7M4_T_le_v4SPD16_eabi.lib : typeinfo_.obj (.const:.typeinfo:_ZTSe)
                  00002cfc    00000090     driverlib.lib : gpio.obj (.const:g_pui32GPIOBaseAddrs)
                  00002d8c    0000006c                   : sysctl.obj (.const:g_pui32Xtals)
                  00002df8    00000028     rtsv7M4_T_le_v4SPD16_eabi.lib : typeinfo_.obj (.const:.typeinfo:_ZTSN10__cxxabiv123__fundamental_type_infoE)
                  00002e20    00000028                                   : xfsin.obj (.const)
                  00002e48    00000028     uartstdio.obj (.const)
                  00002e70    00000025     rtsv7M4_T_le_v4SPD16_eabi.lib : typeinfo_.obj (.const:.typeinfo:_ZTSN10__cxxabiv120__si_class_type_infoE)
                  00002e95    00000024                                   : typeinfo_.obj (.const:.typeinfo:_ZTSN10__cxxabiv119__pointer_type_infoE)
                  00002eb9    00000022                                   : typeinfo_.obj (.const:.typeinfo:_ZTSN10__cxxabiv117__class_type_infoE)
                  00002edb    00000022                                   : typeinfo_.obj (.const:.typeinfo:_ZTSN10__cxxabiv117__pbase_type_infoE)
                  00002efd    00000016     potmeter.obj (.const:.typeinfo:_ZTSN4aeo112adc_potmeterE)
                  00002f13    00000015     ssi_display.obj (.const:.typeinfo:_ZTSN4aeo111ssi_displayE)
                  00002f28    00000012     ssi_display.obj (.const:.string)
                  00002f3a    00000002     --HOLE-- [fill = 0]
                  00002f3c    00000012     uartstdio.obj (.const:.string)
                  00002f4e    00000002     --HOLE-- [fill = 0]
                  00002f50    00000010     rtsv7M4_T_le_v4SPD16_eabi.lib : typeinfo_.obj (.const:.typeinfo:_ZTIPKe)
                  00002f60    00000010                                   : typeinfo_.obj (.const:_ZTVN10__cxxabiv117__class_type_infoE)
                  00002f70    00000010                                   : typeinfo_.obj (.const:_ZTVN10__cxxabiv119__pointer_type_infoE)
                  00002f80    00000010                                   : typeinfo_.obj (.const:_ZTVN10__cxxabiv120__si_class_type_infoE)
                  00002f90    00000010                                   : typeinfo_.obj (.const:_ZTVN10__cxxabiv123__fundamental_type_infoE)
                  00002fa0    00000010     ssi_display.obj (.const:_ZTVN4aeo111ssi_displayE)
                  00002fb0    00000010     potmeter.obj (.const:_ZTVN4aeo112adc_potmeterE)
                  00002fc0    0000000d     rtsv7M4_T_le_v4SPD16_eabi.lib : typeinfo_.obj (.const:.typeinfo:_ZTSSt9type_info)
                  00002fcd    00000003     --HOLE-- [fill = 0]
                  00002fd0    0000000c                                   : typeinfo_.obj (.const:.typeinfo:_ZTIN10__cxxabiv117__class_type_infoE)
                  00002fdc    0000000c                                   : typeinfo_.obj (.const:.typeinfo:_ZTIN10__cxxabiv117__pbase_type_infoE)
                  00002fe8    0000000c                                   : typeinfo_.obj (.const:.typeinfo:_ZTIN10__cxxabiv119__pointer_type_infoE)
                  00002ff4    0000000c                                   : typeinfo_.obj (.const:.typeinfo:_ZTIN10__cxxabiv120__si_class_type_infoE)
                  00003000    0000000c                                   : typeinfo_.obj (.const:.typeinfo:_ZTIN10__cxxabiv123__fundamental_type_infoE)
                  0000300c    00000008     ssi_display.obj (.const:.typeinfo:_ZTIN4aeo111ssi_displayE)
                  00003014    00000008     potmeter.obj (.const:.typeinfo:_ZTIN4aeo112adc_potmeterE)
                  0000301c    00000008     rtsv7M4_T_le_v4SPD16_eabi.lib : typeinfo_.obj (.const:.typeinfo:_ZTISt9type_info)
                  00003024    00000008                                   : typeinfo_.obj (.const:.typeinfo:_ZTIe)
                  0000302c    00000004                                   : typeinfo_.obj (.const:.typeinfo:_ZTSPKe)

.init_array 
*          0    00003030    00000004     
                  00003030    00000004     main.obj (.init_array)

.cinit     0    00003038    00000118     
                  00003038    000000f0     (.cinit..data.load) [load image, compression = rle]
                  00003128    0000000c     (__TI_handler_table)
                  00003134    00000004     --HOLE-- [fill = 0]
                  00003138    00000008     (.cinit..bss.load) [load image, compression = zero_init]
                  00003140    00000010     (__TI_cinit_table)

.stack     0    20000000    00000800     UNINITIALIZED
                  20000000    00000800     --HOLE--

.bss       0    20000800    00000631     UNINITIALIZED
                  20000800    00000400     uartstdio.obj (.bss:g_pcUARTTxBuffer)
                  20000c00    00000080     main.obj (.bss:g_cInput)
                  20000c80    00000080     uartstdio.obj (.bss:g_pcUARTRxBuffer)
                  20000d00    00000054     main.obj (.bss:oDisplay1)
                  20000d54    00000054     main.obj (.bss:oDisplay2)
                  20000da8    00000024     cmdline.obj (.bss:g_ppcArgv)
                  20000dcc    00000024     main.obj (.bss:g_sAppState)
                  20000df0    0000001c     main.obj (.bss)
                  20000e0c    0000000c     (.common:g_ui32Colors)
                  20000e18    00000004     (.common:_ZSt16__dummy_typeinfo)
                  20000e1c    00000004     (.common:__dso_handle)
                  20000e20    00000004     (.common:fPrevPos$2)
                  20000e24    00000004     (.common:g_ui32PortNum)
                  20000e28    00000004     (.common:nNewValue)
                  20000e2c    00000004     (.common:x$3)
                  20000e30    00000001     (.common:g_bDisableEcho)

.TI.noinit 
*          0    20000800    00000000     UNINITIALIZED

.data      0    20000e38    0000024c     UNINITIALIZED
                  20000e38    000000b0     rtsv7M4_T_le_v4SPD16_eabi.lib : signal.obj (.data:sigtable)
                  20000ee8    00000068                                   : xfvalues.obj (.data)
                  20000f50    00000054     commands.obj (.data:g_psCmdTable)
                  20000fa4    0000002c     ssi_display.obj (.data:_ZN4aeo112Display_SSI1E)
                  20000fd0    0000002c     ssi_display.obj (.data:_ZN4aeo112Display_SSI3E)
                  20000ffc    00000015     uartstdio.obj (.data)
                  20001011    00000003     --HOLE--
                  20001014    00000014     ssi_display.obj (.data)
                  20001028    00000010     display.obj (.data)
                  20001038    00000010     potmeter.obj (.data)
                  20001048    0000000c     rtsv7M4_T_le_v4SPD16_eabi.lib : memory.obj (.data)
                  20001054    00000008     main.obj (.data)
                  2000105c    00000008     rtsv7M4_T_le_v4SPD16_eabi.lib : _lock.obj (.data)
                  20001064    00000008                                   : exit.obj (.data)
                  2000106c    00000008                                   : feraiseexcept.obj (.data)
                  20001074    00000004     rgb.obj (.data)
                  20001078    00000004     rtsv7M4_T_le_v4SPD16_eabi.lib : dtor_list.obj (.data)
                  2000107c    00000004                                   : errno.obj (.data)
                  20001080    00000004                                   : stkdepth_vars.obj (.data)

.TI.persistent 
*          0    20000e38    00000000     UNINITIALIZED

.sysmem    0    20001088    00000008     UNINITIALIZED
                  20001088    00000008     rtsv7M4_T_le_v4SPD16_eabi.lib : memory.obj (.sysmem)


LINKER GENERATED COPY TABLES

__TI_cinit_table @ 00003140 records: 2, size/record: 8, table size: 16
	.data: load addr=00003038, load size=000000f0 bytes, run addr=20000e38, run size=0000024c bytes, compression=rle
	.bss: load addr=00003138, load size=00000008 bytes, run addr=20000800, run size=00000631 bytes, compression=zero_init


LINKER GENERATED HANDLER TABLE

__TI_handler_table @ 00003128 records: 3, size/record: 4, table size: 12
	index: 0, handler: __TI_decompress_rle24
	index: 1, handler: __TI_decompress_none
	index: 2, handler: __TI_zero_init


GLOBAL SYMBOLS: SORTED ALPHABETICALLY BY Name 

address   name                                              
-------   ----                                              
00002963  ADCClockConfigSet                                 
00002481  C$$EXIT                                           
00002b73  CPUcpsie                                          
00002091  CmdLineProcess                                    
000028dd  GPIODirModeSet                                    
00000e49  GPIOPadConfigSet                                  
000023f5  GPIOPinConfigure                                  
00002a59  GPIOPinTypeQEI                                    
00002a6b  GPIOPinTypeUART                                   
00002a8f  IntMasterEnable                                   
00002aa1  OnADCInterrupt                                    
00002ab1  OnSSI3Interrupt                                   
00002b11  QEIConfigure                                      
00002b99  QEIEnable                                         
00002be5  QEIPositionGet                                    
00001a75  RGBColorSet                                       
00001525  RGBEnable                                         
00001085  RGBInit                                           
000029f5  RGBIntensitySet                                   
00002bc7  ResetISR                                          
00003030  SHT$$INIT_ARRAY$$Base                             
00003034  SHT$$INIT_ARRAY$$Limit                            
000025c5  SSIConfigSetExpClk                                
00002b1f  SSIDataPutNonBlocking                             
00002be9  SSIIntClear                                       
00002ba3  SSIIntDisable                                     
00002bb7  SSIIntEnable                                      
00002bad  SSIIntStatus                                      
00000f79  SysCtlClockGet                                    
00002bcd  SysCtlDelay                                       
00002759  SysCtlPeripheralEnable                            
00002a09  SysCtlResetCauseClear                             
00002b81  SysCtlResetCauseGet                               
00002a1d  SysTickEnable                                     
00002a31  SysTickIntEnable                                  
00001c19  SysTickIntHandler                                 
00002ac1  SysTickPeriodSet                                  
00002bd3  UARTClockSourceSet                                
000028b1  UARTFlushRx                                       
00002601  UARTFlushTx                                       
0000243d  UARTPeek                                          
000016a1  UARTStdioConfig                                   
00000b89  UARTStdioIntHandler                               
0000221d  UARTgets                                          
00002949  UARTprintf                                        
00000649  UARTvprintf                                       
000017fd  UARTwrite                                         
2000107c  _Errno                                            
20000ee8  _FDenorm                                          
00001d17  _FDnorm                                           
00001455  _FDscale                                          
20000ef8  _FEps                                             
20000f08  _FInf                                             
20000f18  _FNan                                             
20000f38  _FRteps                                           
00000a1d  _FSin                                             
20000f28  _FSnan                                            
20000f48  _FXbig                                            
20000f4c  _FZero                                            
2000106c  _Fenv                                             
00002851  _Feraise                                          
20001070  _Tls_setup__Fenv                                  
00002ad1  _Z10AppCounterv                                   
00001375  _Z10AppRainbowj                                   
000020f5  _Z13AppAdcHandlerv                                
000024c5  _Z13CMD_intensityiPPc                             
00001751  _Z13ConfigureQei0v                                
00001e79  _Z13ConfigureQei1v                                
00002311  _Z13ConfigureUARTv                                
00001fc1  _Z7AppQei0v                                       
000021bd  _Z7AppQei1v                                       
00002bed  _Z7CMD_hibiPPc                                    
00002505  _Z7CMD_rgbiPPc                                    
00002b3b  _Z8CMD_diagiPPc                                   
00002029  _Z8CMD_helpiPPc                                   
00002ae1  _Z8CMD_randiPPc                                   
00001691  _ZN10__cxxabiv116__enum_type_infoD0Ev             
0000168f  _ZN10__cxxabiv116__enum_type_infoD1Ev             
0000168f  _ZN10__cxxabiv116__enum_type_infoD2Ev             
00001687  _ZN10__cxxabiv117__array_type_infoD0Ev            
00001685  _ZN10__cxxabiv117__array_type_infoD1Ev            
00001685  _ZN10__cxxabiv117__array_type_infoD2Ev            
0000167d  _ZN10__cxxabiv117__class_type_infoD0Ev            
0000167b  _ZN10__cxxabiv117__class_type_infoD1Ev            
0000167b  _ZN10__cxxabiv117__class_type_infoD2Ev            
00001673  _ZN10__cxxabiv117__pbase_type_infoD0Ev            
00001671  _ZN10__cxxabiv117__pbase_type_infoD1Ev            
00001671  _ZN10__cxxabiv117__pbase_type_infoD2Ev            
00001669  _ZN10__cxxabiv119__pointer_type_infoD0Ev          
00001667  _ZN10__cxxabiv119__pointer_type_infoD1Ev          
00001667  _ZN10__cxxabiv119__pointer_type_infoD2Ev          
0000165f  _ZN10__cxxabiv120__function_type_infoD0Ev         
0000165d  _ZN10__cxxabiv120__function_type_infoD1Ev         
0000165d  _ZN10__cxxabiv120__function_type_infoD2Ev         
00001655  _ZN10__cxxabiv120__si_class_type_infoD0Ev         
00001653  _ZN10__cxxabiv120__si_class_type_infoD1Ev         
00001653  _ZN10__cxxabiv120__si_class_type_infoD2Ev         
0000164b  _ZN10__cxxabiv121__vmi_class_type_infoD0Ev        
00001649  _ZN10__cxxabiv121__vmi_class_type_infoD1Ev        
00001649  _ZN10__cxxabiv121__vmi_class_type_infoD2Ev        
00001641  _ZN10__cxxabiv123__fundamental_type_infoD0Ev      
0000163f  _ZN10__cxxabiv123__fundamental_type_infoD1Ev      
0000163f  _ZN10__cxxabiv123__fundamental_type_infoD2Ev      
00001637  _ZN10__cxxabiv129__pointer_to_member_type_infoD0Ev
00001635  _ZN10__cxxabiv129__pointer_to_member_type_infoD1Ev
00001635  _ZN10__cxxabiv129__pointer_to_member_type_infoD2Ev
00001185  _ZN4aeo111ssi_display10InitializeEv               
20001014  _ZN4aeo111ssi_display10m_nCounterE                
20001020  _ZN4aeo111ssi_display10m_pTheSSI1E                
20001024  _ZN4aeo111ssi_display10m_pTheSSI3E                
20001018  _ZN4aeo111ssi_display13m_nEotCounterE             
00002159  _ZN4aeo111ssi_display14Digit2SegmentsEjjb         
2000101c  _ZN4aeo111ssi_display18m_nOverflowCounterE        
00001d91  _ZN4aeo111ssi_display3SetEii                      
00002679  _ZN4aeo111ssi_display8LoadFIFOEv                  
0000235d  _ZN4aeo111ssi_display9TerminateEv                 
000026b1  _ZN4aeo111ssi_displayC1ENS0_9device_idE           
000026b1  _ZN4aeo111ssi_displayC2ENS0_9device_idE           
00002b49  _ZN4aeo111ssi_displayD0Ev                         
00002995  _ZN4aeo111ssi_displayD1Ev                         
00002995  _ZN4aeo111ssi_displayD2Ev                         
20000fa4  _ZN4aeo112Display_SSI1E                           
20000fd0  _ZN4aeo112Display_SSI3E                           
000019dd  _ZN4aeo112adc_potmeter10InitializeEv              
20001038  _ZN4aeo112adc_potmeter10m_nCounterE               
00001e05  _ZN4aeo112adc_potmeter11OnInterruptEv             
20001040  _ZN4aeo112adc_potmeter14m_nReadCounterE           
00002af1  _ZN4aeo112adc_potmeter15GetErrorCounterEv         
2000103c  _ZN4aeo112adc_potmeter15m_nErrorCounterE          
20001044  _ZN4aeo112adc_potmeter16m_pTheOneAndOnlyE         
000027c1  _ZN4aeo112adc_potmeter4DiagEv                     
0000292d  _ZN4aeo112adc_potmeter7TriggerEv                  
000029ad  _ZN4aeo112adc_potmeter8GetValueEv                 
000027f1  _ZN4aeo112adc_potmeter9TerminateEv                
00002b01  _ZN4aeo112adc_potmeterC1Ev                        
00002b01  _ZN4aeo112adc_potmeterC2Ev                        
00002b57  _ZN4aeo112adc_potmeterD0Ev                        
00002909  _ZN4aeo112adc_potmeterD1Ev                        
00002909  _ZN4aeo112adc_potmeterD2Ev                        
20001028  _ZN4aeo17display10m_nCounterE                     
0000263d  _ZN4aeo17display11OnInterruptEv                   
2000102c  _ZN4aeo17display13m_nEotCounterE                  
20001034  _ZN4aeo17display16m_pTheOneAndOnlyE               
20001030  _ZN4aeo17display18m_nOverflowCounterE             
00002821  _ZN4aeo17display4DiagEv                           
000026e9  _ZN4aeo17display8LoadFIFOEv                       
000015f7  _ZNKSt9type_info4nameEv                           
00001627  _ZNKSt9type_info6beforeERKS_                      
00001611  _ZNKSt9type_infoeqERKS_                           
000015fb  _ZNKSt9type_infoneERKS_                           
000015ef  _ZNSt9type_infoD0Ev                               
000015ed  _ZNSt9type_infoD1Ev                               
000015ed  _ZNSt9type_infoD2Ev                               
20000e18  _ZSt16__dummy_typeinfo                            
000015e5  _ZSt21__gen_dummy_typeinfosv                      
00002fd0  _ZTIN10__cxxabiv117__class_type_infoE             
00002fdc  _ZTIN10__cxxabiv117__pbase_type_infoE             
00002fe8  _ZTIN10__cxxabiv119__pointer_type_infoE           
00002ff4  _ZTIN10__cxxabiv120__si_class_type_infoE          
00003000  _ZTIN10__cxxabiv123__fundamental_type_infoE       
0000300c  _ZTIN4aeo111ssi_displayE                          
00003014  _ZTIN4aeo112adc_potmeterE                         
00002f50  _ZTIPKe                                           
0000301c  _ZTISt9type_info                                  
00003024  _ZTIe                                             
00002eb9  _ZTSN10__cxxabiv117__class_type_infoE             
00002edb  _ZTSN10__cxxabiv117__pbase_type_infoE             
00002e95  _ZTSN10__cxxabiv119__pointer_type_infoE           
00002e70  _ZTSN10__cxxabiv120__si_class_type_infoE          
00002df8  _ZTSN10__cxxabiv123__fundamental_type_infoE       
00002f13  _ZTSN4aeo111ssi_displayE                          
00002efd  _ZTSN4aeo112adc_potmeterE                         
0000302c  _ZTSPKe                                           
00002fc0  _ZTSSt9type_info                                  
00002cfa  _ZTSe                                             
00002f60  _ZTVN10__cxxabiv117__class_type_infoE             
00002f70  _ZTVN10__cxxabiv119__pointer_type_infoE           
00002f80  _ZTVN10__cxxabiv120__si_class_type_infoE          
00002f90  _ZTVN10__cxxabiv123__fundamental_type_infoE       
00002fa0  _ZTVN4aeo111ssi_displayE                          
00002fb0  _ZTVN4aeo112adc_potmeterE                         
00002bbf  _ZdlPv                                            
20000800  __STACK_END                                       
00000800  __STACK_SIZE                                      
20000800  __STACK_TOP                                       
00000008  __SYSMEM_SIZE                                     
00003140  __TI_CINIT_Base                                   
00003150  __TI_CINIT_Limit                                  
00003128  __TI_Handler_Table_Base                           
00003134  __TI_Handler_Table_Limit                          
00001ee9  __TI_auto_init                                    
20001064  __TI_cleanup_ptr                                  
00002b65  __TI_decompress_none                              
00002bd9  __TI_decompress_rle24                             
20001068  __TI_dtors_ptr                                    
00000000  __TI_static_base__                                
00002b8d  __TI_zero_init                                    
000012d7  __aeabi_atexit                                    
00001b91  __aeabi_cdcmpeq                                   
00001b91  __aeabi_cdcmple                                   
00002721  __aeabi_f2d                                       
000028af  __aeabi_idiv0                                     
00001c9d  __aeabi_memclr                                    
00001c9d  __aeabi_memclr4                                   
00001c9d  __aeabi_memclr8                                   
000018a5  __aeabi_memcpy                                    
000018a5  __aeabi_memcpy4                                   
000018a5  __aeabi_memcpy8                                   
00001c9f  __aeabi_memset                                    
00001c9f  __aeabi_memset4                                   
00001c9f  __aeabi_memset8                                   
00002585  __aeabi_uidiv                                     
00002585  __aeabi_uidivmod                                  
ffffffff  __binit__                                         
ffffffff  __c_args__                                        
0000131b  __cxa_atexit                                      
00001281  __cxa_finalize                                    
000012c3  __cxa_ia64_exit                                   
20000e1c  __dso_handle                                      
20000000  __stack                                           
00002271  __sti___8_main_cpp_0581e047                       
000029c5  _args_main                                        
000022c1  _c_int00                                          
2000105c  _lock                                             
00002a53  _nop                                              
00002a4b  _register_lock                                    
00002a45  _register_unlock                                  
20001088  _sys_memory                                       
00002bf1  _system_pre_init                                  
20001060  _unlock                                           
00002485  abort                                             
000012c9  atexit                                            
ffffffff  binit                                             
00000615  calloc                                            
000023a9  copy_in                                           
0000248d  exit                                              
0000278d  feraiseexcept                                     
00000ce9  fmodf                                             
00000363  free                                              
00000000  g_pfnVectors                                      
20000f50  g_psCmdTable                                      
20000dcc  g_sAppState                                       
00000835  main                                              
20001080  main_func_sp                                      
000002fb  malloc                                            
00000531  memalign                                          
000018a5  memcpy                                            
00001ca5  memset                                            
0000026d  minit                                             
00002881  raise                                             
00000425  realloc                                           
00002545  signal                                            
00002bdf  sinf                                              
000029dd  strcmp                                            
00001941  ustrtoul                                          


GLOBAL SYMBOLS: SORTED BY Symbol Address 

address   name                                              
-------   ----                                              
00000000  __TI_static_base__                                
00000000  g_pfnVectors                                      
00000008  __SYSMEM_SIZE                                     
0000026d  minit                                             
000002fb  malloc                                            
00000363  free                                              
00000425  realloc                                           
00000531  memalign                                          
00000615  calloc                                            
00000649  UARTvprintf                                       
00000800  __STACK_SIZE                                      
00000835  main                                              
00000a1d  _FSin                                             
00000b89  UARTStdioIntHandler                               
00000ce9  fmodf                                             
00000e49  GPIOPadConfigSet                                  
00000f79  SysCtlClockGet                                    
00001085  RGBInit                                           
00001185  _ZN4aeo111ssi_display10InitializeEv               
00001281  __cxa_finalize                                    
000012c3  __cxa_ia64_exit                                   
000012c9  atexit                                            
000012d7  __aeabi_atexit                                    
0000131b  __cxa_atexit                                      
00001375  _Z10AppRainbowj                                   
00001455  _FDscale                                          
00001525  RGBEnable                                         
000015e5  _ZSt21__gen_dummy_typeinfosv                      
000015ed  _ZNSt9type_infoD1Ev                               
000015ed  _ZNSt9type_infoD2Ev                               
000015ef  _ZNSt9type_infoD0Ev                               
000015f7  _ZNKSt9type_info4nameEv                           
000015fb  _ZNKSt9type_infoneERKS_                           
00001611  _ZNKSt9type_infoeqERKS_                           
00001627  _ZNKSt9type_info6beforeERKS_                      
00001635  _ZN10__cxxabiv129__pointer_to_member_type_infoD1Ev
00001635  _ZN10__cxxabiv129__pointer_to_member_type_infoD2Ev
00001637  _ZN10__cxxabiv129__pointer_to_member_type_infoD0Ev
0000163f  _ZN10__cxxabiv123__fundamental_type_infoD1Ev      
0000163f  _ZN10__cxxabiv123__fundamental_type_infoD2Ev      
00001641  _ZN10__cxxabiv123__fundamental_type_infoD0Ev      
00001649  _ZN10__cxxabiv121__vmi_class_type_infoD1Ev        
00001649  _ZN10__cxxabiv121__vmi_class_type_infoD2Ev        
0000164b  _ZN10__cxxabiv121__vmi_class_type_infoD0Ev        
00001653  _ZN10__cxxabiv120__si_class_type_infoD1Ev         
00001653  _ZN10__cxxabiv120__si_class_type_infoD2Ev         
00001655  _ZN10__cxxabiv120__si_class_type_infoD0Ev         
0000165d  _ZN10__cxxabiv120__function_type_infoD1Ev         
0000165d  _ZN10__cxxabiv120__function_type_infoD2Ev         
0000165f  _ZN10__cxxabiv120__function_type_infoD0Ev         
00001667  _ZN10__cxxabiv119__pointer_type_infoD1Ev          
00001667  _ZN10__cxxabiv119__pointer_type_infoD2Ev          
00001669  _ZN10__cxxabiv119__pointer_type_infoD0Ev          
00001671  _ZN10__cxxabiv117__pbase_type_infoD1Ev            
00001671  _ZN10__cxxabiv117__pbase_type_infoD2Ev            
00001673  _ZN10__cxxabiv117__pbase_type_infoD0Ev            
0000167b  _ZN10__cxxabiv117__class_type_infoD1Ev            
0000167b  _ZN10__cxxabiv117__class_type_infoD2Ev            
0000167d  _ZN10__cxxabiv117__class_type_infoD0Ev            
00001685  _ZN10__cxxabiv117__array_type_infoD1Ev            
00001685  _ZN10__cxxabiv117__array_type_infoD2Ev            
00001687  _ZN10__cxxabiv117__array_type_infoD0Ev            
0000168f  _ZN10__cxxabiv116__enum_type_infoD1Ev             
0000168f  _ZN10__cxxabiv116__enum_type_infoD2Ev             
00001691  _ZN10__cxxabiv116__enum_type_infoD0Ev             
000016a1  UARTStdioConfig                                   
00001751  _Z13ConfigureQei0v                                
000017fd  UARTwrite                                         
000018a5  __aeabi_memcpy                                    
000018a5  __aeabi_memcpy4                                   
000018a5  __aeabi_memcpy8                                   
000018a5  memcpy                                            
00001941  ustrtoul                                          
000019dd  _ZN4aeo112adc_potmeter10InitializeEv              
00001a75  RGBColorSet                                       
00001b91  __aeabi_cdcmpeq                                   
00001b91  __aeabi_cdcmple                                   
00001c19  SysTickIntHandler                                 
00001c9d  __aeabi_memclr                                    
00001c9d  __aeabi_memclr4                                   
00001c9d  __aeabi_memclr8                                   
00001c9f  __aeabi_memset                                    
00001c9f  __aeabi_memset4                                   
00001c9f  __aeabi_memset8                                   
00001ca5  memset                                            
00001d17  _FDnorm                                           
00001d91  _ZN4aeo111ssi_display3SetEii                      
00001e05  _ZN4aeo112adc_potmeter11OnInterruptEv             
00001e79  _Z13ConfigureQei1v                                
00001ee9  __TI_auto_init                                    
00001fc1  _Z7AppQei0v                                       
00002029  _Z8CMD_helpiPPc                                   
00002091  CmdLineProcess                                    
000020f5  _Z13AppAdcHandlerv                                
00002159  _ZN4aeo111ssi_display14Digit2SegmentsEjjb         
000021bd  _Z7AppQei1v                                       
0000221d  UARTgets                                          
00002271  __sti___8_main_cpp_0581e047                       
000022c1  _c_int00                                          
00002311  _Z13ConfigureUARTv                                
0000235d  _ZN4aeo111ssi_display9TerminateEv                 
000023a9  copy_in                                           
000023f5  GPIOPinConfigure                                  
0000243d  UARTPeek                                          
00002481  C$$EXIT                                           
00002485  abort                                             
0000248d  exit                                              
000024c5  _Z13CMD_intensityiPPc                             
00002505  _Z7CMD_rgbiPPc                                    
00002545  signal                                            
00002585  __aeabi_uidiv                                     
00002585  __aeabi_uidivmod                                  
000025c5  SSIConfigSetExpClk                                
00002601  UARTFlushTx                                       
0000263d  _ZN4aeo17display11OnInterruptEv                   
00002679  _ZN4aeo111ssi_display8LoadFIFOEv                  
000026b1  _ZN4aeo111ssi_displayC1ENS0_9device_idE           
000026b1  _ZN4aeo111ssi_displayC2ENS0_9device_idE           
000026e9  _ZN4aeo17display8LoadFIFOEv                       
00002721  __aeabi_f2d                                       
00002759  SysCtlPeripheralEnable                            
0000278d  feraiseexcept                                     
000027c1  _ZN4aeo112adc_potmeter4DiagEv                     
000027f1  _ZN4aeo112adc_potmeter9TerminateEv                
00002821  _ZN4aeo17display4DiagEv                           
00002851  _Feraise                                          
00002881  raise                                             
000028af  __aeabi_idiv0                                     
000028b1  UARTFlushRx                                       
000028dd  GPIODirModeSet                                    
00002909  _ZN4aeo112adc_potmeterD1Ev                        
00002909  _ZN4aeo112adc_potmeterD2Ev                        
0000292d  _ZN4aeo112adc_potmeter7TriggerEv                  
00002949  UARTprintf                                        
00002963  ADCClockConfigSet                                 
00002995  _ZN4aeo111ssi_displayD1Ev                         
00002995  _ZN4aeo111ssi_displayD2Ev                         
000029ad  _ZN4aeo112adc_potmeter8GetValueEv                 
000029c5  _args_main                                        
000029dd  strcmp                                            
000029f5  RGBIntensitySet                                   
00002a09  SysCtlResetCauseClear                             
00002a1d  SysTickEnable                                     
00002a31  SysTickIntEnable                                  
00002a45  _register_unlock                                  
00002a4b  _register_lock                                    
00002a53  _nop                                              
00002a59  GPIOPinTypeQEI                                    
00002a6b  GPIOPinTypeUART                                   
00002a8f  IntMasterEnable                                   
00002aa1  OnADCInterrupt                                    
00002ab1  OnSSI3Interrupt                                   
00002ac1  SysTickPeriodSet                                  
00002ad1  _Z10AppCounterv                                   
00002ae1  _Z8CMD_randiPPc                                   
00002af1  _ZN4aeo112adc_potmeter15GetErrorCounterEv         
00002b01  _ZN4aeo112adc_potmeterC1Ev                        
00002b01  _ZN4aeo112adc_potmeterC2Ev                        
00002b11  QEIConfigure                                      
00002b1f  SSIDataPutNonBlocking                             
00002b3b  _Z8CMD_diagiPPc                                   
00002b49  _ZN4aeo111ssi_displayD0Ev                         
00002b57  _ZN4aeo112adc_potmeterD0Ev                        
00002b65  __TI_decompress_none                              
00002b73  CPUcpsie                                          
00002b81  SysCtlResetCauseGet                               
00002b8d  __TI_zero_init                                    
00002b99  QEIEnable                                         
00002ba3  SSIIntDisable                                     
00002bad  SSIIntStatus                                      
00002bb7  SSIIntEnable                                      
00002bbf  _ZdlPv                                            
00002bc7  ResetISR                                          
00002bcd  SysCtlDelay                                       
00002bd3  UARTClockSourceSet                                
00002bd9  __TI_decompress_rle24                             
00002bdf  sinf                                              
00002be5  QEIPositionGet                                    
00002be9  SSIIntClear                                       
00002bed  _Z7CMD_hibiPPc                                    
00002bf1  _system_pre_init                                  
00002cfa  _ZTSe                                             
00002df8  _ZTSN10__cxxabiv123__fundamental_type_infoE       
00002e70  _ZTSN10__cxxabiv120__si_class_type_infoE          
00002e95  _ZTSN10__cxxabiv119__pointer_type_infoE           
00002eb9  _ZTSN10__cxxabiv117__class_type_infoE             
00002edb  _ZTSN10__cxxabiv117__pbase_type_infoE             
00002efd  _ZTSN4aeo112adc_potmeterE                         
00002f13  _ZTSN4aeo111ssi_displayE                          
00002f50  _ZTIPKe                                           
00002f60  _ZTVN10__cxxabiv117__class_type_infoE             
00002f70  _ZTVN10__cxxabiv119__pointer_type_infoE           
00002f80  _ZTVN10__cxxabiv120__si_class_type_infoE          
00002f90  _ZTVN10__cxxabiv123__fundamental_type_infoE       
00002fa0  _ZTVN4aeo111ssi_displayE                          
00002fb0  _ZTVN4aeo112adc_potmeterE                         
00002fc0  _ZTSSt9type_info                                  
00002fd0  _ZTIN10__cxxabiv117__class_type_infoE             
00002fdc  _ZTIN10__cxxabiv117__pbase_type_infoE             
00002fe8  _ZTIN10__cxxabiv119__pointer_type_infoE           
00002ff4  _ZTIN10__cxxabiv120__si_class_type_infoE          
00003000  _ZTIN10__cxxabiv123__fundamental_type_infoE       
0000300c  _ZTIN4aeo111ssi_displayE                          
00003014  _ZTIN4aeo112adc_potmeterE                         
0000301c  _ZTISt9type_info                                  
00003024  _ZTIe                                             
0000302c  _ZTSPKe                                           
00003030  SHT$$INIT_ARRAY$$Base                             
00003034  SHT$$INIT_ARRAY$$Limit                            
00003128  __TI_Handler_Table_Base                           
00003134  __TI_Handler_Table_Limit                          
00003140  __TI_CINIT_Base                                   
00003150  __TI_CINIT_Limit                                  
20000000  __stack                                           
20000800  __STACK_END                                       
20000800  __STACK_TOP                                       
20000dcc  g_sAppState                                       
20000e18  _ZSt16__dummy_typeinfo                            
20000e1c  __dso_handle                                      
20000ee8  _FDenorm                                          
20000ef8  _FEps                                             
20000f08  _FInf                                             
20000f18  _FNan                                             
20000f28  _FSnan                                            
20000f38  _FRteps                                           
20000f48  _FXbig                                            
20000f4c  _FZero                                            
20000f50  g_psCmdTable                                      
20000fa4  _ZN4aeo112Display_SSI1E                           
20000fd0  _ZN4aeo112Display_SSI3E                           
20001014  _ZN4aeo111ssi_display10m_nCounterE                
20001018  _ZN4aeo111ssi_display13m_nEotCounterE             
2000101c  _ZN4aeo111ssi_display18m_nOverflowCounterE        
20001020  _ZN4aeo111ssi_display10m_pTheSSI1E                
20001024  _ZN4aeo111ssi_display10m_pTheSSI3E                
20001028  _ZN4aeo17display10m_nCounterE                     
2000102c  _ZN4aeo17display13m_nEotCounterE                  
20001030  _ZN4aeo17display18m_nOverflowCounterE             
20001034  _ZN4aeo17display16m_pTheOneAndOnlyE               
20001038  _ZN4aeo112adc_potmeter10m_nCounterE               
2000103c  _ZN4aeo112adc_potmeter15m_nErrorCounterE          
20001040  _ZN4aeo112adc_potmeter14m_nReadCounterE           
20001044  _ZN4aeo112adc_potmeter16m_pTheOneAndOnlyE         
2000105c  _lock                                             
20001060  _unlock                                           
20001064  __TI_cleanup_ptr                                  
20001068  __TI_dtors_ptr                                    
2000106c  _Fenv                                             
20001070  _Tls_setup__Fenv                                  
2000107c  _Errno                                            
20001080  main_func_sp                                      
20001088  _sys_memory                                       
ffffffff  __binit__                                         
ffffffff  __c_args__                                        
ffffffff  binit                                             

[255 symbols]
