******************************************************************************
                  TI ARM Linker PC v5.1.10                     
******************************************************************************
>> Linked Tue Feb 17 23:01:21 2015

OUTPUT FILE NAME:   <stepper_drv8711.out>
ENTRY POINT SYMBOL: "_c_int00"  address: 0000205d


MEMORY CONFIGURATION

         name            origin    length      used     unused   attr    fill
----------------------  --------  ---------  --------  --------  ----  --------
  FLASH                 00000000   00040000  00002b99  0003d467  R  X
  SRAM                  20000000   00008000  00000f6d  00007093  RW X


SEGMENT ALLOCATION MAP

run origin  load origin   length   init length attrs members
----------  ----------- ---------- ----------- ----- -------
00000000    00000000    00002ba0   00002ba0    r-x
  00000000    00000000    0000026c   0000026c    r-- .intvecs
  0000026c    0000026c    00002526   00002526    r-x .text
  00002794    00002794    00000333   00000333    r-- .const
  00002ac8    00002ac8    00000004   00000004    r-- .init_array
  00002ad0    00002ad0    000000d0   000000d0    r-- .cinit
20000000    20000000    00000f70   00000000    rw-
  20000000    20000000    00000800   00000000    rw- .stack
  20000800    20000800    00000595   00000000    rw- .bss
  20000d98    20000d98    000001d0   00000000    rw- .data
  20000f68    20000f68    00000008   00000000    rw- .sysmem


SECTION ALLOCATION MAP

 output                                  attributes/
section   page    origin      length       input sections
--------  ----  ----------  ----------   ----------------
.intvecs   0    00000000    0000026c     
                  00000000    0000026c     startup_ccs.obj (.intvecs)

.text      0    0000026c    00002526     
                  0000026c    000003dc     rtsv7M4_T_le_v4SPD16_eabi.lib : memory.obj (.text)
                  00000648    00000270     main.obj (.text:main)
                  000008b8    000001ea     uartstdio.obj (.text:UARTvprintf)
                  00000aa2    00000002     startup_ccs.obj (.text:FaultISR)
                  00000aa4    00000170     rtsv7M4_T_le_v4SPD16_eabi.lib : xfsin.obj (.text)
                  00000c14    00000160     uartstdio.obj (.text:UARTStdioIntHandler)
                  00000d74    00000124     rtsv7M4_T_le_v4SPD16_eabi.lib : fmodf.obj (.text)
                  00000e98    00000118     driverlib.lib : sysctl.obj (.text:SysCtlClockGet)
                  00000fb0    00000100     rgb.obj (.text:RGBInit)
                  000010b0    000000f4     rtsv7M4_T_le_v4SPD16_eabi.lib : dtor_list.obj (.text)
                  000011a4    000000e0     main.obj (.text:_Z10AppRainbowj)
                  00001284    000000d4     main.obj (.text:_Z16AppButtonHandlerv)
                  00001358    000000c0     rgb.obj (.text:RGBEnable)
                  00001418    000000c0     rtsv7M4_T_le_v4SPD16_eabi.lib : xfdscale.obj (.text)
                  000014d8    000000bc                                   : typeinfo_.obj (.text)
                  00001594    000000b0     uartstdio.obj (.text:UARTStdioConfig)
                  00001644    000000a8     uartstdio.obj (.text:UARTwrite)
                  000016ec    0000009c     rtsv7M4_T_le_v4SPD16_eabi.lib : memcpy_t2.obj (.text)
                  00001788    00000098     ain11.obj (.text:_ZN5ain1110InitializeEv)
                  00001820    00000098     ustdlib.obj (.text:ustrtoul)
                  000018b8    00000094     rtsv7M4_T_le_v4SPD16_eabi.lib : auto_init.obj (.text)
                  0000194c    00000090     rgb.obj (.text:RGBColorSet)
                  000019dc    0000008c     uartstdio.obj (.text:_Z17UARTPrimeTransmitj)
                  00001a68    00000086     rtsv7M4_T_le_v4SPD16_eabi.lib : fd_cmp_t2.obj (.text:__aeabi_cdcmple)
                  00001aee    00000002     startup_ccs.obj (.text:IntDefaultHandler)
                  00001af0    0000007c     main.obj (.text:SysTickIntHandler)
                  00001b6c    0000007c     buttons.obj (.text:_Z11ButtonsPollPhS_)
                  00001be8    0000007a     rtsv7M4_T_le_v4SPD16_eabi.lib : xfdnorm.obj (.text)
                  00001c62    00000002     startup_ccs.obj (.text:NmiSR)
                  00001c64    00000078     main.obj (.text:_Z17AppHibernateEnterv)
                  00001cdc    0000006c     main.obj (.text:_Z13AppAdcHandlerv)
                  00001d48    00000068     rgb.obj (.text:RGBDisable)
                  00001db0    00000068     buttons.obj (.text:_Z11ButtonsInitv)
                  00001e18    00000068     rgb_commands.obj (.text:_Z8CMD_helpiPPc)
                  00001e80    00000064     driverlib.lib : hibernate.obj (.text:HibernateWakeSet)
                  00001ee4    00000064     main.obj (.text:_Z13ConfigureUARTv)
                  00001f48    00000060     cmdline.obj (.text:CmdLineProcess)
                  00001fa8    0000005e     rtsv7M4_T_le_v4SPD16_eabi.lib : copy_decompress_rle.obj (.text)
                  00002006    00000002     --HOLE-- [fill = 0]
                  00002008    00000054     uartstdio.obj (.text:UARTgets)
                  0000205c    00000048     rtsv7M4_T_le_v4SPD16_eabi.lib : boot.obj (.text)
                  000020a4    00000044     uartstdio.obj (.text:UARTPeek)
                  000020e8    00000044     rtsv7M4_T_le_v4SPD16_eabi.lib : cpy_tbl.obj (.text)
                  0000212c    00000044                                   : exit.obj (.text)
                  00002170    00000042                                   : u_divt2.obj (.text)
                  000021b2    00000002     --HOLE-- [fill = 0]
                  000021b4    00000040     rgb_commands.obj (.text:_Z13CMD_intensityiPPc)
                  000021f4    00000040     rgb_commands.obj (.text:_Z7CMD_rgbiPPc)
                  00002234    00000040     rtsv7M4_T_le_v4SPD16_eabi.lib : signal.obj (.text)
                  00002274    0000003c     uartstdio.obj (.text:UARTFlushTx)
                  000022b0    00000038     rtsv7M4_T_le_v4SPD16_eabi.lib : fs_tod_t2.obj (.text)
                  000022e8    00000034     driverlib.lib : sysctl.obj (.text:SysCtlPeripheralEnable)
                  0000231c    00000034     rtsv7M4_T_le_v4SPD16_eabi.lib : feraiseexcept.obj (.text)
                  00002350    00000034                                   : xfdtest.obj (.text)
                  00002384    00000030     ain11.obj (.text:_ZN5ain119TerminateEv)
                  000023b4    00000030     rtsv7M4_T_le_v4SPD16_eabi.lib : xferaise.obj (.text)
                  000023e4    0000002e                                   : raise.obj (.text)
                  00002412    00000002     --HOLE-- [fill = 0]
                  00002414    0000002c     driverlib.lib : hibernate.obj (.text:HibernateRTCSet)
                  00002440    0000002c     uartstdio.obj (.text:UARTFlushRx)
                  0000246c    00000028     driverlib.lib : hibernate.obj (.text:HibernateDataSet)
                  00002494    00000024     ain11.obj (.text:_ZN5ain11D1Ev)
                  000024b8    00000020     driverlib.lib : hibernate.obj (.text:HibernateDataGet)
                  000024d8    00000020     main.obj (.text:__sti___8_main_cpp_0581e047)
                  000024f8    0000001c     ain11.obj (.text:_ZN5ain117TriggerEv)
                  00002514    0000001a     uartstdio.obj (.text:UARTprintf)
                  0000252e    00000018     driverlib.lib : adc.obj (.text:ADCClockConfigSet)
                  00002546    00000002     --HOLE-- [fill = 0]
                  00002548    00000018                   : hibernate.obj (.text:HibernateGPIORetentionEnable)
                  00002560    00000018                   : hibernate.obj (.text:HibernateIntStatus)
                  00002578    00000018     uartstdio.obj (.text:_Z12IsBufferFullPVjS0_j)
                  00002590    00000018     rtsv7M4_T_le_v4SPD16_eabi.lib : args_main.obj (.text)
                  000025a8    00000018                                   : strcmp.obj (.text)
                  000025c0    00000014     driverlib.lib : hibernate.obj (.text:HibernateEnableExpClk)
                  000025d4    00000014                   : hibernate.obj (.text:HibernateIntClear)
                  000025e8    00000014                   : hibernate.obj (.text:HibernateRTCEnable)
                  000025fc    00000014                   : hibernate.obj (.text:HibernateRequest)
                  00002610    00000014     rgb.obj (.text:RGBIntensitySet)
                  00002624    00000014     driverlib.lib : sysctl.obj (.text:SysCtlResetCauseClear)
                  00002638    00000014                   : systick.obj (.text:SysTickEnable)
                  0000264c    00000014                   : systick.obj (.text:SysTickIntEnable)
                  00002660    00000014     uartstdio.obj (.text:_Z14GetBufferCountPVjS0_j)
                  00002674    00000014     ain11.obj (.text:_ZN5ain11C1Ev)
                  00002688    00000014     rtsv7M4_T_le_v4SPD16_eabi.lib : _lock.obj (.text)
                  0000269c    00000012                                   : copy_zero_init.obj (.text:decompress:ZI)
                  000026ae    00000002     --HOLE-- [fill = 0]
                  000026b0    00000010     driverlib.lib : hibernate.obj (.text:HibernateIsActive)
                  000026c0    00000010                   : hibernate.obj (.text:HibernateRTCMatchSet)
                  000026d0    00000010                   : systick.obj (.text:SysTickPeriodSet)
                  000026e0    00000010                   : hibernate.obj (.text:_HibernateWriteComplete)
                  000026f0    00000010     rgb_commands.obj (.text:_Z8CMD_randiPPc)
                  00002700    0000000e     uartstdio.obj (.text:_Z13IsBufferEmptyPVjS0_)
                  0000270e    0000000e     ain11.obj (.text:_ZN5ain11D0Ev)
                  0000271c    0000000e     rtsv7M4_T_le_v4SPD16_eabi.lib : copy_decompress_none.obj (.text:decompress:none)
                  0000272a    0000000c     driverlib.lib : cpu.obj (.text:CPUcpsie)
                  00002736    00000002     --HOLE-- [fill = 0]
                  00002738    0000000c                   : sysctl.obj (.text:SysCtlResetCauseGet)
                  00002744    0000000a                   : interrupt.obj (.text:IntMasterEnable)
                  0000274e    0000000a     rgb_commands.obj (.text:_Z7CMD_hibiPPc)
                  00002758    0000000a     ain11.obj (.text:_ZN5ain1115GetErrorCounterEv)
                  00002762    0000000a     ain11.obj (.text:_ZN5ain118GetValueEv)
                  0000276c    00000008     rtsv7M4_T_le_v4SPD16_eabi.lib : delete.obj (.text)
                  00002774    00000006     startup_ccs.obj (.text:ResetISR)
                  0000277a    00000006     driverlib.lib : sysctl.obj (.text:SysCtlDelay)
                  00002780    00000006                   : uart.obj (.text:UARTClockSourceSet)
                  00002786    00000006     rtsv7M4_T_le_v4SPD16_eabi.lib : copy_decompress_rle.obj (.text:decompress:rle24)
                  0000278c    00000006                                   : sinf.obj (.text)

.const     0    00002794    00000333     
                  00002794    000000dc     rgb_commands.obj (.const:.string)
                  00002870    0000006c     driverlib.lib : sysctl.obj (.const:g_pui32Xtals)
                  000028dc    00000028     rtsv7M4_T_le_v4SPD16_eabi.lib : typeinfo_.obj (.const:.typeinfo:_ZTSN10__cxxabiv123__fundamental_type_infoE)
                  00002904    00000028                                   : xfsin.obj (.const)
                  0000292c    00000028     uartstdio.obj (.const)
                  00002954    00000025     rtsv7M4_T_le_v4SPD16_eabi.lib : typeinfo_.obj (.const:.typeinfo:_ZTSN10__cxxabiv120__si_class_type_infoE)
                  00002979    00000024                                   : typeinfo_.obj (.const:.typeinfo:_ZTSN10__cxxabiv119__pointer_type_infoE)
                  0000299d    00000022                                   : typeinfo_.obj (.const:.typeinfo:_ZTSN10__cxxabiv117__class_type_infoE)
                  000029bf    00000022                                   : typeinfo_.obj (.const:.typeinfo:_ZTSN10__cxxabiv117__pbase_type_infoE)
                  000029e1    00000002                                   : typeinfo_.obj (.const:.typeinfo:_ZTSe)
                  000029e3    00000001     --HOLE-- [fill = 0]
                  000029e4    00000012     uartstdio.obj (.const:.string)
                  000029f6    00000002     --HOLE-- [fill = 0]
                  000029f8    00000010     rtsv7M4_T_le_v4SPD16_eabi.lib : typeinfo_.obj (.const:.typeinfo:_ZTIPKe)
                  00002a08    00000010     ain11.obj (.const:_ZTV5ain11)
                  00002a18    00000010     rtsv7M4_T_le_v4SPD16_eabi.lib : typeinfo_.obj (.const:_ZTVN10__cxxabiv117__class_type_infoE)
                  00002a28    00000010                                   : typeinfo_.obj (.const:_ZTVN10__cxxabiv119__pointer_type_infoE)
                  00002a38    00000010                                   : typeinfo_.obj (.const:_ZTVN10__cxxabiv120__si_class_type_infoE)
                  00002a48    00000010                                   : typeinfo_.obj (.const:_ZTVN10__cxxabiv123__fundamental_type_infoE)
                  00002a58    0000000d                                   : typeinfo_.obj (.const:.typeinfo:_ZTSSt9type_info)
                  00002a65    00000003     --HOLE-- [fill = 0]
                  00002a68    0000000c                                   : typeinfo_.obj (.const:.typeinfo:_ZTIN10__cxxabiv117__class_type_infoE)
                  00002a74    0000000c                                   : typeinfo_.obj (.const:.typeinfo:_ZTIN10__cxxabiv117__pbase_type_infoE)
                  00002a80    0000000c                                   : typeinfo_.obj (.const:.typeinfo:_ZTIN10__cxxabiv119__pointer_type_infoE)
                  00002a8c    0000000c                                   : typeinfo_.obj (.const:.typeinfo:_ZTIN10__cxxabiv120__si_class_type_infoE)
                  00002a98    0000000c                                   : typeinfo_.obj (.const:.typeinfo:_ZTIN10__cxxabiv123__fundamental_type_infoE)
                  00002aa4    00000008     ain11.obj (.const:.typeinfo:_ZTI5ain11)
                  00002aac    00000008     rtsv7M4_T_le_v4SPD16_eabi.lib : typeinfo_.obj (.const:.typeinfo:_ZTISt9type_info)
                  00002ab4    00000008                                   : typeinfo_.obj (.const:.typeinfo:_ZTIe)
                  00002abc    00000007     ain11.obj (.const:.typeinfo:_ZTS5ain11)
                  00002ac3    00000004     rtsv7M4_T_le_v4SPD16_eabi.lib : typeinfo_.obj (.const:.typeinfo:_ZTSPKe)

.init_array 
*          0    00002ac8    00000004     
                  00002ac8    00000004     main.obj (.init_array)

.cinit     0    00002ad0    000000d0     
                  00002ad0    000000a6     (.cinit..data.load) [load image, compression = rle]
                  00002b76    00000002     --HOLE-- [fill = 0]
                  00002b78    0000000c     (__TI_handler_table)
                  00002b84    00000004     --HOLE-- [fill = 0]
                  00002b88    00000008     (.cinit..bss.load) [load image, compression = zero_init]
                  00002b90    00000010     (__TI_cinit_table)

.stack     0    20000000    00000800     UNINITIALIZED
                  20000000    00000800     --HOLE--

.bss       0    20000800    00000595     UNINITIALIZED
                  20000800    00000400     uartstdio.obj (.bss:g_pcUARTTxBuffer)
                  20000c00    00000080     main.obj (.bss:g_cInput)
                  20000c80    00000080     uartstdio.obj (.bss:g_pcUARTRxBuffer)
                  20000d00    00000024     cmdline.obj (.bss:g_ppcArgv)
                  20000d24    00000024     main.obj (.bss:g_sAppState)
                  20000d48    00000020     main.obj (.bss)
                  20000d68    0000000c     (.common:g_ui32Colors)
                  20000d74    00000004     (.common:_ZSt16__dummy_typeinfo)
                  20000d78    00000004     (.common:__dso_handle)
                  20000d7c    00000004     (.common:fPrevPos$2)
                  20000d80    00000004     (.common:g_ui32PortNum)
                  20000d84    00000004     (.common:nNewValue)
                  20000d88    00000004     (.common:ui32HibModeEntryCount)
                  20000d8c    00000004     (.common:ui32TickCounter$1)
                  20000d90    00000004     (.common:x$3)
                  20000d94    00000001     (.common:g_bDisableEcho)

.data      0    20000d98    000001d0     UNINITIALIZED
                  20000d98    000000b0     rtsv7M4_T_le_v4SPD16_eabi.lib : signal.obj (.data:sigtable)
                  20000e48    00000068                                   : xfvalues.obj (.data)
                  20000eb0    00000048     rgb_commands.obj (.data:g_psCmdTable)
                  20000ef8    00000020     main.obj (.data)
                  20000f18    00000015     uartstdio.obj (.data)
                  20000f2d    00000003     buttons.obj (.data)
                  20000f30    0000000c     rtsv7M4_T_le_v4SPD16_eabi.lib : memory.obj (.data)
                  20000f3c    00000008                                   : _lock.obj (.data)
                  20000f44    00000008                                   : exit.obj (.data)
                  20000f4c    00000008                                   : feraiseexcept.obj (.data)
                  20000f54    00000004     ain11.obj (.data)
                  20000f58    00000004     rgb.obj (.data)
                  20000f5c    00000004     rtsv7M4_T_le_v4SPD16_eabi.lib : dtor_list.obj (.data)
                  20000f60    00000004                                   : errno.obj (.data)
                  20000f64    00000004                                   : stkdepth_vars.obj (.data)

.sysmem    0    20000f68    00000008     UNINITIALIZED
                  20000f68    00000008     rtsv7M4_T_le_v4SPD16_eabi.lib : memory.obj (.sysmem)


LINKER GENERATED COPY TABLES

__TI_cinit_table @ 00002b90 records: 2, size/record: 8, table size: 16
	.data: load addr=00002ad0, load size=000000a6 bytes, run addr=20000d98, run size=000001d0 bytes, compression=rle
	.bss: load addr=00002b88, load size=00000008 bytes, run addr=20000800, run size=00000595 bytes, compression=zero_init


LINKER GENERATED HANDLER TABLE

__TI_handler_table @ 00002b78 records: 3, size/record: 4, table size: 12
	index: 0, handler: __TI_decompress_rle24
	index: 1, handler: __TI_decompress_none
	index: 2, handler: __TI_zero_init


GLOBAL SYMBOLS: SORTED ALPHABETICALLY BY Name 

address    name
--------   ----
0000252f   ADCClockConfigSet
0000212d   C$$EXIT
0000272b   CPUcpsie
00001f49   CmdLineProcess
000024b9   HibernateDataGet
0000246d   HibernateDataSet
000025c1   HibernateEnableExpClk
00002549   HibernateGPIORetentionEnable
000025d5   HibernateIntClear
00002561   HibernateIntStatus
000026b1   HibernateIsActive
000025e9   HibernateRTCEnable
000026c1   HibernateRTCMatchSet
00002415   HibernateRTCSet
000025fd   HibernateRequest
00001e81   HibernateWakeSet
00002745   IntMasterEnable
0000194d   RGBColorSet
00001d49   RGBDisable
00001359   RGBEnable
00000fb1   RGBInit
00002611   RGBIntensitySet
00002775   ResetISR
00002ac8   SHT$$INIT_ARRAY$$Base
00002acc   SHT$$INIT_ARRAY$$Limit
00000e99   SysCtlClockGet
0000277b   SysCtlDelay
000022e9   SysCtlPeripheralEnable
00002625   SysCtlResetCauseClear
00002739   SysCtlResetCauseGet
00002639   SysTickEnable
0000264d   SysTickIntEnable
00001af1   SysTickIntHandler
000026d1   SysTickPeriodSet
00002781   UARTClockSourceSet
00002441   UARTFlushRx
00002275   UARTFlushTx
000020a5   UARTPeek
00001595   UARTStdioConfig
00000c15   UARTStdioIntHandler
00002009   UARTgets
00002515   UARTprintf
000008b9   UARTvprintf
00001645   UARTwrite
20000f60   _Errno
20000e48   _FDenorm
00001be9   _FDnorm
00001419   _FDscale
00002351   _FDtest
20000e58   _FEps
20000e68   _FInf
20000e78   _FNan
20000e98   _FRteps
00000aa5   _FSin
20000e88   _FSnan
20000ea8   _FXbig
20000eac   _FZero
20000f4c   _Fenv
000023b5   _Feraise
20000f50   _Tls_setup__Fenv
000011a5   _Z10AppRainbowj
00001db1   _Z11ButtonsInitv
00001b6d   _Z11ButtonsPollPhS_
00001cdd   _Z13AppAdcHandlerv
000021b5   _Z13CMD_intensityiPPc
00001ee5   _Z13ConfigureUARTv
00001285   _Z16AppButtonHandlerv
00001c65   _Z17AppHibernateEnterv
0000274f   _Z7CMD_hibiPPc
000021f5   _Z7CMD_rgbiPPc
00001e19   _Z8CMD_helpiPPc
000026f1   _Z8CMD_randiPPc
00001585   _ZN10__cxxabiv116__enum_type_infoD0Ev
00001583   _ZN10__cxxabiv116__enum_type_infoD1Ev
00001583   _ZN10__cxxabiv116__enum_type_infoD2Ev
0000157b   _ZN10__cxxabiv117__array_type_infoD0Ev
00001579   _ZN10__cxxabiv117__array_type_infoD1Ev
00001579   _ZN10__cxxabiv117__array_type_infoD2Ev
00001571   _ZN10__cxxabiv117__class_type_infoD0Ev
0000156f   _ZN10__cxxabiv117__class_type_infoD1Ev
0000156f   _ZN10__cxxabiv117__class_type_infoD2Ev
00001567   _ZN10__cxxabiv117__pbase_type_infoD0Ev
00001565   _ZN10__cxxabiv117__pbase_type_infoD1Ev
00001565   _ZN10__cxxabiv117__pbase_type_infoD2Ev
0000155d   _ZN10__cxxabiv119__pointer_type_infoD0Ev
0000155b   _ZN10__cxxabiv119__pointer_type_infoD1Ev
0000155b   _ZN10__cxxabiv119__pointer_type_infoD2Ev
00001553   _ZN10__cxxabiv120__function_type_infoD0Ev
00001551   _ZN10__cxxabiv120__function_type_infoD1Ev
00001551   _ZN10__cxxabiv120__function_type_infoD2Ev
00001549   _ZN10__cxxabiv120__si_class_type_infoD0Ev
00001547   _ZN10__cxxabiv120__si_class_type_infoD1Ev
00001547   _ZN10__cxxabiv120__si_class_type_infoD2Ev
0000153f   _ZN10__cxxabiv121__vmi_class_type_infoD0Ev
0000153d   _ZN10__cxxabiv121__vmi_class_type_infoD1Ev
0000153d   _ZN10__cxxabiv121__vmi_class_type_infoD2Ev
00001535   _ZN10__cxxabiv123__fundamental_type_infoD0Ev
00001533   _ZN10__cxxabiv123__fundamental_type_infoD1Ev
00001533   _ZN10__cxxabiv123__fundamental_type_infoD2Ev
0000152b   _ZN10__cxxabiv129__pointer_to_member_type_infoD0Ev
00001529   _ZN10__cxxabiv129__pointer_to_member_type_infoD1Ev
00001529   _ZN10__cxxabiv129__pointer_to_member_type_infoD2Ev
00001789   _ZN5ain1110InitializeEv
00002759   _ZN5ain1115GetErrorCounterEv
20000f54   _ZN5ain1116m_pTheOneAndOnlyE
000024f9   _ZN5ain117TriggerEv
00002763   _ZN5ain118GetValueEv
00002385   _ZN5ain119TerminateEv
00002675   _ZN5ain11C1Ev
00002675   _ZN5ain11C2Ev
0000270f   _ZN5ain11D0Ev
00002495   _ZN5ain11D1Ev
00002495   _ZN5ain11D2Ev
000014eb   _ZNKSt9type_info4nameEv
0000151b   _ZNKSt9type_info6beforeERKS_
00001505   _ZNKSt9type_infoeqERKS_
000014ef   _ZNKSt9type_infoneERKS_
000014e3   _ZNSt9type_infoD0Ev
000014e1   _ZNSt9type_infoD1Ev
000014e1   _ZNSt9type_infoD2Ev
20000d74   _ZSt16__dummy_typeinfo
000014d9   _ZSt21__gen_dummy_typeinfosv
00002aa4   _ZTI5ain11
00002a68   _ZTIN10__cxxabiv117__class_type_infoE
00002a74   _ZTIN10__cxxabiv117__pbase_type_infoE
00002a80   _ZTIN10__cxxabiv119__pointer_type_infoE
00002a8c   _ZTIN10__cxxabiv120__si_class_type_infoE
00002a98   _ZTIN10__cxxabiv123__fundamental_type_infoE
000029f8   _ZTIPKe
00002aac   _ZTISt9type_info
00002ab4   _ZTIe
00002abc   _ZTS5ain11
0000299d   _ZTSN10__cxxabiv117__class_type_infoE
000029bf   _ZTSN10__cxxabiv117__pbase_type_infoE
00002979   _ZTSN10__cxxabiv119__pointer_type_infoE
00002954   _ZTSN10__cxxabiv120__si_class_type_infoE
000028dc   _ZTSN10__cxxabiv123__fundamental_type_infoE
00002ac3   _ZTSPKe
00002a58   _ZTSSt9type_info
000029e1   _ZTSe
00002a08   _ZTV5ain11
00002a18   _ZTVN10__cxxabiv117__class_type_infoE
00002a28   _ZTVN10__cxxabiv119__pointer_type_infoE
00002a38   _ZTVN10__cxxabiv120__si_class_type_infoE
00002a48   _ZTVN10__cxxabiv123__fundamental_type_infoE
0000276d   _ZdlPv
20000800   __STACK_END
00000800   __STACK_SIZE
20000800   __STACK_TOP
00000008   __SYSMEM_SIZE
00002b90   __TI_CINIT_Base
00002ba0   __TI_CINIT_Limit
00002b78   __TI_Handler_Table_Base
00002b84   __TI_Handler_Table_Limit
00000001   __TI_args_main
000018b9   __TI_auto_init
20000f44   __TI_cleanup_ptr
0000271d   __TI_decompress_none
00002787   __TI_decompress_rle24
20000f48   __TI_dtors_ptr
00000000   __TI_static_base__
0000269d   __TI_zero_init
00001109   __aeabi_atexit
00001a69   __aeabi_cdcmpeq
00001a69   __aeabi_cdcmple
000022b1   __aeabi_f2d
000016ed   __aeabi_memcpy
000016ed   __aeabi_memcpy4
000016ed   __aeabi_memcpy8
00002171   __aeabi_uidiv
00002171   __aeabi_uidivmod
ffffffff   __binit__
ffffffff   __c_args__
000010f7   __cxa_atexit
000010b1   __cxa_finalize
000010f1   __cxa_ia64_exit
20000d78   __dso_handle
20000000   __stack
000024d9   __sti___8_main_cpp_0581e047
00002591   _args_main
0000205d   _c_int00
20000f3c   _lock
00002697   _nop
0000268f   _register_lock
00002689   _register_unlock
20000f68   _sys_memory
20000f40   _unlock
00002131   abort
000010fb   atexit
ffffffff   binit
00000611   calloc
000020e9   copy_in
00002139   exit
0000231d   feraiseexcept
00000d75   fmodf
00000361   free
00000000   g_pfnVectors
20000eb0   g_psCmdTable
20000d24   g_sAppState
00000649   main
20000f64   main_func_sp
000002f9   malloc
0000052d   memalign
000016ed   memcpy
0000026d   minit
000023e5   raise
00000421   realloc
00002235   signal
0000278d   sinf
000025a9   strcmp
00001821   ustrtoul


GLOBAL SYMBOLS: SORTED BY Symbol Address 

address    name
--------   ----
00000000   __TI_static_base__
00000000   g_pfnVectors
00000001   __TI_args_main
00000008   __SYSMEM_SIZE
0000026d   minit
000002f9   malloc
00000361   free
00000421   realloc
0000052d   memalign
00000611   calloc
00000649   main
00000800   __STACK_SIZE
000008b9   UARTvprintf
00000aa5   _FSin
00000c15   UARTStdioIntHandler
00000d75   fmodf
00000e99   SysCtlClockGet
00000fb1   RGBInit
000010b1   __cxa_finalize
000010f1   __cxa_ia64_exit
000010f7   __cxa_atexit
000010fb   atexit
00001109   __aeabi_atexit
000011a5   _Z10AppRainbowj
00001285   _Z16AppButtonHandlerv
00001359   RGBEnable
00001419   _FDscale
000014d9   _ZSt21__gen_dummy_typeinfosv
000014e1   _ZNSt9type_infoD1Ev
000014e1   _ZNSt9type_infoD2Ev
000014e3   _ZNSt9type_infoD0Ev
000014eb   _ZNKSt9type_info4nameEv
000014ef   _ZNKSt9type_infoneERKS_
00001505   _ZNKSt9type_infoeqERKS_
0000151b   _ZNKSt9type_info6beforeERKS_
00001529   _ZN10__cxxabiv129__pointer_to_member_type_infoD1Ev
00001529   _ZN10__cxxabiv129__pointer_to_member_type_infoD2Ev
0000152b   _ZN10__cxxabiv129__pointer_to_member_type_infoD0Ev
00001533   _ZN10__cxxabiv123__fundamental_type_infoD1Ev
00001533   _ZN10__cxxabiv123__fundamental_type_infoD2Ev
00001535   _ZN10__cxxabiv123__fundamental_type_infoD0Ev
0000153d   _ZN10__cxxabiv121__vmi_class_type_infoD1Ev
0000153d   _ZN10__cxxabiv121__vmi_class_type_infoD2Ev
0000153f   _ZN10__cxxabiv121__vmi_class_type_infoD0Ev
00001547   _ZN10__cxxabiv120__si_class_type_infoD1Ev
00001547   _ZN10__cxxabiv120__si_class_type_infoD2Ev
00001549   _ZN10__cxxabiv120__si_class_type_infoD0Ev
00001551   _ZN10__cxxabiv120__function_type_infoD1Ev
00001551   _ZN10__cxxabiv120__function_type_infoD2Ev
00001553   _ZN10__cxxabiv120__function_type_infoD0Ev
0000155b   _ZN10__cxxabiv119__pointer_type_infoD1Ev
0000155b   _ZN10__cxxabiv119__pointer_type_infoD2Ev
0000155d   _ZN10__cxxabiv119__pointer_type_infoD0Ev
00001565   _ZN10__cxxabiv117__pbase_type_infoD1Ev
00001565   _ZN10__cxxabiv117__pbase_type_infoD2Ev
00001567   _ZN10__cxxabiv117__pbase_type_infoD0Ev
0000156f   _ZN10__cxxabiv117__class_type_infoD1Ev
0000156f   _ZN10__cxxabiv117__class_type_infoD2Ev
00001571   _ZN10__cxxabiv117__class_type_infoD0Ev
00001579   _ZN10__cxxabiv117__array_type_infoD1Ev
00001579   _ZN10__cxxabiv117__array_type_infoD2Ev
0000157b   _ZN10__cxxabiv117__array_type_infoD0Ev
00001583   _ZN10__cxxabiv116__enum_type_infoD1Ev
00001583   _ZN10__cxxabiv116__enum_type_infoD2Ev
00001585   _ZN10__cxxabiv116__enum_type_infoD0Ev
00001595   UARTStdioConfig
00001645   UARTwrite
000016ed   __aeabi_memcpy
000016ed   __aeabi_memcpy4
000016ed   __aeabi_memcpy8
000016ed   memcpy
00001789   _ZN5ain1110InitializeEv
00001821   ustrtoul
000018b9   __TI_auto_init
0000194d   RGBColorSet
00001a69   __aeabi_cdcmpeq
00001a69   __aeabi_cdcmple
00001af1   SysTickIntHandler
00001b6d   _Z11ButtonsPollPhS_
00001be9   _FDnorm
00001c65   _Z17AppHibernateEnterv
00001cdd   _Z13AppAdcHandlerv
00001d49   RGBDisable
00001db1   _Z11ButtonsInitv
00001e19   _Z8CMD_helpiPPc
00001e81   HibernateWakeSet
00001ee5   _Z13ConfigureUARTv
00001f49   CmdLineProcess
00002009   UARTgets
0000205d   _c_int00
000020a5   UARTPeek
000020e9   copy_in
0000212d   C$$EXIT
00002131   abort
00002139   exit
00002171   __aeabi_uidiv
00002171   __aeabi_uidivmod
000021b5   _Z13CMD_intensityiPPc
000021f5   _Z7CMD_rgbiPPc
00002235   signal
00002275   UARTFlushTx
000022b1   __aeabi_f2d
000022e9   SysCtlPeripheralEnable
0000231d   feraiseexcept
00002351   _FDtest
00002385   _ZN5ain119TerminateEv
000023b5   _Feraise
000023e5   raise
00002415   HibernateRTCSet
00002441   UARTFlushRx
0000246d   HibernateDataSet
00002495   _ZN5ain11D1Ev
00002495   _ZN5ain11D2Ev
000024b9   HibernateDataGet
000024d9   __sti___8_main_cpp_0581e047
000024f9   _ZN5ain117TriggerEv
00002515   UARTprintf
0000252f   ADCClockConfigSet
00002549   HibernateGPIORetentionEnable
00002561   HibernateIntStatus
00002591   _args_main
000025a9   strcmp
000025c1   HibernateEnableExpClk
000025d5   HibernateIntClear
000025e9   HibernateRTCEnable
000025fd   HibernateRequest
00002611   RGBIntensitySet
00002625   SysCtlResetCauseClear
00002639   SysTickEnable
0000264d   SysTickIntEnable
00002675   _ZN5ain11C1Ev
00002675   _ZN5ain11C2Ev
00002689   _register_unlock
0000268f   _register_lock
00002697   _nop
0000269d   __TI_zero_init
000026b1   HibernateIsActive
000026c1   HibernateRTCMatchSet
000026d1   SysTickPeriodSet
000026f1   _Z8CMD_randiPPc
0000270f   _ZN5ain11D0Ev
0000271d   __TI_decompress_none
0000272b   CPUcpsie
00002739   SysCtlResetCauseGet
00002745   IntMasterEnable
0000274f   _Z7CMD_hibiPPc
00002759   _ZN5ain1115GetErrorCounterEv
00002763   _ZN5ain118GetValueEv
0000276d   _ZdlPv
00002775   ResetISR
0000277b   SysCtlDelay
00002781   UARTClockSourceSet
00002787   __TI_decompress_rle24
0000278d   sinf
000028dc   _ZTSN10__cxxabiv123__fundamental_type_infoE
00002954   _ZTSN10__cxxabiv120__si_class_type_infoE
00002979   _ZTSN10__cxxabiv119__pointer_type_infoE
0000299d   _ZTSN10__cxxabiv117__class_type_infoE
000029bf   _ZTSN10__cxxabiv117__pbase_type_infoE
000029e1   _ZTSe
000029f8   _ZTIPKe
00002a08   _ZTV5ain11
00002a18   _ZTVN10__cxxabiv117__class_type_infoE
00002a28   _ZTVN10__cxxabiv119__pointer_type_infoE
00002a38   _ZTVN10__cxxabiv120__si_class_type_infoE
00002a48   _ZTVN10__cxxabiv123__fundamental_type_infoE
00002a58   _ZTSSt9type_info
00002a68   _ZTIN10__cxxabiv117__class_type_infoE
00002a74   _ZTIN10__cxxabiv117__pbase_type_infoE
00002a80   _ZTIN10__cxxabiv119__pointer_type_infoE
00002a8c   _ZTIN10__cxxabiv120__si_class_type_infoE
00002a98   _ZTIN10__cxxabiv123__fundamental_type_infoE
00002aa4   _ZTI5ain11
00002aac   _ZTISt9type_info
00002ab4   _ZTIe
00002abc   _ZTS5ain11
00002ac3   _ZTSPKe
00002ac8   SHT$$INIT_ARRAY$$Base
00002acc   SHT$$INIT_ARRAY$$Limit
00002b78   __TI_Handler_Table_Base
00002b84   __TI_Handler_Table_Limit
00002b90   __TI_CINIT_Base
00002ba0   __TI_CINIT_Limit
20000000   __stack
20000800   __STACK_END
20000800   __STACK_TOP
20000d24   g_sAppState
20000d74   _ZSt16__dummy_typeinfo
20000d78   __dso_handle
20000e48   _FDenorm
20000e58   _FEps
20000e68   _FInf
20000e78   _FNan
20000e88   _FSnan
20000e98   _FRteps
20000ea8   _FXbig
20000eac   _FZero
20000eb0   g_psCmdTable
20000f3c   _lock
20000f40   _unlock
20000f44   __TI_cleanup_ptr
20000f48   __TI_dtors_ptr
20000f4c   _Fenv
20000f50   _Tls_setup__Fenv
20000f54   _ZN5ain1116m_pTheOneAndOnlyE
20000f60   _Errno
20000f64   main_func_sp
20000f68   _sys_memory
ffffffff   __binit__
ffffffff   __c_args__
ffffffff   binit

[211 symbols]
