<?xml version="1.0"?>
<link_info>
   <banner>TI ARM Linker PC v5.2.6</banner>
   <copyright>Copyright (c) 1996-2015 Texas Instruments Incorporated</copyright>
   <link_time>0x56ba4c7f</link_time>
   <link_errors>0x0</link_errors>
   <output_file>solo_stepper.out</output_file>
   <entry_point>
      <name>_c_int00</name>
      <address>0x4261</address>
   </entry_point>
   <input_file_list>
      <input_file id="fl-2">
         <path>.\src\</path>
         <kind>object</kind>
         <file>drv8711.obj</file>
         <name>drv8711.obj</name>
      </input_file>
      <input_file id="fl-3">
         <path>.\src\</path>
         <kind>object</kind>
         <file>drv8711_registers.obj</file>
         <name>drv8711_registers.obj</name>
      </input_file>
      <input_file id="fl-4">
         <path>.\src\</path>
         <kind>object</kind>
         <file>esp8266.obj</file>
         <name>esp8266.obj</name>
      </input_file>
      <input_file id="fl-5">
         <path>.\src\</path>
         <kind>object</kind>
         <file>main.obj</file>
         <name>main.obj</name>
      </input_file>
      <input_file id="fl-6">
         <path>.\src\</path>
         <kind>object</kind>
         <file>tm4c123gh6pm_startup_ccs.obj</file>
         <name>tm4c123gh6pm_startup_ccs.obj</name>
      </input_file>
      <input_file id="fl-12f">
         <path>C:\ti\ccsv6\tools\compiler\ti-cgt-arm_5.2.6\lib\</path>
         <kind>archive</kind>
         <file>rtsv7M4_T_le_v4SPD16_eabi.lib</file>
         <name>boot.obj</name>
      </input_file>
      <input_file id="fl-130">
         <path>C:\ti\ccsv6\tools\compiler\ti-cgt-arm_5.2.6\lib\</path>
         <kind>archive</kind>
         <file>rtsv7M4_T_le_v4SPD16_eabi.lib</file>
         <name>copy_decompress_none.obj</name>
      </input_file>
      <input_file id="fl-131">
         <path>C:\ti\ccsv6\tools\compiler\ti-cgt-arm_5.2.6\lib\</path>
         <kind>archive</kind>
         <file>rtsv7M4_T_le_v4SPD16_eabi.lib</file>
         <name>copy_decompress_rle.obj</name>
      </input_file>
      <input_file id="fl-132">
         <path>C:\ti\ccsv6\tools\compiler\ti-cgt-arm_5.2.6\lib\</path>
         <kind>archive</kind>
         <file>rtsv7M4_T_le_v4SPD16_eabi.lib</file>
         <name>copy_zero_init.obj</name>
      </input_file>
      <input_file id="fl-133">
         <path>C:\ti\ccsv6\tools\compiler\ti-cgt-arm_5.2.6\lib\</path>
         <kind>archive</kind>
         <file>rtsv7M4_T_le_v4SPD16_eabi.lib</file>
         <name>delete.obj</name>
      </input_file>
      <input_file id="fl-134">
         <path>C:\ti\ccsv6\tools\compiler\ti-cgt-arm_5.2.6\lib\</path>
         <kind>archive</kind>
         <file>rtsv7M4_T_le_v4SPD16_eabi.lib</file>
         <name>dtor_list.obj</name>
      </input_file>
      <input_file id="fl-135">
         <path>C:\ti\ccsv6\tools\compiler\ti-cgt-arm_5.2.6\lib\</path>
         <kind>archive</kind>
         <file>rtsv7M4_T_le_v4SPD16_eabi.lib</file>
         <name>exit.obj</name>
      </input_file>
      <input_file id="fl-136">
         <path>C:\ti\ccsv6\tools\compiler\ti-cgt-arm_5.2.6\lib\</path>
         <kind>archive</kind>
         <file>rtsv7M4_T_le_v4SPD16_eabi.lib</file>
         <name>ltoa.obj</name>
      </input_file>
      <input_file id="fl-137">
         <path>C:\ti\ccsv6\tools\compiler\ti-cgt-arm_5.2.6\lib\</path>
         <kind>archive</kind>
         <file>rtsv7M4_T_le_v4SPD16_eabi.lib</file>
         <name>memcpy_t2.obj</name>
      </input_file>
      <input_file id="fl-138">
         <path>C:\ti\ccsv6\tools\compiler\ti-cgt-arm_5.2.6\lib\</path>
         <kind>archive</kind>
         <file>rtsv7M4_T_le_v4SPD16_eabi.lib</file>
         <name>memory.obj</name>
      </input_file>
      <input_file id="fl-139">
         <path>C:\ti\ccsv6\tools\compiler\ti-cgt-arm_5.2.6\lib\</path>
         <kind>archive</kind>
         <file>rtsv7M4_T_le_v4SPD16_eabi.lib</file>
         <name>memset_t2.obj</name>
      </input_file>
      <input_file id="fl-13a">
         <path>C:\ti\ccsv6\tools\compiler\ti-cgt-arm_5.2.6\lib\</path>
         <kind>archive</kind>
         <file>rtsv7M4_T_le_v4SPD16_eabi.lib</file>
         <name>pre_init.obj</name>
      </input_file>
      <input_file id="fl-13b">
         <path>C:\ti\ccsv6\tools\compiler\ti-cgt-arm_5.2.6\lib\</path>
         <kind>archive</kind>
         <file>rtsv7M4_T_le_v4SPD16_eabi.lib</file>
         <name>stkdepth_vars.obj</name>
      </input_file>
      <input_file id="fl-13c">
         <path>C:\ti\ccsv6\tools\compiler\ti-cgt-arm_5.2.6\lib\</path>
         <kind>archive</kind>
         <file>rtsv7M4_T_le_v4SPD16_eabi.lib</file>
         <name>strchr.obj</name>
      </input_file>
      <input_file id="fl-13d">
         <path>C:\ti\ccsv6\tools\compiler\ti-cgt-arm_5.2.6\lib\</path>
         <kind>archive</kind>
         <file>rtsv7M4_T_le_v4SPD16_eabi.lib</file>
         <name>strcmp.obj</name>
      </input_file>
      <input_file id="fl-13e">
         <path>C:\ti\ccsv6\tools\compiler\ti-cgt-arm_5.2.6\lib\</path>
         <kind>archive</kind>
         <file>rtsv7M4_T_le_v4SPD16_eabi.lib</file>
         <name>strlen.obj</name>
      </input_file>
      <input_file id="fl-13f">
         <path>C:\ti\ccsv6\tools\compiler\ti-cgt-arm_5.2.6\lib\</path>
         <kind>archive</kind>
         <file>rtsv7M4_T_le_v4SPD16_eabi.lib</file>
         <name>strstr.obj</name>
      </input_file>
      <input_file id="fl-140">
         <path>C:\ti\ccsv6\tools\compiler\ti-cgt-arm_5.2.6\lib\</path>
         <kind>archive</kind>
         <file>rtsv7M4_T_le_v4SPD16_eabi.lib</file>
         <name>typeinfo_.obj</name>
      </input_file>
      <input_file id="fl-141">
         <path>C:\ti\ccsv6\tools\compiler\ti-cgt-arm_5.2.6\lib\</path>
         <kind>archive</kind>
         <file>rtsv7M4_T_le_v4SPD16_eabi.lib</file>
         <name>_lock.obj</name>
      </input_file>
      <input_file id="fl-142">
         <path>C:\ti\ccsv6\tools\compiler\ti-cgt-arm_5.2.6\lib\</path>
         <kind>archive</kind>
         <file>rtsv7M4_T_le_v4SPD16_eabi.lib</file>
         <name>args_main.obj</name>
      </input_file>
      <input_file id="fl-143">
         <path>C:\ti\ccsv6\tools\compiler\ti-cgt-arm_5.2.6\lib\</path>
         <kind>archive</kind>
         <file>rtsv7M4_T_le_v4SPD16_eabi.lib</file>
         <name>autoinit.obj</name>
      </input_file>
      <input_file id="fl-144">
         <path>C:\ti\ccsv6\tools\compiler\ti-cgt-arm_5.2.6\lib\</path>
         <kind>archive</kind>
         <file>rtsv7M4_T_le_v4SPD16_eabi.lib</file>
         <name>cpy_tbl.obj</name>
      </input_file>
      <input_file id="fl-145">
         <path>C:\Users\aeols\git\20150323\aeo1_drivers\Debug\</path>
         <kind>archive</kind>
         <file>aeo1_drivers.lib</file>
         <name>adc_potmeter.obj</name>
      </input_file>
      <input_file id="fl-146">
         <path>C:\Users\aeols\git\20150323\aeo1_drivers\Debug\</path>
         <kind>archive</kind>
         <file>aeo1_drivers.lib</file>
         <name>pwm_stepper.obj</name>
      </input_file>
      <input_file id="fl-147">
         <path>C:\Users\aeols\git\20150323\aeo1_drivers\Debug\</path>
         <kind>archive</kind>
         <file>aeo1_drivers.lib</file>
         <name>ssi_drv8711.obj</name>
      </input_file>
      <input_file id="fl-148">
         <path>C:\Users\aeols\git\20150323\aeo1_drivers\Debug\</path>
         <kind>archive</kind>
         <file>aeo1_drivers.lib</file>
         <name>ssi_peripheral.obj</name>
      </input_file>
      <input_file id="fl-149">
         <path>C:\Users\aeols\git\20150323\tiva_utils\Debug\</path>
         <kind>archive</kind>
         <file>tiva_utils.lib</file>
         <name>cmdline.obj</name>
      </input_file>
      <input_file id="fl-14a">
         <path>C:\Users\aeols\git\20150323\tiva_utils\Debug\</path>
         <kind>archive</kind>
         <file>tiva_utils.lib</file>
         <name>uartstdio.obj</name>
      </input_file>
      <input_file id="fl-14b">
         <path>C:\Users\aeols\git\20150323\tiva_utils\Debug\</path>
         <kind>archive</kind>
         <file>tiva_utils.lib</file>
         <name>ustdlib.obj</name>
      </input_file>
      <input_file id="fl-14c">
         <path>C:\ti\TivaWare_C_Series-2.1.2.111\driverlib\ccs\Debug\</path>
         <kind>archive</kind>
         <file>driverlib.lib</file>
         <name>adc.obj</name>
      </input_file>
      <input_file id="fl-14d">
         <path>C:\ti\TivaWare_C_Series-2.1.2.111\driverlib\ccs\Debug\</path>
         <kind>archive</kind>
         <file>driverlib.lib</file>
         <name>fpu.obj</name>
      </input_file>
      <input_file id="fl-14e">
         <path>C:\ti\TivaWare_C_Series-2.1.2.111\driverlib\ccs\Debug\</path>
         <kind>archive</kind>
         <file>driverlib.lib</file>
         <name>gpio.obj</name>
      </input_file>
      <input_file id="fl-14f">
         <path>C:\ti\TivaWare_C_Series-2.1.2.111\driverlib\ccs\Debug\</path>
         <kind>archive</kind>
         <file>driverlib.lib</file>
         <name>interrupt.obj</name>
      </input_file>
      <input_file id="fl-150">
         <path>C:\ti\TivaWare_C_Series-2.1.2.111\driverlib\ccs\Debug\</path>
         <kind>archive</kind>
         <file>driverlib.lib</file>
         <name>pwm.obj</name>
      </input_file>
      <input_file id="fl-151">
         <path>C:\ti\TivaWare_C_Series-2.1.2.111\driverlib\ccs\Debug\</path>
         <kind>archive</kind>
         <file>driverlib.lib</file>
         <name>ssi.obj</name>
      </input_file>
      <input_file id="fl-152">
         <path>C:\ti\TivaWare_C_Series-2.1.2.111\driverlib\ccs\Debug\</path>
         <kind>archive</kind>
         <file>driverlib.lib</file>
         <name>sysctl.obj</name>
      </input_file>
      <input_file id="fl-153">
         <path>C:\ti\TivaWare_C_Series-2.1.2.111\driverlib\ccs\Debug\</path>
         <kind>archive</kind>
         <file>driverlib.lib</file>
         <name>systick.obj</name>
      </input_file>
      <input_file id="fl-154">
         <path>C:\ti\TivaWare_C_Series-2.1.2.111\driverlib\ccs\Debug\</path>
         <kind>archive</kind>
         <file>driverlib.lib</file>
         <name>uart.obj</name>
      </input_file>
      <input_file id="fl-155">
         <path>C:\ti\TivaWare_C_Series-2.1.2.111\driverlib\ccs\Debug\</path>
         <kind>archive</kind>
         <file>driverlib.lib</file>
         <name>cpu.obj</name>
      </input_file>
      <input_file id="fl-156">
         <path>C:\ti\ccsv6\tools\compiler\ti-cgt-arm_5.2.6\lib\</path>
         <kind>archive</kind>
         <file>rtsv7M4_T_le_v4SPD16_eabi.lib</file>
         <name>u_divt2.obj</name>
      </input_file>
      <input_file id="fl-157">
         <path>C:\ti\ccsv6\tools\compiler\ti-cgt-arm_5.2.6\lib\</path>
         <kind>archive</kind>
         <file>rtsv7M4_T_le_v4SPD16_eabi.lib</file>
         <name>i_div0.obj</name>
      </input_file>
   </input_file_list>
   <object_component_list>
      <object_component id="oc-f">
         <name>.intvecs</name>
         <load_address>0x0</load_address>
         <run_address>0x0</run_address>
         <size>0x26c</size>
         <input_file_ref idref="fl-6"/>
      </object_component>
      <object_component id="oc-ad">
         <name>.text</name>
         <load_address>0x26c</load_address>
         <run_address>0x26c</run_address>
         <size>0xc84</size>
         <input_file_ref idref="fl-14b"/>
      </object_component>
      <object_component id="oc-40">
         <name>.text</name>
         <load_address>0xef0</load_address>
         <run_address>0xef0</run_address>
         <size>0x860</size>
         <input_file_ref idref="fl-14a"/>
      </object_component>
      <object_component id="oc-46">
         <name>.text</name>
         <load_address>0x1750</load_address>
         <run_address>0x1750</run_address>
         <size>0x69c</size>
         <input_file_ref idref="fl-4"/>
      </object_component>
      <object_component id="oc-4c">
         <name>.text</name>
         <load_address>0x1dec</load_address>
         <run_address>0x1dec</run_address>
         <size>0x558</size>
         <input_file_ref idref="fl-148"/>
      </object_component>
      <object_component id="oc-a7">
         <name>.text</name>
         <load_address>0x2344</load_address>
         <run_address>0x2344</run_address>
         <size>0x4c0</size>
         <input_file_ref idref="fl-2"/>
      </object_component>
      <object_component id="oc-34">
         <name>.text</name>
         <load_address>0x2804</load_address>
         <run_address>0x2804</run_address>
         <size>0x414</size>
         <input_file_ref idref="fl-5"/>
      </object_component>
      <object_component id="oc-3bf">
         <name>.text</name>
         <load_address>0x2c18</load_address>
         <run_address>0x2c18</run_address>
         <size>0x3dc</size>
         <input_file_ref idref="fl-138"/>
      </object_component>
      <object_component id="oc-58">
         <name>.text</name>
         <load_address>0x2ff4</load_address>
         <run_address>0x2ff4</run_address>
         <size>0x2f8</size>
         <input_file_ref idref="fl-146"/>
      </object_component>
      <object_component id="oc-3a">
         <name>.text</name>
         <load_address>0x32ec</load_address>
         <run_address>0x32ec</run_address>
         <size>0x2e8</size>
         <input_file_ref idref="fl-147"/>
      </object_component>
      <object_component id="oc-52">
         <name>.text</name>
         <load_address>0x35d4</load_address>
         <run_address>0x35d4</run_address>
         <size>0x1f4</size>
         <input_file_ref idref="fl-145"/>
      </object_component>
      <object_component id="oc-149">
         <name>.text:GPIOPadConfigSet</name>
         <load_address>0x37c8</load_address>
         <run_address>0x37c8</run_address>
         <size>0x132</size>
         <input_file_ref idref="fl-14e"/>
      </object_component>
      <object_component id="oc-446">
         <name>.text</name>
         <load_address>0x38fa</load_address>
         <run_address>0x38fa</run_address>
         <size>0x2</size>
         <input_file_ref idref="fl-157"/>
      </object_component>
      <object_component id="oc-36c">
         <name>.text</name>
         <load_address>0x38fc</load_address>
         <run_address>0x38fc</run_address>
         <size>0x120</size>
         <input_file_ref idref="fl-3"/>
      </object_component>
      <object_component id="oc-e9">
         <name>.text:SysCtlClockGet</name>
         <load_address>0x3a1c</load_address>
         <run_address>0x3a1c</run_address>
         <size>0x110</size>
         <input_file_ref idref="fl-152"/>
      </object_component>
      <object_component id="oc-e3">
         <name>.text:SysCtlClockSet</name>
         <load_address>0x3b2c</load_address>
         <run_address>0x3b2c</run_address>
         <size>0xf4</size>
         <input_file_ref idref="fl-152"/>
      </object_component>
      <object_component id="oc-121">
         <name>.text</name>
         <load_address>0x3c20</load_address>
         <run_address>0x3c20</run_address>
         <size>0xf4</size>
         <input_file_ref idref="fl-134"/>
      </object_component>
      <object_component id="oc-58c">
         <name>.text</name>
         <load_address>0x3d14</load_address>
         <run_address>0x3d14</run_address>
         <size>0xbc</size>
         <input_file_ref idref="fl-140"/>
      </object_component>
      <object_component id="oc-116">
         <name>.text</name>
         <load_address>0x3dd0</load_address>
         <run_address>0x3dd0</run_address>
         <size>0xac</size>
         <input_file_ref idref="fl-149"/>
      </object_component>
      <object_component id="oc-61">
         <name>.text</name>
         <load_address>0x3e7c</load_address>
         <run_address>0x3e7c</run_address>
         <size>0x9c</size>
         <input_file_ref idref="fl-137"/>
      </object_component>
      <object_component id="oc-28e">
         <name>.text:ADCSequenceStepConfigure</name>
         <load_address>0x3f18</load_address>
         <run_address>0x3f18</run_address>
         <size>0x7a</size>
         <input_file_ref idref="fl-14c"/>
      </object_component>
      <object_component id="oc-7a">
         <name>.text</name>
         <load_address>0x3f92</load_address>
         <run_address>0x3f92</run_address>
         <size>0x7a</size>
         <input_file_ref idref="fl-139"/>
      </object_component>
      <object_component id="oc-8c">
         <name>.text</name>
         <load_address>0x400c</load_address>
         <run_address>0x400c</run_address>
         <size>0x6c</size>
         <input_file_ref idref="fl-143"/>
      </object_component>
      <object_component id="oc-6d">
         <name>.text</name>
         <load_address>0x4078</load_address>
         <run_address>0x4078</run_address>
         <size>0x6a</size>
         <input_file_ref idref="fl-131"/>
      </object_component>
      <object_component id="oc-177">
         <name>.text:IntDisable</name>
         <load_address>0x40e4</load_address>
         <run_address>0x40e4</run_address>
         <size>0x68</size>
         <input_file_ref idref="fl-14f"/>
      </object_component>
      <object_component id="oc-161">
         <name>.text:IntEnable</name>
         <load_address>0x414c</load_address>
         <run_address>0x414c</run_address>
         <size>0x68</size>
         <input_file_ref idref="fl-14f"/>
      </object_component>
      <object_component id="oc-155">
         <name>.text:GPIOIntTypeSet</name>
         <load_address>0x41b4</load_address>
         <run_address>0x41b4</run_address>
         <size>0x56</size>
         <input_file_ref idref="fl-14e"/>
      </object_component>
      <object_component id="oc-1f3">
         <name>.text</name>
         <load_address>0x420a</load_address>
         <run_address>0x420a</run_address>
         <size>0x56</size>
         <input_file_ref idref="fl-136"/>
      </object_component>
      <object_component id="oc-24">
         <name>.text</name>
         <load_address>0x4260</load_address>
         <run_address>0x4260</run_address>
         <size>0x50</size>
         <input_file_ref idref="fl-12f"/>
      </object_component>
      <object_component id="oc-346">
         <name>.text</name>
         <load_address>0x42b0</load_address>
         <run_address>0x42b0</run_address>
         <size>0x4c</size>
         <input_file_ref idref="fl-144"/>
      </object_component>
      <object_component id="oc-b9">
         <name>.text:GPIOPinConfigure</name>
         <load_address>0x42fc</load_address>
         <run_address>0x42fc</run_address>
         <size>0x48</size>
         <input_file_ref idref="fl-14e"/>
      </object_component>
      <object_component id="oc-18f">
         <name>.text:UARTConfigSetExpClk</name>
         <load_address>0x4344</load_address>
         <run_address>0x4344</run_address>
         <size>0x46</size>
         <input_file_ref idref="fl-154"/>
      </object_component>
      <object_component id="oc-98">
         <name>.text</name>
         <load_address>0x438c</load_address>
         <run_address>0x438c</run_address>
         <size>0x44</size>
         <input_file_ref idref="fl-135"/>
      </object_component>
      <object_component id="oc-1bd">
         <name>.text</name>
         <load_address>0x43d0</load_address>
         <run_address>0x43d0</run_address>
         <size>0x40</size>
         <input_file_ref idref="fl-156"/>
      </object_component>
      <object_component id="oc-288">
         <name>.text:ADCSequenceConfigure</name>
         <load_address>0x4410</load_address>
         <run_address>0x4410</run_address>
         <size>0x3e</size>
         <input_file_ref idref="fl-14c"/>
      </object_component>
      <object_component id="oc-218">
         <name>.text:SSIConfigSetExpClk</name>
         <load_address>0x444e</load_address>
         <run_address>0x444e</run_address>
         <size>0x3c</size>
         <input_file_ref idref="fl-151"/>
      </object_component>
      <object_component id="oc-189">
         <name>.text:SysCtlPeripheralPresent</name>
         <load_address>0x448c</load_address>
         <run_address>0x448c</run_address>
         <size>0x38</size>
         <input_file_ref idref="fl-152"/>
      </object_component>
      <object_component id="oc-b3">
         <name>.text:SysCtlPeripheralEnable</name>
         <load_address>0x44c4</load_address>
         <run_address>0x44c4</run_address>
         <size>0x34</size>
         <input_file_ref idref="fl-152"/>
      </object_component>
      <object_component id="oc-107">
         <name>.text</name>
         <load_address>0x44f8</load_address>
         <run_address>0x44f8</run_address>
         <size>0x34</size>
         <input_file_ref idref="fl-13f"/>
      </object_component>
      <object_component id="oc-2ac">
         <name>.text:ADCIntStatus</name>
         <load_address>0x452c</load_address>
         <run_address>0x452c</run_address>
         <size>0x2e</size>
         <input_file_ref idref="fl-14c"/>
      </object_component>
      <object_component id="oc-1e7">
         <name>.text:GPIODirModeSet</name>
         <load_address>0x455a</load_address>
         <run_address>0x455a</run_address>
         <size>0x2a</size>
         <input_file_ref idref="fl-14e"/>
      </object_component>
      <object_component id="oc-2e6">
         <name>.text:PWMGenConfigure</name>
         <load_address>0x4584</load_address>
         <run_address>0x4584</run_address>
         <size>0x22</size>
         <input_file_ref idref="fl-150"/>
      </object_component>
      <object_component id="oc-430">
         <name>.text:UARTDisable</name>
         <load_address>0x45a8</load_address>
         <run_address>0x45a8</run_address>
         <size>0x20</size>
         <input_file_ref idref="fl-154"/>
      </object_component>
      <object_component id="oc-2b8">
         <name>.text:ADCSequenceDataGet</name>
         <load_address>0x45c8</load_address>
         <run_address>0x45c8</run_address>
         <size>0x1e</size>
         <input_file_ref idref="fl-14c"/>
      </object_component>
      <object_component id="oc-2f2">
         <name>.text:PWMPulseWidthSet</name>
         <load_address>0x45e6</load_address>
         <run_address>0x45e6</run_address>
         <size>0x1e</size>
         <input_file_ref idref="fl-150"/>
      </object_component>
      <object_component id="oc-27c">
         <name>.text:ADCClockConfigSet</name>
         <load_address>0x4604</load_address>
         <run_address>0x4604</run_address>
         <size>0x18</size>
         <input_file_ref idref="fl-14c"/>
      </object_component>
      <object_component id="oc-2be">
         <name>.text:ADCProcessorTrigger</name>
         <load_address>0x461c</load_address>
         <run_address>0x461c</run_address>
         <size>0x18</size>
         <input_file_ref idref="fl-14c"/>
      </object_component>
      <object_component id="oc-cb">
         <name>.text:GPIOPinTypeGPIOOutput</name>
         <load_address>0x4634</load_address>
         <run_address>0x4634</run_address>
         <size>0x18</size>
         <input_file_ref idref="fl-14e"/>
      </object_component>
      <object_component id="oc-92">
         <name>.text</name>
         <load_address>0x464c</load_address>
         <run_address>0x464c</run_address>
         <size>0x18</size>
         <input_file_ref idref="fl-142"/>
      </object_component>
      <object_component id="oc-204">
         <name>.text</name>
         <load_address>0x4664</load_address>
         <run_address>0x4664</run_address>
         <size>0x18</size>
         <input_file_ref idref="fl-13d"/>
      </object_component>
      <object_component id="oc-10d">
         <name>.text</name>
         <load_address>0x467c</load_address>
         <run_address>0x467c</run_address>
         <size>0x16</size>
         <input_file_ref idref="fl-13c"/>
      </object_component>
      <object_component id="oc-dd">
         <name>.text:FPUStackingEnable</name>
         <load_address>0x4694</load_address>
         <run_address>0x4694</run_address>
         <size>0x14</size>
         <input_file_ref idref="fl-14d"/>
      </object_component>
      <object_component id="oc-2da">
         <name>.text:SysCtlPWMClockSet</name>
         <load_address>0x46a8</load_address>
         <run_address>0x46a8</run_address>
         <size>0x14</size>
         <input_file_ref idref="fl-152"/>
      </object_component>
      <object_component id="oc-f5">
         <name>.text:SysTickEnable</name>
         <load_address>0x46bc</load_address>
         <run_address>0x46bc</run_address>
         <size>0x14</size>
         <input_file_ref idref="fl-153"/>
      </object_component>
      <object_component id="oc-fb">
         <name>.text:SysTickIntEnable</name>
         <load_address>0x46d0</load_address>
         <run_address>0x46d0</run_address>
         <size>0x14</size>
         <input_file_ref idref="fl-153"/>
      </object_component>
      <object_component id="oc-1a7">
         <name>.text:UARTEnable</name>
         <load_address>0x46e4</load_address>
         <run_address>0x46e4</run_address>
         <size>0x14</size>
         <input_file_ref idref="fl-154"/>
      </object_component>
      <object_component id="oc-4da">
         <name>.text</name>
         <load_address>0x46f8</load_address>
         <run_address>0x46f8</run_address>
         <size>0x14</size>
         <input_file_ref idref="fl-141"/>
      </object_component>
      <object_component id="oc-1ed">
         <name>.text</name>
         <load_address>0x470c</load_address>
         <run_address>0x470c</run_address>
         <size>0x14</size>
         <input_file_ref idref="fl-13e"/>
      </object_component>
      <object_component id="oc-276">
         <name>.text:GPIOPinTypeADC</name>
         <load_address>0x4720</load_address>
         <run_address>0x4720</run_address>
         <size>0x12</size>
         <input_file_ref idref="fl-14e"/>
      </object_component>
      <object_component id="oc-14f">
         <name>.text:GPIOPinTypeGPIOInput</name>
         <load_address>0x4732</load_address>
         <run_address>0x4732</run_address>
         <size>0x12</size>
         <input_file_ref idref="fl-14e"/>
      </object_component>
      <object_component id="oc-2e0">
         <name>.text:GPIOPinTypePWM</name>
         <load_address>0x4744</load_address>
         <run_address>0x4744</run_address>
         <size>0x12</size>
         <input_file_ref idref="fl-14e"/>
      </object_component>
      <object_component id="oc-212">
         <name>.text:GPIOPinTypeSSI</name>
         <load_address>0x4756</load_address>
         <run_address>0x4756</run_address>
         <size>0x12</size>
         <input_file_ref idref="fl-14e"/>
      </object_component>
      <object_component id="oc-bf">
         <name>.text:GPIOPinTypeUART</name>
         <load_address>0x4768</load_address>
         <run_address>0x4768</run_address>
         <size>0x12</size>
         <input_file_ref idref="fl-14e"/>
      </object_component>
      <object_component id="oc-304">
         <name>.text:PWMOutputState</name>
         <load_address>0x477a</load_address>
         <run_address>0x477a</run_address>
         <size>0x12</size>
         <input_file_ref idref="fl-150"/>
      </object_component>
      <object_component id="oc-224">
         <name>.text:SSIDataGetNonBlocking</name>
         <load_address>0x478c</load_address>
         <run_address>0x478c</run_address>
         <size>0x12</size>
         <input_file_ref idref="fl-151"/>
      </object_component>
      <object_component id="oc-29a">
         <name>.text:ADCIntEnable</name>
         <load_address>0x479e</load_address>
         <run_address>0x479e</run_address>
         <size>0x10</size>
         <input_file_ref idref="fl-14c"/>
      </object_component>
      <object_component id="oc-d7">
         <name>.text:FPUEnable</name>
         <load_address>0x47b0</load_address>
         <run_address>0x47b0</run_address>
         <size>0x10</size>
         <input_file_ref idref="fl-14d"/>
      </object_component>
      <object_component id="oc-1c2">
         <name>.text:IntMasterDisable</name>
         <load_address>0x47c0</load_address>
         <run_address>0x47c0</run_address>
         <size>0x10</size>
         <input_file_ref idref="fl-14f"/>
      </object_component>
      <object_component id="oc-101">
         <name>.text:IntMasterEnable</name>
         <load_address>0x47d0</load_address>
         <run_address>0x47d0</run_address>
         <size>0x10</size>
         <input_file_ref idref="fl-14f"/>
      </object_component>
      <object_component id="oc-2ec">
         <name>.text:PWMGenPeriodSet</name>
         <load_address>0x47e0</load_address>
         <run_address>0x47e0</run_address>
         <size>0x10</size>
         <input_file_ref idref="fl-150"/>
      </object_component>
      <object_component id="oc-ef">
         <name>.text:SysTickPeriodSet</name>
         <load_address>0x47f0</load_address>
         <run_address>0x47f0</run_address>
         <size>0x10</size>
         <input_file_ref idref="fl-153"/>
      </object_component>
      <object_component id="oc-282">
         <name>.text:ADCHardwareOversampleConfigure</name>
         <load_address>0x4800</load_address>
         <run_address>0x4800</run_address>
         <size>0xe</size>
         <input_file_ref idref="fl-14c"/>
      </object_component>
      <object_component id="oc-2a6">
         <name>.text:ADCIntDisable</name>
         <load_address>0x480e</load_address>
         <run_address>0x480e</run_address>
         <size>0xe</size>
         <input_file_ref idref="fl-14c"/>
      </object_component>
      <object_component id="oc-2a0">
         <name>.text:ADCSequenceDisable</name>
         <load_address>0x481c</load_address>
         <run_address>0x481c</run_address>
         <size>0xe</size>
         <input_file_ref idref="fl-14c"/>
      </object_component>
      <object_component id="oc-294">
         <name>.text:ADCSequenceEnable</name>
         <load_address>0x482a</load_address>
         <run_address>0x482a</run_address>
         <size>0xe</size>
         <input_file_ref idref="fl-14c"/>
      </object_component>
      <object_component id="oc-13d">
         <name>.text:GPIOIntDisable</name>
         <load_address>0x4838</load_address>
         <run_address>0x4838</run_address>
         <size>0xe</size>
         <input_file_ref idref="fl-14e"/>
      </object_component>
      <object_component id="oc-268">
         <name>.text:SSIDataPutNonBlocking</name>
         <load_address>0x4846</load_address>
         <run_address>0x4846</run_address>
         <size>0xe</size>
         <input_file_ref idref="fl-151"/>
      </object_component>
      <object_component id="oc-1d4">
         <name>.text:UARTCharGetNonBlocking</name>
         <load_address>0x4854</load_address>
         <run_address>0x4854</run_address>
         <size>0xe</size>
         <input_file_ref idref="fl-154"/>
      </object_component>
      <object_component id="oc-17d">
         <name>.text:UARTCharPutNonBlocking</name>
         <load_address>0x4862</load_address>
         <run_address>0x4862</run_address>
         <size>0xe</size>
         <input_file_ref idref="fl-154"/>
      </object_component>
      <object_component id="oc-1da">
         <name>.text:UARTCharsAvail</name>
         <load_address>0x4870</load_address>
         <run_address>0x4870</run_address>
         <size>0xe</size>
         <input_file_ref idref="fl-154"/>
      </object_component>
      <object_component id="oc-183">
         <name>.text:UARTSpaceAvail</name>
         <load_address>0x487e</load_address>
         <run_address>0x487e</run_address>
         <size>0xe</size>
         <input_file_ref idref="fl-154"/>
      </object_component>
      <object_component id="oc-12">
         <name>.text:decompress:none</name>
         <load_address>0x488c</load_address>
         <run_address>0x488c</run_address>
         <size>0xe</size>
         <input_file_ref idref="fl-130"/>
      </object_component>
      <object_component id="oc-44d">
         <name>.text:CPUcpsid</name>
         <load_address>0x489a</load_address>
         <run_address>0x489a</run_address>
         <size>0xc</size>
         <input_file_ref idref="fl-155"/>
      </object_component>
      <object_component id="oc-3a5">
         <name>.text:CPUcpsie</name>
         <load_address>0x48a6</load_address>
         <run_address>0x48a6</run_address>
         <size>0xc</size>
         <input_file_ref idref="fl-155"/>
      </object_component>
      <object_component id="oc-15b">
         <name>.text:GPIOIntEnable</name>
         <load_address>0x48b2</load_address>
         <run_address>0x48b2</run_address>
         <size>0xc</size>
         <input_file_ref idref="fl-14e"/>
      </object_component>
      <object_component id="oc-310">
         <name>.text:PWMGenDisable</name>
         <load_address>0x48be</load_address>
         <run_address>0x48be</run_address>
         <size>0xc</size>
         <input_file_ref idref="fl-150"/>
      </object_component>
      <object_component id="oc-30a">
         <name>.text:PWMGenEnable</name>
         <load_address>0x48ca</load_address>
         <run_address>0x48ca</run_address>
         <size>0xc</size>
         <input_file_ref idref="fl-150"/>
      </object_component>
      <object_component id="oc-262">
         <name>.text:SSIDataGet</name>
         <load_address>0x48d6</load_address>
         <run_address>0x48d6</run_address>
         <size>0xc</size>
         <input_file_ref idref="fl-151"/>
      </object_component>
      <object_component id="oc-1e">
         <name>.text:decompress:ZI</name>
         <load_address>0x48e2</load_address>
         <run_address>0x48e2</run_address>
         <size>0xc</size>
         <input_file_ref idref="fl-132"/>
      </object_component>
      <object_component id="oc-2e">
         <name>.text</name>
         <load_address>0x48ee</load_address>
         <run_address>0x48ee</run_address>
         <size>0xc</size>
         <input_file_ref idref="fl-6"/>
      </object_component>
      <object_component id="oc-2b2">
         <name>.text:ADCIntClear</name>
         <load_address>0x48fa</load_address>
         <run_address>0x48fa</run_address>
         <size>0xa</size>
         <input_file_ref idref="fl-14c"/>
      </object_component>
      <object_component id="oc-2fe">
         <name>.text:PWMGenIntTrigEnable</name>
         <load_address>0x4904</load_address>
         <run_address>0x4904</run_address>
         <size>0xa</size>
         <input_file_ref idref="fl-150"/>
      </object_component>
      <object_component id="oc-25c">
         <name>.text:SSIDataPut</name>
         <load_address>0x490e</load_address>
         <run_address>0x490e</run_address>
         <size>0xa</size>
         <input_file_ref idref="fl-151"/>
      </object_component>
      <object_component id="oc-256">
         <name>.text:SSIDisable</name>
         <load_address>0x4918</load_address>
         <run_address>0x4918</run_address>
         <size>0xa</size>
         <input_file_ref idref="fl-151"/>
      </object_component>
      <object_component id="oc-21e">
         <name>.text:SSIEnable</name>
         <load_address>0x4922</load_address>
         <run_address>0x4922</run_address>
         <size>0xa</size>
         <input_file_ref idref="fl-151"/>
      </object_component>
      <object_component id="oc-22a">
         <name>.text:SSIIntDisable</name>
         <load_address>0x492c</load_address>
         <run_address>0x492c</run_address>
         <size>0xa</size>
         <input_file_ref idref="fl-151"/>
      </object_component>
      <object_component id="oc-23f">
         <name>.text:SSIIntStatus</name>
         <load_address>0x4936</load_address>
         <run_address>0x4936</run_address>
         <size>0xa</size>
         <input_file_ref idref="fl-151"/>
      </object_component>
      <object_component id="oc-19b">
         <name>.text:UARTIntDisable</name>
         <load_address>0x4940</load_address>
         <run_address>0x4940</run_address>
         <size>0xa</size>
         <input_file_ref idref="fl-154"/>
      </object_component>
      <object_component id="oc-1c8">
         <name>.text:UARTIntStatus</name>
         <load_address>0x494a</load_address>
         <run_address>0x494a</run_address>
         <size>0xa</size>
         <input_file_ref idref="fl-154"/>
      </object_component>
      <object_component id="oc-417">
         <name>.text:_ZN4aeo114ssi_peripheral4OnRxEv</name>
         <load_address>0x4954</load_address>
         <run_address>0x4954</run_address>
         <size>0xa</size>
         <input_file_ref idref="fl-147"/>
      </object_component>
      <object_component id="oc-41e">
         <name>.text:_ZN4aeo114ssi_peripheral4OnTxEv</name>
         <load_address>0x495e</load_address>
         <run_address>0x495e</run_address>
         <size>0xa</size>
         <input_file_ref idref="fl-147"/>
      </object_component>
      <object_component id="oc-2f8">
         <name>.text:PWMIntEnable</name>
         <load_address>0x4968</load_address>
         <run_address>0x4968</run_address>
         <size>0x8</size>
         <input_file_ref idref="fl-150"/>
      </object_component>
      <object_component id="oc-236">
         <name>.text:SSIIntEnable</name>
         <load_address>0x4970</load_address>
         <run_address>0x4970</run_address>
         <size>0x8</size>
         <input_file_ref idref="fl-151"/>
      </object_component>
      <object_component id="oc-1a1">
         <name>.text:UARTIntEnable</name>
         <load_address>0x4978</load_address>
         <run_address>0x4978</run_address>
         <size>0x8</size>
         <input_file_ref idref="fl-154"/>
      </object_component>
      <object_component id="oc-143">
         <name>.text</name>
         <load_address>0x4980</load_address>
         <run_address>0x4980</run_address>
         <size>0x8</size>
         <input_file_ref idref="fl-133"/>
      </object_component>
      <object_component id="oc-d1">
         <name>.text:GPIOPinWrite</name>
         <load_address>0x4988</load_address>
         <run_address>0x4988</run_address>
         <size>0x6</size>
         <input_file_ref idref="fl-14e"/>
      </object_component>
      <object_component id="oc-2d4">
         <name>.text:PWMGenIntClear</name>
         <load_address>0x498e</load_address>
         <run_address>0x498e</run_address>
         <size>0x6</size>
         <input_file_ref idref="fl-150"/>
      </object_component>
      <object_component id="oc-11d">
         <name>.text:SysCtlDelay</name>
         <load_address>0x4994</load_address>
         <run_address>0x4994</run_address>
         <size>0x6</size>
         <input_file_ref idref="fl-152"/>
      </object_component>
      <object_component id="oc-c5">
         <name>.text:UARTClockSourceSet</name>
         <load_address>0x499a</load_address>
         <run_address>0x499a</run_address>
         <size>0x6</size>
         <input_file_ref idref="fl-154"/>
      </object_component>
      <object_component id="oc-195">
         <name>.text:UARTFIFOLevelSet</name>
         <load_address>0x49a0</load_address>
         <run_address>0x49a0</run_address>
         <size>0x6</size>
         <input_file_ref idref="fl-154"/>
      </object_component>
      <object_component id="oc-18">
         <name>.text:decompress:rle24</name>
         <load_address>0x49a6</load_address>
         <run_address>0x49a6</run_address>
         <size>0x6</size>
         <input_file_ref idref="fl-131"/>
      </object_component>
      <object_component id="oc-230">
         <name>.text:SSIIntClear</name>
         <load_address>0x49ac</load_address>
         <run_address>0x49ac</run_address>
         <size>0x4</size>
         <input_file_ref idref="fl-151"/>
      </object_component>
      <object_component id="oc-1ce">
         <name>.text:UARTIntClear</name>
         <load_address>0x49b0</load_address>
         <run_address>0x49b0</run_address>
         <size>0x4</size>
         <input_file_ref idref="fl-154"/>
      </object_component>
      <object_component id="oc-86">
         <name>.text</name>
         <load_address>0x49b4</load_address>
         <run_address>0x49b4</run_address>
         <size>0x4</size>
         <input_file_ref idref="fl-13a"/>
      </object_component>
      <object_component id="oc-57b">
         <name>.const:.string</name>
         <load_address>0x49b8</load_address>
         <run_address>0x49b8</run_address>
         <size>0x54a</size>
         <input_file_ref idref="fl-3"/>
      </object_component>
      <object_component id="oc-5df">
         <name>.const:.typeinfo:_ZTSe</name>
         <load_address>0x4f02</load_address>
         <run_address>0x4f02</run_address>
         <size>0x2</size>
         <input_file_ref idref="fl-140"/>
      </object_component>
      <object_component id="oc-4f0">
         <name>.const:DRV8711_Fields</name>
         <load_address>0x4f04</load_address>
         <run_address>0x4f04</run_address>
         <size>0x294</size>
         <input_file_ref idref="fl-3"/>
      </object_component>
      <object_component id="oc-3d3">
         <name>.const:.string</name>
         <load_address>0x5198</load_address>
         <run_address>0x5198</run_address>
         <size>0x160</size>
         <input_file_ref idref="fl-5"/>
      </object_component>
      <object_component id="oc-390">
         <name>.const:g_pui32GPIOBaseAddrs</name>
         <load_address>0x52f8</load_address>
         <run_address>0x52f8</run_address>
         <size>0x90</size>
         <input_file_ref idref="fl-14e"/>
      </object_component>
      <object_component id="oc-201">
         <name>.const:_ZN4aeo112InitCommandsE</name>
         <load_address>0x5388</load_address>
         <run_address>0x5388</run_address>
         <size>0x80</size>
         <input_file_ref idref="fl-4"/>
      </object_component>
      <object_component id="oc-464">
         <name>.const:.string</name>
         <load_address>0x5408</load_address>
         <run_address>0x5408</run_address>
         <size>0x76</size>
         <input_file_ref idref="fl-4"/>
      </object_component>
      <object_component id="oc-40b">
         <name>.const</name>
         <load_address>0x5480</load_address>
         <run_address>0x5480</run_address>
         <size>0x70</size>
         <input_file_ref idref="fl-14f"/>
      </object_component>
      <object_component id="oc-39d">
         <name>.const:g_pui32Xtals</name>
         <load_address>0x54f0</load_address>
         <run_address>0x54f0</run_address>
         <size>0x6c</size>
         <input_file_ref idref="fl-152"/>
      </object_component>
      <object_component id="oc-372">
         <name>.const:$P$T0$1</name>
         <load_address>0x555c</load_address>
         <run_address>0x555c</run_address>
         <size>0x48</size>
         <input_file_ref idref="fl-2"/>
      </object_component>
      <object_component id="oc-4ed">
         <name>.const:$P$T0$1</name>
         <load_address>0x55a4</load_address>
         <run_address>0x55a4</run_address>
         <size>0x30</size>
         <input_file_ref idref="fl-3"/>
      </object_component>
      <object_component id="oc-380">
         <name>.const:g_psDaysToMonth</name>
         <load_address>0x55d4</load_address>
         <run_address>0x55d4</run_address>
         <size>0x30</size>
         <input_file_ref idref="fl-14b"/>
      </object_component>
      <object_component id="oc-5f8">
         <name>.const:.typeinfo:_ZTSN10__cxxabiv123__fundamental_type_infoE</name>
         <load_address>0x5604</load_address>
         <run_address>0x5604</run_address>
         <size>0x28</size>
         <input_file_ref idref="fl-140"/>
      </object_component>
      <object_component id="oc-16a">
         <name>.const:_ZTVN4aeo111ssi_drv8711E</name>
         <load_address>0x562c</load_address>
         <run_address>0x562c</run_address>
         <size>0x28</size>
         <input_file_ref idref="fl-147"/>
      </object_component>
      <object_component id="oc-245">
         <name>.const:_ZTVN4aeo114ssi_peripheralE</name>
         <load_address>0x5654</load_address>
         <run_address>0x5654</run_address>
         <size>0x28</size>
         <input_file_ref idref="fl-148"/>
      </object_component>
      <object_component id="oc-1b0">
         <name>.const</name>
         <load_address>0x567c</load_address>
         <run_address>0x567c</run_address>
         <size>0x28</size>
         <input_file_ref idref="fl-14a"/>
      </object_component>
      <object_component id="oc-59a">
         <name>.const:.typeinfo:_ZTSN10__cxxabiv120__si_class_type_infoE</name>
         <load_address>0x56a4</load_address>
         <run_address>0x56a4</run_address>
         <size>0x25</size>
         <input_file_ref idref="fl-140"/>
      </object_component>
      <object_component id="oc-5e4">
         <name>.const:.typeinfo:_ZTSN10__cxxabiv119__pointer_type_infoE</name>
         <load_address>0x56c9</load_address>
         <run_address>0x56c9</run_address>
         <size>0x24</size>
         <input_file_ref idref="fl-140"/>
      </object_component>
      <object_component id="oc-5b7">
         <name>.const:.typeinfo:_ZTSN10__cxxabiv117__class_type_infoE</name>
         <load_address>0x56ed</load_address>
         <run_address>0x56ed</run_address>
         <size>0x22</size>
         <input_file_ref idref="fl-140"/>
      </object_component>
      <object_component id="oc-5f3">
         <name>.const:.typeinfo:_ZTSN10__cxxabiv117__pbase_type_infoE</name>
         <load_address>0x570f</load_address>
         <run_address>0x570f</run_address>
         <size>0x22</size>
         <input_file_ref idref="fl-140"/>
      </object_component>
      <object_component id="oc-37d">
         <name>.const</name>
         <load_address>0x5734</load_address>
         <run_address>0x5734</run_address>
         <size>0x1c</size>
         <input_file_ref idref="fl-14b"/>
      </object_component>
      <object_component id="oc-557">
         <name>.const:.typeinfo:_ZTSN4aeo114ssi_peripheralE</name>
         <load_address>0x5750</load_address>
         <run_address>0x5750</run_address>
         <size>0x18</size>
         <input_file_ref idref="fl-148"/>
      </object_component>
      <object_component id="oc-55e">
         <name>.const:.typeinfo:_ZTSN4aeo112adc_potmeterE</name>
         <load_address>0x5768</load_address>
         <run_address>0x5768</run_address>
         <size>0x16</size>
         <input_file_ref idref="fl-145"/>
      </object_component>
      <object_component id="oc-565">
         <name>.const:.typeinfo:_ZTSN4aeo111pwm_stepperE</name>
         <load_address>0x577e</load_address>
         <run_address>0x577e</run_address>
         <size>0x15</size>
         <input_file_ref idref="fl-146"/>
      </object_component>
      <object_component id="oc-53d">
         <name>.const:.typeinfo:_ZTSN4aeo111ssi_drv8711E</name>
         <load_address>0x5793</load_address>
         <run_address>0x5793</run_address>
         <size>0x15</size>
         <input_file_ref idref="fl-147"/>
      </object_component>
      <object_component id="oc-43d">
         <name>.const:.string</name>
         <load_address>0x57a8</load_address>
         <run_address>0x57a8</run_address>
         <size>0x12</size>
         <input_file_ref idref="fl-14a"/>
      </object_component>
      <object_component id="oc-509">
         <name>.const:.string</name>
         <load_address>0x57bc</load_address>
         <run_address>0x57bc</run_address>
         <size>0x12</size>
         <input_file_ref idref="fl-14b"/>
      </object_component>
      <object_component id="oc-5a0">
         <name>.const:.typeinfo:_ZTIPKe</name>
         <load_address>0x57d0</load_address>
         <run_address>0x57d0</run_address>
         <size>0x10</size>
         <input_file_ref idref="fl-140"/>
      </object_component>
      <object_component id="oc-574">
         <name>.const:.typeinfo:_ZTSN4aeo17drv8711E</name>
         <load_address>0x57e0</load_address>
         <run_address>0x57e0</run_address>
         <size>0x10</size>
         <input_file_ref idref="fl-2"/>
      </object_component>
      <object_component id="oc-54e">
         <name>.const:.typeinfo:_ZTSN4aeo17esp8266E</name>
         <load_address>0x57f0</load_address>
         <run_address>0x57f0</run_address>
         <size>0x10</size>
         <input_file_ref idref="fl-4"/>
      </object_component>
      <object_component id="oc-549">
         <name>.const:_ZTVN10__cxxabiv117__class_type_infoE</name>
         <load_address>0x5800</load_address>
         <run_address>0x5800</run_address>
         <size>0x10</size>
         <input_file_ref idref="fl-140"/>
      </object_component>
      <object_component id="oc-5c1">
         <name>.const:_ZTVN10__cxxabiv119__pointer_type_infoE</name>
         <load_address>0x5810</load_address>
         <run_address>0x5810</run_address>
         <size>0x10</size>
         <input_file_ref idref="fl-140"/>
      </object_component>
      <object_component id="oc-538">
         <name>.const:_ZTVN10__cxxabiv120__si_class_type_infoE</name>
         <load_address>0x5820</load_address>
         <run_address>0x5820</run_address>
         <size>0x10</size>
         <input_file_ref idref="fl-140"/>
      </object_component>
      <object_component id="oc-5da">
         <name>.const:_ZTVN10__cxxabiv123__fundamental_type_infoE</name>
         <load_address>0x5830</load_address>
         <run_address>0x5830</run_address>
         <size>0x10</size>
         <input_file_ref idref="fl-140"/>
      </object_component>
      <object_component id="oc-319">
         <name>.const:_ZTVN4aeo111pwm_stepperE</name>
         <load_address>0x5840</load_address>
         <run_address>0x5840</run_address>
         <size>0x10</size>
         <input_file_ref idref="fl-146"/>
      </object_component>
      <object_component id="oc-2c7">
         <name>.const:_ZTVN4aeo112adc_potmeterE</name>
         <load_address>0x5850</load_address>
         <run_address>0x5850</run_address>
         <size>0x10</size>
         <input_file_ref idref="fl-145"/>
      </object_component>
      <object_component id="oc-367">
         <name>.const:_ZTVN4aeo17drv8711E</name>
         <load_address>0x5860</load_address>
         <run_address>0x5860</run_address>
         <size>0x10</size>
         <input_file_ref idref="fl-2"/>
      </object_component>
      <object_component id="oc-1fc">
         <name>.const:_ZTVN4aeo17esp8266E</name>
         <load_address>0x5870</load_address>
         <run_address>0x5870</run_address>
         <size>0x10</size>
         <input_file_ref idref="fl-4"/>
      </object_component>
      <object_component id="oc-5d0">
         <name>.const:.typeinfo:_ZTSSt9type_info</name>
         <load_address>0x5880</load_address>
         <run_address>0x5880</run_address>
         <size>0xd</size>
         <input_file_ref idref="fl-140"/>
      </object_component>
      <object_component id="oc-595">
         <name>.const:.typeinfo:_ZTIN10__cxxabiv117__class_type_infoE</name>
         <load_address>0x5890</load_address>
         <run_address>0x5890</run_address>
         <size>0xc</size>
         <input_file_ref idref="fl-140"/>
      </object_component>
      <object_component id="oc-5e9">
         <name>.const:.typeinfo:_ZTIN10__cxxabiv117__pbase_type_infoE</name>
         <load_address>0x589c</load_address>
         <run_address>0x589c</run_address>
         <size>0xc</size>
         <input_file_ref idref="fl-140"/>
      </object_component>
      <object_component id="oc-5d5">
         <name>.const:.typeinfo:_ZTIN10__cxxabiv119__pointer_type_infoE</name>
         <load_address>0x58a8</load_address>
         <run_address>0x58a8</run_address>
         <size>0xc</size>
         <input_file_ref idref="fl-140"/>
      </object_component>
      <object_component id="oc-587">
         <name>.const:.typeinfo:_ZTIN10__cxxabiv120__si_class_type_infoE</name>
         <load_address>0x58b4</load_address>
         <run_address>0x58b4</run_address>
         <size>0xc</size>
         <input_file_ref idref="fl-140"/>
      </object_component>
      <object_component id="oc-5ee">
         <name>.const:.typeinfo:_ZTIN10__cxxabiv123__fundamental_type_infoE</name>
         <load_address>0x58c0</load_address>
         <run_address>0x58c0</run_address>
         <size>0xc</size>
         <input_file_ref idref="fl-140"/>
      </object_component>
      <object_component id="oc-412">
         <name>.const:.typeinfo:_ZTIN4aeo111ssi_drv8711E</name>
         <load_address>0x58cc</load_address>
         <run_address>0x58cc</run_address>
         <size>0xc</size>
         <input_file_ref idref="fl-147"/>
      </object_component>
      <object_component id="oc-4be">
         <name>.const:.typeinfo:_ZTIN4aeo111pwm_stepperE</name>
         <load_address>0x58d8</load_address>
         <run_address>0x58d8</run_address>
         <size>0x8</size>
         <input_file_ref idref="fl-146"/>
      </object_component>
      <object_component id="oc-4a9">
         <name>.const:.typeinfo:_ZTIN4aeo112adc_potmeterE</name>
         <load_address>0x58e0</load_address>
         <run_address>0x58e0</run_address>
         <size>0x8</size>
         <input_file_ref idref="fl-145"/>
      </object_component>
      <object_component id="oc-485">
         <name>.const:.typeinfo:_ZTIN4aeo114ssi_peripheralE</name>
         <load_address>0x58e8</load_address>
         <run_address>0x58e8</run_address>
         <size>0x8</size>
         <input_file_ref idref="fl-148"/>
      </object_component>
      <object_component id="oc-4e8">
         <name>.const:.typeinfo:_ZTIN4aeo17drv8711E</name>
         <load_address>0x58f0</load_address>
         <run_address>0x58f0</run_address>
         <size>0x8</size>
         <input_file_ref idref="fl-2"/>
      </object_component>
      <object_component id="oc-45f">
         <name>.const:.typeinfo:_ZTIN4aeo17esp8266E</name>
         <load_address>0x58f8</load_address>
         <run_address>0x58f8</run_address>
         <size>0x8</size>
         <input_file_ref idref="fl-4"/>
      </object_component>
      <object_component id="oc-5bc">
         <name>.const:.typeinfo:_ZTISt9type_info</name>
         <load_address>0x5900</load_address>
         <run_address>0x5900</run_address>
         <size>0x8</size>
         <input_file_ref idref="fl-140"/>
      </object_component>
      <object_component id="oc-5cb">
         <name>.const:.typeinfo:_ZTIe</name>
         <load_address>0x5908</load_address>
         <run_address>0x5908</run_address>
         <size>0x8</size>
         <input_file_ref idref="fl-140"/>
      </object_component>
      <object_component id="oc-5c6">
         <name>.const:.typeinfo:_ZTSPKe</name>
         <load_address>0x5910</load_address>
         <run_address>0x5910</run_address>
         <size>0x4</size>
         <input_file_ref idref="fl-140"/>
      </object_component>
      <object_component id="oc-620">
         <name>.cinit..data.load</name>
         <load_address>0x5918</load_address>
         <run_address>0x5918</run_address>
         <size>0x170</size>
      </object_component>
      <object_component id="oc-61e">
         <name>__TI_handler_table</name>
         <load_address>0x5a88</load_address>
         <run_address>0x5a88</run_address>
         <size>0xc</size>
      </object_component>
      <object_component id="oc-621">
         <name>.cinit..bss.load</name>
         <load_address>0x5a98</load_address>
         <run_address>0x5a98</run_address>
         <size>0x8</size>
      </object_component>
      <object_component id="oc-61f">
         <name>__TI_cinit_table</name>
         <load_address>0x5aa0</load_address>
         <run_address>0x5aa0</run_address>
         <size>0x10</size>
      </object_component>
      <object_component id="oc-29">
         <name>.init_array</name>
         <load_address>0x5914</load_address>
         <run_address>0x5914</run_address>
         <size>0x4</size>
         <input_file_ref idref="fl-5"/>
      </object_component>
      <object_component id="oc-2b">
         <name>.sysmem</name>
         <uninitialized>true</uninitialized>
         <run_address>0x20000b48</run_address>
         <size>0x8</size>
         <input_file_ref idref="fl-138"/>
      </object_component>
      <object_component id="oc-623">
         <name>.sysmem</name>
         <uninitialized>true</uninitialized>
         <run_address>0x20000b48</run_address>
         <size>0x0</size>
      </object_component>
      <object_component id="oc-2a">
         <name>.stack</name>
         <uninitialized>true</uninitialized>
         <run_address>0x20000778</run_address>
         <size>0x0</size>
         <input_file_ref idref="fl-12f"/>
      </object_component>
      <object_component id="oc-622">
         <name>.stack</name>
         <uninitialized>true</uninitialized>
         <run_address>0x20000778</run_address>
         <size>0x0</size>
      </object_component>
      <object_component id="oc-113">
         <name>.bss:g_oDrv8711</name>
         <uninitialized>true</uninitialized>
         <run_address>0x20000598</run_address>
         <size>0xac</size>
         <input_file_ref idref="fl-5"/>
      </object_component>
      <object_component id="oc-11e">
         <name>.bss:g_oEsp8266</name>
         <uninitialized>true</uninitialized>
         <run_address>0x20000400</run_address>
         <size>0x198</size>
         <input_file_ref idref="fl-5"/>
      </object_component>
      <object_component id="oc-12a">
         <name>.bss:g_zInput</name>
         <uninitialized>true</uninitialized>
         <run_address>0x200006c4</run_address>
         <size>0x80</size>
         <input_file_ref idref="fl-5"/>
      </object_component>
      <object_component id="oc-3b7">
         <name>.bss:g_ppcArgv</name>
         <uninitialized>true</uninitialized>
         <run_address>0x20000744</run_address>
         <size>0x24</size>
         <input_file_ref idref="fl-149"/>
      </object_component>
      <object_component id="oc-1b7">
         <name>.bss:g_pcUARTTxBuffer</name>
         <uninitialized>true</uninitialized>
         <run_address>0x20000000</run_address>
         <size>0x400</size>
         <input_file_ref idref="fl-14a"/>
      </object_component>
      <object_component id="oc-1ba">
         <name>.bss:g_pcUARTRxBuffer</name>
         <uninitialized>true</uninitialized>
         <run_address>0x20000644</run_address>
         <size>0x80</size>
         <input_file_ref idref="fl-14a"/>
      </object_component>
      <object_component id="oc-12d">
         <name>.common:__dso_handle</name>
         <uninitialized>true</uninitialized>
         <run_address>0x2000076c</run_address>
         <size>0x4</size>
      </object_component>
      <object_component id="oc-59f">
         <name>.common:_ZSt16__dummy_typeinfo</name>
         <uninitialized>true</uninitialized>
         <run_address>0x20000768</run_address>
         <size>0x4</size>
      </object_component>
      <object_component id="oc-1e0">
         <name>.common:g_bDisableEcho</name>
         <uninitialized>true</uninitialized>
         <run_address>0x20000774</run_address>
         <size>0x1</size>
      </object_component>
      <object_component id="oc-1b3">
         <name>.common:g_ui32PortNum</name>
         <uninitialized>true</uninitialized>
         <run_address>0x20000770</run_address>
         <size>0x4</size>
      </object_component>
      <object_component id="oc-1f9">
         <name>.data</name>
         <load_address>0x20000b34</load_address>
         <run_address>0x20000b34</run_address>
         <size>0x4</size>
         <input_file_ref idref="fl-4"/>
      </object_component>
      <object_component id="oc-127">
         <name>.data:g_psCmdTable</name>
         <load_address>0x20000978</load_address>
         <run_address>0x20000978</run_address>
         <size>0x90</size>
         <input_file_ref idref="fl-5"/>
      </object_component>
      <object_component id="oc-11c">
         <name>.data</name>
         <load_address>0x20000aed</load_address>
         <run_address>0x20000aed</run_address>
         <size>0x1</size>
         <input_file_ref idref="fl-5"/>
      </object_component>
      <object_component id="oc-3c5">
         <name>.data</name>
         <load_address>0x20000b38</load_address>
         <run_address>0x20000b38</run_address>
         <size>0x4</size>
         <input_file_ref idref="fl-134"/>
      </object_component>
      <object_component id="oc-353">
         <name>.data</name>
         <load_address>0x20000b24</load_address>
         <run_address>0x20000b24</run_address>
         <size>0x8</size>
         <input_file_ref idref="fl-135"/>
      </object_component>
      <object_component id="oc-52c">
         <name>.data</name>
         <load_address>0x20000b10</load_address>
         <run_address>0x20000b10</run_address>
         <size>0xc</size>
         <input_file_ref idref="fl-138"/>
      </object_component>
      <object_component id="oc-9e">
         <name>.data</name>
         <load_address>0x20000b3c</load_address>
         <run_address>0x20000b3c</run_address>
         <size>0x4</size>
         <input_file_ref idref="fl-13b"/>
      </object_component>
      <object_component id="oc-350">
         <name>.data</name>
         <load_address>0x20000b1c</load_address>
         <run_address>0x20000b1c</run_address>
         <size>0x8</size>
         <input_file_ref idref="fl-141"/>
      </object_component>
      <object_component id="oc-2c4">
         <name>.data</name>
         <load_address>0x20000af0</load_address>
         <run_address>0x20000af0</run_address>
         <size>0x10</size>
         <input_file_ref idref="fl-145"/>
      </object_component>
      <object_component id="oc-316">
         <name>.data</name>
         <load_address>0x20000b2c</load_address>
         <run_address>0x20000b2c</run_address>
         <size>0x4</size>
         <input_file_ref idref="fl-146"/>
      </object_component>
      <object_component id="oc-167">
         <name>.data</name>
         <load_address>0x20000b30</load_address>
         <run_address>0x20000b30</run_address>
         <size>0x4</size>
         <input_file_ref idref="fl-147"/>
      </object_component>
      <object_component id="oc-23c">
         <name>.data</name>
         <load_address>0x20000b00</load_address>
         <run_address>0x20000b00</run_address>
         <size>0x10</size>
         <input_file_ref idref="fl-148"/>
      </object_component>
      <object_component id="oc-24a">
         <name>.data:_ZN4aeo118SSI0_SpecificationE</name>
         <load_address>0x20000a08</load_address>
         <run_address>0x20000a08</run_address>
         <size>0x34</size>
         <input_file_ref idref="fl-148"/>
      </object_component>
      <object_component id="oc-24d">
         <name>.data:_ZN4aeo118SSI1_SpecificationE</name>
         <load_address>0x20000a3c</load_address>
         <run_address>0x20000a3c</run_address>
         <size>0x34</size>
         <input_file_ref idref="fl-148"/>
      </object_component>
      <object_component id="oc-250">
         <name>.data:_ZN4aeo118SSI2_SpecificationE</name>
         <load_address>0x20000a70</load_address>
         <run_address>0x20000a70</run_address>
         <size>0x34</size>
         <input_file_ref idref="fl-148"/>
      </object_component>
      <object_component id="oc-253">
         <name>.data:_ZN4aeo118SSI3_SpecificationE</name>
         <load_address>0x20000aa4</load_address>
         <run_address>0x20000aa4</run_address>
         <size>0x34</size>
         <input_file_ref idref="fl-148"/>
      </object_component>
      <object_component id="oc-1ad">
         <name>.data</name>
         <load_address>0x20000ad8</load_address>
         <run_address>0x20000ad8</run_address>
         <size>0x15</size>
         <input_file_ref idref="fl-14a"/>
      </object_component>
      <object_component id="oc-383">
         <name>.data</name>
         <load_address>0x20000b40</load_address>
         <run_address>0x20000b40</run_address>
         <size>0x4</size>
         <input_file_ref idref="fl-14b"/>
      </object_component>
      <object_component id="oc-37b">
         <name>.debug_info</name>
         <load_address>0x0</load_address>
         <run_address>0x0</run_address>
         <size>0xc1d</size>
         <input_file_ref idref="fl-2"/>
      </object_component>
      <object_component id="oc-368">
         <name>.debug_info</name>
         <load_address>0xc1d</load_address>
         <run_address>0xc1d</run_address>
         <size>0xfa</size>
         <input_file_ref idref="fl-2"/>
      </object_component>
      <object_component id="oc-4e9">
         <name>.debug_info</name>
         <load_address>0xd17</load_address>
         <run_address>0xd17</run_address>
         <size>0xec</size>
         <input_file_ref idref="fl-2"/>
      </object_component>
      <object_component id="oc-575">
         <name>.debug_info</name>
         <load_address>0xe03</load_address>
         <run_address>0xe03</run_address>
         <size>0xf1</size>
         <input_file_ref idref="fl-2"/>
      </object_component>
      <object_component id="oc-373">
         <name>.debug_info</name>
         <load_address>0xef4</load_address>
         <run_address>0xef4</run_address>
         <size>0xcc</size>
         <input_file_ref idref="fl-2"/>
      </object_component>
      <object_component id="oc-a8">
         <name>.debug_info</name>
         <load_address>0xfc0</load_address>
         <run_address>0xfc0</run_address>
         <size>0x1426</size>
         <input_file_ref idref="fl-2"/>
      </object_component>
      <object_component id="oc-271">
         <name>.debug_info</name>
         <load_address>0x23e6</load_address>
         <run_address>0x23e6</run_address>
         <size>0x3b4</size>
         <input_file_ref idref="fl-2"/>
      </object_component>
      <object_component id="oc-4fd">
         <name>.debug_info</name>
         <load_address>0x279a</load_address>
         <run_address>0x279a</run_address>
         <size>0x18f</size>
         <input_file_ref idref="fl-2"/>
      </object_component>
      <object_component id="oc-321">
         <name>.debug_info</name>
         <load_address>0x2929</load_address>
         <run_address>0x2929</run_address>
         <size>0x253</size>
         <input_file_ref idref="fl-2"/>
      </object_component>
      <object_component id="oc-504">
         <name>.debug_info</name>
         <load_address>0x2b7c</load_address>
         <run_address>0x2b7c</run_address>
         <size>0x55</size>
         <input_file_ref idref="fl-2"/>
      </object_component>
      <object_component id="oc-3f0">
         <name>.debug_info</name>
         <load_address>0x2bd1</load_address>
         <run_address>0x2bd1</run_address>
         <size>0x165</size>
         <input_file_ref idref="fl-2"/>
      </object_component>
      <object_component id="oc-131">
         <name>.debug_info</name>
         <load_address>0x2d36</load_address>
         <run_address>0x2d36</run_address>
         <size>0x8b</size>
         <input_file_ref idref="fl-2"/>
      </object_component>
      <object_component id="oc-4f6">
         <name>.debug_info</name>
         <load_address>0x2dc1</load_address>
         <run_address>0x2dc1</run_address>
         <size>0x2c</size>
         <input_file_ref idref="fl-2"/>
      </object_component>
      <object_component id="oc-138">
         <name>.debug_info</name>
         <load_address>0x2ded</load_address>
         <run_address>0x2ded</run_address>
         <size>0x18b</size>
         <input_file_ref idref="fl-2"/>
      </object_component>
      <object_component id="oc-427">
         <name>.debug_info</name>
         <load_address>0x2f78</load_address>
         <run_address>0x2f78</run_address>
         <size>0x2c</size>
         <input_file_ref idref="fl-2"/>
      </object_component>
      <object_component id="oc-1e2">
         <name>.debug_info</name>
         <load_address>0x2fa4</load_address>
         <run_address>0x2fa4</run_address>
         <size>0x67</size>
         <input_file_ref idref="fl-2"/>
      </object_component>
      <object_component id="oc-376">
         <name>.debug_info</name>
         <load_address>0x300b</load_address>
         <run_address>0x300b</run_address>
         <size>0x17e</size>
         <input_file_ref idref="fl-2"/>
      </object_component>
      <object_component id="oc-4f4">
         <name>.debug_info</name>
         <load_address>0x3189</load_address>
         <run_address>0x3189</run_address>
         <size>0x15b</size>
         <input_file_ref idref="fl-3"/>
      </object_component>
      <object_component id="oc-4f1">
         <name>.debug_info</name>
         <load_address>0x32e4</load_address>
         <run_address>0x32e4</run_address>
         <size>0xe4</size>
         <input_file_ref idref="fl-3"/>
      </object_component>
      <object_component id="oc-4ee">
         <name>.debug_info</name>
         <load_address>0x33c8</load_address>
         <run_address>0x33c8</run_address>
         <size>0xd6</size>
         <input_file_ref idref="fl-3"/>
      </object_component>
      <object_component id="oc-36e">
         <name>.debug_info</name>
         <load_address>0x349e</load_address>
         <run_address>0x349e</run_address>
         <size>0x429</size>
         <input_file_ref idref="fl-3"/>
      </object_component>
      <object_component id="oc-580">
         <name>.debug_info</name>
         <load_address>0x38c7</load_address>
         <run_address>0x38c7</run_address>
         <size>0xaa</size>
         <input_file_ref idref="fl-3"/>
      </object_component>
      <object_component id="oc-210">
         <name>.debug_info</name>
         <load_address>0x3971</load_address>
         <run_address>0x3971</run_address>
         <size>0x9b3</size>
         <input_file_ref idref="fl-4"/>
      </object_component>
      <object_component id="oc-1fd">
         <name>.debug_info</name>
         <load_address>0x4324</load_address>
         <run_address>0x4324</run_address>
         <size>0xfa</size>
         <input_file_ref idref="fl-4"/>
      </object_component>
      <object_component id="oc-460">
         <name>.debug_info</name>
         <load_address>0x441e</load_address>
         <run_address>0x441e</run_address>
         <size>0xec</size>
         <input_file_ref idref="fl-4"/>
      </object_component>
      <object_component id="oc-54f">
         <name>.debug_info</name>
         <load_address>0x450a</load_address>
         <run_address>0x450a</run_address>
         <size>0xf1</size>
         <input_file_ref idref="fl-4"/>
      </object_component>
      <object_component id="oc-202">
         <name>.debug_info</name>
         <load_address>0x45fb</load_address>
         <run_address>0x45fb</run_address>
         <size>0xe7</size>
         <input_file_ref idref="fl-4"/>
      </object_component>
      <object_component id="oc-1fa">
         <name>.debug_info</name>
         <load_address>0x46e2</load_address>
         <run_address>0x46e2</run_address>
         <size>0xf9</size>
         <input_file_ref idref="fl-4"/>
      </object_component>
      <object_component id="oc-49">
         <name>.debug_info</name>
         <load_address>0x47db</load_address>
         <run_address>0x47db</run_address>
         <size>0x1442</size>
         <input_file_ref idref="fl-4"/>
      </object_component>
      <object_component id="oc-20b">
         <name>.debug_info</name>
         <load_address>0x5c1d</load_address>
         <run_address>0x5c1d</run_address>
         <size>0x24d</size>
         <input_file_ref idref="fl-4"/>
      </object_component>
      <object_component id="oc-46b">
         <name>.debug_info</name>
         <load_address>0x5e6a</load_address>
         <run_address>0x5e6a</run_address>
         <size>0xb6</size>
         <input_file_ref idref="fl-4"/>
      </object_component>
      <object_component id="oc-470">
         <name>.debug_info</name>
         <load_address>0x5f20</load_address>
         <run_address>0x5f20</run_address>
         <size>0xe5</size>
         <input_file_ref idref="fl-4"/>
      </object_component>
      <object_component id="oc-475">
         <name>.debug_info</name>
         <load_address>0x6005</load_address>
         <run_address>0x6005</run_address>
         <size>0x14d</size>
         <input_file_ref idref="fl-4"/>
      </object_component>
      <object_component id="oc-136">
         <name>.debug_info</name>
         <load_address>0x6152</load_address>
         <run_address>0x6152</run_address>
         <size>0xddc</size>
         <input_file_ref idref="fl-5"/>
      </object_component>
      <object_component id="oc-114">
         <name>.debug_info</name>
         <load_address>0x6f2e</load_address>
         <run_address>0x6f2e</run_address>
         <size>0xd0</size>
         <input_file_ref idref="fl-5"/>
      </object_component>
      <object_component id="oc-11f">
         <name>.debug_info</name>
         <load_address>0x6ffe</load_address>
         <run_address>0x6ffe</run_address>
         <size>0xd0</size>
         <input_file_ref idref="fl-5"/>
      </object_component>
      <object_component id="oc-12b">
         <name>.debug_info</name>
         <load_address>0x70ce</load_address>
         <run_address>0x70ce</run_address>
         <size>0xcb</size>
         <input_file_ref idref="fl-5"/>
      </object_component>
      <object_component id="oc-128">
         <name>.debug_info</name>
         <load_address>0x7199</load_address>
         <run_address>0x7199</run_address>
         <size>0xd4</size>
         <input_file_ref idref="fl-5"/>
      </object_component>
      <object_component id="oc-35">
         <name>.debug_info</name>
         <load_address>0x726d</load_address>
         <run_address>0x726d</run_address>
         <size>0x124b</size>
         <input_file_ref idref="fl-5"/>
      </object_component>
      <object_component id="oc-172">
         <name>.debug_info</name>
         <load_address>0x84b8</load_address>
         <run_address>0x84b8</run_address>
         <size>0x18f</size>
         <input_file_ref idref="fl-5"/>
      </object_component>
      <object_component id="oc-3e1">
         <name>.debug_info</name>
         <load_address>0x8647</load_address>
         <run_address>0x8647</run_address>
         <size>0x17a</size>
         <input_file_ref idref="fl-5"/>
      </object_component>
      <object_component id="oc-3e6">
         <name>.debug_info</name>
         <load_address>0x87c1</load_address>
         <run_address>0x87c1</run_address>
         <size>0x198</size>
         <input_file_ref idref="fl-5"/>
      </object_component>
      <object_component id="oc-3eb">
         <name>.debug_info</name>
         <load_address>0x8959</load_address>
         <run_address>0x8959</run_address>
         <size>0xbd</size>
         <input_file_ref idref="fl-5"/>
      </object_component>
      <object_component id="oc-3f5">
         <name>.debug_info</name>
         <load_address>0x8a16</load_address>
         <run_address>0x8a16</run_address>
         <size>0x1cf</size>
         <input_file_ref idref="fl-5"/>
      </object_component>
      <object_component id="oc-3fa">
         <name>.debug_info</name>
         <load_address>0x8be5</load_address>
         <run_address>0x8be5</run_address>
         <size>0x162</size>
         <input_file_ref idref="fl-5"/>
      </object_component>
      <object_component id="oc-3ff">
         <name>.debug_info</name>
         <load_address>0x8d47</load_address>
         <run_address>0x8d47</run_address>
         <size>0x9c</size>
         <input_file_ref idref="fl-5"/>
      </object_component>
      <object_component id="oc-3b2">
         <name>.debug_info</name>
         <load_address>0x8de3</load_address>
         <run_address>0x8de3</run_address>
         <size>0x17e</size>
         <input_file_ref idref="fl-5"/>
      </object_component>
      <object_component id="oc-60">
         <name>.debug_info</name>
         <load_address>0x8f61</load_address>
         <run_address>0x8f61</run_address>
         <size>0x2c7</size>
         <input_file_ref idref="fl-6"/>
      </object_component>
      <object_component id="oc-10">
         <name>.debug_info</name>
         <load_address>0x9228</load_address>
         <run_address>0x9228</run_address>
         <size>0xe6</size>
         <input_file_ref idref="fl-6"/>
      </object_component>
      <object_component id="oc-32">
         <name>.debug_info</name>
         <load_address>0x930e</load_address>
         <run_address>0x930e</run_address>
         <size>0x283</size>
         <input_file_ref idref="fl-6"/>
      </object_component>
      <object_component id="oc-328">
         <name>.debug_info</name>
         <load_address>0x9591</load_address>
         <run_address>0x9591</run_address>
         <size>0x84</size>
         <input_file_ref idref="fl-6"/>
      </object_component>
      <object_component id="oc-32d">
         <name>.debug_info</name>
         <load_address>0x9615</load_address>
         <run_address>0x9615</run_address>
         <size>0x18b</size>
         <input_file_ref idref="fl-6"/>
      </object_component>
      <object_component id="oc-25">
         <name>.debug_info</name>
         <load_address>0x97a0</load_address>
         <run_address>0x97a0</run_address>
         <size>0x134</size>
         <input_file_ref idref="fl-12f"/>
      </object_component>
      <object_component id="oc-6c">
         <name>.debug_info</name>
         <load_address>0x98d4</load_address>
         <run_address>0x98d4</run_address>
         <size>0x121</size>
[...]
      </symbol>
      <symbol id="sm-80b">
         <name>_ZN4aeo118SSI3_SpecificationE</name>
         <value>0x20000aa4</value>
         <object_component_ref idref="oc-253"/>
      </symbol>
      <symbol id="sm-80c">
         <name>_ZN4aeo114ssi_peripheral3GetEv</name>
         <value>0x2207</value>
         <object_component_ref idref="oc-4c"/>
      </symbol>
      <symbol id="sm-80d">
         <name>_ZN4aeo114ssi_peripheralD1Ev</name>
         <value>0x1ef7</value>
         <object_component_ref idref="oc-4c"/>
      </symbol>
      <symbol id="sm-80e">
         <name>_ZN4aeo118SSI0_SpecificationE</name>
         <value>0x20000a08</value>
         <object_component_ref idref="oc-24a"/>
      </symbol>
      <symbol id="sm-80f">
         <name>_ZN4aeo114ssi_peripheral4DiagEv</name>
         <value>0x2109</value>
         <object_component_ref idref="oc-4c"/>
      </symbol>
      <symbol id="sm-810">
         <name>_ZN4aeo118SSI1_SpecificationE</name>
         <value>0x20000a3c</value>
         <object_component_ref idref="oc-24d"/>
      </symbol>
      <symbol id="sm-811">
         <name>_ZN4aeo114ssi_peripheralD2Ev</name>
         <value>0x1ef7</value>
         <object_component_ref idref="oc-4c"/>
      </symbol>
      <symbol id="sm-812">
         <name>_ZN4aeo114ssi_peripheralC1ENS0_9device_idEjb</name>
         <value>0x1e55</value>
         <object_component_ref idref="oc-4c"/>
      </symbol>
      <symbol id="sm-813">
         <name>_ZN4aeo114ssi_peripheral11OnInterruptEv</name>
         <value>0x2069</value>
         <object_component_ref idref="oc-4c"/>
      </symbol>
      <symbol id="sm-814">
         <name>OnSSI3Interrupt</name>
         <value>0x1e3b</value>
         <object_component_ref idref="oc-4c"/>
      </symbol>
      <symbol id="sm-815">
         <name>OnSSI1Interrupt</name>
         <value>0x1e07</value>
         <object_component_ref idref="oc-4c"/>
      </symbol>
      <symbol id="sm-816">
         <name>_ZN4aeo114ssi_peripheral12UnloadRxFIFOEv</name>
         <value>0x2255</value>
         <object_component_ref idref="oc-4c"/>
      </symbol>
      <symbol id="sm-837">
         <name>CmdLineProcess</name>
         <value>0x3dd1</value>
         <object_component_ref idref="oc-116"/>
      </symbol>
      <symbol id="sm-8f3">
         <name>UARTTxBytesFree</name>
         <value>0x1505</value>
         <object_component_ref idref="oc-40"/>
      </symbol>
      <symbol id="sm-8f4">
         <name>UARTFlushRx</name>
         <value>0x1573</value>
         <object_component_ref idref="oc-40"/>
      </symbol>
      <symbol id="sm-8f5">
         <name>UARTgetc</name>
         <value>0x117f</value>
         <object_component_ref idref="oc-40"/>
      </symbol>
      <symbol id="sm-8f6">
         <name>UARTgets</name>
         <value>0x1103</value>
         <object_component_ref idref="oc-40"/>
      </symbol>
      <symbol id="sm-8f7">
         <name>UARTFlushTx</name>
         <value>0x1593</value>
         <object_component_ref idref="oc-40"/>
      </symbol>
      <symbol id="sm-8f8">
         <name>UARTStdioConfig</name>
         <value>0xfdd</value>
         <object_component_ref idref="oc-40"/>
      </symbol>
      <symbol id="sm-8f9">
         <name>UARTStdioIntHandler</name>
         <value>0x15f5</value>
         <object_component_ref idref="oc-40"/>
      </symbol>
      <symbol id="sm-8fa">
         <name>UARTRxBytesAvail</name>
         <value>0x14f7</value>
         <object_component_ref idref="oc-40"/>
      </symbol>
      <symbol id="sm-8fb">
         <name>UARTwrite</name>
         <value>0x1063</value>
         <object_component_ref idref="oc-40"/>
      </symbol>
      <symbol id="sm-8fc">
         <name>UARTPeek</name>
         <value>0x1519</value>
         <object_component_ref idref="oc-40"/>
      </symbol>
      <symbol id="sm-8fd">
         <name>UARTEchoSet</name>
         <value>0x15c9</value>
         <object_component_ref idref="oc-40"/>
      </symbol>
      <symbol id="sm-8fe">
         <name>UARTprintf</name>
         <value>0x14d3</value>
         <object_component_ref idref="oc-40"/>
      </symbol>
      <symbol id="sm-8ff">
         <name>UARTvprintf</name>
         <value>0x11d9</value>
         <object_component_ref idref="oc-40"/>
      </symbol>
      <symbol id="sm-9e0">
         <name>uvsnprintf</name>
         <value>0x2c5</value>
         <object_component_ref idref="oc-ad"/>
      </symbol>
      <symbol id="sm-9e1">
         <name>ustrncasecmp</name>
         <value>0xd8d</value>
         <object_component_ref idref="oc-ad"/>
      </symbol>
      <symbol id="sm-9e2">
         <name>ustrncpy</name>
         <value>0x26d</value>
         <object_component_ref idref="oc-ad"/>
      </symbol>
      <symbol id="sm-9e3">
         <name>ustrlen</name>
         <value>0xd35</value>
         <object_component_ref idref="oc-ad"/>
      </symbol>
      <symbol id="sm-9e4">
         <name>ulocaltime</name>
         <value>0x751</value>
         <object_component_ref idref="oc-ad"/>
      </symbol>
      <symbol id="sm-9e5">
         <name>ustrtof</name>
         <value>0xafd</value>
         <object_component_ref idref="oc-ad"/>
      </symbol>
      <symbol id="sm-9e6">
         <name>ustrstr</name>
         <value>0xd57</value>
         <object_component_ref idref="oc-ad"/>
      </symbol>
      <symbol id="sm-9e7">
         <name>ustrcmp</name>
         <value>0xea5</value>
         <object_component_ref idref="oc-ad"/>
      </symbol>
      <symbol id="sm-9e8">
         <name>usprintf</name>
         <value>0x6ef</value>
         <object_component_ref idref="oc-ad"/>
      </symbol>
      <symbol id="sm-9e9">
         <name>usnprintf</name>
         <value>0x721</value>
         <object_component_ref idref="oc-ad"/>
      </symbol>
      <symbol id="sm-9ea">
         <name>ustrtoul</name>
         <value>0x9c5</value>
         <object_component_ref idref="oc-ad"/>
      </symbol>
      <symbol id="sm-9eb">
         <name>ustrcasecmp</name>
         <value>0xe31</value>
         <object_component_ref idref="oc-ad"/>
      </symbol>
      <symbol id="sm-9ec">
         <name>umktime</name>
         <value>0x94f</value>
         <object_component_ref idref="oc-ad"/>
      </symbol>
      <symbol id="sm-9ed">
         <name>usrand</name>
         <value>0xeb9</value>
         <object_component_ref idref="oc-ad"/>
      </symbol>
      <symbol id="sm-9ee">
         <name>ustrncmp</name>
         <value>0xe45</value>
         <object_component_ref idref="oc-ad"/>
      </symbol>
      <symbol id="sm-9ef">
         <name>urand</name>
         <value>0xec9</value>
         <object_component_ref idref="oc-ad"/>
      </symbol>
      <symbol id="sm-a5e">
         <name>ADCProcessorTrigger</name>
         <value>0x461d</value>
         <object_component_ref idref="oc-2be"/>
      </symbol>
      <symbol id="sm-a5f">
         <name>ADCSequenceEnable</name>
         <value>0x482b</value>
         <object_component_ref idref="oc-294"/>
      </symbol>
      <symbol id="sm-a60">
         <name>ADCIntDisable</name>
         <value>0x480f</value>
         <object_component_ref idref="oc-2a6"/>
      </symbol>
      <symbol id="sm-a61">
         <name>ADCSequenceConfigure</name>
         <value>0x4411</value>
         <object_component_ref idref="oc-288"/>
      </symbol>
      <symbol id="sm-a62">
         <name>ADCIntEnable</name>
         <value>0x479f</value>
         <object_component_ref idref="oc-29a"/>
      </symbol>
      <symbol id="sm-a63">
         <name>ADCSequenceStepConfigure</name>
         <value>0x3f19</value>
         <object_component_ref idref="oc-28e"/>
      </symbol>
      <symbol id="sm-a64">
         <name>ADCIntClear</name>
         <value>0x48fb</value>
         <object_component_ref idref="oc-2b2"/>
      </symbol>
      <symbol id="sm-a65">
         <name>ADCHardwareOversampleConfigure</name>
         <value>0x4801</value>
         <object_component_ref idref="oc-282"/>
      </symbol>
      <symbol id="sm-a66">
         <name>ADCIntStatus</name>
         <value>0x452d</value>
         <object_component_ref idref="oc-2ac"/>
      </symbol>
      <symbol id="sm-a67">
         <name>ADCSequenceDisable</name>
         <value>0x481d</value>
         <object_component_ref idref="oc-2a0"/>
      </symbol>
      <symbol id="sm-a68">
         <name>ADCClockConfigSet</name>
         <value>0x4605</value>
         <object_component_ref idref="oc-27c"/>
      </symbol>
      <symbol id="sm-a69">
         <name>ADCSequenceDataGet</name>
         <value>0x45c9</value>
         <object_component_ref idref="oc-2b8"/>
      </symbol>
      <symbol id="sm-a7f">
         <name>FPUStackingEnable</name>
         <value>0x4695</value>
         <object_component_ref idref="oc-dd"/>
      </symbol>
      <symbol id="sm-a80">
         <name>FPUEnable</name>
         <value>0x47b1</value>
         <object_component_ref idref="oc-d7"/>
      </symbol>
      <symbol id="sm-afa">
         <name>GPIOPinTypePWM</name>
         <value>0x4745</value>
         <object_component_ref idref="oc-2e0"/>
      </symbol>
      <symbol id="sm-afb">
         <name>GPIOPinConfigure</name>
         <value>0x42fd</value>
         <object_component_ref idref="oc-b9"/>
      </symbol>
      <symbol id="sm-afc">
         <name>GPIOIntDisable</name>
         <value>0x4839</value>
         <object_component_ref idref="oc-13d"/>
      </symbol>
      <symbol id="sm-afd">
         <name>GPIOIntEnable</name>
         <value>0x48b3</value>
         <object_component_ref idref="oc-15b"/>
      </symbol>
      <symbol id="sm-afe">
         <name>GPIOIntTypeSet</name>
         <value>0x41b5</value>
         <object_component_ref idref="oc-155"/>
      </symbol>
      <symbol id="sm-aff">
         <name>GPIOPinTypeADC</name>
         <value>0x4721</value>
         <object_component_ref idref="oc-276"/>
      </symbol>
      <symbol id="sm-b00">
         <name>GPIOPinTypeGPIOInput</name>
         <value>0x4733</value>
         <object_component_ref idref="oc-14f"/>
      </symbol>
      <symbol id="sm-b01">
         <name>GPIOPinTypeUART</name>
         <value>0x4769</value>
         <object_component_ref idref="oc-bf"/>
      </symbol>
      <symbol id="sm-b02">
         <name>GPIOPinTypeGPIOOutput</name>
         <value>0x4635</value>
         <object_component_ref idref="oc-cb"/>
      </symbol>
      <symbol id="sm-b03">
         <name>GPIODirModeSet</name>
         <value>0x455b</value>
         <object_component_ref idref="oc-1e7"/>
      </symbol>
      <symbol id="sm-b04">
         <name>GPIOPinWrite</name>
         <value>0x4989</value>
         <object_component_ref idref="oc-d1"/>
      </symbol>
      <symbol id="sm-b05">
         <name>GPIOPadConfigSet</name>
         <value>0x37c9</value>
         <object_component_ref idref="oc-149"/>
      </symbol>
      <symbol id="sm-b06">
         <name>GPIOPinTypeSSI</name>
         <value>0x4757</value>
         <object_component_ref idref="oc-212"/>
      </symbol>
      <symbol id="sm-b52">
         <name>IntEnable</name>
         <value>0x414d</value>
         <object_component_ref idref="oc-161"/>
      </symbol>
      <symbol id="sm-b53">
         <name>IntDisable</name>
         <value>0x40e5</value>
         <object_component_ref idref="oc-177"/>
      </symbol>
      <symbol id="sm-b54">
         <name>IntMasterDisable</name>
         <value>0x47c1</value>
         <object_component_ref idref="oc-1c2"/>
      </symbol>
      <symbol id="sm-b55">
         <name>IntMasterEnable</name>
         <value>0x47d1</value>
         <object_component_ref idref="oc-101"/>
      </symbol>
      <symbol id="sm-ba2">
         <name>PWMGenPeriodSet</name>
         <value>0x47e1</value>
         <object_component_ref idref="oc-2ec"/>
      </symbol>
      <symbol id="sm-ba3">
         <name>PWMGenIntTrigEnable</name>
         <value>0x4905</value>
         <object_component_ref idref="oc-2fe"/>
      </symbol>
      <symbol id="sm-ba4">
         <name>PWMGenDisable</name>
         <value>0x48bf</value>
         <object_component_ref idref="oc-310"/>
      </symbol>
      <symbol id="sm-ba5">
         <name>PWMPulseWidthSet</name>
         <value>0x45e7</value>
         <object_component_ref idref="oc-2f2"/>
      </symbol>
      <symbol id="sm-ba6">
         <name>PWMGenIntClear</name>
         <value>0x498f</value>
         <object_component_ref idref="oc-2d4"/>
      </symbol>
      <symbol id="sm-ba7">
         <name>PWMOutputState</name>
         <value>0x477b</value>
         <object_component_ref idref="oc-304"/>
      </symbol>
      <symbol id="sm-ba8">
         <name>PWMGenEnable</name>
         <value>0x48cb</value>
         <object_component_ref idref="oc-30a"/>
      </symbol>
      <symbol id="sm-ba9">
         <name>PWMIntEnable</name>
         <value>0x4969</value>
         <object_component_ref idref="oc-2f8"/>
      </symbol>
      <symbol id="sm-baa">
         <name>PWMGenConfigure</name>
         <value>0x4585</value>
         <object_component_ref idref="oc-2e6"/>
      </symbol>
      <symbol id="sm-c0b">
         <name>SSIDataPut</name>
         <value>0x490f</value>
         <object_component_ref idref="oc-25c"/>
      </symbol>
      <symbol id="sm-c0c">
         <name>SSIDataGet</name>
         <value>0x48d7</value>
         <object_component_ref idref="oc-262"/>
      </symbol>
      <symbol id="sm-c0d">
         <name>SSIIntDisable</name>
         <value>0x492d</value>
         <object_component_ref idref="oc-22a"/>
      </symbol>
      <symbol id="sm-c0e">
         <name>SSIDataGetNonBlocking</name>
         <value>0x478d</value>
         <object_component_ref idref="oc-224"/>
      </symbol>
      <symbol id="sm-c0f">
         <name>SSIIntClear</name>
         <value>0x49ad</value>
         <object_component_ref idref="oc-230"/>
      </symbol>
      <symbol id="sm-c10">
         <name>SSIDataPutNonBlocking</name>
         <value>0x4847</value>
         <object_component_ref idref="oc-268"/>
      </symbol>
      <symbol id="sm-c11">
         <name>SSIIntStatus</name>
         <value>0x4937</value>
         <object_component_ref idref="oc-23f"/>
      </symbol>
      <symbol id="sm-c12">
         <name>SSIConfigSetExpClk</name>
         <value>0x444f</value>
         <object_component_ref idref="oc-218"/>
      </symbol>
      <symbol id="sm-c13">
         <name>SSIIntEnable</name>
         <value>0x4971</value>
         <object_component_ref idref="oc-236"/>
      </symbol>
      <symbol id="sm-c14">
         <name>SSIEnable</name>
         <value>0x4923</value>
         <object_component_ref idref="oc-21e"/>
      </symbol>
      <symbol id="sm-c15">
         <name>SSIDisable</name>
         <value>0x4919</value>
         <object_component_ref idref="oc-256"/>
      </symbol>
      <symbol id="sm-c7c">
         <name>SysCtlPeripheralPresent</name>
         <value>0x448d</value>
         <object_component_ref idref="oc-189"/>
      </symbol>
      <symbol id="sm-c7d">
         <name>SysCtlClockSet</name>
         <value>0x3b2d</value>
         <object_component_ref idref="oc-e3"/>
      </symbol>
      <symbol id="sm-c7e">
         <name>SysCtlDelay</name>
         <value>0x4995</value>
         <object_component_ref idref="oc-11d"/>
      </symbol>
      <symbol id="sm-c7f">
         <name>SysCtlPeripheralEnable</name>
         <value>0x44c5</value>
         <object_component_ref idref="oc-b3"/>
      </symbol>
      <symbol id="sm-c80">
         <name>SysCtlClockGet</name>
         <value>0x3a1d</value>
         <object_component_ref idref="oc-e9"/>
      </symbol>
      <symbol id="sm-c81">
         <name>SysCtlPWMClockSet</name>
         <value>0x46a9</value>
         <object_component_ref idref="oc-2da"/>
      </symbol>
      <symbol id="sm-ca4">
         <name>SysTickEnable</name>
         <value>0x46bd</value>
         <object_component_ref idref="oc-f5"/>
      </symbol>
      <symbol id="sm-ca5">
         <name>SysTickIntEnable</name>
         <value>0x46d1</value>
         <object_component_ref idref="oc-fb"/>
      </symbol>
      <symbol id="sm-ca6">
         <name>SysTickPeriodSet</name>
         <value>0x47f1</value>
         <object_component_ref idref="oc-ef"/>
      </symbol>
      <symbol id="sm-d17">
         <name>UARTCharPutNonBlocking</name>
         <value>0x4863</value>
         <object_component_ref idref="oc-17d"/>
      </symbol>
      <symbol id="sm-d18">
         <name>UARTConfigSetExpClk</name>
         <value>0x4345</value>
         <object_component_ref idref="oc-18f"/>
      </symbol>
      <symbol id="sm-d19">
         <name>UARTDisable</name>
         <value>0x45a9</value>
         <object_component_ref idref="oc-430"/>
      </symbol>
      <symbol id="sm-d1a">
         <name>UARTIntEnable</name>
         <value>0x4979</value>
         <object_component_ref idref="oc-1a1"/>
      </symbol>
      <symbol id="sm-d1b">
         <name>UARTCharsAvail</name>
         <value>0x4871</value>
         <object_component_ref idref="oc-1da"/>
      </symbol>
      <symbol id="sm-d1c">
         <name>UARTCharGetNonBlocking</name>
         <value>0x4855</value>
         <object_component_ref idref="oc-1d4"/>
      </symbol>
      <symbol id="sm-d1d">
         <name>UARTClockSourceSet</name>
         <value>0x499b</value>
         <object_component_ref idref="oc-c5"/>
      </symbol>
      <symbol id="sm-d1e">
         <name>UARTIntDisable</name>
         <value>0x4941</value>
         <object_component_ref idref="oc-19b"/>
      </symbol>
      <symbol id="sm-d1f">
         <name>UARTEnable</name>
         <value>0x46e5</value>
         <object_component_ref idref="oc-1a7"/>
      </symbol>
      <symbol id="sm-d20">
         <name>UARTIntClear</name>
         <value>0x49b1</value>
         <object_component_ref idref="oc-1ce"/>
      </symbol>
      <symbol id="sm-d21">
         <name>UARTIntStatus</name>
         <value>0x494b</value>
         <object_component_ref idref="oc-1c8"/>
      </symbol>
      <symbol id="sm-d22">
         <name>UARTSpaceAvail</name>
         <value>0x487f</value>
         <object_component_ref idref="oc-183"/>
      </symbol>
      <symbol id="sm-d23">
         <name>UARTFIFOLevelSet</name>
         <value>0x49a1</value>
         <object_component_ref idref="oc-195"/>
      </symbol>
      <symbol id="sm-d35">
         <name>CPUcpsie</name>
         <value>0x48a7</value>
         <object_component_ref idref="oc-3a5"/>
      </symbol>
      <symbol id="sm-d36">
         <name>CPUcpsid</name>
         <value>0x489b</value>
         <object_component_ref idref="oc-44d"/>
      </symbol>
      <symbol id="sm-d48">
         <name>__aeabi_uidivmod</name>
         <value>0x43d1</value>
         <object_component_ref idref="oc-1bd"/>
      </symbol>
      <symbol id="sm-d49">
         <name>__aeabi_uidiv</name>
         <value>0x43d1</value>
         <object_component_ref idref="oc-1bd"/>
      </symbol>
      <symbol id="sm-d53">
         <name>__aeabi_idiv0</name>
         <value>0x38fb</value>
         <object_component_ref idref="oc-446"/>
      </symbol>
      <symbol id="sm-d54">
         <name>__TI_static_base__</name>
         <value>0x0</value>
      </symbol>
   </symbol_table>
   <title>Link successful</title>
</link_info>
