******************************************************************************
                  TI ARM Linker PC v5.2.6                      
******************************************************************************
>> Linked Tue Feb 09 13:19:53 2016

OUTPUT FILE NAME:   <solo_stepper.out>
ENTRY POINT SYMBOL: "_c_int00"  address: 000041bd


MEMORY CONFIGURATION

         name            origin    length      used     unused   attr    fill
----------------------  --------  ---------  --------  --------  ----  --------
  FLASH                 00000000   00040000  000059ac  0003a654  R  X
  SRAM                  20000000   00008000  00000b49  000074b7  RW X


SEGMENT ALLOCATION MAP

run origin  load origin   length   init length attrs members
----------  ----------- ---------- ----------- ----- -------
00000000    00000000    000059b0   000059b0    r-x
  00000000    00000000    0000026c   0000026c    r-- .intvecs
  0000026c    0000026c    000046a8   000046a8    r-x .text
  00004914    00004914    00000efc   00000efc    r-- .const
  00005810    00005810    00000004   00000004    r-- .init_array
  00005818    00005818    00000198   00000198    r-- .cinit
20000000    20000000    00000b50   00000000    rw-
  20000000    20000000    00000775   00000000    rw- .bss
  20000778    20000778    00000200   00000000    rw- .stack
  20000978    20000978    000001cc   00000000    rw- .data
  20000b48    20000b48    00000008   00000000    rw- .sysmem


SECTION ALLOCATION MAP

 output                                  attributes/
section   page    origin      length       input sections
--------  ----  ----------  ----------   ----------------
.intvecs   0    00000000    0000026c     
                  00000000    0000026c     tm4c123gh6pm_startup_ccs.obj (.intvecs)

.text      0    0000026c    000046a8     
                  0000026c    00000c84     tiva_utils.lib : ustdlib.obj (.text)
                  00000ef0    00000860                    : uartstdio.obj (.text)
                  00001750    00000640     esp8266.obj (.text)
                  00001d90    00000558     aeo1_drivers.lib : ssi_peripheral.obj (.text)
                  000022e8    000004c0     drv8711.obj (.text)
                  000027a8    000003dc     rtsv7M4_T_le_v4SPD16_eabi.lib : memory.obj (.text)
                  00002b84    000003cc     main.obj (.text)
                  00002f50    000002f8     aeo1_drivers.lib : pwm_stepper.obj (.text)
                  00003248    000002e8                      : ssi_drv8711.obj (.text)
                  00003530    000001f4                      : adc_potmeter.obj (.text)
                  00003724    00000132     driverlib.lib : gpio.obj (.text:GPIOPadConfigSet)
                  00003856    00000002     rtsv7M4_T_le_v4SPD16_eabi.lib : i_div0.obj (.text)
                  00003858    00000120     drv8711_registers.obj (.text)
                  00003978    00000110     driverlib.lib : sysctl.obj (.text:SysCtlClockGet)
                  00003a88    000000f4                   : sysctl.obj (.text:SysCtlClockSet)
                  00003b7c    000000f4     rtsv7M4_T_le_v4SPD16_eabi.lib : dtor_list.obj (.text)
                  00003c70    000000bc                                   : typeinfo_.obj (.text)
                  00003d2c    000000ac     tiva_utils.lib : cmdline.obj (.text)
                  00003dd8    0000009c     rtsv7M4_T_le_v4SPD16_eabi.lib : memcpy_t2.obj (.text)
                  00003e74    0000007a     driverlib.lib : adc.obj (.text:ADCSequenceStepConfigure)
                  00003eee    0000007a     rtsv7M4_T_le_v4SPD16_eabi.lib : memset_t2.obj (.text)
                  00003f68    0000006c                                   : autoinit.obj (.text)
                  00003fd4    0000006a                                   : copy_decompress_rle.obj (.text)
                  0000403e    00000002     --HOLE-- [fill = 0]
                  00004040    00000068     driverlib.lib : interrupt.obj (.text:IntDisable)
                  000040a8    00000068                   : interrupt.obj (.text:IntEnable)
                  00004110    00000056                   : gpio.obj (.text:GPIOIntTypeSet)
                  00004166    00000056     rtsv7M4_T_le_v4SPD16_eabi.lib : ltoa.obj (.text)
                  000041bc    00000050                                   : boot.obj (.text)
                  0000420c    0000004c                                   : cpy_tbl.obj (.text)
                  00004258    00000048     driverlib.lib : gpio.obj (.text:GPIOPinConfigure)
                  000042a0    00000046                   : uart.obj (.text:UARTConfigSetExpClk)
                  000042e6    00000002     --HOLE-- [fill = 0]
                  000042e8    00000044     rtsv7M4_T_le_v4SPD16_eabi.lib : exit.obj (.text)
                  0000432c    00000040                                   : u_divt2.obj (.text)
                  0000436c    0000003e     driverlib.lib : adc.obj (.text:ADCSequenceConfigure)
                  000043aa    0000003c                   : ssi.obj (.text:SSIConfigSetExpClk)
                  000043e6    00000002     --HOLE-- [fill = 0]
                  000043e8    00000038                   : sysctl.obj (.text:SysCtlPeripheralPresent)
                  00004420    00000034                   : sysctl.obj (.text:SysCtlPeripheralEnable)
                  00004454    00000034     rtsv7M4_T_le_v4SPD16_eabi.lib : strstr.obj (.text)
                  00004488    0000002e     driverlib.lib : adc.obj (.text:ADCIntStatus)
                  000044b6    0000002a                   : gpio.obj (.text:GPIODirModeSet)
                  000044e0    00000022                   : pwm.obj (.text:PWMGenConfigure)
                  00004502    00000002     --HOLE-- [fill = 0]
                  00004504    00000020                   : uart.obj (.text:UARTDisable)
                  00004524    0000001e                   : adc.obj (.text:ADCSequenceDataGet)
                  00004542    0000001e                   : pwm.obj (.text:PWMPulseWidthSet)
                  00004560    00000018                   : adc.obj (.text:ADCClockConfigSet)
                  00004578    00000018                   : adc.obj (.text:ADCProcessorTrigger)
                  00004590    00000018                   : gpio.obj (.text:GPIOPinTypeGPIOOutput)
                  000045a8    00000018     rtsv7M4_T_le_v4SPD16_eabi.lib : args_main.obj (.text)
                  000045c0    00000018                                   : strcmp.obj (.text)
                  000045d8    00000016                                   : strchr.obj (.text)
                  000045ee    00000002     --HOLE-- [fill = 0]
                  000045f0    00000014     driverlib.lib : fpu.obj (.text:FPUStackingEnable)
                  00004604    00000014                   : sysctl.obj (.text:SysCtlPWMClockSet)
                  00004618    00000014                   : systick.obj (.text:SysTickEnable)
                  0000462c    00000014                   : systick.obj (.text:SysTickIntEnable)
                  00004640    00000014                   : uart.obj (.text:UARTEnable)
                  00004654    00000014     rtsv7M4_T_le_v4SPD16_eabi.lib : _lock.obj (.text)
                  00004668    00000014                                   : strlen.obj (.text)
                  0000467c    00000012     driverlib.lib : gpio.obj (.text:GPIOPinTypeADC)
                  0000468e    00000012                   : gpio.obj (.text:GPIOPinTypeGPIOInput)
                  000046a0    00000012                   : gpio.obj (.text:GPIOPinTypePWM)
                  000046b2    00000012                   : gpio.obj (.text:GPIOPinTypeSSI)
                  000046c4    00000012                   : gpio.obj (.text:GPIOPinTypeUART)
                  000046d6    00000012                   : pwm.obj (.text:PWMOutputState)
                  000046e8    00000012                   : ssi.obj (.text:SSIDataGetNonBlocking)
                  000046fa    00000010                   : adc.obj (.text:ADCIntEnable)
                  0000470a    00000002     --HOLE-- [fill = 0]
                  0000470c    00000010                   : fpu.obj (.text:FPUEnable)
                  0000471c    00000010                   : interrupt.obj (.text:IntMasterDisable)
                  0000472c    00000010                   : interrupt.obj (.text:IntMasterEnable)
                  0000473c    00000010                   : pwm.obj (.text:PWMGenPeriodSet)
                  0000474c    00000010                   : systick.obj (.text:SysTickPeriodSet)
                  0000475c    0000000e                   : adc.obj (.text:ADCHardwareOversampleConfigure)
                  0000476a    0000000e                   : adc.obj (.text:ADCIntDisable)
                  00004778    0000000e                   : adc.obj (.text:ADCSequenceDisable)
                  00004786    0000000e                   : adc.obj (.text:ADCSequenceEnable)
                  00004794    0000000e                   : gpio.obj (.text:GPIOIntDisable)
                  000047a2    0000000e                   : ssi.obj (.text:SSIDataPutNonBlocking)
                  000047b0    0000000e                   : uart.obj (.text:UARTCharGetNonBlocking)
                  000047be    0000000e                   : uart.obj (.text:UARTCharPutNonBlocking)
                  000047cc    0000000e                   : uart.obj (.text:UARTCharsAvail)
                  000047da    0000000e                   : uart.obj (.text:UARTSpaceAvail)
                  000047e8    0000000e     rtsv7M4_T_le_v4SPD16_eabi.lib : copy_decompress_none.obj (.text:decompress:none)
                  000047f6    0000000c     driverlib.lib : cpu.obj (.text:CPUcpsid)
                  00004802    0000000c                   : cpu.obj (.text:CPUcpsie)
                  0000480e    0000000c                   : gpio.obj (.text:GPIOIntEnable)
                  0000481a    0000000c                   : pwm.obj (.text:PWMGenDisable)
                  00004826    0000000c                   : pwm.obj (.text:PWMGenEnable)
                  00004832    0000000c                   : ssi.obj (.text:SSIDataGet)
                  0000483e    0000000c     rtsv7M4_T_le_v4SPD16_eabi.lib : copy_zero_init.obj (.text:decompress:ZI)
                  0000484a    0000000c     tm4c123gh6pm_startup_ccs.obj (.text)
                  00004856    0000000a     driverlib.lib : adc.obj (.text:ADCIntClear)
                  00004860    0000000a                   : pwm.obj (.text:PWMGenIntTrigEnable)
                  0000486a    0000000a                   : ssi.obj (.text:SSIDataPut)
                  00004874    0000000a                   : ssi.obj (.text:SSIDisable)
                  0000487e    0000000a                   : ssi.obj (.text:SSIEnable)
                  00004888    0000000a                   : ssi.obj (.text:SSIIntDisable)
                  00004892    0000000a                   : ssi.obj (.text:SSIIntStatus)
                  0000489c    0000000a                   : uart.obj (.text:UARTIntDisable)
                  000048a6    0000000a                   : uart.obj (.text:UARTIntStatus)
                  000048b0    0000000a     aeo1_drivers.lib : ssi_drv8711.obj (.text:_ZN4aeo114ssi_peripheral4OnRxEv)
                  000048ba    0000000a                      : ssi_drv8711.obj (.text:_ZN4aeo114ssi_peripheral4OnTxEv)
                  000048c4    00000008     driverlib.lib : pwm.obj (.text:PWMIntEnable)
                  000048cc    00000008                   : ssi.obj (.text:SSIIntEnable)
                  000048d4    00000008                   : uart.obj (.text:UARTIntEnable)
                  000048dc    00000008     rtsv7M4_T_le_v4SPD16_eabi.lib : delete.obj (.text)
                  000048e4    00000006     driverlib.lib : gpio.obj (.text:GPIOPinWrite)
                  000048ea    00000006                   : pwm.obj (.text:PWMGenIntClear)
                  000048f0    00000006                   : sysctl.obj (.text:SysCtlDelay)
                  000048f6    00000006                   : uart.obj (.text:UARTClockSourceSet)
                  000048fc    00000006                   : uart.obj (.text:UARTFIFOLevelSet)
                  00004902    00000006     rtsv7M4_T_le_v4SPD16_eabi.lib : copy_decompress_rle.obj (.text:decompress:rle24)
                  00004908    00000004     driverlib.lib : ssi.obj (.text:SSIIntClear)
                  0000490c    00000004                   : uart.obj (.text:UARTIntClear)
                  00004910    00000004     rtsv7M4_T_le_v4SPD16_eabi.lib : pre_init.obj (.text)

.const     0    00004914    00000efc     
                  00004914    0000054a     drv8711_registers.obj (.const:.string)
                  00004e5e    00000002     rtsv7M4_T_le_v4SPD16_eabi.lib : typeinfo_.obj (.const:.typeinfo:_ZTSe)
                  00004e60    00000294     drv8711_registers.obj (.const:DRV8711_Fields)
                  000050f4    00000160     main.obj (.const:.string)
                  00005254    00000090     driverlib.lib : gpio.obj (.const:g_pui32GPIOBaseAddrs)
                  000052e4    00000070                   : interrupt.obj (.const)
                  00005354    0000006c                   : sysctl.obj (.const:g_pui32Xtals)
                  000053c0    0000005e     esp8266.obj (.const:.string)
                  0000541e    00000002     --HOLE-- [fill = 0]
                  00005420    00000048     drv8711.obj (.const:$P$T0$1)
                  00005468    00000038     esp8266.obj (.const:_ZN4aeo122InitializationCommandsE)
                  000054a0    00000030     drv8711_registers.obj (.const:$P$T0$1)
                  000054d0    00000030     tiva_utils.lib : ustdlib.obj (.const:g_psDaysToMonth)
                  00005500    00000028     rtsv7M4_T_le_v4SPD16_eabi.lib : typeinfo_.obj (.const:.typeinfo:_ZTSN10__cxxabiv123__fundamental_type_infoE)
                  00005528    00000028     aeo1_drivers.lib : ssi_drv8711.obj (.const:_ZTVN4aeo111ssi_drv8711E)
                  00005550    00000028                      : ssi_peripheral.obj (.const:_ZTVN4aeo114ssi_peripheralE)
                  00005578    00000028     tiva_utils.lib : uartstdio.obj (.const)
                  000055a0    00000025     rtsv7M4_T_le_v4SPD16_eabi.lib : typeinfo_.obj (.const:.typeinfo:_ZTSN10__cxxabiv120__si_class_type_infoE)
                  000055c5    00000024                                   : typeinfo_.obj (.const:.typeinfo:_ZTSN10__cxxabiv119__pointer_type_infoE)
                  000055e9    00000022                                   : typeinfo_.obj (.const:.typeinfo:_ZTSN10__cxxabiv117__class_type_infoE)
                  0000560b    00000022                                   : typeinfo_.obj (.const:.typeinfo:_ZTSN10__cxxabiv117__pbase_type_infoE)
                  0000562d    00000003     --HOLE-- [fill = 0]
                  00005630    0000001c     tiva_utils.lib : ustdlib.obj (.const)
                  0000564c    00000018     aeo1_drivers.lib : ssi_peripheral.obj (.const:.typeinfo:_ZTSN4aeo114ssi_peripheralE)
                  00005664    00000016                      : adc_potmeter.obj (.const:.typeinfo:_ZTSN4aeo112adc_potmeterE)
                  0000567a    00000015                      : pwm_stepper.obj (.const:.typeinfo:_ZTSN4aeo111pwm_stepperE)
                  0000568f    00000015                      : ssi_drv8711.obj (.const:.typeinfo:_ZTSN4aeo111ssi_drv8711E)
                  000056a4    00000012     tiva_utils.lib : uartstdio.obj (.const:.string)
                  000056b6    00000002     --HOLE-- [fill = 0]
                  000056b8    00000012                    : ustdlib.obj (.const:.string)
                  000056ca    00000002     --HOLE-- [fill = 0]
                  000056cc    00000010     rtsv7M4_T_le_v4SPD16_eabi.lib : typeinfo_.obj (.const:.typeinfo:_ZTIPKe)
                  000056dc    00000010     drv8711.obj (.const:.typeinfo:_ZTSN4aeo17drv8711E)
                  000056ec    00000010     esp8266.obj (.const:.typeinfo:_ZTSN4aeo17esp8266E)
                  000056fc    00000010     rtsv7M4_T_le_v4SPD16_eabi.lib : typeinfo_.obj (.const:_ZTVN10__cxxabiv117__class_type_infoE)
                  0000570c    00000010                                   : typeinfo_.obj (.const:_ZTVN10__cxxabiv119__pointer_type_infoE)
                  0000571c    00000010                                   : typeinfo_.obj (.const:_ZTVN10__cxxabiv120__si_class_type_infoE)
                  0000572c    00000010                                   : typeinfo_.obj (.const:_ZTVN10__cxxabiv123__fundamental_type_infoE)
                  0000573c    00000010     aeo1_drivers.lib : pwm_stepper.obj (.const:_ZTVN4aeo111pwm_stepperE)
                  0000574c    00000010                      : adc_potmeter.obj (.const:_ZTVN4aeo112adc_potmeterE)
                  0000575c    00000010     drv8711.obj (.const:_ZTVN4aeo17drv8711E)
                  0000576c    00000010     esp8266.obj (.const:_ZTVN4aeo17esp8266E)
                  0000577c    0000000d     rtsv7M4_T_le_v4SPD16_eabi.lib : typeinfo_.obj (.const:.typeinfo:_ZTSSt9type_info)
                  00005789    00000003     --HOLE-- [fill = 0]
                  0000578c    0000000c                                   : typeinfo_.obj (.const:.typeinfo:_ZTIN10__cxxabiv117__class_type_infoE)
                  00005798    0000000c                                   : typeinfo_.obj (.const:.typeinfo:_ZTIN10__cxxabiv117__pbase_type_infoE)
                  000057a4    0000000c                                   : typeinfo_.obj (.const:.typeinfo:_ZTIN10__cxxabiv119__pointer_type_infoE)
                  000057b0    0000000c                                   : typeinfo_.obj (.const:.typeinfo:_ZTIN10__cxxabiv120__si_class_type_infoE)
                  000057bc    0000000c                                   : typeinfo_.obj (.const:.typeinfo:_ZTIN10__cxxabiv123__fundamental_type_infoE)
                  000057c8    0000000c     aeo1_drivers.lib : ssi_drv8711.obj (.const:.typeinfo:_ZTIN4aeo111ssi_drv8711E)
                  000057d4    00000008                      : pwm_stepper.obj (.const:.typeinfo:_ZTIN4aeo111pwm_stepperE)
                  000057dc    00000008                      : adc_potmeter.obj (.const:.typeinfo:_ZTIN4aeo112adc_potmeterE)
                  000057e4    00000008                      : ssi_peripheral.obj (.const:.typeinfo:_ZTIN4aeo114ssi_peripheralE)
                  000057ec    00000008     drv8711.obj (.const:.typeinfo:_ZTIN4aeo17drv8711E)
                  000057f4    00000008     esp8266.obj (.const:.typeinfo:_ZTIN4aeo17esp8266E)
                  000057fc    00000008     rtsv7M4_T_le_v4SPD16_eabi.lib : typeinfo_.obj (.const:.typeinfo:_ZTISt9type_info)
                  00005804    00000008                                   : typeinfo_.obj (.const:.typeinfo:_ZTIe)
                  0000580c    00000004                                   : typeinfo_.obj (.const:.typeinfo:_ZTSPKe)

.init_array 
*          0    00005810    00000004     
                  00005810    00000004     main.obj (.init_array)

.cinit     0    00005818    00000198     
                  00005818    00000170     (.cinit..data.load) [load image, compression = rle]
                  00005988    0000000c     (__TI_handler_table)
                  00005994    00000004     --HOLE-- [fill = 0]
                  00005998    00000008     (.cinit..bss.load) [load image, compression = zero_init]
                  000059a0    00000010     (__TI_cinit_table)

.bss       0    20000000    00000775     UNINITIALIZED
                  20000000    00000400     tiva_utils.lib : uartstdio.obj (.bss:g_pcUARTTxBuffer)
                  20000400    00000198     main.obj (.bss:g_oEsp8266)
                  20000598    000000ac     main.obj (.bss:g_oDrv8711)
                  20000644    00000080     tiva_utils.lib : uartstdio.obj (.bss:g_pcUARTRxBuffer)
                  200006c4    00000080     main.obj (.bss:g_zInput)
                  20000744    00000024     tiva_utils.lib : cmdline.obj (.bss:g_ppcArgv)
                  20000768    00000004     (.common:_ZSt16__dummy_typeinfo)
                  2000076c    00000004     (.common:__dso_handle)
                  20000770    00000004     (.common:g_ui32PortNum)
                  20000774    00000001     (.common:g_bDisableEcho)

.TI.noinit 
*          0    20000000    00000000     UNINITIALIZED

.stack     0    20000778    00000200     UNINITIALIZED
                  20000778    00000200     --HOLE--

.data      0    20000978    000001cc     UNINITIALIZED
                  20000978    00000090     main.obj (.data:g_psCmdTable)
                  20000a08    00000034     aeo1_drivers.lib : ssi_peripheral.obj (.data:_ZN4aeo118SSI0_SpecificationE)
                  20000a3c    00000034                      : ssi_peripheral.obj (.data:_ZN4aeo118SSI1_SpecificationE)
                  20000a70    00000034                      : ssi_peripheral.obj (.data:_ZN4aeo118SSI2_SpecificationE)
                  20000aa4    00000034                      : ssi_peripheral.obj (.data:_ZN4aeo118SSI3_SpecificationE)
                  20000ad8    00000015     tiva_utils.lib : uartstdio.obj (.data)
                  20000aed    00000001     main.obj (.data)
                  20000aee    00000002     --HOLE--
                  20000af0    00000010     aeo1_drivers.lib : adc_potmeter.obj (.data)
                  20000b00    00000010                      : ssi_peripheral.obj (.data)
                  20000b10    0000000c     rtsv7M4_T_le_v4SPD16_eabi.lib : memory.obj (.data)
                  20000b1c    00000008                                   : _lock.obj (.data)
                  20000b24    00000008                                   : exit.obj (.data)
                  20000b2c    00000004     aeo1_drivers.lib : pwm_stepper.obj (.data)
                  20000b30    00000004                      : ssi_drv8711.obj (.data)
                  20000b34    00000004     esp8266.obj (.data)
                  20000b38    00000004     rtsv7M4_T_le_v4SPD16_eabi.lib : dtor_list.obj (.data)
                  20000b3c    00000004                                   : stkdepth_vars.obj (.data)
                  20000b40    00000004     tiva_utils.lib : ustdlib.obj (.data)

.TI.persistent 
*          0    20000978    00000000     UNINITIALIZED

.sysmem    0    20000b48    00000008     UNINITIALIZED
                  20000b48    00000008     rtsv7M4_T_le_v4SPD16_eabi.lib : memory.obj (.sysmem)


LINKER GENERATED COPY TABLES

__TI_cinit_table @ 000059a0 records: 2, size/record: 8, table size: 16
	.data: load addr=00005818, load size=00000170 bytes, run addr=20000978, run size=000001cc bytes, compression=rle
	.bss: load addr=00005998, load size=00000008 bytes, run addr=20000000, run size=00000775 bytes, compression=zero_init


LINKER GENERATED HANDLER TABLE

__TI_handler_table @ 00005988 records: 3, size/record: 4, table size: 12
	index: 0, handler: __TI_decompress_rle24
	index: 1, handler: __TI_decompress_none
	index: 2, handler: __TI_zero_init


GLOBAL SYMBOLS: SORTED ALPHABETICALLY BY Name 

address   name                                              
-------   ----                                              
00004561  ADCClockConfigSet                                 
0000475d  ADCHardwareOversampleConfigure                    
00004857  ADCIntClear                                       
0000476b  ADCIntDisable                                     
000046fb  ADCIntEnable                                      
00004489  ADCIntStatus                                      
00004579  ADCProcessorTrigger                               
0000436d  ADCSequenceConfigure                              
00004525  ADCSequenceDataGet                                
00004779  ADCSequenceDisable                                
00004787  ADCSequenceEnable                                 
00003e75  ADCSequenceStepConfigure                          
000042e9  C$$EXIT                                           
000047f7  CPUcpsid                                          
00004803  CPUcpsie                                          
00003d2d  CmdLineProcess                                    
0000470d  FPUEnable                                         
000045f1  FPUStackingEnable                                 
000044b7  GPIODirModeSet                                    
00004795  GPIOIntDisable                                    
0000480f  GPIOIntEnable                                     
00004111  GPIOIntTypeSet                                    
00003725  GPIOPadConfigSet                                  
00004259  GPIOPinConfigure                                  
0000467d  GPIOPinTypeADC                                    
0000468f  GPIOPinTypeGPIOInput                              
00004591  GPIOPinTypeGPIOOutput                             
000046a1  GPIOPinTypePWM                                    
000046b3  GPIOPinTypeSSI                                    
000046c5  GPIOPinTypeUART                                   
000048e5  GPIOPinWrite                                      
00004041  IntDisable                                        
000040a9  IntEnable                                         
0000471d  IntMasterDisable                                  
0000472d  IntMasterEnable                                   
00003531  OnADCInterrupt                                    
00003249  OnGPIOBInterrupt                                  
00003265  OnGPIOEInterrupt                                  
00002f51  OnPWM1Gen1Interrupt                               
00001d91  OnSSI0Interrupt                                   
00001dab  OnSSI1Interrupt                                   
00001dc5  OnSSI2Interrupt                                   
00001ddf  OnSSI3Interrupt                                   
000044e1  PWMGenConfigure                                   
0000481b  PWMGenDisable                                     
00004827  PWMGenEnable                                      
000048eb  PWMGenIntClear                                    
00004861  PWMGenIntTrigEnable                               
0000473d  PWMGenPeriodSet                                   
000048c5  PWMIntEnable                                      
000046d7  PWMOutputState                                    
00004543  PWMPulseWidthSet                                  
0000484b  ResetISR                                          
00005810  SHT$$INIT_ARRAY$$Base                             
00005814  SHT$$INIT_ARRAY$$Limit                            
000043ab  SSIConfigSetExpClk                                
00004833  SSIDataGet                                        
000046e9  SSIDataGetNonBlocking                             
0000486b  SSIDataPut                                        
000047a3  SSIDataPutNonBlocking                             
00004875  SSIDisable                                        
0000487f  SSIEnable                                         
00004909  SSIIntClear                                       
00004889  SSIIntDisable                                     
000048cd  SSIIntEnable                                      
00004893  SSIIntStatus                                      
00003979  SysCtlClockGet                                    
00003a89  SysCtlClockSet                                    
000048f1  SysCtlDelay                                       
00004605  SysCtlPWMClockSet                                 
00004421  SysCtlPeripheralEnable                            
000043e9  SysCtlPeripheralPresent                           
00004619  SysTickEnable                                     
0000462d  SysTickIntEnable                                  
00002d03  SysTickIntHandler                                 
0000474d  SysTickPeriodSet                                  
000047b1  UARTCharGetNonBlocking                            
000047bf  UARTCharPutNonBlocking                            
000047cd  UARTCharsAvail                                    
000048f7  UARTClockSourceSet                                
000042a1  UARTConfigSetExpClk                               
00004505  UARTDisable                                       
000015c9  UARTEchoSet                                       
00004641  UARTEnable                                        
000048fd  UARTFIFOLevelSet                                  
00001573  UARTFlushRx                                       
00001593  UARTFlushTx                                       
0000490d  UARTIntClear                                      
0000489d  UARTIntDisable                                    
000048d5  UARTIntEnable                                     
000048a7  UARTIntStatus                                     
00001519  UARTPeek                                          
000014f7  UARTRxBytesAvail                                  
000047db  UARTSpaceAvail                                    
00000fdd  UARTStdioConfig                                   
000015f5  UARTStdioIntHandler                               
00001505  UARTTxBytesFree                                   
0000117f  UARTgetc                                          
00001103  UARTgets                                          
000014d3  UARTprintf                                        
000011d9  UARTvprintf                                       
00001063  UARTwrite                                         
00002c33  _Z10CMD_mresetiPPc                                
00002c43  _Z10CMD_wresetiPPc                                
000038a1  _Z23drv8711_registers_PrintiiPFbPKciS0_PvES1_     
00002bf5  _Z8CMD_diagiPPc                                   
00002b95  _Z8CMD_haltiPPc                                   
00002c77  _Z8CMD_helpiPPc                                   
00002b85  _Z8CMD_idleiPPc                                   
00002ba5  _Z8CMD_moveiPPc                                   
00002bd3  _Z8CMD_stopiPPc                                   
00002dcf  _Z8MainLoopv                                      
00002c67  _Z9CMD_noerriPPc                                  
00002c59  _Z9CMD_resetiPPc                                  
00002c0b  _Z9CMD_sleepiPPc                                  
00003d1d  _ZN10__cxxabiv116__enum_type_infoD0Ev             
00003d1b  _ZN10__cxxabiv116__enum_type_infoD1Ev             
00003d1b  _ZN10__cxxabiv116__enum_type_infoD2Ev             
00003d13  _ZN10__cxxabiv117__array_type_infoD0Ev            
00003d11  _ZN10__cxxabiv117__array_type_infoD1Ev            
00003d11  _ZN10__cxxabiv117__array_type_infoD2Ev            
00003d09  _ZN10__cxxabiv117__class_type_infoD0Ev            
00003d07  _ZN10__cxxabiv117__class_type_infoD1Ev            
00003d07  _ZN10__cxxabiv117__class_type_infoD2Ev            
00003cff  _ZN10__cxxabiv117__pbase_type_infoD0Ev            
00003cfd  _ZN10__cxxabiv117__pbase_type_infoD1Ev            
00003cfd  _ZN10__cxxabiv117__pbase_type_infoD2Ev            
00003cf5  _ZN10__cxxabiv119__pointer_type_infoD0Ev          
00003cf3  _ZN10__cxxabiv119__pointer_type_infoD1Ev          
00003cf3  _ZN10__cxxabiv119__pointer_type_infoD2Ev          
00003ceb  _ZN10__cxxabiv120__function_type_infoD0Ev         
00003ce9  _ZN10__cxxabiv120__function_type_infoD1Ev         
00003ce9  _ZN10__cxxabiv120__function_type_infoD2Ev         
00003ce1  _ZN10__cxxabiv120__si_class_type_infoD0Ev         
00003cdf  _ZN10__cxxabiv120__si_class_type_infoD1Ev         
00003cdf  _ZN10__cxxabiv120__si_class_type_infoD2Ev         
00003cd7  _ZN10__cxxabiv121__vmi_class_type_infoD0Ev        
00003cd5  _ZN10__cxxabiv121__vmi_class_type_infoD1Ev        
00003cd5  _ZN10__cxxabiv121__vmi_class_type_infoD2Ev        
00003ccd  _ZN10__cxxabiv123__fundamental_type_infoD0Ev      
00003ccb  _ZN10__cxxabiv123__fundamental_type_infoD1Ev      
00003ccb  _ZN10__cxxabiv123__fundamental_type_infoD2Ev      
00003cc3  _ZN10__cxxabiv129__pointer_to_member_type_infoD0Ev
00003cc1  _ZN10__cxxabiv129__pointer_to_member_type_infoD1Ev
00003cc1  _ZN10__cxxabiv129__pointer_to_member_type_infoD2Ev
00002fc7  _ZN4aeo111pwm_stepper10InitializeEv               
000030e1  _ZN4aeo111pwm_stepper11OnInterruptEv              
00003039  _ZN4aeo111pwm_stepper4DiagEv                      
00003065  _ZN4aeo111pwm_stepper4MoveEj                      
000030b3  _ZN4aeo111pwm_stepper4StopEb                      
00002f6d  _ZN4aeo111pwm_stepperC1Ev                         
00002f6d  _ZN4aeo111pwm_stepperC2Ev                         
00002fb1  _ZN4aeo111pwm_stepperD0Ev                         
00002fa5  _ZN4aeo111pwm_stepperD1Ev                         
00002fa5  _ZN4aeo111pwm_stepperD2Ev                         
000032cb  _ZN4aeo111ssi_drv871110InitializeEv               
000034d9  _ZN4aeo111ssi_drv871111GetRegisterEj              
000033f5  _ZN4aeo111ssi_drv871115OnGpioInterruptENS0_5EventE
00003397  _ZN4aeo111ssi_drv87114DiagEv                      
00003429  _ZN4aeo111ssi_drv87114ReadEj                      
000033c7  _ZN4aeo111ssi_drv87115ResetEv                     
000033a9  _ZN4aeo111ssi_drv87115SleepEb                     
0000348b  _ZN4aeo111ssi_drv87115WriteEjj                    
00003281  _ZN4aeo111ssi_drv8711C1Ev                         
00003281  _ZN4aeo111ssi_drv8711C2Ev                         
000032b5  _ZN4aeo111ssi_drv8711D0Ev                         
000032a7  _ZN4aeo111ssi_drv8711D1Ev                         
000032a7  _ZN4aeo111ssi_drv8711D2Ev                         
0000359b  _ZN4aeo112adc_potmeter10InitializeEv              
20000af0  _ZN4aeo112adc_potmeter10m_nCounterE               
00003617  _ZN4aeo112adc_potmeter11OnInterruptEv             
20000af8  _ZN4aeo112adc_potmeter14m_nReadCounterE           
000036c1  _ZN4aeo112adc_potmeter15GetErrorCounterEv         
20000af4  _ZN4aeo112adc_potmeter15m_nErrorCounterE          
20000afc  _ZN4aeo112adc_potmeter16m_pTheOneAndOnlyE         
000036d9  _ZN4aeo112adc_potmeter4DiagEv                     
00003693  _ZN4aeo112adc_potmeter7TriggerEv                  
000036a1  _ZN4aeo112adc_potmeter8GetValueEv                 
000035fb  _ZN4aeo112adc_potmeter9TerminateEv                
00003543  _ZN4aeo112adc_potmeterC1Ev                        
00003543  _ZN4aeo112adc_potmeterC2Ev                        
00003585  _ZN4aeo112adc_potmeterD0Ev                        
00003561  _ZN4aeo112adc_potmeterD1Ev                        
00003561  _ZN4aeo112adc_potmeterD2Ev                        
00001ec5  _ZN4aeo114ssi_peripheral10InitializeEv            
000021c3  _ZN4aeo114ssi_peripheral10LoadTxFIFOEv            
0000200d  _ZN4aeo114ssi_peripheral11OnInterruptEv           
000021f9  _ZN4aeo114ssi_peripheral12UnloadRxFIFOEv          
000021ab  _ZN4aeo114ssi_peripheral3GetEv                    
00002197  _ZN4aeo114ssi_peripheral3PutEj                    
000020ad  _ZN4aeo114ssi_peripheral4DiagEv                   
000048b1  _ZN4aeo114ssi_peripheral4OnRxEv                   
000048bb  _ZN4aeo114ssi_peripheral4OnTxEv                   
0000213b  _ZN4aeo114ssi_peripheral9TerminateEv              
00001df9  _ZN4aeo114ssi_peripheralC1ENS0_9device_idEjb      
00001df9  _ZN4aeo114ssi_peripheralC2ENS0_9device_idEjb      
00001eaf  _ZN4aeo114ssi_peripheralD0Ev                      
00001e9b  _ZN4aeo114ssi_peripheralD1Ev                      
00001e9b  _ZN4aeo114ssi_peripheralD2Ev                      
20000a08  _ZN4aeo118SSI0_SpecificationE                     
20000a3c  _ZN4aeo118SSI1_SpecificationE                     
20000a70  _ZN4aeo118SSI2_SpecificationE                     
20000aa4  _ZN4aeo118SSI3_SpecificationE                     
00002335  _ZN4aeo17drv871110InitializeEv                    
00002441  _ZN4aeo17drv871110SetDefaultEv                    
0000252b  _ZN4aeo17drv871111ClearFaultsEv                   
000025f3  _ZN4aeo17drv871111PrintStatusEj                   
00002563  _ZN4aeo17drv871116ReadAllRegistersEv              
0000258d  _ZN4aeo17drv871117PrintAllRegistersEv             
000024df  _ZN4aeo17drv87114DiagEv                           
00002385  _ZN4aeo17drv87114HaltEv                           
00002359  _ZN4aeo17drv87114IdleEv                           
000023b3  _ZN4aeo17drv87114MoveEi                           
000024b5  _ZN4aeo17drv87114StopEb                           
00002549  _ZN4aeo17drv87115ResetEv                          
00002501  _ZN4aeo17drv87115SleepEb                          
00002413  _ZN4aeo17drv87119SetTorqueEj                      
000022e9  _ZN4aeo17drv8711C1Ev                              
000022e9  _ZN4aeo17drv8711C2Ev                              
0000231f  _ZN4aeo17drv8711D0Ev                              
00002307  _ZN4aeo17drv8711D1Ev                              
00002307  _ZN4aeo17drv8711D2Ev                              
000017d5  _ZN4aeo17esp826610InitializeEv                    
00001afd  _ZN4aeo17esp826610OnTransmitEv                    
00001ad9  _ZN4aeo17esp826610SetBitrateEj                    
00001a29  _ZN4aeo17esp826611RxEndOfLineEv                   
00001a59  _ZN4aeo17esp826613ConfigureUARTEj                 
00001c3d  _ZN4aeo17esp826616FillOutputBufferEPKc            
000018f3  _ZN4aeo17esp82664DiagEv                           
0000181d  _ZN4aeo17esp82665ResetEv                          
000018b1  _ZN4aeo17esp82665SetupEv                          
00001935  _ZN4aeo17esp82665WriteEPKc                        
00001cd5  _ZN4aeo17esp82666InvokeEPKcS2_                    
00001913  _ZN4aeo17esp82666OnUartEj                         
00001999  _ZN4aeo17esp82668ReadLineEPci                     
00001baf  _ZN4aeo17esp82669OnReceiveEv                      
00001783  _ZN4aeo17esp8266C1Ev                              
00001783  _ZN4aeo17esp8266C2Ev                              
000017bf  _ZN4aeo17esp8266D0Ev                              
000017b3  _ZN4aeo17esp8266D1Ev                              
000017b3  _ZN4aeo17esp8266D2Ev                              
00003c83  _ZNKSt9type_info4nameEv                           
00003cb3  _ZNKSt9type_info6beforeERKS_                      
00003c9d  _ZNKSt9type_infoeqERKS_                           
00003c87  _ZNKSt9type_infoneERKS_                           
00003c7b  _ZNSt9type_infoD0Ev                               
00003c79  _ZNSt9type_infoD1Ev                               
00003c79  _ZNSt9type_infoD2Ev                               
20000768  _ZSt16__dummy_typeinfo                            
00003c71  _ZSt21__gen_dummy_typeinfosv                      
0000578c  _ZTIN10__cxxabiv117__class_type_infoE             
00005798  _ZTIN10__cxxabiv117__pbase_type_infoE             
000057a4  _ZTIN10__cxxabiv119__pointer_type_infoE           
000057b0  _ZTIN10__cxxabiv120__si_class_type_infoE          
000057bc  _ZTIN10__cxxabiv123__fundamental_type_infoE       
000057d4  _ZTIN4aeo111pwm_stepperE                          
000057c8  _ZTIN4aeo111ssi_drv8711E                          
000057dc  _ZTIN4aeo112adc_potmeterE                         
000057e4  _ZTIN4aeo114ssi_peripheralE                       
000057ec  _ZTIN4aeo17drv8711E                               
000057f4  _ZTIN4aeo17esp8266E                               
000056cc  _ZTIPKe                                           
000057fc  _ZTISt9type_info                                  
00005804  _ZTIe                                             
000055e9  _ZTSN10__cxxabiv117__class_type_infoE             
0000560b  _ZTSN10__cxxabiv117__pbase_type_infoE             
000055c5  _ZTSN10__cxxabiv119__pointer_type_infoE           
000055a0  _ZTSN10__cxxabiv120__si_class_type_infoE          
00005500  _ZTSN10__cxxabiv123__fundamental_type_infoE       
0000567a  _ZTSN4aeo111pwm_stepperE                          
0000568f  _ZTSN4aeo111ssi_drv8711E                          
00005664  _ZTSN4aeo112adc_potmeterE                         
0000564c  _ZTSN4aeo114ssi_peripheralE                       
000056dc  _ZTSN4aeo17drv8711E                               
000056ec  _ZTSN4aeo17esp8266E                               
0000580c  _ZTSPKe                                           
0000577c  _ZTSSt9type_info                                  
00004e5e  _ZTSe                                             
000056fc  _ZTVN10__cxxabiv117__class_type_infoE             
0000570c  _ZTVN10__cxxabiv119__pointer_type_infoE           
0000571c  _ZTVN10__cxxabiv120__si_class_type_infoE          
0000572c  _ZTVN10__cxxabiv123__fundamental_type_infoE       
0000573c  _ZTVN4aeo111pwm_stepperE                          
00005528  _ZTVN4aeo111ssi_drv8711E                          
0000574c  _ZTVN4aeo112adc_potmeterE                         
00005550  _ZTVN4aeo114ssi_peripheralE                       
0000575c  _ZTVN4aeo17drv8711E                               
0000576c  _ZTVN4aeo17esp8266E                               
000048dd  _ZdlPv                                            
20000978  __STACK_END                                       
00000200  __STACK_SIZE                                      
20000978  __STACK_TOP                                       
00000008  __SYSMEM_SIZE                                     
000059a0  __TI_CINIT_Base                                   
000059b0  __TI_CINIT_Limit                                  
00005988  __TI_Handler_Table_Base                           
00005994  __TI_Handler_Table_Limit                          
00003f69  __TI_auto_init                                    
20000b24  __TI_cleanup_ptr                                  
000047e9  __TI_decompress_none                              
00004903  __TI_decompress_rle24                             
20000b28  __TI_dtors_ptr                                    
00000000  __TI_static_base__                                
0000483f  __TI_zero_init                                    
00003bd3  __aeabi_atexit                                    
00003857  __aeabi_idiv0                                     
00003eef  __aeabi_memclr                                    
00003eef  __aeabi_memclr4                                   
00003eef  __aeabi_memclr8                                   
00003dd9  __aeabi_memcpy                                    
00003dd9  __aeabi_memcpy4                                   
00003dd9  __aeabi_memcpy8                                   
00003ef1  __aeabi_memset                                    
00003ef1  __aeabi_memset4                                   
00003ef1  __aeabi_memset8                                   
0000432d  __aeabi_uidiv                                     
0000432d  __aeabi_uidivmod                                  
ffffffff  __binit__                                         
ffffffff  __c_args__                                        
00003c17  __cxa_atexit                                      
00003b7d  __cxa_finalize                                    
00003bbf  __cxa_ia64_exit                                   
2000076c  __dso_handle                                      
20000778  __stack                                           
00002e3d  __sti___8_main_cpp_779587d3                       
000045a9  _args_main                                        
000041bd  _c_int00                                          
20000b1c  _lock                                             
00004663  _nop                                              
0000465b  _register_lock                                    
00004655  _register_unlock                                  
20000b48  _sys_memory                                       
00004911  _system_pre_init                                  
20000b20  _unlock                                           
000042ed  abort                                             
00003bc5  atexit                                            
ffffffff  binit                                             
00002b51  calloc                                            
0000420d  copy_in                                           
00001751  esp8266_UARTIntHandler                            
000042f5  exit                                              
0000289f  free                                              
20000598  g_oDrv8711                                        
20000400  g_oEsp8266                                        
00000000  g_pfnVectors                                      
20000978  g_psCmdTable                                      
00004167  ltoa                                              
00002e27  main                                              
20000b3c  main_func_sp                                      
00002837  malloc                                            
00002a6d  memalign                                          
00003dd9  memcpy                                            
00003ef7  memset                                            
000027a9  minit                                             
00002961  realloc                                           
000045d9  strchr                                            
000045c1  strcmp                                            
00004669  strlen                                            
00004455  strstr                                            
00000751  ulocaltime                                        
0000094f  umktime                                           
00000ec9  urand                                             
00000721  usnprintf                                         
000006ef  usprintf                                          
00000eb9  usrand                                            
00000e31  ustrcasecmp                                       
00000ea5  ustrcmp                                           
00000d35  ustrlen                                           
00000d8d  ustrncasecmp                                      
00000e45  ustrncmp                                          
0000026d  ustrncpy                                          
00000d57  ustrstr                                           
00000afd  ustrtof                                           
000009c5  ustrtoul                                          
000002c5  uvsnprintf                                        


GLOBAL SYMBOLS: SORTED BY Symbol Address 

address   name                                              
-------   ----                                              
00000000  __TI_static_base__                                
00000000  g_pfnVectors                                      
00000008  __SYSMEM_SIZE                                     
00000200  __STACK_SIZE                                      
0000026d  ustrncpy                                          
000002c5  uvsnprintf                                        
000006ef  usprintf                                          
00000721  usnprintf                                         
00000751  ulocaltime                                        
0000094f  umktime                                           
000009c5  ustrtoul                                          
00000afd  ustrtof                                           
00000d35  ustrlen                                           
00000d57  ustrstr                                           
00000d8d  ustrncasecmp                                      
00000e31  ustrcasecmp                                       
00000e45  ustrncmp                                          
00000ea5  ustrcmp                                           
00000eb9  usrand                                            
00000ec9  urand                                             
00000fdd  UARTStdioConfig                                   
00001063  UARTwrite                                         
00001103  UARTgets                                          
0000117f  UARTgetc                                          
000011d9  UARTvprintf                                       
000014d3  UARTprintf                                        
000014f7  UARTRxBytesAvail                                  
00001505  UARTTxBytesFree                                   
00001519  UARTPeek                                          
00001573  UARTFlushRx                                       
00001593  UARTFlushTx                                       
000015c9  UARTEchoSet                                       
000015f5  UARTStdioIntHandler                               
00001751  esp8266_UARTIntHandler                            
00001783  _ZN4aeo17esp8266C1Ev                              
00001783  _ZN4aeo17esp8266C2Ev                              
000017b3  _ZN4aeo17esp8266D1Ev                              
000017b3  _ZN4aeo17esp8266D2Ev                              
000017bf  _ZN4aeo17esp8266D0Ev                              
000017d5  _ZN4aeo17esp826610InitializeEv                    
0000181d  _ZN4aeo17esp82665ResetEv                          
000018b1  _ZN4aeo17esp82665SetupEv                          
000018f3  _ZN4aeo17esp82664DiagEv                           
00001913  _ZN4aeo17esp82666OnUartEj                         
00001935  _ZN4aeo17esp82665WriteEPKc                        
00001999  _ZN4aeo17esp82668ReadLineEPci                     
00001a29  _ZN4aeo17esp826611RxEndOfLineEv                   
00001a59  _ZN4aeo17esp826613ConfigureUARTEj                 
00001ad9  _ZN4aeo17esp826610SetBitrateEj                    
00001afd  _ZN4aeo17esp826610OnTransmitEv                    
00001baf  _ZN4aeo17esp82669OnReceiveEv                      
00001c3d  _ZN4aeo17esp826616FillOutputBufferEPKc            
00001cd5  _ZN4aeo17esp82666InvokeEPKcS2_                    
00001d91  OnSSI0Interrupt                                   
00001dab  OnSSI1Interrupt                                   
00001dc5  OnSSI2Interrupt                                   
00001ddf  OnSSI3Interrupt                                   
00001df9  _ZN4aeo114ssi_peripheralC1ENS0_9device_idEjb      
00001df9  _ZN4aeo114ssi_peripheralC2ENS0_9device_idEjb      
00001e9b  _ZN4aeo114ssi_peripheralD1Ev                      
00001e9b  _ZN4aeo114ssi_peripheralD2Ev                      
00001eaf  _ZN4aeo114ssi_peripheralD0Ev                      
00001ec5  _ZN4aeo114ssi_peripheral10InitializeEv            
0000200d  _ZN4aeo114ssi_peripheral11OnInterruptEv           
000020ad  _ZN4aeo114ssi_peripheral4DiagEv                   
0000213b  _ZN4aeo114ssi_peripheral9TerminateEv              
00002197  _ZN4aeo114ssi_peripheral3PutEj                    
000021ab  _ZN4aeo114ssi_peripheral3GetEv                    
000021c3  _ZN4aeo114ssi_peripheral10LoadTxFIFOEv            
000021f9  _ZN4aeo114ssi_peripheral12UnloadRxFIFOEv          
000022e9  _ZN4aeo17drv8711C1Ev                              
000022e9  _ZN4aeo17drv8711C2Ev                              
00002307  _ZN4aeo17drv8711D1Ev                              
00002307  _ZN4aeo17drv8711D2Ev                              
0000231f  _ZN4aeo17drv8711D0Ev                              
00002335  _ZN4aeo17drv871110InitializeEv                    
00002359  _ZN4aeo17drv87114IdleEv                           
00002385  _ZN4aeo17drv87114HaltEv                           
000023b3  _ZN4aeo17drv87114MoveEi                           
00002413  _ZN4aeo17drv87119SetTorqueEj                      
00002441  _ZN4aeo17drv871110SetDefaultEv                    
000024b5  _ZN4aeo17drv87114StopEb                           
000024df  _ZN4aeo17drv87114DiagEv                           
00002501  _ZN4aeo17drv87115SleepEb                          
0000252b  _ZN4aeo17drv871111ClearFaultsEv                   
00002549  _ZN4aeo17drv87115ResetEv                          
00002563  _ZN4aeo17drv871116ReadAllRegistersEv              
0000258d  _ZN4aeo17drv871117PrintAllRegistersEv             
000025f3  _ZN4aeo17drv871111PrintStatusEj                   
000027a9  minit                                             
00002837  malloc                                            
0000289f  free                                              
00002961  realloc                                           
00002a6d  memalign                                          
00002b51  calloc                                            
00002b85  _Z8CMD_idleiPPc                                   
00002b95  _Z8CMD_haltiPPc                                   
00002ba5  _Z8CMD_moveiPPc                                   
00002bd3  _Z8CMD_stopiPPc                                   
00002bf5  _Z8CMD_diagiPPc                                   
00002c0b  _Z9CMD_sleepiPPc                                  
00002c33  _Z10CMD_mresetiPPc                                
00002c43  _Z10CMD_wresetiPPc                                
00002c59  _Z9CMD_resetiPPc                                  
00002c67  _Z9CMD_noerriPPc                                  
00002c77  _Z8CMD_helpiPPc                                   
00002d03  SysTickIntHandler                                 
00002dcf  _Z8MainLoopv                                      
00002e27  main                                              
00002e3d  __sti___8_main_cpp_779587d3                       
00002f51  OnPWM1Gen1Interrupt                               
00002f6d  _ZN4aeo111pwm_stepperC1Ev                         
00002f6d  _ZN4aeo111pwm_stepperC2Ev                         
00002fa5  _ZN4aeo111pwm_stepperD1Ev                         
00002fa5  _ZN4aeo111pwm_stepperD2Ev                         
00002fb1  _ZN4aeo111pwm_stepperD0Ev                         
00002fc7  _ZN4aeo111pwm_stepper10InitializeEv               
00003039  _ZN4aeo111pwm_stepper4DiagEv                      
00003065  _ZN4aeo111pwm_stepper4MoveEj                      
000030b3  _ZN4aeo111pwm_stepper4StopEb                      
000030e1  _ZN4aeo111pwm_stepper11OnInterruptEv              
00003249  OnGPIOBInterrupt                                  
00003265  OnGPIOEInterrupt                                  
00003281  _ZN4aeo111ssi_drv8711C1Ev                         
00003281  _ZN4aeo111ssi_drv8711C2Ev                         
000032a7  _ZN4aeo111ssi_drv8711D1Ev                         
000032a7  _ZN4aeo111ssi_drv8711D2Ev                         
000032b5  _ZN4aeo111ssi_drv8711D0Ev                         
000032cb  _ZN4aeo111ssi_drv871110InitializeEv               
00003397  _ZN4aeo111ssi_drv87114DiagEv                      
000033a9  _ZN4aeo111ssi_drv87115SleepEb                     
000033c7  _ZN4aeo111ssi_drv87115ResetEv                     
000033f5  _ZN4aeo111ssi_drv871115OnGpioInterruptENS0_5EventE
00003429  _ZN4aeo111ssi_drv87114ReadEj                      
0000348b  _ZN4aeo111ssi_drv87115WriteEjj                    
000034d9  _ZN4aeo111ssi_drv871111GetRegisterEj              
00003531  OnADCInterrupt                                    
00003543  _ZN4aeo112adc_potmeterC1Ev                        
00003543  _ZN4aeo112adc_potmeterC2Ev                        
00003561  _ZN4aeo112adc_potmeterD1Ev                        
00003561  _ZN4aeo112adc_potmeterD2Ev                        
00003585  _ZN4aeo112adc_potmeterD0Ev                        
0000359b  _ZN4aeo112adc_potmeter10InitializeEv              
000035fb  _ZN4aeo112adc_potmeter9TerminateEv                
00003617  _ZN4aeo112adc_potmeter11OnInterruptEv             
00003693  _ZN4aeo112adc_potmeter7TriggerEv                  
000036a1  _ZN4aeo112adc_potmeter8GetValueEv                 
000036c1  _ZN4aeo112adc_potmeter15GetErrorCounterEv         
000036d9  _ZN4aeo112adc_potmeter4DiagEv                     
00003725  GPIOPadConfigSet                                  
00003857  __aeabi_idiv0                                     
000038a1  _Z23drv8711_registers_PrintiiPFbPKciS0_PvES1_     
00003979  SysCtlClockGet                                    
00003a89  SysCtlClockSet                                    
00003b7d  __cxa_finalize                                    
00003bbf  __cxa_ia64_exit                                   
00003bc5  atexit                                            
00003bd3  __aeabi_atexit                                    
00003c17  __cxa_atexit                                      
00003c71  _ZSt21__gen_dummy_typeinfosv                      
00003c79  _ZNSt9type_infoD1Ev                               
00003c79  _ZNSt9type_infoD2Ev                               
00003c7b  _ZNSt9type_infoD0Ev                               
00003c83  _ZNKSt9type_info4nameEv                           
00003c87  _ZNKSt9type_infoneERKS_                           
00003c9d  _ZNKSt9type_infoeqERKS_                           
00003cb3  _ZNKSt9type_info6beforeERKS_                      
00003cc1  _ZN10__cxxabiv129__pointer_to_member_type_infoD1Ev
00003cc1  _ZN10__cxxabiv129__pointer_to_member_type_infoD2Ev
00003cc3  _ZN10__cxxabiv129__pointer_to_member_type_infoD0Ev
00003ccb  _ZN10__cxxabiv123__fundamental_type_infoD1Ev      
00003ccb  _ZN10__cxxabiv123__fundamental_type_infoD2Ev      
00003ccd  _ZN10__cxxabiv123__fundamental_type_infoD0Ev      
00003cd5  _ZN10__cxxabiv121__vmi_class_type_infoD1Ev        
00003cd5  _ZN10__cxxabiv121__vmi_class_type_infoD2Ev        
00003cd7  _ZN10__cxxabiv121__vmi_class_type_infoD0Ev        
00003cdf  _ZN10__cxxabiv120__si_class_type_infoD1Ev         
00003cdf  _ZN10__cxxabiv120__si_class_type_infoD2Ev         
00003ce1  _ZN10__cxxabiv120__si_class_type_infoD0Ev         
00003ce9  _ZN10__cxxabiv120__function_type_infoD1Ev         
00003ce9  _ZN10__cxxabiv120__function_type_infoD2Ev         
00003ceb  _ZN10__cxxabiv120__function_type_infoD0Ev         
00003cf3  _ZN10__cxxabiv119__pointer_type_infoD1Ev          
00003cf3  _ZN10__cxxabiv119__pointer_type_infoD2Ev          
00003cf5  _ZN10__cxxabiv119__pointer_type_infoD0Ev          
00003cfd  _ZN10__cxxabiv117__pbase_type_infoD1Ev            
00003cfd  _ZN10__cxxabiv117__pbase_type_infoD2Ev            
00003cff  _ZN10__cxxabiv117__pbase_type_infoD0Ev            
00003d07  _ZN10__cxxabiv117__class_type_infoD1Ev            
00003d07  _ZN10__cxxabiv117__class_type_infoD2Ev            
00003d09  _ZN10__cxxabiv117__class_type_infoD0Ev            
00003d11  _ZN10__cxxabiv117__array_type_infoD1Ev            
00003d11  _ZN10__cxxabiv117__array_type_infoD2Ev            
00003d13  _ZN10__cxxabiv117__array_type_infoD0Ev            
00003d1b  _ZN10__cxxabiv116__enum_type_infoD1Ev             
00003d1b  _ZN10__cxxabiv116__enum_type_infoD2Ev             
00003d1d  _ZN10__cxxabiv116__enum_type_infoD0Ev             
00003d2d  CmdLineProcess                                    
00003dd9  __aeabi_memcpy                                    
00003dd9  __aeabi_memcpy4                                   
00003dd9  __aeabi_memcpy8                                   
00003dd9  memcpy                                            
00003e75  ADCSequenceStepConfigure                          
00003eef  __aeabi_memclr                                    
00003eef  __aeabi_memclr4                                   
00003eef  __aeabi_memclr8                                   
00003ef1  __aeabi_memset                                    
00003ef1  __aeabi_memset4                                   
00003ef1  __aeabi_memset8                                   
00003ef7  memset                                            
00003f69  __TI_auto_init                                    
00004041  IntDisable                                        
000040a9  IntEnable                                         
00004111  GPIOIntTypeSet                                    
00004167  ltoa                                              
000041bd  _c_int00                                          
0000420d  copy_in                                           
00004259  GPIOPinConfigure                                  
000042a1  UARTConfigSetExpClk                               
000042e9  C$$EXIT                                           
000042ed  abort                                             
000042f5  exit                                              
0000432d  __aeabi_uidiv                                     
0000432d  __aeabi_uidivmod                                  
0000436d  ADCSequenceConfigure                              
000043ab  SSIConfigSetExpClk                                
000043e9  SysCtlPeripheralPresent                           
00004421  SysCtlPeripheralEnable                            
00004455  strstr                                            
00004489  ADCIntStatus                                      
000044b7  GPIODirModeSet                                    
000044e1  PWMGenConfigure                                   
00004505  UARTDisable                                       
00004525  ADCSequenceDataGet                                
00004543  PWMPulseWidthSet                                  
00004561  ADCClockConfigSet                                 
00004579  ADCProcessorTrigger                               
00004591  GPIOPinTypeGPIOOutput                             
000045a9  _args_main                                        
000045c1  strcmp                                            
000045d9  strchr                                            
000045f1  FPUStackingEnable                                 
00004605  SysCtlPWMClockSet                                 
00004619  SysTickEnable                                     
0000462d  SysTickIntEnable                                  
00004641  UARTEnable                                        
00004655  _register_unlock                                  
0000465b  _register_lock                                    
00004663  _nop                                              
00004669  strlen                                            
0000467d  GPIOPinTypeADC                                    
0000468f  GPIOPinTypeGPIOInput                              
000046a1  GPIOPinTypePWM                                    
000046b3  GPIOPinTypeSSI                                    
000046c5  GPIOPinTypeUART                                   
000046d7  PWMOutputState                                    
000046e9  SSIDataGetNonBlocking                             
000046fb  ADCIntEnable                                      
0000470d  FPUEnable                                         
0000471d  IntMasterDisable                                  
0000472d  IntMasterEnable                                   
0000473d  PWMGenPeriodSet                                   
0000474d  SysTickPeriodSet                                  
0000475d  ADCHardwareOversampleConfigure                    
0000476b  ADCIntDisable                                     
00004779  ADCSequenceDisable                                
00004787  ADCSequenceEnable                                 
00004795  GPIOIntDisable                                    
000047a3  SSIDataPutNonBlocking                             
000047b1  UARTCharGetNonBlocking                            
000047bf  UARTCharPutNonBlocking                            
000047cd  UARTCharsAvail                                    
000047db  UARTSpaceAvail                                    
000047e9  __TI_decompress_none                              
000047f7  CPUcpsid                                          
00004803  CPUcpsie                                          
0000480f  GPIOIntEnable                                     
0000481b  PWMGenDisable                                     
00004827  PWMGenEnable                                      
00004833  SSIDataGet                                        
0000483f  __TI_zero_init                                    
0000484b  ResetISR                                          
00004857  ADCIntClear                                       
00004861  PWMGenIntTrigEnable                               
0000486b  SSIDataPut                                        
00004875  SSIDisable                                        
0000487f  SSIEnable                                         
00004889  SSIIntDisable                                     
00004893  SSIIntStatus                                      
0000489d  UARTIntDisable                                    
000048a7  UARTIntStatus                                     
000048b1  _ZN4aeo114ssi_peripheral4OnRxEv                   
000048bb  _ZN4aeo114ssi_peripheral4OnTxEv                   
000048c5  PWMIntEnable                                      
000048cd  SSIIntEnable                                      
000048d5  UARTIntEnable                                     
000048dd  _ZdlPv                                            
000048e5  GPIOPinWrite                                      
000048eb  PWMGenIntClear                                    
000048f1  SysCtlDelay                                       
000048f7  UARTClockSourceSet                                
000048fd  UARTFIFOLevelSet                                  
00004903  __TI_decompress_rle24                             
00004909  SSIIntClear                                       
0000490d  UARTIntClear                                      
00004911  _system_pre_init                                  
00004e5e  _ZTSe                                             
00005500  _ZTSN10__cxxabiv123__fundamental_type_infoE       
00005528  _ZTVN4aeo111ssi_drv8711E                          
00005550  _ZTVN4aeo114ssi_peripheralE                       
000055a0  _ZTSN10__cxxabiv120__si_class_type_infoE          
000055c5  _ZTSN10__cxxabiv119__pointer_type_infoE           
000055e9  _ZTSN10__cxxabiv117__class_type_infoE             
0000560b  _ZTSN10__cxxabiv117__pbase_type_infoE             
0000564c  _ZTSN4aeo114ssi_peripheralE                       
00005664  _ZTSN4aeo112adc_potmeterE                         
0000567a  _ZTSN4aeo111pwm_stepperE                          
0000568f  _ZTSN4aeo111ssi_drv8711E                          
000056cc  _ZTIPKe                                           
000056dc  _ZTSN4aeo17drv8711E                               
000056ec  _ZTSN4aeo17esp8266E                               
000056fc  _ZTVN10__cxxabiv117__class_type_infoE             
0000570c  _ZTVN10__cxxabiv119__pointer_type_infoE           
0000571c  _ZTVN10__cxxabiv120__si_class_type_infoE          
0000572c  _ZTVN10__cxxabiv123__fundamental_type_infoE       
0000573c  _ZTVN4aeo111pwm_stepperE                          
0000574c  _ZTVN4aeo112adc_potmeterE                         
0000575c  _ZTVN4aeo17drv8711E                               
0000576c  _ZTVN4aeo17esp8266E                               
0000577c  _ZTSSt9type_info                                  
0000578c  _ZTIN10__cxxabiv117__class_type_infoE             
00005798  _ZTIN10__cxxabiv117__pbase_type_infoE             
000057a4  _ZTIN10__cxxabiv119__pointer_type_infoE           
000057b0  _ZTIN10__cxxabiv120__si_class_type_infoE          
000057bc  _ZTIN10__cxxabiv123__fundamental_type_infoE       
000057c8  _ZTIN4aeo111ssi_drv8711E                          
000057d4  _ZTIN4aeo111pwm_stepperE                          
000057dc  _ZTIN4aeo112adc_potmeterE                         
000057e4  _ZTIN4aeo114ssi_peripheralE                       
000057ec  _ZTIN4aeo17drv8711E                               
000057f4  _ZTIN4aeo17esp8266E                               
000057fc  _ZTISt9type_info                                  
00005804  _ZTIe                                             
0000580c  _ZTSPKe                                           
00005810  SHT$$INIT_ARRAY$$Base                             
00005814  SHT$$INIT_ARRAY$$Limit                            
00005988  __TI_Handler_Table_Base                           
00005994  __TI_Handler_Table_Limit                          
000059a0  __TI_CINIT_Base                                   
000059b0  __TI_CINIT_Limit                                  
20000400  g_oEsp8266                                        
20000598  g_oDrv8711                                        
20000768  _ZSt16__dummy_typeinfo                            
2000076c  __dso_handle                                      
20000778  __stack                                           
20000978  __STACK_END                                       
20000978  __STACK_TOP                                       
20000978  g_psCmdTable                                      
20000a08  _ZN4aeo118SSI0_SpecificationE                     
20000a3c  _ZN4aeo118SSI1_SpecificationE                     
20000a70  _ZN4aeo118SSI2_SpecificationE                     
20000aa4  _ZN4aeo118SSI3_SpecificationE                     
20000af0  _ZN4aeo112adc_potmeter10m_nCounterE               
20000af4  _ZN4aeo112adc_potmeter15m_nErrorCounterE          
20000af8  _ZN4aeo112adc_potmeter14m_nReadCounterE           
20000afc  _ZN4aeo112adc_potmeter16m_pTheOneAndOnlyE         
20000b1c  _lock                                             
20000b20  _unlock                                           
20000b24  __TI_cleanup_ptr                                  
20000b28  __TI_dtors_ptr                                    
20000b3c  main_func_sp                                      
20000b48  _sys_memory                                       
ffffffff  __binit__                                         
ffffffff  __c_args__                                        
ffffffff  binit                                             

[375 symbols]
