******************************************************************************
                  TI ARM Linker PC v5.2.7                      
******************************************************************************
>> Linked Mon Apr 25 12:13:42 2016

OUTPUT FILE NAME:   <solo_stepper.out>
ENTRY POINT SYMBOL: "_c_int00"  address: 00004921


MEMORY CONFIGURATION

         name            origin    length      used     unused   attr    fill
----------------------  --------  ---------  --------  --------  ----  --------
  FLASH                 00000000   00040000  00006224  00039ddc  R  X
  SRAM                  20000000   00008000  00000be5  0000741b  RW X


SEGMENT ALLOCATION MAP

run origin  load origin   length   init length attrs members
----------  ----------- ---------- ----------- ----- -------
00000000    00000000    00006228   00006228    r-x
  00000000    00000000    0000026c   0000026c    r-- .intvecs
  0000026c    0000026c    00004e30   00004e30    r-x .text
  0000509c    0000509c    00000fd4   00000fd4    r-- .const
  00006070    00006070    00000004   00000004    r-- .init_array
  00006078    00006078    000001b0   000001b0    r-- .cinit
20000000    20000000    00000be8   00000000    rw-
  20000000    20000000    000007f9   00000000    rw- .bss
  200007fc    200007fc    00000200   00000000    rw- .stack
  200009fc    200009fc    000001e4   00000000    rw- .data
  20000be0    20000be0    00000008   00000000    rw- .sysmem


SECTION ALLOCATION MAP

 output                                  attributes/
section   page    origin      length       input sections
--------  ----  ----------  ----------   ----------------
.intvecs   0    00000000    0000026c     
                  00000000    0000026c     tm4c123gh6pm_startup_ccs.obj (.intvecs)

.text      0    0000026c    00004e30     
                  0000026c    00000c84     tiva_utils.lib : ustdlib.obj (.text)
                  00000ef0    00000860                    : uartstdio.obj (.text)
                  00001750    00000740     esp8266.obj (.text)
                  00001e90    00000650     main.obj (.text)
                  000024e0    0000057c     drv8711.obj (.text)
                  00002a5c    00000558     aeo1_drivers.lib : ssi_peripheral.obj (.text)
                  00002fb4    00000478                      : pwm_stepper.obj (.text)
                  0000342c    000003dc     rtsv7M4_T_le_v4SPD16_eabi.lib : memory.obj (.text)
                  00003808    000002e8     aeo1_drivers.lib : ssi_drv8711.obj (.text)
                  00003af0    000002c4     drv8711_registers.obj (.text)
                  00003db4    000001f4     aeo1_drivers.lib : adc_potmeter.obj (.text)
                  00003fa8    00000132     driverlib.lib : gpio.obj (.text:GPIOPadConfigSet)
                  000040da    00000002     rtsv7M4_T_le_v4SPD16_eabi.lib : i_div0.obj (.text)
                  000040dc    00000110     driverlib.lib : sysctl.obj (.text:SysCtlClockGet)
                  000041ec    000000f4                   : sysctl.obj (.text:SysCtlClockSet)
                  000042e0    000000f4     rtsv7M4_T_le_v4SPD16_eabi.lib : dtor_list.obj (.text)
                  000043d4    000000bc                                   : typeinfo_.obj (.text)
                  00004490    000000ac     tiva_utils.lib : cmdline.obj (.text)
                  0000453c    0000009c     rtsv7M4_T_le_v4SPD16_eabi.lib : memcpy_t2.obj (.text)
                  000045d8    0000007a     driverlib.lib : adc.obj (.text:ADCSequenceStepConfigure)
                  00004652    0000007a     rtsv7M4_T_le_v4SPD16_eabi.lib : memset_t2.obj (.text)
                  000046cc    0000006c                                   : autoinit.obj (.text)
                  00004738    0000006a                                   : copy_decompress_rle.obj (.text)
                  000047a2    00000002     --HOLE-- [fill = 0]
                  000047a4    00000068     driverlib.lib : interrupt.obj (.text:IntDisable)
                  0000480c    00000068                   : interrupt.obj (.text:IntEnable)
                  00004874    00000056                   : gpio.obj (.text:GPIOIntTypeSet)
                  000048ca    00000056     rtsv7M4_T_le_v4SPD16_eabi.lib : ltoa.obj (.text)
                  00004920    00000050                                   : boot.obj (.text)
                  00004970    0000004c                                   : cpy_tbl.obj (.text)
                  000049bc    00000048     driverlib.lib : gpio.obj (.text:GPIOPinConfigure)
                  00004a04    00000046                   : uart.obj (.text:UARTConfigSetExpClk)
                  00004a4a    00000002     --HOLE-- [fill = 0]
                  00004a4c    00000044     rtsv7M4_T_le_v4SPD16_eabi.lib : exit.obj (.text)
                  00004a90    00000040                                   : u_divt2.obj (.text)
                  00004ad0    0000003e     driverlib.lib : adc.obj (.text:ADCSequenceConfigure)
                  00004b0e    0000003c                   : ssi.obj (.text:SSIConfigSetExpClk)
                  00004b4a    00000002     --HOLE-- [fill = 0]
                  00004b4c    00000038                   : sysctl.obj (.text:SysCtlPeripheralPresent)
                  00004b84    00000034                   : sysctl.obj (.text:SysCtlPeripheralEnable)
                  00004bb8    00000034     rtsv7M4_T_le_v4SPD16_eabi.lib : strstr.obj (.text)
                  00004bec    0000002e     driverlib.lib : adc.obj (.text:ADCIntStatus)
                  00004c1a    0000002a                   : gpio.obj (.text:GPIODirModeSet)
                  00004c44    00000026     rtsv7M4_T_le_v4SPD16_eabi.lib : strncmp.obj (.text)
                  00004c6a    00000022     driverlib.lib : pwm.obj (.text:PWMGenConfigure)
                  00004c8c    00000020                   : uart.obj (.text:UARTDisable)
                  00004cac    0000001e                   : adc.obj (.text:ADCSequenceDataGet)
                  00004cca    0000001e                   : pwm.obj (.text:PWMPulseWidthSet)
                  00004ce8    00000018                   : adc.obj (.text:ADCClockConfigSet)
                  00004d00    00000018                   : adc.obj (.text:ADCProcessorTrigger)
                  00004d18    00000018                   : gpio.obj (.text:GPIOPinTypeGPIOOutput)
                  00004d30    00000018     rtsv7M4_T_le_v4SPD16_eabi.lib : args_main.obj (.text)
                  00004d48    00000018                                   : strcmp.obj (.text)
                  00004d60    00000016                                   : strchr.obj (.text)
                  00004d76    00000002     --HOLE-- [fill = 0]
                  00004d78    00000014     driverlib.lib : fpu.obj (.text:FPUStackingEnable)
                  00004d8c    00000014                   : sysctl.obj (.text:SysCtlPWMClockSet)
                  00004da0    00000014                   : systick.obj (.text:SysTickEnable)
                  00004db4    00000014                   : systick.obj (.text:SysTickIntEnable)
                  00004dc8    00000014                   : uart.obj (.text:UARTEnable)
                  00004ddc    00000014     rtsv7M4_T_le_v4SPD16_eabi.lib : _lock.obj (.text)
                  00004df0    00000014                                   : strlen.obj (.text)
                  00004e04    00000012     driverlib.lib : gpio.obj (.text:GPIOPinTypeADC)
                  00004e16    00000012                   : gpio.obj (.text:GPIOPinTypeGPIOInput)
                  00004e28    00000012                   : gpio.obj (.text:GPIOPinTypePWM)
                  00004e3a    00000012                   : gpio.obj (.text:GPIOPinTypeSSI)
                  00004e4c    00000012                   : gpio.obj (.text:GPIOPinTypeUART)
                  00004e5e    00000012                   : pwm.obj (.text:PWMOutputState)
                  00004e70    00000012                   : ssi.obj (.text:SSIDataGetNonBlocking)
                  00004e82    00000010                   : adc.obj (.text:ADCIntEnable)
                  00004e92    00000002     --HOLE-- [fill = 0]
                  00004e94    00000010                   : fpu.obj (.text:FPUEnable)
                  00004ea4    00000010                   : interrupt.obj (.text:IntMasterDisable)
                  00004eb4    00000010                   : interrupt.obj (.text:IntMasterEnable)
                  00004ec4    00000010                   : pwm.obj (.text:PWMGenPeriodSet)
                  00004ed4    00000010                   : systick.obj (.text:SysTickPeriodSet)
                  00004ee4    0000000e                   : adc.obj (.text:ADCHardwareOversampleConfigure)
                  00004ef2    0000000e                   : adc.obj (.text:ADCIntDisable)
                  00004f00    0000000e                   : adc.obj (.text:ADCSequenceDisable)
                  00004f0e    0000000e                   : adc.obj (.text:ADCSequenceEnable)
                  00004f1c    0000000e                   : gpio.obj (.text:GPIOIntDisable)
                  00004f2a    0000000e                   : ssi.obj (.text:SSIDataPutNonBlocking)
                  00004f38    0000000e                   : uart.obj (.text:UARTCharGetNonBlocking)
                  00004f46    0000000e                   : uart.obj (.text:UARTCharPutNonBlocking)
                  00004f54    0000000e                   : uart.obj (.text:UARTCharsAvail)
                  00004f62    0000000e                   : uart.obj (.text:UARTSpaceAvail)
                  00004f70    0000000e     rtsv7M4_T_le_v4SPD16_eabi.lib : copy_decompress_none.obj (.text:decompress:none)
                  00004f7e    0000000c     driverlib.lib : cpu.obj (.text:CPUcpsid)
                  00004f8a    0000000c                   : cpu.obj (.text:CPUcpsie)
                  00004f96    0000000c                   : gpio.obj (.text:GPIOIntEnable)
                  00004fa2    0000000c                   : pwm.obj (.text:PWMGenDisable)
                  00004fae    0000000c                   : pwm.obj (.text:PWMGenEnable)
                  00004fba    0000000c                   : ssi.obj (.text:SSIDataGet)
                  00004fc6    0000000c     rtsv7M4_T_le_v4SPD16_eabi.lib : copy_zero_init.obj (.text:decompress:ZI)
                  00004fd2    0000000c     tm4c123gh6pm_startup_ccs.obj (.text)
                  00004fde    0000000a     driverlib.lib : adc.obj (.text:ADCIntClear)
                  00004fe8    0000000a                   : pwm.obj (.text:PWMGenIntTrigEnable)
                  00004ff2    0000000a                   : ssi.obj (.text:SSIDataPut)
                  00004ffc    0000000a                   : ssi.obj (.text:SSIDisable)
                  00005006    0000000a                   : ssi.obj (.text:SSIEnable)
                  00005010    0000000a                   : ssi.obj (.text:SSIIntDisable)
                  0000501a    0000000a                   : ssi.obj (.text:SSIIntStatus)
                  00005024    0000000a                   : uart.obj (.text:UARTIntDisable)
                  0000502e    0000000a                   : uart.obj (.text:UARTIntStatus)
                  00005038    0000000a     aeo1_drivers.lib : ssi_drv8711.obj (.text:_ZN4aeo114ssi_peripheral4OnRxEv)
                  00005042    0000000a                      : ssi_drv8711.obj (.text:_ZN4aeo114ssi_peripheral4OnTxEv)
                  0000504c    00000008     driverlib.lib : pwm.obj (.text:PWMIntEnable)
                  00005054    00000008                   : ssi.obj (.text:SSIIntEnable)
                  0000505c    00000008                   : uart.obj (.text:UARTIntEnable)
                  00005064    00000008     rtsv7M4_T_le_v4SPD16_eabi.lib : delete.obj (.text)
                  0000506c    00000006     driverlib.lib : gpio.obj (.text:GPIOPinWrite)
                  00005072    00000006                   : pwm.obj (.text:PWMGenIntClear)
                  00005078    00000006                   : sysctl.obj (.text:SysCtlDelay)
                  0000507e    00000006                   : uart.obj (.text:UARTClockSourceSet)
                  00005084    00000006                   : uart.obj (.text:UARTFIFOLevelSet)
                  0000508a    00000006     rtsv7M4_T_le_v4SPD16_eabi.lib : copy_decompress_rle.obj (.text:decompress:rle24)
                  00005090    00000004     driverlib.lib : ssi.obj (.text:SSIIntClear)
                  00005094    00000004                   : uart.obj (.text:UARTIntClear)
                  00005098    00000004     rtsv7M4_T_le_v4SPD16_eabi.lib : pre_init.obj (.text)

.const     0    0000509c    00000fd4     
                  0000509c    0000054a     drv8711_registers.obj (.const:.string)
                  000055e6    00000002     rtsv7M4_T_le_v4SPD16_eabi.lib : typeinfo_.obj (.const:.typeinfo:_ZTSe)
                  000055e8    00000294     drv8711_registers.obj (.const:DRV8711_Fields)
                  0000587c    000001b8     main.obj (.const:.string)
                  00005a34    00000090     driverlib.lib : gpio.obj (.const:g_pui32GPIOBaseAddrs)
                  00005ac4    00000080     esp8266.obj (.const:_ZN4aeo112InitCommandsE)
                  00005b44    00000076     esp8266.obj (.const:.string)
                  00005bba    00000002     --HOLE-- [fill = 0]
                  00005bbc    00000070     driverlib.lib : interrupt.obj (.const)
                  00005c2c    0000006c                   : sysctl.obj (.const:g_pui32Xtals)
                  00005c98    00000048     drv8711.obj (.const:$P$T0$1)
                  00005ce0    00000030     drv8711_registers.obj (.const:DRV8711_Masks)
                  00005d10    00000030     tiva_utils.lib : ustdlib.obj (.const:g_psDaysToMonth)
                  00005d40    00000028     rtsv7M4_T_le_v4SPD16_eabi.lib : typeinfo_.obj (.const:.typeinfo:_ZTSN10__cxxabiv123__fundamental_type_infoE)
                  00005d68    00000028     aeo1_drivers.lib : ssi_drv8711.obj (.const:_ZTVN4aeo111ssi_drv8711E)
                  00005d90    00000028                      : ssi_peripheral.obj (.const:_ZTVN4aeo114ssi_peripheralE)
                  00005db8    00000028     tiva_utils.lib : uartstdio.obj (.const)
                  00005de0    00000025     rtsv7M4_T_le_v4SPD16_eabi.lib : typeinfo_.obj (.const:.typeinfo:_ZTSN10__cxxabiv120__si_class_type_infoE)
                  00005e05    00000024                                   : typeinfo_.obj (.const:.typeinfo:_ZTSN10__cxxabiv119__pointer_type_infoE)
                  00005e29    00000022                                   : typeinfo_.obj (.const:.typeinfo:_ZTSN10__cxxabiv117__class_type_infoE)
                  00005e4b    00000022                                   : typeinfo_.obj (.const:.typeinfo:_ZTSN10__cxxabiv117__pbase_type_infoE)
                  00005e6d    00000003     --HOLE-- [fill = 0]
                  00005e70    00000020     drv8711.obj (.const)
                  00005e90    0000001c     tiva_utils.lib : ustdlib.obj (.const)
                  00005eac    00000018     aeo1_drivers.lib : ssi_peripheral.obj (.const:.typeinfo:_ZTSN4aeo114ssi_peripheralE)
                  00005ec4    00000016                      : adc_potmeter.obj (.const:.typeinfo:_ZTSN4aeo112adc_potmeterE)
                  00005eda    00000015                      : pwm_stepper.obj (.const:.typeinfo:_ZTSN4aeo111pwm_stepperE)
                  00005eef    00000015                      : ssi_drv8711.obj (.const:.typeinfo:_ZTSN4aeo111ssi_drv8711E)
                  00005f04    00000012     tiva_utils.lib : uartstdio.obj (.const:.string)
                  00005f16    00000002     --HOLE-- [fill = 0]
                  00005f18    00000012                    : ustdlib.obj (.const:.string)
                  00005f2a    00000002     --HOLE-- [fill = 0]
                  00005f2c    00000010     rtsv7M4_T_le_v4SPD16_eabi.lib : typeinfo_.obj (.const:.typeinfo:_ZTIPKe)
                  00005f3c    00000010     drv8711.obj (.const:.typeinfo:_ZTSN4aeo17drv8711E)
                  00005f4c    00000010     esp8266.obj (.const:.typeinfo:_ZTSN4aeo17esp8266E)
                  00005f5c    00000010     rtsv7M4_T_le_v4SPD16_eabi.lib : typeinfo_.obj (.const:_ZTVN10__cxxabiv117__class_type_infoE)
                  00005f6c    00000010                                   : typeinfo_.obj (.const:_ZTVN10__cxxabiv119__pointer_type_infoE)
                  00005f7c    00000010                                   : typeinfo_.obj (.const:_ZTVN10__cxxabiv120__si_class_type_infoE)
                  00005f8c    00000010                                   : typeinfo_.obj (.const:_ZTVN10__cxxabiv123__fundamental_type_infoE)
                  00005f9c    00000010     aeo1_drivers.lib : pwm_stepper.obj (.const:_ZTVN4aeo111pwm_stepperE)
                  00005fac    00000010                      : adc_potmeter.obj (.const:_ZTVN4aeo112adc_potmeterE)
                  00005fbc    00000010     drv8711.obj (.const:_ZTVN4aeo17drv8711E)
                  00005fcc    00000010     esp8266.obj (.const:_ZTVN4aeo17esp8266E)
                  00005fdc    0000000d     rtsv7M4_T_le_v4SPD16_eabi.lib : typeinfo_.obj (.const:.typeinfo:_ZTSSt9type_info)
                  00005fe9    00000003     --HOLE-- [fill = 0]
                  00005fec    0000000c                                   : typeinfo_.obj (.const:.typeinfo:_ZTIN10__cxxabiv117__class_type_infoE)
                  00005ff8    0000000c                                   : typeinfo_.obj (.const:.typeinfo:_ZTIN10__cxxabiv117__pbase_type_infoE)
                  00006004    0000000c                                   : typeinfo_.obj (.const:.typeinfo:_ZTIN10__cxxabiv119__pointer_type_infoE)
                  00006010    0000000c                                   : typeinfo_.obj (.const:.typeinfo:_ZTIN10__cxxabiv120__si_class_type_infoE)
                  0000601c    0000000c                                   : typeinfo_.obj (.const:.typeinfo:_ZTIN10__cxxabiv123__fundamental_type_infoE)
                  00006028    0000000c     aeo1_drivers.lib : ssi_drv8711.obj (.const:.typeinfo:_ZTIN4aeo111ssi_drv8711E)
                  00006034    00000008                      : pwm_stepper.obj (.const:.typeinfo:_ZTIN4aeo111pwm_stepperE)
                  0000603c    00000008                      : adc_potmeter.obj (.const:.typeinfo:_ZTIN4aeo112adc_potmeterE)
                  00006044    00000008                      : ssi_peripheral.obj (.const:.typeinfo:_ZTIN4aeo114ssi_peripheralE)
                  0000604c    00000008     drv8711.obj (.const:.typeinfo:_ZTIN4aeo17drv8711E)
                  00006054    00000008     esp8266.obj (.const:.typeinfo:_ZTIN4aeo17esp8266E)
                  0000605c    00000008     rtsv7M4_T_le_v4SPD16_eabi.lib : typeinfo_.obj (.const:.typeinfo:_ZTISt9type_info)
                  00006064    00000008                                   : typeinfo_.obj (.const:.typeinfo:_ZTIe)
                  0000606c    00000004                                   : typeinfo_.obj (.const:.typeinfo:_ZTSPKe)

.init_array 
*          0    00006070    00000004     
                  00006070    00000004     main.obj (.init_array)

.cinit     0    00006078    000001b0     
                  00006078    00000188     (.cinit..data.load) [load image, compression = rle]
                  00006200    0000000c     (__TI_handler_table)
                  0000620c    00000004     --HOLE-- [fill = 0]
                  00006210    00000008     (.cinit..bss.load) [load image, compression = zero_init]
                  00006218    00000010     (__TI_cinit_table)

.bss       0    20000000    000007f9     UNINITIALIZED
                  20000000    00000400     tiva_utils.lib : uartstdio.obj (.bss:g_pcUARTTxBuffer)
                  20000400    00000218     main.obj (.bss:g_oEsp8266)
                  20000618    000000b0     main.obj (.bss:g_oDrv8711)
                  200006c8    00000080     tiva_utils.lib : uartstdio.obj (.bss:g_pcUARTRxBuffer)
                  20000748    00000080     main.obj (.bss:g_zInput)
                  200007c8    00000024     tiva_utils.lib : cmdline.obj (.bss:g_ppcArgv)
                  200007ec    00000004     (.common:_ZSt16__dummy_typeinfo)
                  200007f0    00000004     (.common:__dso_handle)
                  200007f4    00000004     (.common:g_ui32PortNum)
                  200007f8    00000001     (.common:g_bDisableEcho)

.TI.noinit 
*          0    20000000    00000000     UNINITIALIZED

.stack     0    200007fc    00000200     UNINITIALIZED
                  200007fc    00000200     --HOLE--

.data      0    200009fc    000001e4     UNINITIALIZED
                  200009fc    000000a8     main.obj (.data:g_psCmdTable)
                  20000aa4    00000034     aeo1_drivers.lib : ssi_peripheral.obj (.data:_ZN4aeo118SSI0_SpecificationE)
                  20000ad8    00000034                      : ssi_peripheral.obj (.data:_ZN4aeo118SSI1_SpecificationE)
                  20000b0c    00000034                      : ssi_peripheral.obj (.data:_ZN4aeo118SSI2_SpecificationE)
                  20000b40    00000034                      : ssi_peripheral.obj (.data:_ZN4aeo118SSI3_SpecificationE)
                  20000b74    00000015     tiva_utils.lib : uartstdio.obj (.data)
                  20000b89    00000001     main.obj (.data)
                  20000b8a    00000002     --HOLE--
                  20000b8c    00000010     aeo1_drivers.lib : adc_potmeter.obj (.data)
                  20000b9c    00000010                      : ssi_peripheral.obj (.data)
                  20000bac    0000000c     rtsv7M4_T_le_v4SPD16_eabi.lib : memory.obj (.data)
                  20000bb8    00000008                                   : _lock.obj (.data)
                  20000bc0    00000008                                   : exit.obj (.data)
                  20000bc8    00000004     aeo1_drivers.lib : pwm_stepper.obj (.data)
                  20000bcc    00000004                      : ssi_drv8711.obj (.data)
                  20000bd0    00000004     esp8266.obj (.data)
                  20000bd4    00000004     rtsv7M4_T_le_v4SPD16_eabi.lib : dtor_list.obj (.data)
                  20000bd8    00000004                                   : stkdepth_vars.obj (.data)
                  20000bdc    00000004     tiva_utils.lib : ustdlib.obj (.data)

.TI.persistent 
*          0    200009fc    00000000     UNINITIALIZED

.sysmem    0    20000be0    00000008     UNINITIALIZED
                  20000be0    00000008     rtsv7M4_T_le_v4SPD16_eabi.lib : memory.obj (.sysmem)


LINKER GENERATED COPY TABLES

__TI_cinit_table @ 00006218 records: 2, size/record: 8, table size: 16
	.data: load addr=00006078, load size=00000188 bytes, run addr=200009fc, run size=000001e4 bytes, compression=rle
	.bss: load addr=00006210, load size=00000008 bytes, run addr=20000000, run size=000007f9 bytes, compression=zero_init


LINKER GENERATED HANDLER TABLE

__TI_handler_table @ 00006200 records: 3, size/record: 4, table size: 12
	index: 0, handler: __TI_decompress_rle24
	index: 1, handler: __TI_decompress_none
	index: 2, handler: __TI_zero_init


GLOBAL SYMBOLS: SORTED ALPHABETICALLY BY Name 

address   name                                              
-------   ----                                              
00004ce9  ADCClockConfigSet                                 
00004ee5  ADCHardwareOversampleConfigure                    
00004fdf  ADCIntClear                                       
00004ef3  ADCIntDisable                                     
00004e83  ADCIntEnable                                      
00004bed  ADCIntStatus                                      
00004d01  ADCProcessorTrigger                               
00004ad1  ADCSequenceConfigure                              
00004cad  ADCSequenceDataGet                                
00004f01  ADCSequenceDisable                                
00004f0f  ADCSequenceEnable                                 
000045d9  ADCSequenceStepConfigure                          
00004a4d  C$$EXIT                                           
00004f7f  CPUcpsid                                          
00004f8b  CPUcpsie                                          
00004491  CmdLineProcess                                    
00004e95  FPUEnable                                         
00004d79  FPUStackingEnable                                 
00004c1b  GPIODirModeSet                                    
00004f1d  GPIOIntDisable                                    
00004f97  GPIOIntEnable                                     
00004875  GPIOIntTypeSet                                    
00003fa9  GPIOPadConfigSet                                  
000049bd  GPIOPinConfigure                                  
00004e05  GPIOPinTypeADC                                    
00004e17  GPIOPinTypeGPIOInput                              
00004d19  GPIOPinTypeGPIOOutput                             
00004e29  GPIOPinTypePWM                                    
00004e3b  GPIOPinTypeSSI                                    
00004e4d  GPIOPinTypeUART                                   
0000506d  GPIOPinWrite                                      
000047a5  IntDisable                                        
0000480d  IntEnable                                         
00004ea5  IntMasterDisable                                  
00004eb5  IntMasterEnable                                   
00003db5  OnADCInterrupt                                    
00003809  OnGPIOBInterrupt                                  
00003825  OnGPIOEInterrupt                                  
00002fb5  OnPWM1Gen1Interrupt                               
00002a5d  OnSSI0Interrupt                                   
00002a77  OnSSI1Interrupt                                   
00002a91  OnSSI2Interrupt                                   
00002aab  OnSSI3Interrupt                                   
00004c6b  PWMGenConfigure                                   
00004fa3  PWMGenDisable                                     
00004faf  PWMGenEnable                                      
00005073  PWMGenIntClear                                    
00004fe9  PWMGenIntTrigEnable                               
00004ec5  PWMGenPeriodSet                                   
0000504d  PWMIntEnable                                      
00004e5f  PWMOutputState                                    
00004ccb  PWMPulseWidthSet                                  
00004fd3  ResetISR                                          
00006070  SHT$$INIT_ARRAY$$Base                             
00006074  SHT$$INIT_ARRAY$$Limit                            
00004b0f  SSIConfigSetExpClk                                
00004fbb  SSIDataGet                                        
00004e71  SSIDataGetNonBlocking                             
00004ff3  SSIDataPut                                        
00004f2b  SSIDataPutNonBlocking                             
00004ffd  SSIDisable                                        
00005007  SSIEnable                                         
00005091  SSIIntClear                                       
00005011  SSIIntDisable                                     
00005055  SSIIntEnable                                      
0000501b  SSIIntStatus                                      
000040dd  SysCtlClockGet                                    
000041ed  SysCtlClockSet                                    
00005079  SysCtlDelay                                       
00004d8d  SysCtlPWMClockSet                                 
00004b85  SysCtlPeripheralEnable                            
00004b4d  SysCtlPeripheralPresent                           
00004da1  SysTickEnable                                     
00004db5  SysTickIntEnable                                  
00002131  SysTickIntHandler                                 
00004ed5  SysTickPeriodSet                                  
00004f39  UARTCharGetNonBlocking                            
00004f47  UARTCharPutNonBlocking                            
00004f55  UARTCharsAvail                                    
0000507f  UARTClockSourceSet                                
00004a05  UARTConfigSetExpClk                               
00004c8d  UARTDisable                                       
000015c9  UARTEchoSet                                       
00004dc9  UARTEnable                                        
00005085  UARTFIFOLevelSet                                  
00001573  UARTFlushRx                                       
00001593  UARTFlushTx                                       
00005095  UARTIntClear                                      
00005025  UARTIntDisable                                    
0000505d  UARTIntEnable                                     
0000502f  UARTIntStatus                                     
00001519  UARTPeek                                          
000014f7  UARTRxBytesAvail                                  
00004f63  UARTSpaceAvail                                    
00000fdd  UARTStdioConfig                                   
000015f5  UARTStdioIntHandler                               
00001505  UARTTxBytesFree                                   
0000117f  UARTgetc                                          
00001103  UARTgets                                          
000014d3  UARTprintf                                        
000011d9  UARTvprintf                                       
00001063  UARTwrite                                         
00002041  _Z10CMD_mresetiPPc                                
00002051  _Z10CMD_wresetiPPc                                
00003b71  _Z23drv8711_registers_PrintiiPFbPKciS0_PvES1_     
00003c83  _Z31drv8711_registers_GetFieldValuePKciRj         
00003d0d  _Z31drv8711_registers_SetFieldValuePKcRjS0_       
00003c2f  _Z35drv8711_registers_GetRegisterNumberPKc        
00001eb1  _Z7CMD_getiPPc                                    
00001f13  _Z7CMD_setiPPc                                    
00001fe3  _Z8CMD_diagiPPc                                   
00001ea1  _Z8CMD_haltiPPc                                   
00002089  _Z8CMD_helpiPPc                                   
00001e91  _Z8CMD_idleiPPc                                   
00001f93  _Z8CMD_moveiPPc                                   
00001fc1  _Z8CMD_stopiPPc                                   
00002385  _Z8MainLoopv                                      
00002075  _Z9CMD_noerriPPc                                  
00002067  _Z9CMD_resetiPPc                                  
00002019  _Z9CMD_sleepiPPc                                  
00004481  _ZN10__cxxabiv116__enum_type_infoD0Ev             
0000447f  _ZN10__cxxabiv116__enum_type_infoD1Ev             
0000447f  _ZN10__cxxabiv116__enum_type_infoD2Ev             
00004477  _ZN10__cxxabiv117__array_type_infoD0Ev            
00004475  _ZN10__cxxabiv117__array_type_infoD1Ev            
00004475  _ZN10__cxxabiv117__array_type_infoD2Ev            
0000446d  _ZN10__cxxabiv117__class_type_infoD0Ev            
0000446b  _ZN10__cxxabiv117__class_type_infoD1Ev            
0000446b  _ZN10__cxxabiv117__class_type_infoD2Ev            
00004463  _ZN10__cxxabiv117__pbase_type_infoD0Ev            
00004461  _ZN10__cxxabiv117__pbase_type_infoD1Ev            
00004461  _ZN10__cxxabiv117__pbase_type_infoD2Ev            
00004459  _ZN10__cxxabiv119__pointer_type_infoD0Ev          
00004457  _ZN10__cxxabiv119__pointer_type_infoD1Ev          
00004457  _ZN10__cxxabiv119__pointer_type_infoD2Ev          
0000444f  _ZN10__cxxabiv120__function_type_infoD0Ev         
0000444d  _ZN10__cxxabiv120__function_type_infoD1Ev         
0000444d  _ZN10__cxxabiv120__function_type_infoD2Ev         
00004445  _ZN10__cxxabiv120__si_class_type_infoD0Ev         
00004443  _ZN10__cxxabiv120__si_class_type_infoD1Ev         
00004443  _ZN10__cxxabiv120__si_class_type_infoD2Ev         
0000443b  _ZN10__cxxabiv121__vmi_class_type_infoD0Ev        
00004439  _ZN10__cxxabiv121__vmi_class_type_infoD1Ev        
00004439  _ZN10__cxxabiv121__vmi_class_type_infoD2Ev        
00004431  _ZN10__cxxabiv123__fundamental_type_infoD0Ev      
0000442f  _ZN10__cxxabiv123__fundamental_type_infoD1Ev      
0000442f  _ZN10__cxxabiv123__fundamental_type_infoD2Ev      
00004427  _ZN10__cxxabiv129__pointer_to_member_type_infoD0Ev
00004425  _ZN10__cxxabiv129__pointer_to_member_type_infoD1Ev
00004425  _ZN10__cxxabiv129__pointer_to_member_type_infoD2Ev
00003035  _ZN4aeo111pwm_stepper10InitializeEv               
00003169  _ZN4aeo111pwm_stepper11OnInterruptEv              
00003265  _ZN4aeo111pwm_stepper3GetEPKcRj                   
000033b5  _ZN4aeo111pwm_stepper3SetEPKcj                    
000030a7  _ZN4aeo111pwm_stepper4DiagEv                      
000030f7  _ZN4aeo111pwm_stepper4MoveEj                      
00003131  _ZN4aeo111pwm_stepper4StopEb                      
00002fd1  _ZN4aeo111pwm_stepperC1Ev                         
00002fd1  _ZN4aeo111pwm_stepperC2Ev                         
0000301f  _ZN4aeo111pwm_stepperD0Ev                         
00003013  _ZN4aeo111pwm_stepperD1Ev                         
00003013  _ZN4aeo111pwm_stepperD2Ev                         
0000388b  _ZN4aeo111ssi_drv871110InitializeEv               
00003a99  _ZN4aeo111ssi_drv871111GetRegisterEj              
000039b5  _ZN4aeo111ssi_drv871115OnGpioInterruptENS0_5EventE
00003957  _ZN4aeo111ssi_drv87114DiagEv                      
000039e9  _ZN4aeo111ssi_drv87114ReadEj                      
00003987  _ZN4aeo111ssi_drv87115ResetEv                     
00003969  _ZN4aeo111ssi_drv87115SleepEb                     
00003a4b  _ZN4aeo111ssi_drv87115WriteEjj                    
00003841  _ZN4aeo111ssi_drv8711C1Ev                         
00003841  _ZN4aeo111ssi_drv8711C2Ev                         
00003875  _ZN4aeo111ssi_drv8711D0Ev                         
00003867  _ZN4aeo111ssi_drv8711D1Ev                         
00003867  _ZN4aeo111ssi_drv8711D2Ev                         
00003e1f  _ZN4aeo112adc_potmeter10InitializeEv              
20000b8c  _ZN4aeo112adc_potmeter10m_nCounterE               
00003e9b  _ZN4aeo112adc_potmeter11OnInterruptEv             
20000b94  _ZN4aeo112adc_potmeter14m_nReadCounterE           
00003f45  _ZN4aeo112adc_potmeter15GetErrorCounterEv         
20000b90  _ZN4aeo112adc_potmeter15m_nErrorCounterE          
20000b98  _ZN4aeo112adc_potmeter16m_pTheOneAndOnlyE         
00003f5d  _ZN4aeo112adc_potmeter4DiagEv                     
00003f17  _ZN4aeo112adc_potmeter7TriggerEv                  
00003f25  _ZN4aeo112adc_potmeter8GetValueEv                 
00003e7f  _ZN4aeo112adc_potmeter9TerminateEv                
00003dc7  _ZN4aeo112adc_potmeterC1Ev                        
00003dc7  _ZN4aeo112adc_potmeterC2Ev                        
00003e09  _ZN4aeo112adc_potmeterD0Ev                        
00003de5  _ZN4aeo112adc_potmeterD1Ev                        
00003de5  _ZN4aeo112adc_potmeterD2Ev                        
00002b91  _ZN4aeo114ssi_peripheral10InitializeEv            
00002e8f  _ZN4aeo114ssi_peripheral10LoadTxFIFOEv            
00002cd9  _ZN4aeo114ssi_peripheral11OnInterruptEv           
00002ec5  _ZN4aeo114ssi_peripheral12UnloadRxFIFOEv          
00002e77  _ZN4aeo114ssi_peripheral3GetEv                    
00002e63  _ZN4aeo114ssi_peripheral3PutEj                    
00002d79  _ZN4aeo114ssi_peripheral4DiagEv                   
00005039  _ZN4aeo114ssi_peripheral4OnRxEv                   
00005043  _ZN4aeo114ssi_peripheral4OnTxEv                   
00002e07  _ZN4aeo114ssi_peripheral9TerminateEv              
00002ac5  _ZN4aeo114ssi_peripheralC1ENS0_9device_idEjb      
00002ac5  _ZN4aeo114ssi_peripheralC2ENS0_9device_idEjb      
00002b7b  _ZN4aeo114ssi_peripheralD0Ev                      
00002b67  _ZN4aeo114ssi_peripheralD1Ev                      
00002b67  _ZN4aeo114ssi_peripheralD2Ev                      
20000aa4  _ZN4aeo118SSI0_SpecificationE                     
20000ad8  _ZN4aeo118SSI1_SpecificationE                     
20000b0c  _ZN4aeo118SSI2_SpecificationE                     
20000b40  _ZN4aeo118SSI3_SpecificationE                     
0000252d  _ZN4aeo17drv871110InitializeEv                    
000027a1  _ZN4aeo17drv871110SetDefaultEv                    
0000276b  _ZN4aeo17drv871111ClearFaultsEv                   
00002889  _ZN4aeo17drv871111PrintStatusEj                   
000027fb  _ZN4aeo17drv871116ReadAllRegistersEv              
0000282d  _ZN4aeo17drv871117PrintAllRegistersEv             
000025ab  _ZN4aeo17drv87113GetEPKcPci                       
00002619  _ZN4aeo17drv87113SetEPKcS2_                       
00002719  _ZN4aeo17drv87114DiagEv                           
0000257d  _ZN4aeo17drv87114HaltEv                           
00002551  _ZN4aeo17drv87114IdleEv                           
0000268f  _ZN4aeo17drv87114MoveEi                           
000026ef  _ZN4aeo17drv87114StopEb                           
00002783  _ZN4aeo17drv87115ResetEv                          
00002741  _ZN4aeo17drv87115SleepEb                          
000024e1  _ZN4aeo17drv8711C1Ev                              
000024e1  _ZN4aeo17drv8711C2Ev                              
00002517  _ZN4aeo17drv8711D0Ev                              
000024ff  _ZN4aeo17drv8711D1Ev                              
000024ff  _ZN4aeo17drv8711D2Ev                              
000017d5  _ZN4aeo17esp826610InitializeEv                    
00001bf7  _ZN4aeo17esp826610OnTransmitEv                    
00001ba9  _ZN4aeo17esp826610SetBitrateEj                    
00001af7  _ZN4aeo17esp826611RxEndOfLineEv                   
00001b31  _ZN4aeo17esp826613ConfigureUARTEj                 
00001d21  _ZN4aeo17esp826616FillOutputBufferEPKc            
0000191d  _ZN4aeo17esp82664DiagEv                           
0000181d  _ZN4aeo17esp82665ResetEv                          
000018b7  _ZN4aeo17esp82665SetupEv                          
00001981  _ZN4aeo17esp82665WriteEPKc                        
00001dc5  _ZN4aeo17esp82666InvokeEPKcS2_S2_i                
0000194d  _ZN4aeo17esp82666OnUartEj                         
00001a69  _ZN4aeo17esp82668ReadLineEPci                     
00001c9f  _ZN4aeo17esp82669OnReceiveEv                      
00001783  _ZN4aeo17esp8266C1Ev                              
00001783  _ZN4aeo17esp8266C2Ev                              
000017bf  _ZN4aeo17esp8266D0Ev                              
000017b3  _ZN4aeo17esp8266D1Ev                              
000017b3  _ZN4aeo17esp8266D2Ev                              
000043e7  _ZNKSt9type_info4nameEv                           
00004417  _ZNKSt9type_info6beforeERKS_                      
00004401  _ZNKSt9type_infoeqERKS_                           
000043eb  _ZNKSt9type_infoneERKS_                           
000043df  _ZNSt9type_infoD0Ev                               
000043dd  _ZNSt9type_infoD1Ev                               
000043dd  _ZNSt9type_infoD2Ev                               
200007ec  _ZSt16__dummy_typeinfo                            
000043d5  _ZSt21__gen_dummy_typeinfosv                      
00005fec  _ZTIN10__cxxabiv117__class_type_infoE             
00005ff8  _ZTIN10__cxxabiv117__pbase_type_infoE             
00006004  _ZTIN10__cxxabiv119__pointer_type_infoE           
00006010  _ZTIN10__cxxabiv120__si_class_type_infoE          
0000601c  _ZTIN10__cxxabiv123__fundamental_type_infoE       
00006034  _ZTIN4aeo111pwm_stepperE                          
00006028  _ZTIN4aeo111ssi_drv8711E                          
0000603c  _ZTIN4aeo112adc_potmeterE                         
00006044  _ZTIN4aeo114ssi_peripheralE                       
0000604c  _ZTIN4aeo17drv8711E                               
00006054  _ZTIN4aeo17esp8266E                               
00005f2c  _ZTIPKe                                           
0000605c  _ZTISt9type_info                                  
00006064  _ZTIe                                             
00005e29  _ZTSN10__cxxabiv117__class_type_infoE             
00005e4b  _ZTSN10__cxxabiv117__pbase_type_infoE             
00005e05  _ZTSN10__cxxabiv119__pointer_type_infoE           
00005de0  _ZTSN10__cxxabiv120__si_class_type_infoE          
00005d40  _ZTSN10__cxxabiv123__fundamental_type_infoE       
00005eda  _ZTSN4aeo111pwm_stepperE                          
00005eef  _ZTSN4aeo111ssi_drv8711E                          
00005ec4  _ZTSN4aeo112adc_potmeterE                         
00005eac  _ZTSN4aeo114ssi_peripheralE                       
00005f3c  _ZTSN4aeo17drv8711E                               
00005f4c  _ZTSN4aeo17esp8266E                               
0000606c  _ZTSPKe                                           
00005fdc  _ZTSSt9type_info                                  
000055e6  _ZTSe                                             
00005f5c  _ZTVN10__cxxabiv117__class_type_infoE             
00005f6c  _ZTVN10__cxxabiv119__pointer_type_infoE           
00005f7c  _ZTVN10__cxxabiv120__si_class_type_infoE          
00005f8c  _ZTVN10__cxxabiv123__fundamental_type_infoE       
00005f9c  _ZTVN4aeo111pwm_stepperE                          
00005d68  _ZTVN4aeo111ssi_drv8711E                          
00005fac  _ZTVN4aeo112adc_potmeterE                         
00005d90  _ZTVN4aeo114ssi_peripheralE                       
00005fbc  _ZTVN4aeo17drv8711E                               
00005fcc  _ZTVN4aeo17esp8266E                               
00005065  _ZdlPv                                            
200009fc  __STACK_END                                       
00000200  __STACK_SIZE                                      
200009fc  __STACK_TOP                                       
00000008  __SYSMEM_SIZE                                     
00006218  __TI_CINIT_Base                                   
00006228  __TI_CINIT_Limit                                  
00006200  __TI_Handler_Table_Base                           
0000620c  __TI_Handler_Table_Limit                          
000046cd  __TI_auto_init                                    
20000bc0  __TI_cleanup_ptr                                  
00004f71  __TI_decompress_none                              
0000508b  __TI_decompress_rle24                             
20000bc4  __TI_dtors_ptr                                    
00000000  __TI_static_base__                                
00004fc7  __TI_zero_init                                    
00004337  __aeabi_atexit                                    
000040db  __aeabi_idiv0                                     
00004653  __aeabi_memclr                                    
00004653  __aeabi_memclr4                                   
00004653  __aeabi_memclr8                                   
0000453d  __aeabi_memcpy                                    
0000453d  __aeabi_memcpy4                                   
0000453d  __aeabi_memcpy8                                   
00004655  __aeabi_memset                                    
00004655  __aeabi_memset4                                   
00004655  __aeabi_memset8                                   
00004a91  __aeabi_uidiv                                     
00004a91  __aeabi_uidivmod                                  
ffffffff  __binit__                                         
ffffffff  __c_args__                                        
0000437b  __cxa_atexit                                      
000042e1  __cxa_finalize                                    
00004323  __cxa_ia64_exit                                   
200007f0  __dso_handle                                      
200007fc  __stack                                           
000023f5  __sti___8_main_cpp_779587d3                       
00004d31  _args_main                                        
00004921  _c_int00                                          
20000bb8  _lock                                             
00004deb  _nop                                              
00004de3  _register_lock                                    
00004ddd  _register_unlock                                  
20000be0  _sys_memory                                       
00005099  _system_pre_init                                  
20000bbc  _unlock                                           
00004a51  abort                                             
00004329  atexit                                            
ffffffff  binit                                             
000037d5  calloc                                            
00004971  copy_in                                           
00001751  esp8266_UARTIntHandler                            
00004a59  exit                                              
00003523  free                                              
20000618  g_oDrv8711                                        
20000400  g_oEsp8266                                        
00000000  g_pfnVectors                                      
200009fc  g_psCmdTable                                      
000048cb  ltoa                                              
000023e7  main                                              
20000bd8  main_func_sp                                      
000034bb  malloc                                            
000036f1  memalign                                          
0000453d  memcpy                                            
0000465b  memset                                            
0000342d  minit                                             
000035e5  realloc                                           
00004d61  strchr                                            
00004d49  strcmp                                            
00004df1  strlen                                            
00004c45  strncmp                                           
00004bb9  strstr                                            
00000751  ulocaltime                                        
0000094f  umktime                                           
00000ec9  urand                                             
00000721  usnprintf                                         
000006ef  usprintf                                          
00000eb9  usrand                                            
00000e31  ustrcasecmp                                       
00000ea5  ustrcmp                                           
00000d35  ustrlen                                           
00000d8d  ustrncasecmp                                      
00000e45  ustrncmp                                          
0000026d  ustrncpy                                          
00000d57  ustrstr                                           
00000afd  ustrtof                                           
000009c5  ustrtoul                                          
000002c5  uvsnprintf                                        


GLOBAL SYMBOLS: SORTED BY Symbol Address 

address   name                                              
-------   ----                                              
00000000  __TI_static_base__                                
00000000  g_pfnVectors                                      
00000008  __SYSMEM_SIZE                                     
00000200  __STACK_SIZE                                      
0000026d  ustrncpy                                          
000002c5  uvsnprintf                                        
000006ef  usprintf                                          
00000721  usnprintf                                         
00000751  ulocaltime                                        
0000094f  umktime                                           
000009c5  ustrtoul                                          
00000afd  ustrtof                                           
00000d35  ustrlen                                           
00000d57  ustrstr                                           
00000d8d  ustrncasecmp                                      
00000e31  ustrcasecmp                                       
00000e45  ustrncmp                                          
00000ea5  ustrcmp                                           
00000eb9  usrand                                            
00000ec9  urand                                             
00000fdd  UARTStdioConfig                                   
00001063  UARTwrite                                         
00001103  UARTgets                                          
0000117f  UARTgetc                                          
000011d9  UARTvprintf                                       
000014d3  UARTprintf                                        
000014f7  UARTRxBytesAvail                                  
00001505  UARTTxBytesFree                                   
00001519  UARTPeek                                          
00001573  UARTFlushRx                                       
00001593  UARTFlushTx                                       
000015c9  UARTEchoSet                                       
000015f5  UARTStdioIntHandler                               
00001751  esp8266_UARTIntHandler                            
00001783  _ZN4aeo17esp8266C1Ev                              
00001783  _ZN4aeo17esp8266C2Ev                              
000017b3  _ZN4aeo17esp8266D1Ev                              
000017b3  _ZN4aeo17esp8266D2Ev                              
000017bf  _ZN4aeo17esp8266D0Ev                              
000017d5  _ZN4aeo17esp826610InitializeEv                    
0000181d  _ZN4aeo17esp82665ResetEv                          
000018b7  _ZN4aeo17esp82665SetupEv                          
0000191d  _ZN4aeo17esp82664DiagEv                           
0000194d  _ZN4aeo17esp82666OnUartEj                         
00001981  _ZN4aeo17esp82665WriteEPKc                        
00001a69  _ZN4aeo17esp82668ReadLineEPci                     
00001af7  _ZN4aeo17esp826611RxEndOfLineEv                   
00001b31  _ZN4aeo17esp826613ConfigureUARTEj                 
00001ba9  _ZN4aeo17esp826610SetBitrateEj                    
00001bf7  _ZN4aeo17esp826610OnTransmitEv                    
00001c9f  _ZN4aeo17esp82669OnReceiveEv                      
00001d21  _ZN4aeo17esp826616FillOutputBufferEPKc            
00001dc5  _ZN4aeo17esp82666InvokeEPKcS2_S2_i                
00001e91  _Z8CMD_idleiPPc                                   
00001ea1  _Z8CMD_haltiPPc                                   
00001eb1  _Z7CMD_getiPPc                                    
00001f13  _Z7CMD_setiPPc                                    
00001f93  _Z8CMD_moveiPPc                                   
00001fc1  _Z8CMD_stopiPPc                                   
00001fe3  _Z8CMD_diagiPPc                                   
00002019  _Z9CMD_sleepiPPc                                  
00002041  _Z10CMD_mresetiPPc                                
00002051  _Z10CMD_wresetiPPc                                
00002067  _Z9CMD_resetiPPc                                  
00002075  _Z9CMD_noerriPPc                                  
00002089  _Z8CMD_helpiPPc                                   
00002131  SysTickIntHandler                                 
00002385  _Z8MainLoopv                                      
000023e7  main                                              
000023f5  __sti___8_main_cpp_779587d3                       
000024e1  _ZN4aeo17drv8711C1Ev                              
000024e1  _ZN4aeo17drv8711C2Ev                              
000024ff  _ZN4aeo17drv8711D1Ev                              
000024ff  _ZN4aeo17drv8711D2Ev                              
00002517  _ZN4aeo17drv8711D0Ev                              
0000252d  _ZN4aeo17drv871110InitializeEv                    
00002551  _ZN4aeo17drv87114IdleEv                           
0000257d  _ZN4aeo17drv87114HaltEv                           
000025ab  _ZN4aeo17drv87113GetEPKcPci                       
00002619  _ZN4aeo17drv87113SetEPKcS2_                       
0000268f  _ZN4aeo17drv87114MoveEi                           
000026ef  _ZN4aeo17drv87114StopEb                           
00002719  _ZN4aeo17drv87114DiagEv                           
00002741  _ZN4aeo17drv87115SleepEb                          
0000276b  _ZN4aeo17drv871111ClearFaultsEv                   
00002783  _ZN4aeo17drv87115ResetEv                          
000027a1  _ZN4aeo17drv871110SetDefaultEv                    
000027fb  _ZN4aeo17drv871116ReadAllRegistersEv              
0000282d  _ZN4aeo17drv871117PrintAllRegistersEv             
00002889  _ZN4aeo17drv871111PrintStatusEj                   
00002a5d  OnSSI0Interrupt                                   
00002a77  OnSSI1Interrupt                                   
00002a91  OnSSI2Interrupt                                   
00002aab  OnSSI3Interrupt                                   
00002ac5  _ZN4aeo114ssi_peripheralC1ENS0_9device_idEjb      
00002ac5  _ZN4aeo114ssi_peripheralC2ENS0_9device_idEjb      
00002b67  _ZN4aeo114ssi_peripheralD1Ev                      
00002b67  _ZN4aeo114ssi_peripheralD2Ev                      
00002b7b  _ZN4aeo114ssi_peripheralD0Ev                      
00002b91  _ZN4aeo114ssi_peripheral10InitializeEv            
00002cd9  _ZN4aeo114ssi_peripheral11OnInterruptEv           
00002d79  _ZN4aeo114ssi_peripheral4DiagEv                   
00002e07  _ZN4aeo114ssi_peripheral9TerminateEv              
00002e63  _ZN4aeo114ssi_peripheral3PutEj                    
00002e77  _ZN4aeo114ssi_peripheral3GetEv                    
00002e8f  _ZN4aeo114ssi_peripheral10LoadTxFIFOEv            
00002ec5  _ZN4aeo114ssi_peripheral12UnloadRxFIFOEv          
00002fb5  OnPWM1Gen1Interrupt                               
00002fd1  _ZN4aeo111pwm_stepperC1Ev                         
00002fd1  _ZN4aeo111pwm_stepperC2Ev                         
00003013  _ZN4aeo111pwm_stepperD1Ev                         
00003013  _ZN4aeo111pwm_stepperD2Ev                         
0000301f  _ZN4aeo111pwm_stepperD0Ev                         
00003035  _ZN4aeo111pwm_stepper10InitializeEv               
000030a7  _ZN4aeo111pwm_stepper4DiagEv                      
000030f7  _ZN4aeo111pwm_stepper4MoveEj                      
00003131  _ZN4aeo111pwm_stepper4StopEb                      
00003169  _ZN4aeo111pwm_stepper11OnInterruptEv              
00003265  _ZN4aeo111pwm_stepper3GetEPKcRj                   
000033b5  _ZN4aeo111pwm_stepper3SetEPKcj                    
0000342d  minit                                             
000034bb  malloc                                            
00003523  free                                              
000035e5  realloc                                           
000036f1  memalign                                          
000037d5  calloc                                            
00003809  OnGPIOBInterrupt                                  
00003825  OnGPIOEInterrupt                                  
00003841  _ZN4aeo111ssi_drv8711C1Ev                         
00003841  _ZN4aeo111ssi_drv8711C2Ev                         
00003867  _ZN4aeo111ssi_drv8711D1Ev                         
00003867  _ZN4aeo111ssi_drv8711D2Ev                         
00003875  _ZN4aeo111ssi_drv8711D0Ev                         
0000388b  _ZN4aeo111ssi_drv871110InitializeEv               
00003957  _ZN4aeo111ssi_drv87114DiagEv                      
00003969  _ZN4aeo111ssi_drv87115SleepEb                     
00003987  _ZN4aeo111ssi_drv87115ResetEv                     
000039b5  _ZN4aeo111ssi_drv871115OnGpioInterruptENS0_5EventE
000039e9  _ZN4aeo111ssi_drv87114ReadEj                      
00003a4b  _ZN4aeo111ssi_drv87115WriteEjj                    
00003a99  _ZN4aeo111ssi_drv871111GetRegisterEj              
00003b71  _Z23drv8711_registers_PrintiiPFbPKciS0_PvES1_     
00003c2f  _Z35drv8711_registers_GetRegisterNumberPKc        
00003c83  _Z31drv8711_registers_GetFieldValuePKciRj         
00003d0d  _Z31drv8711_registers_SetFieldValuePKcRjS0_       
00003db5  OnADCInterrupt                                    
00003dc7  _ZN4aeo112adc_potmeterC1Ev                        
00003dc7  _ZN4aeo112adc_potmeterC2Ev                        
00003de5  _ZN4aeo112adc_potmeterD1Ev                        
00003de5  _ZN4aeo112adc_potmeterD2Ev                        
00003e09  _ZN4aeo112adc_potmeterD0Ev                        
00003e1f  _ZN4aeo112adc_potmeter10InitializeEv              
00003e7f  _ZN4aeo112adc_potmeter9TerminateEv                
00003e9b  _ZN4aeo112adc_potmeter11OnInterruptEv             
00003f17  _ZN4aeo112adc_potmeter7TriggerEv                  
00003f25  _ZN4aeo112adc_potmeter8GetValueEv                 
00003f45  _ZN4aeo112adc_potmeter15GetErrorCounterEv         
00003f5d  _ZN4aeo112adc_potmeter4DiagEv                     
00003fa9  GPIOPadConfigSet                                  
000040db  __aeabi_idiv0                                     
000040dd  SysCtlClockGet                                    
000041ed  SysCtlClockSet                                    
000042e1  __cxa_finalize                                    
00004323  __cxa_ia64_exit                                   
00004329  atexit                                            
00004337  __aeabi_atexit                                    
0000437b  __cxa_atexit                                      
000043d5  _ZSt21__gen_dummy_typeinfosv                      
000043dd  _ZNSt9type_infoD1Ev                               
000043dd  _ZNSt9type_infoD2Ev                               
000043df  _ZNSt9type_infoD0Ev                               
000043e7  _ZNKSt9type_info4nameEv                           
000043eb  _ZNKSt9type_infoneERKS_                           
00004401  _ZNKSt9type_infoeqERKS_                           
00004417  _ZNKSt9type_info6beforeERKS_                      
00004425  _ZN10__cxxabiv129__pointer_to_member_type_infoD1Ev
00004425  _ZN10__cxxabiv129__pointer_to_member_type_infoD2Ev
00004427  _ZN10__cxxabiv129__pointer_to_member_type_infoD0Ev
0000442f  _ZN10__cxxabiv123__fundamental_type_infoD1Ev      
0000442f  _ZN10__cxxabiv123__fundamental_type_infoD2Ev      
00004431  _ZN10__cxxabiv123__fundamental_type_infoD0Ev      
00004439  _ZN10__cxxabiv121__vmi_class_type_infoD1Ev        
00004439  _ZN10__cxxabiv121__vmi_class_type_infoD2Ev        
0000443b  _ZN10__cxxabiv121__vmi_class_type_infoD0Ev        
00004443  _ZN10__cxxabiv120__si_class_type_infoD1Ev         
00004443  _ZN10__cxxabiv120__si_class_type_infoD2Ev         
00004445  _ZN10__cxxabiv120__si_class_type_infoD0Ev         
0000444d  _ZN10__cxxabiv120__function_type_infoD1Ev         
0000444d  _ZN10__cxxabiv120__function_type_infoD2Ev         
0000444f  _ZN10__cxxabiv120__function_type_infoD0Ev         
00004457  _ZN10__cxxabiv119__pointer_type_infoD1Ev          
00004457  _ZN10__cxxabiv119__pointer_type_infoD2Ev          
00004459  _ZN10__cxxabiv119__pointer_type_infoD0Ev          
00004461  _ZN10__cxxabiv117__pbase_type_infoD1Ev            
00004461  _ZN10__cxxabiv117__pbase_type_infoD2Ev            
00004463  _ZN10__cxxabiv117__pbase_type_infoD0Ev            
0000446b  _ZN10__cxxabiv117__class_type_infoD1Ev            
0000446b  _ZN10__cxxabiv117__class_type_infoD2Ev            
0000446d  _ZN10__cxxabiv117__class_type_infoD0Ev            
00004475  _ZN10__cxxabiv117__array_type_infoD1Ev            
00004475  _ZN10__cxxabiv117__array_type_infoD2Ev            
00004477  _ZN10__cxxabiv117__array_type_infoD0Ev            
0000447f  _ZN10__cxxabiv116__enum_type_infoD1Ev             
0000447f  _ZN10__cxxabiv116__enum_type_infoD2Ev             
00004481  _ZN10__cxxabiv116__enum_type_infoD0Ev             
00004491  CmdLineProcess                                    
0000453d  __aeabi_memcpy                                    
0000453d  __aeabi_memcpy4                                   
0000453d  __aeabi_memcpy8                                   
0000453d  memcpy                                            
000045d9  ADCSequenceStepConfigure                          
00004653  __aeabi_memclr                                    
00004653  __aeabi_memclr4                                   
00004653  __aeabi_memclr8                                   
00004655  __aeabi_memset                                    
00004655  __aeabi_memset4                                   
00004655  __aeabi_memset8                                   
0000465b  memset                                            
000046cd  __TI_auto_init                                    
000047a5  IntDisable                                        
0000480d  IntEnable                                         
00004875  GPIOIntTypeSet                                    
000048cb  ltoa                                              
00004921  _c_int00                                          
00004971  copy_in                                           
000049bd  GPIOPinConfigure                                  
00004a05  UARTConfigSetExpClk                               
00004a4d  C$$EXIT                                           
00004a51  abort                                             
00004a59  exit                                              
00004a91  __aeabi_uidiv                                     
00004a91  __aeabi_uidivmod                                  
00004ad1  ADCSequenceConfigure                              
00004b0f  SSIConfigSetExpClk                                
00004b4d  SysCtlPeripheralPresent                           
00004b85  SysCtlPeripheralEnable                            
00004bb9  strstr                                            
00004bed  ADCIntStatus                                      
00004c1b  GPIODirModeSet                                    
00004c45  strncmp                                           
00004c6b  PWMGenConfigure                                   
00004c8d  UARTDisable                                       
00004cad  ADCSequenceDataGet                                
00004ccb  PWMPulseWidthSet                                  
00004ce9  ADCClockConfigSet                                 
00004d01  ADCProcessorTrigger                               
00004d19  GPIOPinTypeGPIOOutput                             
00004d31  _args_main                                        
00004d49  strcmp                                            
00004d61  strchr                                            
00004d79  FPUStackingEnable                                 
00004d8d  SysCtlPWMClockSet                                 
00004da1  SysTickEnable                                     
00004db5  SysTickIntEnable                                  
00004dc9  UARTEnable                                        
00004ddd  _register_unlock                                  
00004de3  _register_lock                                    
00004deb  _nop                                              
00004df1  strlen                                            
00004e05  GPIOPinTypeADC                                    
00004e17  GPIOPinTypeGPIOInput                              
00004e29  GPIOPinTypePWM                                    
00004e3b  GPIOPinTypeSSI                                    
00004e4d  GPIOPinTypeUART                                   
00004e5f  PWMOutputState                                    
00004e71  SSIDataGetNonBlocking                             
00004e83  ADCIntEnable                                      
00004e95  FPUEnable                                         
00004ea5  IntMasterDisable                                  
00004eb5  IntMasterEnable                                   
00004ec5  PWMGenPeriodSet                                   
00004ed5  SysTickPeriodSet                                  
00004ee5  ADCHardwareOversampleConfigure                    
00004ef3  ADCIntDisable                                     
00004f01  ADCSequenceDisable                                
00004f0f  ADCSequenceEnable                                 
00004f1d  GPIOIntDisable                                    
00004f2b  SSIDataPutNonBlocking                             
00004f39  UARTCharGetNonBlocking                            
00004f47  UARTCharPutNonBlocking                            
00004f55  UARTCharsAvail                                    
00004f63  UARTSpaceAvail                                    
00004f71  __TI_decompress_none                              
00004f7f  CPUcpsid                                          
00004f8b  CPUcpsie                                          
00004f97  GPIOIntEnable                                     
00004fa3  PWMGenDisable                                     
00004faf  PWMGenEnable                                      
00004fbb  SSIDataGet                                        
00004fc7  __TI_zero_init                                    
00004fd3  ResetISR                                          
00004fdf  ADCIntClear                                       
00004fe9  PWMGenIntTrigEnable                               
00004ff3  SSIDataPut                                        
00004ffd  SSIDisable                                        
00005007  SSIEnable                                         
00005011  SSIIntDisable                                     
0000501b  SSIIntStatus                                      
00005025  UARTIntDisable                                    
0000502f  UARTIntStatus                                     
00005039  _ZN4aeo114ssi_peripheral4OnRxEv                   
00005043  _ZN4aeo114ssi_peripheral4OnTxEv                   
0000504d  PWMIntEnable                                      
00005055  SSIIntEnable                                      
0000505d  UARTIntEnable                                     
00005065  _ZdlPv                                            
0000506d  GPIOPinWrite                                      
00005073  PWMGenIntClear                                    
00005079  SysCtlDelay                                       
0000507f  UARTClockSourceSet                                
00005085  UARTFIFOLevelSet                                  
0000508b  __TI_decompress_rle24                             
00005091  SSIIntClear                                       
00005095  UARTIntClear                                      
00005099  _system_pre_init                                  
000055e6  _ZTSe                                             
00005d40  _ZTSN10__cxxabiv123__fundamental_type_infoE       
00005d68  _ZTVN4aeo111ssi_drv8711E                          
00005d90  _ZTVN4aeo114ssi_peripheralE                       
00005de0  _ZTSN10__cxxabiv120__si_class_type_infoE          
00005e05  _ZTSN10__cxxabiv119__pointer_type_infoE           
00005e29  _ZTSN10__cxxabiv117__class_type_infoE             
00005e4b  _ZTSN10__cxxabiv117__pbase_type_infoE             
00005eac  _ZTSN4aeo114ssi_peripheralE                       
00005ec4  _ZTSN4aeo112adc_potmeterE                         
00005eda  _ZTSN4aeo111pwm_stepperE                          
00005eef  _ZTSN4aeo111ssi_drv8711E                          
00005f2c  _ZTIPKe                                           
00005f3c  _ZTSN4aeo17drv8711E                               
00005f4c  _ZTSN4aeo17esp8266E                               
00005f5c  _ZTVN10__cxxabiv117__class_type_infoE             
00005f6c  _ZTVN10__cxxabiv119__pointer_type_infoE           
00005f7c  _ZTVN10__cxxabiv120__si_class_type_infoE          
00005f8c  _ZTVN10__cxxabiv123__fundamental_type_infoE       
00005f9c  _ZTVN4aeo111pwm_stepperE                          
00005fac  _ZTVN4aeo112adc_potmeterE                         
00005fbc  _ZTVN4aeo17drv8711E                               
00005fcc  _ZTVN4aeo17esp8266E                               
00005fdc  _ZTSSt9type_info                                  
00005fec  _ZTIN10__cxxabiv117__class_type_infoE             
00005ff8  _ZTIN10__cxxabiv117__pbase_type_infoE             
00006004  _ZTIN10__cxxabiv119__pointer_type_infoE           
00006010  _ZTIN10__cxxabiv120__si_class_type_infoE          
0000601c  _ZTIN10__cxxabiv123__fundamental_type_infoE       
00006028  _ZTIN4aeo111ssi_drv8711E                          
00006034  _ZTIN4aeo111pwm_stepperE                          
0000603c  _ZTIN4aeo112adc_potmeterE                         
00006044  _ZTIN4aeo114ssi_peripheralE                       
0000604c  _ZTIN4aeo17drv8711E                               
00006054  _ZTIN4aeo17esp8266E                               
0000605c  _ZTISt9type_info                                  
00006064  _ZTIe                                             
0000606c  _ZTSPKe                                           
00006070  SHT$$INIT_ARRAY$$Base                             
00006074  SHT$$INIT_ARRAY$$Limit                            
00006200  __TI_Handler_Table_Base                           
0000620c  __TI_Handler_Table_Limit                          
00006218  __TI_CINIT_Base                                   
00006228  __TI_CINIT_Limit                                  
20000400  g_oEsp8266                                        
20000618  g_oDrv8711                                        
200007ec  _ZSt16__dummy_typeinfo                            
200007f0  __dso_handle                                      
200007fc  __stack                                           
200009fc  __STACK_END                                       
200009fc  __STACK_TOP                                       
200009fc  g_psCmdTable                                      
20000aa4  _ZN4aeo118SSI0_SpecificationE                     
20000ad8  _ZN4aeo118SSI1_SpecificationE                     
20000b0c  _ZN4aeo118SSI2_SpecificationE                     
20000b40  _ZN4aeo118SSI3_SpecificationE                     
20000b8c  _ZN4aeo112adc_potmeter10m_nCounterE               
20000b90  _ZN4aeo112adc_potmeter15m_nErrorCounterE          
20000b94  _ZN4aeo112adc_potmeter14m_nReadCounterE           
20000b98  _ZN4aeo112adc_potmeter16m_pTheOneAndOnlyE         
20000bb8  _lock                                             
20000bbc  _unlock                                           
20000bc0  __TI_cleanup_ptr                                  
20000bc4  __TI_dtors_ptr                                    
20000bd8  main_func_sp                                      
20000be0  _sys_memory                                       
ffffffff  __binit__                                         
ffffffff  __c_args__                                        
ffffffff  binit                                             

[384 symbols]
