******************************************************************************
                  TI ARM Linker PC v5.2.7                      
******************************************************************************
>> Linked Mon Apr 25 13:04:08 2016

OUTPUT FILE NAME:   <solo_stepper.out>
ENTRY POINT SYMBOL: "_c_int00"  address: 000049dd


MEMORY CONFIGURATION

         name            origin    length      used     unused   attr    fill
----------------------  --------  ---------  --------  --------  ----  --------
  FLASH                 00000000   00040000  000062e0  00039d20  R  X
  SRAM                  20000000   00008000  00000be5  0000741b  RW X


SEGMENT ALLOCATION MAP

run origin  load origin   length   init length attrs members
----------  ----------- ---------- ----------- ----- -------
00000000    00000000    000062e0   000062e0    r-x
  00000000    00000000    0000026c   0000026c    r-- .intvecs
  0000026c    0000026c    00004eec   00004eec    r-x .text
  00005158    00005158    00000fd4   00000fd4    r-- .const
  0000612c    0000612c    00000004   00000004    r-- .init_array
  00006130    00006130    000001b0   000001b0    r-- .cinit
20000000    20000000    00000be8   00000000    rw-
  20000000    20000000    000007f9   00000000    rw- .bss
  200007fc    200007fc    00000200   00000000    rw- .stack
  200009fc    200009fc    000001e4   00000000    rw- .data
  20000be0    20000be0    00000008   00000000    rw- .sysmem


SECTION ALLOCATION MAP

 output                                  attributes/
section   page    origin      length       input sections
--------  ----  ----------  ----------   ----------------
.intvecs   0    00000000    0000026c     
                  00000000    0000026c     tm4c123gh6pm_startup_ccs.obj (.intvecs)

.text      0    0000026c    00004eec     
                  0000026c    00000c84     tiva_utils.lib : ustdlib.obj (.text)
                  00000ef0    00000860                    : uartstdio.obj (.text)
                  00001750    00000740     esp8266.obj (.text)
                  00001e90    00000650     main.obj (.text)
                  000024e0    00000638     drv8711.obj (.text)
                  00002b18    00000558     aeo1_drivers.lib : ssi_peripheral.obj (.text)
                  00003070    00000478                      : pwm_stepper.obj (.text)
                  000034e8    000003dc     rtsv7M4_T_le_v4SPD16_eabi.lib : memory.obj (.text)
                  000038c4    000002e8     aeo1_drivers.lib : ssi_drv8711.obj (.text)
                  00003bac    000002c4     drv8711_registers.obj (.text)
                  00003e70    000001f4     aeo1_drivers.lib : adc_potmeter.obj (.text)
                  00004064    00000132     driverlib.lib : gpio.obj (.text:GPIOPadConfigSet)
                  00004196    00000002     rtsv7M4_T_le_v4SPD16_eabi.lib : i_div0.obj (.text)
                  00004198    00000110     driverlib.lib : sysctl.obj (.text:SysCtlClockGet)
                  000042a8    000000f4                   : sysctl.obj (.text:SysCtlClockSet)
                  0000439c    000000f4     rtsv7M4_T_le_v4SPD16_eabi.lib : dtor_list.obj (.text)
                  00004490    000000bc                                   : typeinfo_.obj (.text)
                  0000454c    000000ac     tiva_utils.lib : cmdline.obj (.text)
                  000045f8    0000009c     rtsv7M4_T_le_v4SPD16_eabi.lib : memcpy_t2.obj (.text)
                  00004694    0000007a     driverlib.lib : adc.obj (.text:ADCSequenceStepConfigure)
                  0000470e    0000007a     rtsv7M4_T_le_v4SPD16_eabi.lib : memset_t2.obj (.text)
                  00004788    0000006c                                   : autoinit.obj (.text)
                  000047f4    0000006a                                   : copy_decompress_rle.obj (.text)
                  0000485e    00000002     --HOLE-- [fill = 0]
                  00004860    00000068     driverlib.lib : interrupt.obj (.text:IntDisable)
                  000048c8    00000068                   : interrupt.obj (.text:IntEnable)
                  00004930    00000056                   : gpio.obj (.text:GPIOIntTypeSet)
                  00004986    00000056     rtsv7M4_T_le_v4SPD16_eabi.lib : ltoa.obj (.text)
                  000049dc    00000050                                   : boot.obj (.text)
                  00004a2c    0000004c                                   : cpy_tbl.obj (.text)
                  00004a78    00000048     driverlib.lib : gpio.obj (.text:GPIOPinConfigure)
                  00004ac0    00000046                   : uart.obj (.text:UARTConfigSetExpClk)
                  00004b06    00000002     --HOLE-- [fill = 0]
                  00004b08    00000044     rtsv7M4_T_le_v4SPD16_eabi.lib : exit.obj (.text)
                  00004b4c    00000040                                   : u_divt2.obj (.text)
                  00004b8c    0000003e     driverlib.lib : adc.obj (.text:ADCSequenceConfigure)
                  00004bca    0000003c                   : ssi.obj (.text:SSIConfigSetExpClk)
                  00004c06    00000002     --HOLE-- [fill = 0]
                  00004c08    00000038                   : sysctl.obj (.text:SysCtlPeripheralPresent)
                  00004c40    00000034                   : sysctl.obj (.text:SysCtlPeripheralEnable)
                  00004c74    00000034     rtsv7M4_T_le_v4SPD16_eabi.lib : strstr.obj (.text)
                  00004ca8    0000002e     driverlib.lib : adc.obj (.text:ADCIntStatus)
                  00004cd6    0000002a                   : gpio.obj (.text:GPIODirModeSet)
                  00004d00    00000026     rtsv7M4_T_le_v4SPD16_eabi.lib : strncmp.obj (.text)
                  00004d26    00000022     driverlib.lib : pwm.obj (.text:PWMGenConfigure)
                  00004d48    00000020                   : uart.obj (.text:UARTDisable)
                  00004d68    0000001e                   : adc.obj (.text:ADCSequenceDataGet)
                  00004d86    0000001e                   : pwm.obj (.text:PWMPulseWidthSet)
                  00004da4    00000018                   : adc.obj (.text:ADCClockConfigSet)
                  00004dbc    00000018                   : adc.obj (.text:ADCProcessorTrigger)
                  00004dd4    00000018                   : gpio.obj (.text:GPIOPinTypeGPIOOutput)
                  00004dec    00000018     rtsv7M4_T_le_v4SPD16_eabi.lib : args_main.obj (.text)
                  00004e04    00000018                                   : strcmp.obj (.text)
                  00004e1c    00000016                                   : strchr.obj (.text)
                  00004e32    00000002     --HOLE-- [fill = 0]
                  00004e34    00000014     driverlib.lib : fpu.obj (.text:FPUStackingEnable)
                  00004e48    00000014                   : sysctl.obj (.text:SysCtlPWMClockSet)
                  00004e5c    00000014                   : systick.obj (.text:SysTickEnable)
                  00004e70    00000014                   : systick.obj (.text:SysTickIntEnable)
                  00004e84    00000014                   : uart.obj (.text:UARTEnable)
                  00004e98    00000014     rtsv7M4_T_le_v4SPD16_eabi.lib : _lock.obj (.text)
                  00004eac    00000014                                   : strlen.obj (.text)
                  00004ec0    00000012     driverlib.lib : gpio.obj (.text:GPIOPinTypeADC)
                  00004ed2    00000012                   : gpio.obj (.text:GPIOPinTypeGPIOInput)
                  00004ee4    00000012                   : gpio.obj (.text:GPIOPinTypePWM)
                  00004ef6    00000012                   : gpio.obj (.text:GPIOPinTypeSSI)
                  00004f08    00000012                   : gpio.obj (.text:GPIOPinTypeUART)
                  00004f1a    00000012                   : pwm.obj (.text:PWMOutputState)
                  00004f2c    00000012                   : ssi.obj (.text:SSIDataGetNonBlocking)
                  00004f3e    00000010                   : adc.obj (.text:ADCIntEnable)
                  00004f4e    00000002     --HOLE-- [fill = 0]
                  00004f50    00000010                   : fpu.obj (.text:FPUEnable)
                  00004f60    00000010                   : interrupt.obj (.text:IntMasterDisable)
                  00004f70    00000010                   : interrupt.obj (.text:IntMasterEnable)
                  00004f80    00000010                   : pwm.obj (.text:PWMGenPeriodSet)
                  00004f90    00000010                   : systick.obj (.text:SysTickPeriodSet)
                  00004fa0    0000000e                   : adc.obj (.text:ADCHardwareOversampleConfigure)
                  00004fae    0000000e                   : adc.obj (.text:ADCIntDisable)
                  00004fbc    0000000e                   : adc.obj (.text:ADCSequenceDisable)
                  00004fca    0000000e                   : adc.obj (.text:ADCSequenceEnable)
                  00004fd8    0000000e                   : gpio.obj (.text:GPIOIntDisable)
                  00004fe6    0000000e                   : ssi.obj (.text:SSIDataPutNonBlocking)
                  00004ff4    0000000e                   : uart.obj (.text:UARTCharGetNonBlocking)
                  00005002    0000000e                   : uart.obj (.text:UARTCharPutNonBlocking)
                  00005010    0000000e                   : uart.obj (.text:UARTCharsAvail)
                  0000501e    0000000e                   : uart.obj (.text:UARTSpaceAvail)
                  0000502c    0000000e     rtsv7M4_T_le_v4SPD16_eabi.lib : copy_decompress_none.obj (.text:decompress:none)
                  0000503a    0000000c     driverlib.lib : cpu.obj (.text:CPUcpsid)
                  00005046    0000000c                   : cpu.obj (.text:CPUcpsie)
                  00005052    0000000c                   : gpio.obj (.text:GPIOIntEnable)
                  0000505e    0000000c                   : pwm.obj (.text:PWMGenDisable)
                  0000506a    0000000c                   : pwm.obj (.text:PWMGenEnable)
                  00005076    0000000c                   : ssi.obj (.text:SSIDataGet)
                  00005082    0000000c     rtsv7M4_T_le_v4SPD16_eabi.lib : copy_zero_init.obj (.text:decompress:ZI)
                  0000508e    0000000c     tm4c123gh6pm_startup_ccs.obj (.text)
                  0000509a    0000000a     driverlib.lib : adc.obj (.text:ADCIntClear)
                  000050a4    0000000a                   : pwm.obj (.text:PWMGenIntTrigEnable)
                  000050ae    0000000a                   : ssi.obj (.text:SSIDataPut)
                  000050b8    0000000a                   : ssi.obj (.text:SSIDisable)
                  000050c2    0000000a                   : ssi.obj (.text:SSIEnable)
                  000050cc    0000000a                   : ssi.obj (.text:SSIIntDisable)
                  000050d6    0000000a                   : ssi.obj (.text:SSIIntStatus)
                  000050e0    0000000a                   : uart.obj (.text:UARTIntDisable)
                  000050ea    0000000a                   : uart.obj (.text:UARTIntStatus)
                  000050f4    0000000a     aeo1_drivers.lib : ssi_drv8711.obj (.text:_ZN4aeo114ssi_peripheral4OnRxEv)
                  000050fe    0000000a                      : ssi_drv8711.obj (.text:_ZN4aeo114ssi_peripheral4OnTxEv)
                  00005108    00000008     driverlib.lib : pwm.obj (.text:PWMIntEnable)
                  00005110    00000008                   : ssi.obj (.text:SSIIntEnable)
                  00005118    00000008                   : uart.obj (.text:UARTIntEnable)
                  00005120    00000008     rtsv7M4_T_le_v4SPD16_eabi.lib : delete.obj (.text)
                  00005128    00000006     driverlib.lib : gpio.obj (.text:GPIOPinWrite)
                  0000512e    00000006                   : pwm.obj (.text:PWMGenIntClear)
                  00005134    00000006                   : sysctl.obj (.text:SysCtlDelay)
                  0000513a    00000006                   : uart.obj (.text:UARTClockSourceSet)
                  00005140    00000006                   : uart.obj (.text:UARTFIFOLevelSet)
                  00005146    00000006     rtsv7M4_T_le_v4SPD16_eabi.lib : copy_decompress_rle.obj (.text:decompress:rle24)
                  0000514c    00000004     driverlib.lib : ssi.obj (.text:SSIIntClear)
                  00005150    00000004                   : uart.obj (.text:UARTIntClear)
                  00005154    00000004     rtsv7M4_T_le_v4SPD16_eabi.lib : pre_init.obj (.text)

.const     0    00005158    00000fd4     
                  00005158    0000054a     drv8711_registers.obj (.const:.string)
                  000056a2    00000002     rtsv7M4_T_le_v4SPD16_eabi.lib : typeinfo_.obj (.const:.typeinfo:_ZTSe)
                  000056a4    00000294     drv8711_registers.obj (.const:DRV8711_Fields)
                  00005938    000001b8     main.obj (.const:.string)
                  00005af0    00000090     driverlib.lib : gpio.obj (.const:g_pui32GPIOBaseAddrs)
                  00005b80    00000080     esp8266.obj (.const:_ZN4aeo112InitCommandsE)
                  00005c00    00000076     esp8266.obj (.const:.string)
                  00005c76    00000002     --HOLE-- [fill = 0]
                  00005c78    00000070     driverlib.lib : interrupt.obj (.const)
                  00005ce8    0000006c                   : sysctl.obj (.const:g_pui32Xtals)
                  00005d54    00000048     drv8711.obj (.const:$P$T0$1)
                  00005d9c    00000030     drv8711_registers.obj (.const:DRV8711_Masks)
                  00005dcc    00000030     tiva_utils.lib : ustdlib.obj (.const:g_psDaysToMonth)
                  00005dfc    00000028     rtsv7M4_T_le_v4SPD16_eabi.lib : typeinfo_.obj (.const:.typeinfo:_ZTSN10__cxxabiv123__fundamental_type_infoE)
                  00005e24    00000028     aeo1_drivers.lib : ssi_drv8711.obj (.const:_ZTVN4aeo111ssi_drv8711E)
                  00005e4c    00000028                      : ssi_peripheral.obj (.const:_ZTVN4aeo114ssi_peripheralE)
                  00005e74    00000028     tiva_utils.lib : uartstdio.obj (.const)
                  00005e9c    00000025     rtsv7M4_T_le_v4SPD16_eabi.lib : typeinfo_.obj (.const:.typeinfo:_ZTSN10__cxxabiv120__si_class_type_infoE)
                  00005ec1    00000024                                   : typeinfo_.obj (.const:.typeinfo:_ZTSN10__cxxabiv119__pointer_type_infoE)
                  00005ee5    00000022                                   : typeinfo_.obj (.const:.typeinfo:_ZTSN10__cxxabiv117__class_type_infoE)
                  00005f07    00000022                                   : typeinfo_.obj (.const:.typeinfo:_ZTSN10__cxxabiv117__pbase_type_infoE)
                  00005f29    00000003     --HOLE-- [fill = 0]
                  00005f2c    00000020     drv8711.obj (.const)
                  00005f4c    0000001c     tiva_utils.lib : ustdlib.obj (.const)
                  00005f68    00000018     aeo1_drivers.lib : ssi_peripheral.obj (.const:.typeinfo:_ZTSN4aeo114ssi_peripheralE)
                  00005f80    00000016                      : adc_potmeter.obj (.const:.typeinfo:_ZTSN4aeo112adc_potmeterE)
                  00005f96    00000015                      : pwm_stepper.obj (.const:.typeinfo:_ZTSN4aeo111pwm_stepperE)
                  00005fab    00000015                      : ssi_drv8711.obj (.const:.typeinfo:_ZTSN4aeo111ssi_drv8711E)
                  00005fc0    00000012     tiva_utils.lib : uartstdio.obj (.const:.string)
                  00005fd2    00000002     --HOLE-- [fill = 0]
                  00005fd4    00000012                    : ustdlib.obj (.const:.string)
                  00005fe6    00000002     --HOLE-- [fill = 0]
                  00005fe8    00000010     rtsv7M4_T_le_v4SPD16_eabi.lib : typeinfo_.obj (.const:.typeinfo:_ZTIPKe)
                  00005ff8    00000010     drv8711.obj (.const:.typeinfo:_ZTSN4aeo17drv8711E)
                  00006008    00000010     esp8266.obj (.const:.typeinfo:_ZTSN4aeo17esp8266E)
                  00006018    00000010     rtsv7M4_T_le_v4SPD16_eabi.lib : typeinfo_.obj (.const:_ZTVN10__cxxabiv117__class_type_infoE)
                  00006028    00000010                                   : typeinfo_.obj (.const:_ZTVN10__cxxabiv119__pointer_type_infoE)
                  00006038    00000010                                   : typeinfo_.obj (.const:_ZTVN10__cxxabiv120__si_class_type_infoE)
                  00006048    00000010                                   : typeinfo_.obj (.const:_ZTVN10__cxxabiv123__fundamental_type_infoE)
                  00006058    00000010     aeo1_drivers.lib : pwm_stepper.obj (.const:_ZTVN4aeo111pwm_stepperE)
                  00006068    00000010                      : adc_potmeter.obj (.const:_ZTVN4aeo112adc_potmeterE)
                  00006078    00000010     drv8711.obj (.const:_ZTVN4aeo17drv8711E)
                  00006088    00000010     esp8266.obj (.const:_ZTVN4aeo17esp8266E)
                  00006098    0000000d     rtsv7M4_T_le_v4SPD16_eabi.lib : typeinfo_.obj (.const:.typeinfo:_ZTSSt9type_info)
                  000060a5    00000003     --HOLE-- [fill = 0]
                  000060a8    0000000c                                   : typeinfo_.obj (.const:.typeinfo:_ZTIN10__cxxabiv117__class_type_infoE)
                  000060b4    0000000c                                   : typeinfo_.obj (.const:.typeinfo:_ZTIN10__cxxabiv117__pbase_type_infoE)
                  000060c0    0000000c                                   : typeinfo_.obj (.const:.typeinfo:_ZTIN10__cxxabiv119__pointer_type_infoE)
                  000060cc    0000000c                                   : typeinfo_.obj (.const:.typeinfo:_ZTIN10__cxxabiv120__si_class_type_infoE)
                  000060d8    0000000c                                   : typeinfo_.obj (.const:.typeinfo:_ZTIN10__cxxabiv123__fundamental_type_infoE)
                  000060e4    0000000c     aeo1_drivers.lib : ssi_drv8711.obj (.const:.typeinfo:_ZTIN4aeo111ssi_drv8711E)
                  000060f0    00000008                      : pwm_stepper.obj (.const:.typeinfo:_ZTIN4aeo111pwm_stepperE)
                  000060f8    00000008                      : adc_potmeter.obj (.const:.typeinfo:_ZTIN4aeo112adc_potmeterE)
                  00006100    00000008                      : ssi_peripheral.obj (.const:.typeinfo:_ZTIN4aeo114ssi_peripheralE)
                  00006108    00000008     drv8711.obj (.const:.typeinfo:_ZTIN4aeo17drv8711E)
                  00006110    00000008     esp8266.obj (.const:.typeinfo:_ZTIN4aeo17esp8266E)
                  00006118    00000008     rtsv7M4_T_le_v4SPD16_eabi.lib : typeinfo_.obj (.const:.typeinfo:_ZTISt9type_info)
                  00006120    00000008                                   : typeinfo_.obj (.const:.typeinfo:_ZTIe)
                  00006128    00000004                                   : typeinfo_.obj (.const:.typeinfo:_ZTSPKe)

.init_array 
*          0    0000612c    00000004     
                  0000612c    00000004     main.obj (.init_array)

.cinit     0    00006130    000001b0     
                  00006130    00000188     (.cinit..data.load) [load image, compression = rle]
                  000062b8    0000000c     (__TI_handler_table)
                  000062c4    00000004     --HOLE-- [fill = 0]
                  000062c8    00000008     (.cinit..bss.load) [load image, compression = zero_init]
                  000062d0    00000010     (__TI_cinit_table)

.bss       0    20000000    000007f9     UNINITIALIZED
                  20000000    00000400     tiva_utils.lib : uartstdio.obj (.bss:g_pcUARTTxBuffer)
                  20000400    00000218     main.obj (.bss:g_oEsp8266)
                  20000618    000000b0     main.obj (.bss:g_oDrv8711)
                  200006c8    00000080     tiva_utils.lib : uartstdio.obj (.bss:g_pcUARTRxBuffer)
                  20000748    00000080     main.obj (.bss:g_zInput)
                  200007c8    00000024     tiva_utils.lib : cmdline.obj (.bss:g_ppcArgv)
                  200007ec    00000004     (.common:_ZSt16__dummy_typeinfo)
                  200007f0    00000004     (.common:__dso_handle)
                  200007f4    00000004     (.common:g_ui32PortNum)
                  200007f8    00000001     (.common:g_bDisableEcho)

.TI.noinit 
*          0    20000000    00000000     UNINITIALIZED

.stack     0    200007fc    00000200     UNINITIALIZED
                  200007fc    00000200     --HOLE--

.data      0    200009fc    000001e4     UNINITIALIZED
                  200009fc    000000a8     main.obj (.data:g_psCmdTable)
                  20000aa4    00000034     aeo1_drivers.lib : ssi_peripheral.obj (.data:_ZN4aeo118SSI0_SpecificationE)
                  20000ad8    00000034                      : ssi_peripheral.obj (.data:_ZN4aeo118SSI1_SpecificationE)
                  20000b0c    00000034                      : ssi_peripheral.obj (.data:_ZN4aeo118SSI2_SpecificationE)
                  20000b40    00000034                      : ssi_peripheral.obj (.data:_ZN4aeo118SSI3_SpecificationE)
                  20000b74    00000015     tiva_utils.lib : uartstdio.obj (.data)
                  20000b89    00000001     main.obj (.data)
                  20000b8a    00000002     --HOLE--
                  20000b8c    00000010     aeo1_drivers.lib : adc_potmeter.obj (.data)
                  20000b9c    00000010                      : ssi_peripheral.obj (.data)
                  20000bac    0000000c     rtsv7M4_T_le_v4SPD16_eabi.lib : memory.obj (.data)
                  20000bb8    00000008                                   : _lock.obj (.data)
                  20000bc0    00000008                                   : exit.obj (.data)
                  20000bc8    00000004     aeo1_drivers.lib : pwm_stepper.obj (.data)
                  20000bcc    00000004                      : ssi_drv8711.obj (.data)
                  20000bd0    00000004     esp8266.obj (.data)
                  20000bd4    00000004     rtsv7M4_T_le_v4SPD16_eabi.lib : dtor_list.obj (.data)
                  20000bd8    00000004                                   : stkdepth_vars.obj (.data)
                  20000bdc    00000004     tiva_utils.lib : ustdlib.obj (.data)

.TI.persistent 
*          0    200009fc    00000000     UNINITIALIZED

.sysmem    0    20000be0    00000008     UNINITIALIZED
                  20000be0    00000008     rtsv7M4_T_le_v4SPD16_eabi.lib : memory.obj (.sysmem)


LINKER GENERATED COPY TABLES

__TI_cinit_table @ 000062d0 records: 2, size/record: 8, table size: 16
	.data: load addr=00006130, load size=00000188 bytes, run addr=200009fc, run size=000001e4 bytes, compression=rle
	.bss: load addr=000062c8, load size=00000008 bytes, run addr=20000000, run size=000007f9 bytes, compression=zero_init


LINKER GENERATED HANDLER TABLE

__TI_handler_table @ 000062b8 records: 3, size/record: 4, table size: 12
	index: 0, handler: __TI_decompress_rle24
	index: 1, handler: __TI_decompress_none
	index: 2, handler: __TI_zero_init


GLOBAL SYMBOLS: SORTED ALPHABETICALLY BY Name 

address   name                                              
-------   ----                                              
00004da5  ADCClockConfigSet                                 
00004fa1  ADCHardwareOversampleConfigure                    
0000509b  ADCIntClear                                       
00004faf  ADCIntDisable                                     
00004f3f  ADCIntEnable                                      
00004ca9  ADCIntStatus                                      
00004dbd  ADCProcessorTrigger                               
00004b8d  ADCSequenceConfigure                              
00004d69  ADCSequenceDataGet                                
00004fbd  ADCSequenceDisable                                
00004fcb  ADCSequenceEnable                                 
00004695  ADCSequenceStepConfigure                          
00004b09  C$$EXIT                                           
0000503b  CPUcpsid                                          
00005047  CPUcpsie                                          
0000454d  CmdLineProcess                                    
00004f51  FPUEnable                                         
00004e35  FPUStackingEnable                                 
00004cd7  GPIODirModeSet                                    
00004fd9  GPIOIntDisable                                    
00005053  GPIOIntEnable                                     
00004931  GPIOIntTypeSet                                    
00004065  GPIOPadConfigSet                                  
00004a79  GPIOPinConfigure                                  
00004ec1  GPIOPinTypeADC                                    
00004ed3  GPIOPinTypeGPIOInput                              
00004dd5  GPIOPinTypeGPIOOutput                             
00004ee5  GPIOPinTypePWM                                    
00004ef7  GPIOPinTypeSSI                                    
00004f09  GPIOPinTypeUART                                   
00005129  GPIOPinWrite                                      
00004861  IntDisable                                        
000048c9  IntEnable                                         
00004f61  IntMasterDisable                                  
00004f71  IntMasterEnable                                   
00003e71  OnADCInterrupt                                    
000038c5  OnGPIOBInterrupt                                  
000038e1  OnGPIOEInterrupt                                  
00003071  OnPWM1Gen1Interrupt                               
00002b19  OnSSI0Interrupt                                   
00002b33  OnSSI1Interrupt                                   
00002b4d  OnSSI2Interrupt                                   
00002b67  OnSSI3Interrupt                                   
00004d27  PWMGenConfigure                                   
0000505f  PWMGenDisable                                     
0000506b  PWMGenEnable                                      
0000512f  PWMGenIntClear                                    
000050a5  PWMGenIntTrigEnable                               
00004f81  PWMGenPeriodSet                                   
00005109  PWMIntEnable                                      
00004f1b  PWMOutputState                                    
00004d87  PWMPulseWidthSet                                  
0000508f  ResetISR                                          
0000612c  SHT$$INIT_ARRAY$$Base                             
00006130  SHT$$INIT_ARRAY$$Limit                            
00004bcb  SSIConfigSetExpClk                                
00005077  SSIDataGet                                        
00004f2d  SSIDataGetNonBlocking                             
000050af  SSIDataPut                                        
00004fe7  SSIDataPutNonBlocking                             
000050b9  SSIDisable                                        
000050c3  SSIEnable                                         
0000514d  SSIIntClear                                       
000050cd  SSIIntDisable                                     
00005111  SSIIntEnable                                      
000050d7  SSIIntStatus                                      
00004199  SysCtlClockGet                                    
000042a9  SysCtlClockSet                                    
00005135  SysCtlDelay                                       
00004e49  SysCtlPWMClockSet                                 
00004c41  SysCtlPeripheralEnable                            
00004c09  SysCtlPeripheralPresent                           
00004e5d  SysTickEnable                                     
00004e71  SysTickIntEnable                                  
00002131  SysTickIntHandler                                 
00004f91  SysTickPeriodSet                                  
00004ff5  UARTCharGetNonBlocking                            
00005003  UARTCharPutNonBlocking                            
00005011  UARTCharsAvail                                    
0000513b  UARTClockSourceSet                                
00004ac1  UARTConfigSetExpClk                               
00004d49  UARTDisable                                       
000015c9  UARTEchoSet                                       
00004e85  UARTEnable                                        
00005141  UARTFIFOLevelSet                                  
00001573  UARTFlushRx                                       
00001593  UARTFlushTx                                       
00005151  UARTIntClear                                      
000050e1  UARTIntDisable                                    
00005119  UARTIntEnable                                     
000050eb  UARTIntStatus                                     
00001519  UARTPeek                                          
000014f7  UARTRxBytesAvail                                  
0000501f  UARTSpaceAvail                                    
00000fdd  UARTStdioConfig                                   
000015f5  UARTStdioIntHandler                               
00001505  UARTTxBytesFree                                   
0000117f  UARTgetc                                          
00001103  UARTgets                                          
000014d3  UARTprintf                                        
000011d9  UARTvprintf                                       
00001063  UARTwrite                                         
00002041  _Z10CMD_mresetiPPc                                
00002051  _Z10CMD_wresetiPPc                                
00003c2d  _Z23drv8711_registers_PrintiiPFbPKciS0_PvES1_     
00003d3f  _Z31drv8711_registers_GetFieldValuePKciRj         
00003dc9  _Z31drv8711_registers_SetFieldValuePKcRjS0_       
00003ceb  _Z35drv8711_registers_GetRegisterNumberPKc        
00001eb1  _Z7CMD_getiPPc                                    
00001f13  _Z7CMD_setiPPc                                    
00001fe3  _Z8CMD_diagiPPc                                   
00001ea1  _Z8CMD_haltiPPc                                   
00002089  _Z8CMD_helpiPPc                                   
00001e91  _Z8CMD_idleiPPc                                   
00001f93  _Z8CMD_moveiPPc                                   
00001fc1  _Z8CMD_stopiPPc                                   
00002385  _Z8MainLoopv                                      
00002075  _Z9CMD_noerriPPc                                  
00002067  _Z9CMD_resetiPPc                                  
00002019  _Z9CMD_sleepiPPc                                  
0000453d  _ZN10__cxxabiv116__enum_type_infoD0Ev             
0000453b  _ZN10__cxxabiv116__enum_type_infoD1Ev             
0000453b  _ZN10__cxxabiv116__enum_type_infoD2Ev             
00004533  _ZN10__cxxabiv117__array_type_infoD0Ev            
00004531  _ZN10__cxxabiv117__array_type_infoD1Ev            
00004531  _ZN10__cxxabiv117__array_type_infoD2Ev            
00004529  _ZN10__cxxabiv117__class_type_infoD0Ev            
00004527  _ZN10__cxxabiv117__class_type_infoD1Ev            
00004527  _ZN10__cxxabiv117__class_type_infoD2Ev            
0000451f  _ZN10__cxxabiv117__pbase_type_infoD0Ev            
0000451d  _ZN10__cxxabiv117__pbase_type_infoD1Ev            
0000451d  _ZN10__cxxabiv117__pbase_type_infoD2Ev            
00004515  _ZN10__cxxabiv119__pointer_type_infoD0Ev          
00004513  _ZN10__cxxabiv119__pointer_type_infoD1Ev          
00004513  _ZN10__cxxabiv119__pointer_type_infoD2Ev          
0000450b  _ZN10__cxxabiv120__function_type_infoD0Ev         
00004509  _ZN10__cxxabiv120__function_type_infoD1Ev         
00004509  _ZN10__cxxabiv120__function_type_infoD2Ev         
00004501  _ZN10__cxxabiv120__si_class_type_infoD0Ev         
000044ff  _ZN10__cxxabiv120__si_class_type_infoD1Ev         
000044ff  _ZN10__cxxabiv120__si_class_type_infoD2Ev         
000044f7  _ZN10__cxxabiv121__vmi_class_type_infoD0Ev        
000044f5  _ZN10__cxxabiv121__vmi_class_type_infoD1Ev        
000044f5  _ZN10__cxxabiv121__vmi_class_type_infoD2Ev        
000044ed  _ZN10__cxxabiv123__fundamental_type_infoD0Ev      
000044eb  _ZN10__cxxabiv123__fundamental_type_infoD1Ev      
000044eb  _ZN10__cxxabiv123__fundamental_type_infoD2Ev      
000044e3  _ZN10__cxxabiv129__pointer_to_member_type_infoD0Ev
000044e1  _ZN10__cxxabiv129__pointer_to_member_type_infoD1Ev
000044e1  _ZN10__cxxabiv129__pointer_to_member_type_infoD2Ev
000030f1  _ZN4aeo111pwm_stepper10InitializeEv               
00003225  _ZN4aeo111pwm_stepper11OnInterruptEv              
00003321  _ZN4aeo111pwm_stepper3GetEPKcRj                   
00003471  _ZN4aeo111pwm_stepper3SetEPKcj                    
00003163  _ZN4aeo111pwm_stepper4DiagEv                      
000031b3  _ZN4aeo111pwm_stepper4MoveEj                      
000031ed  _ZN4aeo111pwm_stepper4StopEb                      
0000308d  _ZN4aeo111pwm_stepperC1Ev                         
0000308d  _ZN4aeo111pwm_stepperC2Ev                         
000030db  _ZN4aeo111pwm_stepperD0Ev                         
000030cf  _ZN4aeo111pwm_stepperD1Ev                         
000030cf  _ZN4aeo111pwm_stepperD2Ev                         
00003947  _ZN4aeo111ssi_drv871110InitializeEv               
00003b55  _ZN4aeo111ssi_drv871111GetRegisterEj              
00003a71  _ZN4aeo111ssi_drv871115OnGpioInterruptENS0_5EventE
00003a13  _ZN4aeo111ssi_drv87114DiagEv                      
00003aa5  _ZN4aeo111ssi_drv87114ReadEj                      
00003a43  _ZN4aeo111ssi_drv87115ResetEv                     
00003a25  _ZN4aeo111ssi_drv87115SleepEb                     
00003b07  _ZN4aeo111ssi_drv87115WriteEjj                    
000038fd  _ZN4aeo111ssi_drv8711C1Ev                         
000038fd  _ZN4aeo111ssi_drv8711C2Ev                         
00003931  _ZN4aeo111ssi_drv8711D0Ev                         
00003923  _ZN4aeo111ssi_drv8711D1Ev                         
00003923  _ZN4aeo111ssi_drv8711D2Ev                         
00003edb  _ZN4aeo112adc_potmeter10InitializeEv              
20000b8c  _ZN4aeo112adc_potmeter10m_nCounterE               
00003f57  _ZN4aeo112adc_potmeter11OnInterruptEv             
20000b94  _ZN4aeo112adc_potmeter14m_nReadCounterE           
00004001  _ZN4aeo112adc_potmeter15GetErrorCounterEv         
20000b90  _ZN4aeo112adc_potmeter15m_nErrorCounterE          
20000b98  _ZN4aeo112adc_potmeter16m_pTheOneAndOnlyE         
00004019  _ZN4aeo112adc_potmeter4DiagEv                     
00003fd3  _ZN4aeo112adc_potmeter7TriggerEv                  
00003fe1  _ZN4aeo112adc_potmeter8GetValueEv                 
00003f3b  _ZN4aeo112adc_potmeter9TerminateEv                
00003e83  _ZN4aeo112adc_potmeterC1Ev                        
00003e83  _ZN4aeo112adc_potmeterC2Ev                        
00003ec5  _ZN4aeo112adc_potmeterD0Ev                        
00003ea1  _ZN4aeo112adc_potmeterD1Ev                        
00003ea1  _ZN4aeo112adc_potmeterD2Ev                        
00002c4d  _ZN4aeo114ssi_peripheral10InitializeEv            
00002f4b  _ZN4aeo114ssi_peripheral10LoadTxFIFOEv            
00002d95  _ZN4aeo114ssi_peripheral11OnInterruptEv           
00002f81  _ZN4aeo114ssi_peripheral12UnloadRxFIFOEv          
00002f33  _ZN4aeo114ssi_peripheral3GetEv                    
00002f1f  _ZN4aeo114ssi_peripheral3PutEj                    
00002e35  _ZN4aeo114ssi_peripheral4DiagEv                   
000050f5  _ZN4aeo114ssi_peripheral4OnRxEv                   
000050ff  _ZN4aeo114ssi_peripheral4OnTxEv                   
00002ec3  _ZN4aeo114ssi_peripheral9TerminateEv              
00002b81  _ZN4aeo114ssi_peripheralC1ENS0_9device_idEjb      
00002b81  _ZN4aeo114ssi_peripheralC2ENS0_9device_idEjb      
00002c37  _ZN4aeo114ssi_peripheralD0Ev                      
00002c23  _ZN4aeo114ssi_peripheralD1Ev                      
00002c23  _ZN4aeo114ssi_peripheralD2Ev                      
20000aa4  _ZN4aeo118SSI0_SpecificationE                     
20000ad8  _ZN4aeo118SSI1_SpecificationE                     
20000b0c  _ZN4aeo118SSI2_SpecificationE                     
20000b40  _ZN4aeo118SSI3_SpecificationE                     
0000252d  _ZN4aeo17drv871110InitializeEv                    
000027a7  _ZN4aeo17drv871110SetDefaultEv                    
0000276f  _ZN4aeo17drv871111ClearFaultsEv                   
00002945  _ZN4aeo17drv871111PrintStatusEj                   
0000288d  _ZN4aeo17drv871116PrintDerivedInfoEv              
000027ff  _ZN4aeo17drv871116ReadAllRegistersEv              
00002831  _ZN4aeo17drv871117PrintAllRegistersEv             
000025ab  _ZN4aeo17drv87113GetEPKcPci                       
00002619  _ZN4aeo17drv87113SetEPKcS2_                       
0000271d  _ZN4aeo17drv87114DiagEv                           
0000257d  _ZN4aeo17drv87114HaltEv                           
00002551  _ZN4aeo17drv87114IdleEv                           
0000268f  _ZN4aeo17drv87114MoveEi                           
000026ef  _ZN4aeo17drv87114StopEb                           
0000278d  _ZN4aeo17drv87115ResetEv                          
00002745  _ZN4aeo17drv87115SleepEb                          
000024e1  _ZN4aeo17drv8711C1Ev                              
000024e1  _ZN4aeo17drv8711C2Ev                              
00002517  _ZN4aeo17drv8711D0Ev                              
000024ff  _ZN4aeo17drv8711D1Ev                              
000024ff  _ZN4aeo17drv8711D2Ev                              
000017d5  _ZN4aeo17esp826610InitializeEv                    
00001bf7  _ZN4aeo17esp826610OnTransmitEv                    
00001ba9  _ZN4aeo17esp826610SetBitrateEj                    
00001af7  _ZN4aeo17esp826611RxEndOfLineEv                   
00001b31  _ZN4aeo17esp826613ConfigureUARTEj                 
00001d21  _ZN4aeo17esp826616FillOutputBufferEPKc            
0000191d  _ZN4aeo17esp82664DiagEv                           
0000181d  _ZN4aeo17esp82665ResetEv                          
000018b7  _ZN4aeo17esp82665SetupEv                          
00001981  _ZN4aeo17esp82665WriteEPKc                        
00001dc5  _ZN4aeo17esp82666InvokeEPKcS2_S2_i                
0000194d  _ZN4aeo17esp82666OnUartEj                         
00001a69  _ZN4aeo17esp82668ReadLineEPci                     
00001c9f  _ZN4aeo17esp82669OnReceiveEv                      
00001783  _ZN4aeo17esp8266C1Ev                              
00001783  _ZN4aeo17esp8266C2Ev                              
000017bf  _ZN4aeo17esp8266D0Ev                              
000017b3  _ZN4aeo17esp8266D1Ev                              
000017b3  _ZN4aeo17esp8266D2Ev                              
000044a3  _ZNKSt9type_info4nameEv                           
000044d3  _ZNKSt9type_info6beforeERKS_                      
000044bd  _ZNKSt9type_infoeqERKS_                           
000044a7  _ZNKSt9type_infoneERKS_                           
0000449b  _ZNSt9type_infoD0Ev                               
00004499  _ZNSt9type_infoD1Ev                               
00004499  _ZNSt9type_infoD2Ev                               
200007ec  _ZSt16__dummy_typeinfo                            
00004491  _ZSt21__gen_dummy_typeinfosv                      
000060a8  _ZTIN10__cxxabiv117__class_type_infoE             
000060b4  _ZTIN10__cxxabiv117__pbase_type_infoE             
000060c0  _ZTIN10__cxxabiv119__pointer_type_infoE           
000060cc  _ZTIN10__cxxabiv120__si_class_type_infoE          
000060d8  _ZTIN10__cxxabiv123__fundamental_type_infoE       
000060f0  _ZTIN4aeo111pwm_stepperE                          
000060e4  _ZTIN4aeo111ssi_drv8711E                          
000060f8  _ZTIN4aeo112adc_potmeterE                         
00006100  _ZTIN4aeo114ssi_peripheralE                       
00006108  _ZTIN4aeo17drv8711E                               
00006110  _ZTIN4aeo17esp8266E                               
00005fe8  _ZTIPKe                                           
00006118  _ZTISt9type_info                                  
00006120  _ZTIe                                             
00005ee5  _ZTSN10__cxxabiv117__class_type_infoE             
00005f07  _ZTSN10__cxxabiv117__pbase_type_infoE             
00005ec1  _ZTSN10__cxxabiv119__pointer_type_infoE           
00005e9c  _ZTSN10__cxxabiv120__si_class_type_infoE          
00005dfc  _ZTSN10__cxxabiv123__fundamental_type_infoE       
00005f96  _ZTSN4aeo111pwm_stepperE                          
00005fab  _ZTSN4aeo111ssi_drv8711E                          
00005f80  _ZTSN4aeo112adc_potmeterE                         
00005f68  _ZTSN4aeo114ssi_peripheralE                       
00005ff8  _ZTSN4aeo17drv8711E                               
00006008  _ZTSN4aeo17esp8266E                               
00006128  _ZTSPKe                                           
00006098  _ZTSSt9type_info                                  
000056a2  _ZTSe                                             
00006018  _ZTVN10__cxxabiv117__class_type_infoE             
00006028  _ZTVN10__cxxabiv119__pointer_type_infoE           
00006038  _ZTVN10__cxxabiv120__si_class_type_infoE          
00006048  _ZTVN10__cxxabiv123__fundamental_type_infoE       
00006058  _ZTVN4aeo111pwm_stepperE                          
00005e24  _ZTVN4aeo111ssi_drv8711E                          
00006068  _ZTVN4aeo112adc_potmeterE                         
00005e4c  _ZTVN4aeo114ssi_peripheralE                       
00006078  _ZTVN4aeo17drv8711E                               
00006088  _ZTVN4aeo17esp8266E                               
00005121  _ZdlPv                                            
200009fc  __STACK_END                                       
00000200  __STACK_SIZE                                      
200009fc  __STACK_TOP                                       
00000008  __SYSMEM_SIZE                                     
000062d0  __TI_CINIT_Base                                   
000062e0  __TI_CINIT_Limit                                  
000062b8  __TI_Handler_Table_Base                           
000062c4  __TI_Handler_Table_Limit                          
00004789  __TI_auto_init                                    
20000bc0  __TI_cleanup_ptr                                  
0000502d  __TI_decompress_none                              
00005147  __TI_decompress_rle24                             
20000bc4  __TI_dtors_ptr                                    
00000000  __TI_static_base__                                
00005083  __TI_zero_init                                    
000043f3  __aeabi_atexit                                    
00004197  __aeabi_idiv0                                     
0000470f  __aeabi_memclr                                    
0000470f  __aeabi_memclr4                                   
0000470f  __aeabi_memclr8                                   
000045f9  __aeabi_memcpy                                    
000045f9  __aeabi_memcpy4                                   
000045f9  __aeabi_memcpy8                                   
00004711  __aeabi_memset                                    
00004711  __aeabi_memset4                                   
00004711  __aeabi_memset8                                   
00004b4d  __aeabi_uidiv                                     
00004b4d  __aeabi_uidivmod                                  
ffffffff  __binit__                                         
ffffffff  __c_args__                                        
00004437  __cxa_atexit                                      
0000439d  __cxa_finalize                                    
000043df  __cxa_ia64_exit                                   
200007f0  __dso_handle                                      
200007fc  __stack                                           
000023f5  __sti___8_main_cpp_779587d3                       
00004ded  _args_main                                        
000049dd  _c_int00                                          
20000bb8  _lock                                             
00004ea7  _nop                                              
00004e9f  _register_lock                                    
00004e99  _register_unlock                                  
20000be0  _sys_memory                                       
00005155  _system_pre_init                                  
20000bbc  _unlock                                           
00004b0d  abort                                             
000043e5  atexit                                            
ffffffff  binit                                             
00003891  calloc                                            
00004a2d  copy_in                                           
00001751  esp8266_UARTIntHandler                            
00004b15  exit                                              
000035df  free                                              
20000618  g_oDrv8711                                        
20000400  g_oEsp8266                                        
00000000  g_pfnVectors                                      
200009fc  g_psCmdTable                                      
00004987  ltoa                                              
000023e7  main                                              
20000bd8  main_func_sp                                      
00003577  malloc                                            
000037ad  memalign                                          
000045f9  memcpy                                            
00004717  memset                                            
000034e9  minit                                             
000036a1  realloc                                           
00004e1d  strchr                                            
00004e05  strcmp                                            
00004ead  strlen                                            
00004d01  strncmp                                           
00004c75  strstr                                            
00000751  ulocaltime                                        
0000094f  umktime                                           
00000ec9  urand                                             
00000721  usnprintf                                         
000006ef  usprintf                                          
00000eb9  usrand                                            
00000e31  ustrcasecmp                                       
00000ea5  ustrcmp                                           
00000d35  ustrlen                                           
00000d8d  ustrncasecmp                                      
00000e45  ustrncmp                                          
0000026d  ustrncpy                                          
00000d57  ustrstr                                           
00000afd  ustrtof                                           
000009c5  ustrtoul                                          
000002c5  uvsnprintf                                        


GLOBAL SYMBOLS: SORTED BY Symbol Address 

address   name                                              
-------   ----                                              
00000000  __TI_static_base__                                
00000000  g_pfnVectors                                      
00000008  __SYSMEM_SIZE                                     
00000200  __STACK_SIZE                                      
0000026d  ustrncpy                                          
000002c5  uvsnprintf                                        
000006ef  usprintf                                          
00000721  usnprintf                                         
00000751  ulocaltime                                        
0000094f  umktime                                           
000009c5  ustrtoul                                          
00000afd  ustrtof                                           
00000d35  ustrlen                                           
00000d57  ustrstr                                           
00000d8d  ustrncasecmp                                      
00000e31  ustrcasecmp                                       
00000e45  ustrncmp                                          
00000ea5  ustrcmp                                           
00000eb9  usrand                                            
00000ec9  urand                                             
00000fdd  UARTStdioConfig                                   
00001063  UARTwrite                                         
00001103  UARTgets                                          
0000117f  UARTgetc                                          
000011d9  UARTvprintf                                       
000014d3  UARTprintf                                        
000014f7  UARTRxBytesAvail                                  
00001505  UARTTxBytesFree                                   
00001519  UARTPeek                                          
00001573  UARTFlushRx                                       
00001593  UARTFlushTx                                       
000015c9  UARTEchoSet                                       
000015f5  UARTStdioIntHandler                               
00001751  esp8266_UARTIntHandler                            
00001783  _ZN4aeo17esp8266C1Ev                              
00001783  _ZN4aeo17esp8266C2Ev                              
000017b3  _ZN4aeo17esp8266D1Ev                              
000017b3  _ZN4aeo17esp8266D2Ev                              
000017bf  _ZN4aeo17esp8266D0Ev                              
000017d5  _ZN4aeo17esp826610InitializeEv                    
0000181d  _ZN4aeo17esp82665ResetEv                          
000018b7  _ZN4aeo17esp82665SetupEv                          
0000191d  _ZN4aeo17esp82664DiagEv                           
0000194d  _ZN4aeo17esp82666OnUartEj                         
00001981  _ZN4aeo17esp82665WriteEPKc                        
00001a69  _ZN4aeo17esp82668ReadLineEPci                     
00001af7  _ZN4aeo17esp826611RxEndOfLineEv                   
00001b31  _ZN4aeo17esp826613ConfigureUARTEj                 
00001ba9  _ZN4aeo17esp826610SetBitrateEj                    
00001bf7  _ZN4aeo17esp826610OnTransmitEv                    
00001c9f  _ZN4aeo17esp82669OnReceiveEv                      
00001d21  _ZN4aeo17esp826616FillOutputBufferEPKc            
00001dc5  _ZN4aeo17esp82666InvokeEPKcS2_S2_i                
00001e91  _Z8CMD_idleiPPc                                   
00001ea1  _Z8CMD_haltiPPc                                   
00001eb1  _Z7CMD_getiPPc                                    
00001f13  _Z7CMD_setiPPc                                    
00001f93  _Z8CMD_moveiPPc                                   
00001fc1  _Z8CMD_stopiPPc                                   
00001fe3  _Z8CMD_diagiPPc                                   
00002019  _Z9CMD_sleepiPPc                                  
00002041  _Z10CMD_mresetiPPc                                
00002051  _Z10CMD_wresetiPPc                                
00002067  _Z9CMD_resetiPPc                                  
00002075  _Z9CMD_noerriPPc                                  
00002089  _Z8CMD_helpiPPc                                   
00002131  SysTickIntHandler                                 
00002385  _Z8MainLoopv                                      
000023e7  main                                              
000023f5  __sti___8_main_cpp_779587d3                       
000024e1  _ZN4aeo17drv8711C1Ev                              
000024e1  _ZN4aeo17drv8711C2Ev                              
000024ff  _ZN4aeo17drv8711D1Ev                              
000024ff  _ZN4aeo17drv8711D2Ev                              
00002517  _ZN4aeo17drv8711D0Ev                              
0000252d  _ZN4aeo17drv871110InitializeEv                    
00002551  _ZN4aeo17drv87114IdleEv                           
0000257d  _ZN4aeo17drv87114HaltEv                           
000025ab  _ZN4aeo17drv87113GetEPKcPci                       
00002619  _ZN4aeo17drv87113SetEPKcS2_                       
0000268f  _ZN4aeo17drv87114MoveEi                           
000026ef  _ZN4aeo17drv87114StopEb                           
0000271d  _ZN4aeo17drv87114DiagEv                           
00002745  _ZN4aeo17drv87115SleepEb                          
0000276f  _ZN4aeo17drv871111ClearFaultsEv                   
0000278d  _ZN4aeo17drv87115ResetEv                          
000027a7  _ZN4aeo17drv871110SetDefaultEv                    
000027ff  _ZN4aeo17drv871116ReadAllRegistersEv              
00002831  _ZN4aeo17drv871117PrintAllRegistersEv             
0000288d  _ZN4aeo17drv871116PrintDerivedInfoEv              
00002945  _ZN4aeo17drv871111PrintStatusEj                   
00002b19  OnSSI0Interrupt                                   
00002b33  OnSSI1Interrupt                                   
00002b4d  OnSSI2Interrupt                                   
00002b67  OnSSI3Interrupt                                   
00002b81  _ZN4aeo114ssi_peripheralC1ENS0_9device_idEjb      
00002b81  _ZN4aeo114ssi_peripheralC2ENS0_9device_idEjb      
00002c23  _ZN4aeo114ssi_peripheralD1Ev                      
00002c23  _ZN4aeo114ssi_peripheralD2Ev                      
00002c37  _ZN4aeo114ssi_peripheralD0Ev                      
00002c4d  _ZN4aeo114ssi_peripheral10InitializeEv            
00002d95  _ZN4aeo114ssi_peripheral11OnInterruptEv           
00002e35  _ZN4aeo114ssi_peripheral4DiagEv                   
00002ec3  _ZN4aeo114ssi_peripheral9TerminateEv              
00002f1f  _ZN4aeo114ssi_peripheral3PutEj                    
00002f33  _ZN4aeo114ssi_peripheral3GetEv                    
00002f4b  _ZN4aeo114ssi_peripheral10LoadTxFIFOEv            
00002f81  _ZN4aeo114ssi_peripheral12UnloadRxFIFOEv          
00003071  OnPWM1Gen1Interrupt                               
0000308d  _ZN4aeo111pwm_stepperC1Ev                         
0000308d  _ZN4aeo111pwm_stepperC2Ev                         
000030cf  _ZN4aeo111pwm_stepperD1Ev                         
000030cf  _ZN4aeo111pwm_stepperD2Ev                         
000030db  _ZN4aeo111pwm_stepperD0Ev                         
000030f1  _ZN4aeo111pwm_stepper10InitializeEv               
00003163  _ZN4aeo111pwm_stepper4DiagEv                      
000031b3  _ZN4aeo111pwm_stepper4MoveEj                      
000031ed  _ZN4aeo111pwm_stepper4StopEb                      
00003225  _ZN4aeo111pwm_stepper11OnInterruptEv              
00003321  _ZN4aeo111pwm_stepper3GetEPKcRj                   
00003471  _ZN4aeo111pwm_stepper3SetEPKcj                    
000034e9  minit                                             
00003577  malloc                                            
000035df  free                                              
000036a1  realloc                                           
000037ad  memalign                                          
00003891  calloc                                            
000038c5  OnGPIOBInterrupt                                  
000038e1  OnGPIOEInterrupt                                  
000038fd  _ZN4aeo111ssi_drv8711C1Ev                         
000038fd  _ZN4aeo111ssi_drv8711C2Ev                         
00003923  _ZN4aeo111ssi_drv8711D1Ev                         
00003923  _ZN4aeo111ssi_drv8711D2Ev                         
00003931  _ZN4aeo111ssi_drv8711D0Ev                         
00003947  _ZN4aeo111ssi_drv871110InitializeEv               
00003a13  _ZN4aeo111ssi_drv87114DiagEv                      
00003a25  _ZN4aeo111ssi_drv87115SleepEb                     
00003a43  _ZN4aeo111ssi_drv87115ResetEv                     
00003a71  _ZN4aeo111ssi_drv871115OnGpioInterruptENS0_5EventE
00003aa5  _ZN4aeo111ssi_drv87114ReadEj                      
00003b07  _ZN4aeo111ssi_drv87115WriteEjj                    
00003b55  _ZN4aeo111ssi_drv871111GetRegisterEj              
00003c2d  _Z23drv8711_registers_PrintiiPFbPKciS0_PvES1_     
00003ceb  _Z35drv8711_registers_GetRegisterNumberPKc        
00003d3f  _Z31drv8711_registers_GetFieldValuePKciRj         
00003dc9  _Z31drv8711_registers_SetFieldValuePKcRjS0_       
00003e71  OnADCInterrupt                                    
00003e83  _ZN4aeo112adc_potmeterC1Ev                        
00003e83  _ZN4aeo112adc_potmeterC2Ev                        
00003ea1  _ZN4aeo112adc_potmeterD1Ev                        
00003ea1  _ZN4aeo112adc_potmeterD2Ev                        
00003ec5  _ZN4aeo112adc_potmeterD0Ev                        
00003edb  _ZN4aeo112adc_potmeter10InitializeEv              
00003f3b  _ZN4aeo112adc_potmeter9TerminateEv                
00003f57  _ZN4aeo112adc_potmeter11OnInterruptEv             
00003fd3  _ZN4aeo112adc_potmeter7TriggerEv                  
00003fe1  _ZN4aeo112adc_potmeter8GetValueEv                 
00004001  _ZN4aeo112adc_potmeter15GetErrorCounterEv         
00004019  _ZN4aeo112adc_potmeter4DiagEv                     
00004065  GPIOPadConfigSet                                  
00004197  __aeabi_idiv0                                     
00004199  SysCtlClockGet                                    
000042a9  SysCtlClockSet                                    
0000439d  __cxa_finalize                                    
000043df  __cxa_ia64_exit                                   
000043e5  atexit                                            
000043f3  __aeabi_atexit                                    
00004437  __cxa_atexit                                      
00004491  _ZSt21__gen_dummy_typeinfosv                      
00004499  _ZNSt9type_infoD1Ev                               
00004499  _ZNSt9type_infoD2Ev                               
0000449b  _ZNSt9type_infoD0Ev                               
000044a3  _ZNKSt9type_info4nameEv                           
000044a7  _ZNKSt9type_infoneERKS_                           
000044bd  _ZNKSt9type_infoeqERKS_                           
000044d3  _ZNKSt9type_info6beforeERKS_                      
000044e1  _ZN10__cxxabiv129__pointer_to_member_type_infoD1Ev
000044e1  _ZN10__cxxabiv129__pointer_to_member_type_infoD2Ev
000044e3  _ZN10__cxxabiv129__pointer_to_member_type_infoD0Ev
000044eb  _ZN10__cxxabiv123__fundamental_type_infoD1Ev      
000044eb  _ZN10__cxxabiv123__fundamental_type_infoD2Ev      
000044ed  _ZN10__cxxabiv123__fundamental_type_infoD0Ev      
000044f5  _ZN10__cxxabiv121__vmi_class_type_infoD1Ev        
000044f5  _ZN10__cxxabiv121__vmi_class_type_infoD2Ev        
000044f7  _ZN10__cxxabiv121__vmi_class_type_infoD0Ev        
000044ff  _ZN10__cxxabiv120__si_class_type_infoD1Ev         
000044ff  _ZN10__cxxabiv120__si_class_type_infoD2Ev         
00004501  _ZN10__cxxabiv120__si_class_type_infoD0Ev         
00004509  _ZN10__cxxabiv120__function_type_infoD1Ev         
00004509  _ZN10__cxxabiv120__function_type_infoD2Ev         
0000450b  _ZN10__cxxabiv120__function_type_infoD0Ev         
00004513  _ZN10__cxxabiv119__pointer_type_infoD1Ev          
00004513  _ZN10__cxxabiv119__pointer_type_infoD2Ev          
00004515  _ZN10__cxxabiv119__pointer_type_infoD0Ev          
0000451d  _ZN10__cxxabiv117__pbase_type_infoD1Ev            
0000451d  _ZN10__cxxabiv117__pbase_type_infoD2Ev            
0000451f  _ZN10__cxxabiv117__pbase_type_infoD0Ev            
00004527  _ZN10__cxxabiv117__class_type_infoD1Ev            
00004527  _ZN10__cxxabiv117__class_type_infoD2Ev            
00004529  _ZN10__cxxabiv117__class_type_infoD0Ev            
00004531  _ZN10__cxxabiv117__array_type_infoD1Ev            
00004531  _ZN10__cxxabiv117__array_type_infoD2Ev            
00004533  _ZN10__cxxabiv117__array_type_infoD0Ev            
0000453b  _ZN10__cxxabiv116__enum_type_infoD1Ev             
0000453b  _ZN10__cxxabiv116__enum_type_infoD2Ev             
0000453d  _ZN10__cxxabiv116__enum_type_infoD0Ev             
0000454d  CmdLineProcess                                    
000045f9  __aeabi_memcpy                                    
000045f9  __aeabi_memcpy4                                   
000045f9  __aeabi_memcpy8                                   
000045f9  memcpy                                            
00004695  ADCSequenceStepConfigure                          
0000470f  __aeabi_memclr                                    
0000470f  __aeabi_memclr4                                   
0000470f  __aeabi_memclr8                                   
00004711  __aeabi_memset                                    
00004711  __aeabi_memset4                                   
00004711  __aeabi_memset8                                   
00004717  memset                                            
00004789  __TI_auto_init                                    
00004861  IntDisable                                        
000048c9  IntEnable                                         
00004931  GPIOIntTypeSet                                    
00004987  ltoa                                              
000049dd  _c_int00                                          
00004a2d  copy_in                                           
00004a79  GPIOPinConfigure                                  
00004ac1  UARTConfigSetExpClk                               
00004b09  C$$EXIT                                           
00004b0d  abort                                             
00004b15  exit                                              
00004b4d  __aeabi_uidiv                                     
00004b4d  __aeabi_uidivmod                                  
00004b8d  ADCSequenceConfigure                              
00004bcb  SSIConfigSetExpClk                                
00004c09  SysCtlPeripheralPresent                           
00004c41  SysCtlPeripheralEnable                            
00004c75  strstr                                            
00004ca9  ADCIntStatus                                      
00004cd7  GPIODirModeSet                                    
00004d01  strncmp                                           
00004d27  PWMGenConfigure                                   
00004d49  UARTDisable                                       
00004d69  ADCSequenceDataGet                                
00004d87  PWMPulseWidthSet                                  
00004da5  ADCClockConfigSet                                 
00004dbd  ADCProcessorTrigger                               
00004dd5  GPIOPinTypeGPIOOutput                             
00004ded  _args_main                                        
00004e05  strcmp                                            
00004e1d  strchr                                            
00004e35  FPUStackingEnable                                 
00004e49  SysCtlPWMClockSet                                 
00004e5d  SysTickEnable                                     
00004e71  SysTickIntEnable                                  
00004e85  UARTEnable                                        
00004e99  _register_unlock                                  
00004e9f  _register_lock                                    
00004ea7  _nop                                              
00004ead  strlen                                            
00004ec1  GPIOPinTypeADC                                    
00004ed3  GPIOPinTypeGPIOInput                              
00004ee5  GPIOPinTypePWM                                    
00004ef7  GPIOPinTypeSSI                                    
00004f09  GPIOPinTypeUART                                   
00004f1b  PWMOutputState                                    
00004f2d  SSIDataGetNonBlocking                             
00004f3f  ADCIntEnable                                      
00004f51  FPUEnable                                         
00004f61  IntMasterDisable                                  
00004f71  IntMasterEnable                                   
00004f81  PWMGenPeriodSet                                   
00004f91  SysTickPeriodSet                                  
00004fa1  ADCHardwareOversampleConfigure                    
00004faf  ADCIntDisable                                     
00004fbd  ADCSequenceDisable                                
00004fcb  ADCSequenceEnable                                 
00004fd9  GPIOIntDisable                                    
00004fe7  SSIDataPutNonBlocking                             
00004ff5  UARTCharGetNonBlocking                            
00005003  UARTCharPutNonBlocking                            
00005011  UARTCharsAvail                                    
0000501f  UARTSpaceAvail                                    
0000502d  __TI_decompress_none                              
0000503b  CPUcpsid                                          
00005047  CPUcpsie                                          
00005053  GPIOIntEnable                                     
0000505f  PWMGenDisable                                     
0000506b  PWMGenEnable                                      
00005077  SSIDataGet                                        
00005083  __TI_zero_init                                    
0000508f  ResetISR                                          
0000509b  ADCIntClear                                       
000050a5  PWMGenIntTrigEnable                               
000050af  SSIDataPut                                        
000050b9  SSIDisable                                        
000050c3  SSIEnable                                         
000050cd  SSIIntDisable                                     
000050d7  SSIIntStatus                                      
000050e1  UARTIntDisable                                    
000050eb  UARTIntStatus                                     
000050f5  _ZN4aeo114ssi_peripheral4OnRxEv                   
000050ff  _ZN4aeo114ssi_peripheral4OnTxEv                   
00005109  PWMIntEnable                                      
00005111  SSIIntEnable                                      
00005119  UARTIntEnable                                     
00005121  _ZdlPv                                            
00005129  GPIOPinWrite                                      
0000512f  PWMGenIntClear                                    
00005135  SysCtlDelay                                       
0000513b  UARTClockSourceSet                                
00005141  UARTFIFOLevelSet                                  
00005147  __TI_decompress_rle24                             
0000514d  SSIIntClear                                       
00005151  UARTIntClear                                      
00005155  _system_pre_init                                  
000056a2  _ZTSe                                             
00005dfc  _ZTSN10__cxxabiv123__fundamental_type_infoE       
00005e24  _ZTVN4aeo111ssi_drv8711E                          
00005e4c  _ZTVN4aeo114ssi_peripheralE                       
00005e9c  _ZTSN10__cxxabiv120__si_class_type_infoE          
00005ec1  _ZTSN10__cxxabiv119__pointer_type_infoE           
00005ee5  _ZTSN10__cxxabiv117__class_type_infoE             
00005f07  _ZTSN10__cxxabiv117__pbase_type_infoE             
00005f68  _ZTSN4aeo114ssi_peripheralE                       
00005f80  _ZTSN4aeo112adc_potmeterE                         
00005f96  _ZTSN4aeo111pwm_stepperE                          
00005fab  _ZTSN4aeo111ssi_drv8711E                          
00005fe8  _ZTIPKe                                           
00005ff8  _ZTSN4aeo17drv8711E                               
00006008  _ZTSN4aeo17esp8266E                               
00006018  _ZTVN10__cxxabiv117__class_type_infoE             
00006028  _ZTVN10__cxxabiv119__pointer_type_infoE           
00006038  _ZTVN10__cxxabiv120__si_class_type_infoE          
00006048  _ZTVN10__cxxabiv123__fundamental_type_infoE       
00006058  _ZTVN4aeo111pwm_stepperE                          
00006068  _ZTVN4aeo112adc_potmeterE                         
00006078  _ZTVN4aeo17drv8711E                               
00006088  _ZTVN4aeo17esp8266E                               
00006098  _ZTSSt9type_info                                  
000060a8  _ZTIN10__cxxabiv117__class_type_infoE             
000060b4  _ZTIN10__cxxabiv117__pbase_type_infoE             
000060c0  _ZTIN10__cxxabiv119__pointer_type_infoE           
000060cc  _ZTIN10__cxxabiv120__si_class_type_infoE          
000060d8  _ZTIN10__cxxabiv123__fundamental_type_infoE       
000060e4  _ZTIN4aeo111ssi_drv8711E                          
000060f0  _ZTIN4aeo111pwm_stepperE                          
000060f8  _ZTIN4aeo112adc_potmeterE                         
00006100  _ZTIN4aeo114ssi_peripheralE                       
00006108  _ZTIN4aeo17drv8711E                               
00006110  _ZTIN4aeo17esp8266E                               
00006118  _ZTISt9type_info                                  
00006120  _ZTIe                                             
00006128  _ZTSPKe                                           
0000612c  SHT$$INIT_ARRAY$$Base                             
00006130  SHT$$INIT_ARRAY$$Limit                            
000062b8  __TI_Handler_Table_Base                           
000062c4  __TI_Handler_Table_Limit                          
000062d0  __TI_CINIT_Base                                   
000062e0  __TI_CINIT_Limit                                  
20000400  g_oEsp8266                                        
20000618  g_oDrv8711                                        
200007ec  _ZSt16__dummy_typeinfo                            
200007f0  __dso_handle                                      
200007fc  __stack                                           
200009fc  __STACK_END                                       
200009fc  __STACK_TOP                                       
200009fc  g_psCmdTable                                      
20000aa4  _ZN4aeo118SSI0_SpecificationE                     
20000ad8  _ZN4aeo118SSI1_SpecificationE                     
20000b0c  _ZN4aeo118SSI2_SpecificationE                     
20000b40  _ZN4aeo118SSI3_SpecificationE                     
20000b8c  _ZN4aeo112adc_potmeter10m_nCounterE               
20000b90  _ZN4aeo112adc_potmeter15m_nErrorCounterE          
20000b94  _ZN4aeo112adc_potmeter14m_nReadCounterE           
20000b98  _ZN4aeo112adc_potmeter16m_pTheOneAndOnlyE         
20000bb8  _lock                                             
20000bbc  _unlock                                           
20000bc0  __TI_cleanup_ptr                                  
20000bc4  __TI_dtors_ptr                                    
20000bd8  main_func_sp                                      
20000be0  _sys_memory                                       
ffffffff  __binit__                                         
ffffffff  __c_args__                                        
ffffffff  binit                                             

[385 symbols]
