******************************************************************************
                  TI ARM Linker PC v5.2.6                      
******************************************************************************
>> Linked Tue Feb 09 13:14:20 2016

OUTPUT FILE NAME:   <solo_stepper.out>
ENTRY POINT SYMBOL: "_c_int00"  address: 000041b5


MEMORY CONFIGURATION

         name            origin    length      used     unused   attr    fill
----------------------  --------  ---------  --------  --------  ----  --------
  FLASH                 00000000   00040000  000059a4  0003a65c  R  X
  SRAM                  20000000   00008000  00000b49  000074b7  RW X


SEGMENT ALLOCATION MAP

run origin  load origin   length   init length attrs members
----------  ----------- ---------- ----------- ----- -------
00000000    00000000    000059a8   000059a8    r-x
  00000000    00000000    0000026c   0000026c    r-- .intvecs
  0000026c    0000026c    000046a0   000046a0    r-x .text
  0000490c    0000490c    00000efc   00000efc    r-- .const
  00005808    00005808    00000004   00000004    r-- .init_array
  00005810    00005810    00000198   00000198    r-- .cinit
20000000    20000000    00000b50   00000000    rw-
  20000000    20000000    00000775   00000000    rw- .bss
  20000778    20000778    00000200   00000000    rw- .stack
  20000978    20000978    000001cc   00000000    rw- .data
  20000b48    20000b48    00000008   00000000    rw- .sysmem


SECTION ALLOCATION MAP

 output                                  attributes/
section   page    origin      length       input sections
--------  ----  ----------  ----------   ----------------
.intvecs   0    00000000    0000026c     
                  00000000    0000026c     tm4c123gh6pm_startup_ccs.obj (.intvecs)

.text      0    0000026c    000046a0     
                  0000026c    00000c84     tiva_utils.lib : ustdlib.obj (.text)
                  00000ef0    00000860                    : uartstdio.obj (.text)
                  00001750    00000640     esp8266.obj (.text)
                  00001d90    00000558     aeo1_drivers.lib : ssi_peripheral.obj (.text)
                  000022e8    000004c0     drv8711.obj (.text)
                  000027a8    000003dc     rtsv7M4_T_le_v4SPD16_eabi.lib : memory.obj (.text)
                  00002b84    000003c4     main.obj (.text)
                  00002f48    000002f8     aeo1_drivers.lib : pwm_stepper.obj (.text)
                  00003240    000002e8                      : ssi_drv8711.obj (.text)
                  00003528    000001f4                      : adc_potmeter.obj (.text)
                  0000371c    00000132     driverlib.lib : gpio.obj (.text:GPIOPadConfigSet)
                  0000384e    00000002     rtsv7M4_T_le_v4SPD16_eabi.lib : i_div0.obj (.text)
                  00003850    00000120     drv8711_registers.obj (.text)
                  00003970    00000110     driverlib.lib : sysctl.obj (.text:SysCtlClockGet)
                  00003a80    000000f4                   : sysctl.obj (.text:SysCtlClockSet)
                  00003b74    000000f4     rtsv7M4_T_le_v4SPD16_eabi.lib : dtor_list.obj (.text)
                  00003c68    000000bc                                   : typeinfo_.obj (.text)
                  00003d24    000000ac     tiva_utils.lib : cmdline.obj (.text)
                  00003dd0    0000009c     rtsv7M4_T_le_v4SPD16_eabi.lib : memcpy_t2.obj (.text)
                  00003e6c    0000007a     driverlib.lib : adc.obj (.text:ADCSequenceStepConfigure)
                  00003ee6    0000007a     rtsv7M4_T_le_v4SPD16_eabi.lib : memset_t2.obj (.text)
                  00003f60    0000006c                                   : autoinit.obj (.text)
                  00003fcc    0000006a                                   : copy_decompress_rle.obj (.text)
                  00004036    00000002     --HOLE-- [fill = 0]
                  00004038    00000068     driverlib.lib : interrupt.obj (.text:IntDisable)
                  000040a0    00000068                   : interrupt.obj (.text:IntEnable)
                  00004108    00000056                   : gpio.obj (.text:GPIOIntTypeSet)
                  0000415e    00000056     rtsv7M4_T_le_v4SPD16_eabi.lib : ltoa.obj (.text)
                  000041b4    00000050                                   : boot.obj (.text)
                  00004204    0000004c                                   : cpy_tbl.obj (.text)
                  00004250    00000048     driverlib.lib : gpio.obj (.text:GPIOPinConfigure)
                  00004298    00000046                   : uart.obj (.text:UARTConfigSetExpClk)
                  000042de    00000002     --HOLE-- [fill = 0]
                  000042e0    00000044     rtsv7M4_T_le_v4SPD16_eabi.lib : exit.obj (.text)
                  00004324    00000040                                   : u_divt2.obj (.text)
                  00004364    0000003e     driverlib.lib : adc.obj (.text:ADCSequenceConfigure)
                  000043a2    0000003c                   : ssi.obj (.text:SSIConfigSetExpClk)
                  000043de    00000002     --HOLE-- [fill = 0]
                  000043e0    00000038                   : sysctl.obj (.text:SysCtlPeripheralPresent)
                  00004418    00000034                   : sysctl.obj (.text:SysCtlPeripheralEnable)
                  0000444c    00000034     rtsv7M4_T_le_v4SPD16_eabi.lib : strstr.obj (.text)
                  00004480    0000002e     driverlib.lib : adc.obj (.text:ADCIntStatus)
                  000044ae    0000002a                   : gpio.obj (.text:GPIODirModeSet)
                  000044d8    00000022                   : pwm.obj (.text:PWMGenConfigure)
                  000044fa    00000002     --HOLE-- [fill = 0]
                  000044fc    00000020                   : uart.obj (.text:UARTDisable)
                  0000451c    0000001e                   : adc.obj (.text:ADCSequenceDataGet)
                  0000453a    0000001e                   : pwm.obj (.text:PWMPulseWidthSet)
                  00004558    00000018                   : adc.obj (.text:ADCClockConfigSet)
                  00004570    00000018                   : adc.obj (.text:ADCProcessorTrigger)
                  00004588    00000018                   : gpio.obj (.text:GPIOPinTypeGPIOOutput)
                  000045a0    00000018     rtsv7M4_T_le_v4SPD16_eabi.lib : args_main.obj (.text)
                  000045b8    00000018                                   : strcmp.obj (.text)
                  000045d0    00000016                                   : strchr.obj (.text)
                  000045e6    00000002     --HOLE-- [fill = 0]
                  000045e8    00000014     driverlib.lib : fpu.obj (.text:FPUStackingEnable)
                  000045fc    00000014                   : sysctl.obj (.text:SysCtlPWMClockSet)
                  00004610    00000014                   : systick.obj (.text:SysTickEnable)
                  00004624    00000014                   : systick.obj (.text:SysTickIntEnable)
                  00004638    00000014                   : uart.obj (.text:UARTEnable)
                  0000464c    00000014     rtsv7M4_T_le_v4SPD16_eabi.lib : _lock.obj (.text)
                  00004660    00000014                                   : strlen.obj (.text)
                  00004674    00000012     driverlib.lib : gpio.obj (.text:GPIOPinTypeADC)
                  00004686    00000012                   : gpio.obj (.text:GPIOPinTypeGPIOInput)
                  00004698    00000012                   : gpio.obj (.text:GPIOPinTypePWM)
                  000046aa    00000012                   : gpio.obj (.text:GPIOPinTypeSSI)
                  000046bc    00000012                   : gpio.obj (.text:GPIOPinTypeUART)
                  000046ce    00000012                   : pwm.obj (.text:PWMOutputState)
                  000046e0    00000012                   : ssi.obj (.text:SSIDataGetNonBlocking)
                  000046f2    00000010                   : adc.obj (.text:ADCIntEnable)
                  00004702    00000002     --HOLE-- [fill = 0]
                  00004704    00000010                   : fpu.obj (.text:FPUEnable)
                  00004714    00000010                   : interrupt.obj (.text:IntMasterDisable)
                  00004724    00000010                   : interrupt.obj (.text:IntMasterEnable)
                  00004734    00000010                   : pwm.obj (.text:PWMGenPeriodSet)
                  00004744    00000010                   : systick.obj (.text:SysTickPeriodSet)
                  00004754    0000000e                   : adc.obj (.text:ADCHardwareOversampleConfigure)
                  00004762    0000000e                   : adc.obj (.text:ADCIntDisable)
                  00004770    0000000e                   : adc.obj (.text:ADCSequenceDisable)
                  0000477e    0000000e                   : adc.obj (.text:ADCSequenceEnable)
                  0000478c    0000000e                   : gpio.obj (.text:GPIOIntDisable)
                  0000479a    0000000e                   : ssi.obj (.text:SSIDataPutNonBlocking)
                  000047a8    0000000e                   : uart.obj (.text:UARTCharGetNonBlocking)
                  000047b6    0000000e                   : uart.obj (.text:UARTCharPutNonBlocking)
                  000047c4    0000000e                   : uart.obj (.text:UARTCharsAvail)
                  000047d2    0000000e                   : uart.obj (.text:UARTSpaceAvail)
                  000047e0    0000000e     rtsv7M4_T_le_v4SPD16_eabi.lib : copy_decompress_none.obj (.text:decompress:none)
                  000047ee    0000000c     driverlib.lib : cpu.obj (.text:CPUcpsid)
                  000047fa    0000000c                   : cpu.obj (.text:CPUcpsie)
                  00004806    0000000c                   : gpio.obj (.text:GPIOIntEnable)
                  00004812    0000000c                   : pwm.obj (.text:PWMGenDisable)
                  0000481e    0000000c                   : pwm.obj (.text:PWMGenEnable)
                  0000482a    0000000c                   : ssi.obj (.text:SSIDataGet)
                  00004836    0000000c     rtsv7M4_T_le_v4SPD16_eabi.lib : copy_zero_init.obj (.text:decompress:ZI)
                  00004842    0000000c     tm4c123gh6pm_startup_ccs.obj (.text)
                  0000484e    0000000a     driverlib.lib : adc.obj (.text:ADCIntClear)
                  00004858    0000000a                   : pwm.obj (.text:PWMGenIntTrigEnable)
                  00004862    0000000a                   : ssi.obj (.text:SSIDataPut)
                  0000486c    0000000a                   : ssi.obj (.text:SSIDisable)
                  00004876    0000000a                   : ssi.obj (.text:SSIEnable)
                  00004880    0000000a                   : ssi.obj (.text:SSIIntDisable)
                  0000488a    0000000a                   : ssi.obj (.text:SSIIntStatus)
                  00004894    0000000a                   : uart.obj (.text:UARTIntDisable)
                  0000489e    0000000a                   : uart.obj (.text:UARTIntStatus)
                  000048a8    0000000a     aeo1_drivers.lib : ssi_drv8711.obj (.text:_ZN4aeo114ssi_peripheral4OnRxEv)
                  000048b2    0000000a                      : ssi_drv8711.obj (.text:_ZN4aeo114ssi_peripheral4OnTxEv)
                  000048bc    00000008     driverlib.lib : pwm.obj (.text:PWMIntEnable)
                  000048c4    00000008                   : ssi.obj (.text:SSIIntEnable)
                  000048cc    00000008                   : uart.obj (.text:UARTIntEnable)
                  000048d4    00000008     rtsv7M4_T_le_v4SPD16_eabi.lib : delete.obj (.text)
                  000048dc    00000006     driverlib.lib : gpio.obj (.text:GPIOPinWrite)
                  000048e2    00000006                   : pwm.obj (.text:PWMGenIntClear)
                  000048e8    00000006                   : sysctl.obj (.text:SysCtlDelay)
                  000048ee    00000006                   : uart.obj (.text:UARTClockSourceSet)
                  000048f4    00000006                   : uart.obj (.text:UARTFIFOLevelSet)
                  000048fa    00000006     rtsv7M4_T_le_v4SPD16_eabi.lib : copy_decompress_rle.obj (.text:decompress:rle24)
                  00004900    00000004     driverlib.lib : ssi.obj (.text:SSIIntClear)
                  00004904    00000004                   : uart.obj (.text:UARTIntClear)
                  00004908    00000004     rtsv7M4_T_le_v4SPD16_eabi.lib : pre_init.obj (.text)

.const     0    0000490c    00000efc     
                  0000490c    0000054a     drv8711_registers.obj (.const:.string)
                  00004e56    00000002     rtsv7M4_T_le_v4SPD16_eabi.lib : typeinfo_.obj (.const:.typeinfo:_ZTSe)
                  00004e58    00000294     drv8711_registers.obj (.const:DRV8711_Fields)
                  000050ec    00000160     main.obj (.const:.string)
                  0000524c    00000090     driverlib.lib : gpio.obj (.const:g_pui32GPIOBaseAddrs)
                  000052dc    00000070                   : interrupt.obj (.const)
                  0000534c    0000006c                   : sysctl.obj (.const:g_pui32Xtals)
                  000053b8    0000005e     esp8266.obj (.const:.string)
                  00005416    00000002     --HOLE-- [fill = 0]
                  00005418    00000048     drv8711.obj (.const:$P$T0$1)
                  00005460    00000038     esp8266.obj (.const:_ZN4aeo122InitializationCommandsE)
                  00005498    00000030     drv8711_registers.obj (.const:$P$T0$1)
                  000054c8    00000030     tiva_utils.lib : ustdlib.obj (.const:g_psDaysToMonth)
                  000054f8    00000028     rtsv7M4_T_le_v4SPD16_eabi.lib : typeinfo_.obj (.const:.typeinfo:_ZTSN10__cxxabiv123__fundamental_type_infoE)
                  00005520    00000028     aeo1_drivers.lib : ssi_drv8711.obj (.const:_ZTVN4aeo111ssi_drv8711E)
                  00005548    00000028                      : ssi_peripheral.obj (.const:_ZTVN4aeo114ssi_peripheralE)
                  00005570    00000028     tiva_utils.lib : uartstdio.obj (.const)
                  00005598    00000025     rtsv7M4_T_le_v4SPD16_eabi.lib : typeinfo_.obj (.const:.typeinfo:_ZTSN10__cxxabiv120__si_class_type_infoE)
                  000055bd    00000024                                   : typeinfo_.obj (.const:.typeinfo:_ZTSN10__cxxabiv119__pointer_type_infoE)
                  000055e1    00000022                                   : typeinfo_.obj (.const:.typeinfo:_ZTSN10__cxxabiv117__class_type_infoE)
                  00005603    00000022                                   : typeinfo_.obj (.const:.typeinfo:_ZTSN10__cxxabiv117__pbase_type_infoE)
                  00005625    00000003     --HOLE-- [fill = 0]
                  00005628    0000001c     tiva_utils.lib : ustdlib.obj (.const)
                  00005644    00000018     aeo1_drivers.lib : ssi_peripheral.obj (.const:.typeinfo:_ZTSN4aeo114ssi_peripheralE)
                  0000565c    00000016                      : adc_potmeter.obj (.const:.typeinfo:_ZTSN4aeo112adc_potmeterE)
                  00005672    00000015                      : pwm_stepper.obj (.const:.typeinfo:_ZTSN4aeo111pwm_stepperE)
                  00005687    00000015                      : ssi_drv8711.obj (.const:.typeinfo:_ZTSN4aeo111ssi_drv8711E)
                  0000569c    00000012     tiva_utils.lib : uartstdio.obj (.const:.string)
                  000056ae    00000002     --HOLE-- [fill = 0]
                  000056b0    00000012                    : ustdlib.obj (.const:.string)
                  000056c2    00000002     --HOLE-- [fill = 0]
                  000056c4    00000010     rtsv7M4_T_le_v4SPD16_eabi.lib : typeinfo_.obj (.const:.typeinfo:_ZTIPKe)
                  000056d4    00000010     drv8711.obj (.const:.typeinfo:_ZTSN4aeo17drv8711E)
                  000056e4    00000010     esp8266.obj (.const:.typeinfo:_ZTSN4aeo17esp8266E)
                  000056f4    00000010     rtsv7M4_T_le_v4SPD16_eabi.lib : typeinfo_.obj (.const:_ZTVN10__cxxabiv117__class_type_infoE)
                  00005704    00000010                                   : typeinfo_.obj (.const:_ZTVN10__cxxabiv119__pointer_type_infoE)
                  00005714    00000010                                   : typeinfo_.obj (.const:_ZTVN10__cxxabiv120__si_class_type_infoE)
                  00005724    00000010                                   : typeinfo_.obj (.const:_ZTVN10__cxxabiv123__fundamental_type_infoE)
                  00005734    00000010     aeo1_drivers.lib : pwm_stepper.obj (.const:_ZTVN4aeo111pwm_stepperE)
                  00005744    00000010                      : adc_potmeter.obj (.const:_ZTVN4aeo112adc_potmeterE)
                  00005754    00000010     drv8711.obj (.const:_ZTVN4aeo17drv8711E)
                  00005764    00000010     esp8266.obj (.const:_ZTVN4aeo17esp8266E)
                  00005774    0000000d     rtsv7M4_T_le_v4SPD16_eabi.lib : typeinfo_.obj (.const:.typeinfo:_ZTSSt9type_info)
                  00005781    00000003     --HOLE-- [fill = 0]
                  00005784    0000000c                                   : typeinfo_.obj (.const:.typeinfo:_ZTIN10__cxxabiv117__class_type_infoE)
                  00005790    0000000c                                   : typeinfo_.obj (.const:.typeinfo:_ZTIN10__cxxabiv117__pbase_type_infoE)
                  0000579c    0000000c                                   : typeinfo_.obj (.const:.typeinfo:_ZTIN10__cxxabiv119__pointer_type_infoE)
                  000057a8    0000000c                                   : typeinfo_.obj (.const:.typeinfo:_ZTIN10__cxxabiv120__si_class_type_infoE)
                  000057b4    0000000c                                   : typeinfo_.obj (.const:.typeinfo:_ZTIN10__cxxabiv123__fundamental_type_infoE)
                  000057c0    0000000c     aeo1_drivers.lib : ssi_drv8711.obj (.const:.typeinfo:_ZTIN4aeo111ssi_drv8711E)
                  000057cc    00000008                      : pwm_stepper.obj (.const:.typeinfo:_ZTIN4aeo111pwm_stepperE)
                  000057d4    00000008                      : adc_potmeter.obj (.const:.typeinfo:_ZTIN4aeo112adc_potmeterE)
                  000057dc    00000008                      : ssi_peripheral.obj (.const:.typeinfo:_ZTIN4aeo114ssi_peripheralE)
                  000057e4    00000008     drv8711.obj (.const:.typeinfo:_ZTIN4aeo17drv8711E)
                  000057ec    00000008     esp8266.obj (.const:.typeinfo:_ZTIN4aeo17esp8266E)
                  000057f4    00000008     rtsv7M4_T_le_v4SPD16_eabi.lib : typeinfo_.obj (.const:.typeinfo:_ZTISt9type_info)
                  000057fc    00000008                                   : typeinfo_.obj (.const:.typeinfo:_ZTIe)
                  00005804    00000004                                   : typeinfo_.obj (.const:.typeinfo:_ZTSPKe)

.init_array 
*          0    00005808    00000004     
                  00005808    00000004     main.obj (.init_array)

.cinit     0    00005810    00000198     
                  00005810    00000170     (.cinit..data.load) [load image, compression = rle]
                  00005980    0000000c     (__TI_handler_table)
                  0000598c    00000004     --HOLE-- [fill = 0]
                  00005990    00000008     (.cinit..bss.load) [load image, compression = zero_init]
                  00005998    00000010     (__TI_cinit_table)

.bss       0    20000000    00000775     UNINITIALIZED
                  20000000    00000400     tiva_utils.lib : uartstdio.obj (.bss:g_pcUARTTxBuffer)
                  20000400    00000198     main.obj (.bss:g_oEsp8266)
                  20000598    000000ac     main.obj (.bss:g_oDrv8711)
                  20000644    00000080     tiva_utils.lib : uartstdio.obj (.bss:g_pcUARTRxBuffer)
                  200006c4    00000080     main.obj (.bss:g_zInput)
                  20000744    00000024     tiva_utils.lib : cmdline.obj (.bss:g_ppcArgv)
                  20000768    00000004     (.common:_ZSt16__dummy_typeinfo)
                  2000076c    00000004     (.common:__dso_handle)
                  20000770    00000004     (.common:g_ui32PortNum)
                  20000774    00000001     (.common:g_bDisableEcho)

.TI.noinit 
*          0    20000000    00000000     UNINITIALIZED

.stack     0    20000778    00000200     UNINITIALIZED
                  20000778    00000200     --HOLE--

.data      0    20000978    000001cc     UNINITIALIZED
                  20000978    00000090     main.obj (.data:g_psCmdTable)
                  20000a08    00000034     aeo1_drivers.lib : ssi_peripheral.obj (.data:_ZN4aeo118SSI0_SpecificationE)
                  20000a3c    00000034                      : ssi_peripheral.obj (.data:_ZN4aeo118SSI1_SpecificationE)
                  20000a70    00000034                      : ssi_peripheral.obj (.data:_ZN4aeo118SSI2_SpecificationE)
                  20000aa4    00000034                      : ssi_peripheral.obj (.data:_ZN4aeo118SSI3_SpecificationE)
                  20000ad8    00000015     tiva_utils.lib : uartstdio.obj (.data)
                  20000aed    00000001     main.obj (.data)
                  20000aee    00000002     --HOLE--
                  20000af0    00000010     aeo1_drivers.lib : adc_potmeter.obj (.data)
                  20000b00    00000010                      : ssi_peripheral.obj (.data)
                  20000b10    0000000c     rtsv7M4_T_le_v4SPD16_eabi.lib : memory.obj (.data)
                  20000b1c    00000008                                   : _lock.obj (.data)
                  20000b24    00000008                                   : exit.obj (.data)
                  20000b2c    00000004     aeo1_drivers.lib : pwm_stepper.obj (.data)
                  20000b30    00000004                      : ssi_drv8711.obj (.data)
                  20000b34    00000004     esp8266.obj (.data)
                  20000b38    00000004     rtsv7M4_T_le_v4SPD16_eabi.lib : dtor_list.obj (.data)
                  20000b3c    00000004                                   : stkdepth_vars.obj (.data)
                  20000b40    00000004     tiva_utils.lib : ustdlib.obj (.data)

.TI.persistent 
*          0    20000978    00000000     UNINITIALIZED

.sysmem    0    20000b48    00000008     UNINITIALIZED
                  20000b48    00000008     rtsv7M4_T_le_v4SPD16_eabi.lib : memory.obj (.sysmem)


LINKER GENERATED COPY TABLES

__TI_cinit_table @ 00005998 records: 2, size/record: 8, table size: 16
	.data: load addr=00005810, load size=00000170 bytes, run addr=20000978, run size=000001cc bytes, compression=rle
	.bss: load addr=00005990, load size=00000008 bytes, run addr=20000000, run size=00000775 bytes, compression=zero_init


LINKER GENERATED HANDLER TABLE

__TI_handler_table @ 00005980 records: 3, size/record: 4, table size: 12
	index: 0, handler: __TI_decompress_rle24
	index: 1, handler: __TI_decompress_none
	index: 2, handler: __TI_zero_init


GLOBAL SYMBOLS: SORTED ALPHABETICALLY BY Name 

address   name                                              
-------   ----                                              
00004559  ADCClockConfigSet                                 
00004755  ADCHardwareOversampleConfigure                    
0000484f  ADCIntClear                                       
00004763  ADCIntDisable                                     
000046f3  ADCIntEnable                                      
00004481  ADCIntStatus                                      
00004571  ADCProcessorTrigger                               
00004365  ADCSequenceConfigure                              
0000451d  ADCSequenceDataGet                                
00004771  ADCSequenceDisable                                
0000477f  ADCSequenceEnable                                 
00003e6d  ADCSequenceStepConfigure                          
000042e1  C$$EXIT                                           
000047ef  CPUcpsid                                          
000047fb  CPUcpsie                                          
00003d25  CmdLineProcess                                    
00004705  FPUEnable                                         
000045e9  FPUStackingEnable                                 
000044af  GPIODirModeSet                                    
0000478d  GPIOIntDisable                                    
00004807  GPIOIntEnable                                     
00004109  GPIOIntTypeSet                                    
0000371d  GPIOPadConfigSet                                  
00004251  GPIOPinConfigure                                  
00004675  GPIOPinTypeADC                                    
00004687  GPIOPinTypeGPIOInput                              
00004589  GPIOPinTypeGPIOOutput                             
00004699  GPIOPinTypePWM                                    
000046ab  GPIOPinTypeSSI                                    
000046bd  GPIOPinTypeUART                                   
000048dd  GPIOPinWrite                                      
00004039  IntDisable                                        
000040a1  IntEnable                                         
00004715  IntMasterDisable                                  
00004725  IntMasterEnable                                   
00003529  OnADCInterrupt                                    
00003241  OnGPIOBInterrupt                                  
0000325d  OnGPIOEInterrupt                                  
00002f49  OnPWM1Gen1Interrupt                               
00001d91  OnSSI0Interrupt                                   
00001dab  OnSSI1Interrupt                                   
00001dc5  OnSSI2Interrupt                                   
00001ddf  OnSSI3Interrupt                                   
000044d9  PWMGenConfigure                                   
00004813  PWMGenDisable                                     
0000481f  PWMGenEnable                                      
000048e3  PWMGenIntClear                                    
00004859  PWMGenIntTrigEnable                               
00004735  PWMGenPeriodSet                                   
000048bd  PWMIntEnable                                      
000046cf  PWMOutputState                                    
0000453b  PWMPulseWidthSet                                  
00004843  ResetISR                                          
00005808  SHT$$INIT_ARRAY$$Base                             
0000580c  SHT$$INIT_ARRAY$$Limit                            
000043a3  SSIConfigSetExpClk                                
0000482b  SSIDataGet                                        
000046e1  SSIDataGetNonBlocking                             
00004863  SSIDataPut                                        
0000479b  SSIDataPutNonBlocking                             
0000486d  SSIDisable                                        
00004877  SSIEnable                                         
00004901  SSIIntClear                                       
00004881  SSIIntDisable                                     
000048c5  SSIIntEnable                                      
0000488b  SSIIntStatus                                      
00003971  SysCtlClockGet                                    
00003a81  SysCtlClockSet                                    
000048e9  SysCtlDelay                                       
000045fd  SysCtlPWMClockSet                                 
00004419  SysCtlPeripheralEnable                            
000043e1  SysCtlPeripheralPresent                           
00004611  SysTickEnable                                     
00004625  SysTickIntEnable                                  
00002cfd  SysTickIntHandler                                 
00004745  SysTickPeriodSet                                  
000047a9  UARTCharGetNonBlocking                            
000047b7  UARTCharPutNonBlocking                            
000047c5  UARTCharsAvail                                    
000048ef  UARTClockSourceSet                                
00004299  UARTConfigSetExpClk                               
000044fd  UARTDisable                                       
000015c9  UARTEchoSet                                       
00004639  UARTEnable                                        
000048f5  UARTFIFOLevelSet                                  
00001573  UARTFlushRx                                       
00001593  UARTFlushTx                                       
00004905  UARTIntClear                                      
00004895  UARTIntDisable                                    
000048cd  UARTIntEnable                                     
0000489f  UARTIntStatus                                     
00001519  UARTPeek                                          
000014f7  UARTRxBytesAvail                                  
000047d3  UARTSpaceAvail                                    
00000fdd  UARTStdioConfig                                   
000015f5  UARTStdioIntHandler                               
00001505  UARTTxBytesFree                                   
0000117f  UARTgetc                                          
00001103  UARTgets                                          
000014d3  UARTprintf                                        
000011d9  UARTvprintf                                       
00001063  UARTwrite                                         
00002c33  _Z10CMD_mresetiPPc                                
00002c43  _Z10CMD_wresetiPPc                                
00003899  _Z23drv8711_registers_PrintiiPFbPKciS0_PvES1_     
00002bf5  _Z8CMD_diagiPPc                                   
00002b95  _Z8CMD_haltiPPc                                   
00002c71  _Z8CMD_helpiPPc                                   
00002b85  _Z8CMD_idleiPPc                                   
00002ba5  _Z8CMD_moveiPPc                                   
00002bd3  _Z8CMD_stopiPPc                                   
00002dc7  _Z8MainLoopv                                      
00002c61  _Z9CMD_noerriPPc                                  
00002c53  _Z9CMD_resetiPPc                                  
00002c0b  _Z9CMD_sleepiPPc                                  
00003d15  _ZN10__cxxabiv116__enum_type_infoD0Ev             
00003d13  _ZN10__cxxabiv116__enum_type_infoD1Ev             
00003d13  _ZN10__cxxabiv116__enum_type_infoD2Ev             
00003d0b  _ZN10__cxxabiv117__array_type_infoD0Ev            
00003d09  _ZN10__cxxabiv117__array_type_infoD1Ev            
00003d09  _ZN10__cxxabiv117__array_type_infoD2Ev            
00003d01  _ZN10__cxxabiv117__class_type_infoD0Ev            
00003cff  _ZN10__cxxabiv117__class_type_infoD1Ev            
00003cff  _ZN10__cxxabiv117__class_type_infoD2Ev            
00003cf7  _ZN10__cxxabiv117__pbase_type_infoD0Ev            
00003cf5  _ZN10__cxxabiv117__pbase_type_infoD1Ev            
00003cf5  _ZN10__cxxabiv117__pbase_type_infoD2Ev            
00003ced  _ZN10__cxxabiv119__pointer_type_infoD0Ev          
00003ceb  _ZN10__cxxabiv119__pointer_type_infoD1Ev          
00003ceb  _ZN10__cxxabiv119__pointer_type_infoD2Ev          
00003ce3  _ZN10__cxxabiv120__function_type_infoD0Ev         
00003ce1  _ZN10__cxxabiv120__function_type_infoD1Ev         
00003ce1  _ZN10__cxxabiv120__function_type_infoD2Ev         
00003cd9  _ZN10__cxxabiv120__si_class_type_infoD0Ev         
00003cd7  _ZN10__cxxabiv120__si_class_type_infoD1Ev         
00003cd7  _ZN10__cxxabiv120__si_class_type_infoD2Ev         
00003ccf  _ZN10__cxxabiv121__vmi_class_type_infoD0Ev        
00003ccd  _ZN10__cxxabiv121__vmi_class_type_infoD1Ev        
00003ccd  _ZN10__cxxabiv121__vmi_class_type_infoD2Ev        
00003cc5  _ZN10__cxxabiv123__fundamental_type_infoD0Ev      
00003cc3  _ZN10__cxxabiv123__fundamental_type_infoD1Ev      
00003cc3  _ZN10__cxxabiv123__fundamental_type_infoD2Ev      
00003cbb  _ZN10__cxxabiv129__pointer_to_member_type_infoD0Ev
00003cb9  _ZN10__cxxabiv129__pointer_to_member_type_infoD1Ev
00003cb9  _ZN10__cxxabiv129__pointer_to_member_type_infoD2Ev
00002fbf  _ZN4aeo111pwm_stepper10InitializeEv               
000030d9  _ZN4aeo111pwm_stepper11OnInterruptEv              
00003031  _ZN4aeo111pwm_stepper4DiagEv                      
0000305d  _ZN4aeo111pwm_stepper4MoveEj                      
000030ab  _ZN4aeo111pwm_stepper4StopEb                      
00002f65  _ZN4aeo111pwm_stepperC1Ev                         
00002f65  _ZN4aeo111pwm_stepperC2Ev                         
00002fa9  _ZN4aeo111pwm_stepperD0Ev                         
00002f9d  _ZN4aeo111pwm_stepperD1Ev                         
00002f9d  _ZN4aeo111pwm_stepperD2Ev                         
000032c3  _ZN4aeo111ssi_drv871110InitializeEv               
000034d1  _ZN4aeo111ssi_drv871111GetRegisterEj              
000033ed  _ZN4aeo111ssi_drv871115OnGpioInterruptENS0_5EventE
0000338f  _ZN4aeo111ssi_drv87114DiagEv                      
00003421  _ZN4aeo111ssi_drv87114ReadEj                      
000033bf  _ZN4aeo111ssi_drv87115ResetEv                     
000033a1  _ZN4aeo111ssi_drv87115SleepEb                     
00003483  _ZN4aeo111ssi_drv87115WriteEjj                    
00003279  _ZN4aeo111ssi_drv8711C1Ev                         
00003279  _ZN4aeo111ssi_drv8711C2Ev                         
000032ad  _ZN4aeo111ssi_drv8711D0Ev                         
0000329f  _ZN4aeo111ssi_drv8711D1Ev                         
0000329f  _ZN4aeo111ssi_drv8711D2Ev                         
00003593  _ZN4aeo112adc_potmeter10InitializeEv              
20000af0  _ZN4aeo112adc_potmeter10m_nCounterE               
0000360f  _ZN4aeo112adc_potmeter11OnInterruptEv             
20000af8  _ZN4aeo112adc_potmeter14m_nReadCounterE           
000036b9  _ZN4aeo112adc_potmeter15GetErrorCounterEv         
20000af4  _ZN4aeo112adc_potmeter15m_nErrorCounterE          
20000afc  _ZN4aeo112adc_potmeter16m_pTheOneAndOnlyE         
000036d1  _ZN4aeo112adc_potmeter4DiagEv                     
0000368b  _ZN4aeo112adc_potmeter7TriggerEv                  
00003699  _ZN4aeo112adc_potmeter8GetValueEv                 
000035f3  _ZN4aeo112adc_potmeter9TerminateEv                
0000353b  _ZN4aeo112adc_potmeterC1Ev                        
0000353b  _ZN4aeo112adc_potmeterC2Ev                        
0000357d  _ZN4aeo112adc_potmeterD0Ev                        
00003559  _ZN4aeo112adc_potmeterD1Ev                        
00003559  _ZN4aeo112adc_potmeterD2Ev                        
00001ec5  _ZN4aeo114ssi_peripheral10InitializeEv            
000021c3  _ZN4aeo114ssi_peripheral10LoadTxFIFOEv            
0000200d  _ZN4aeo114ssi_peripheral11OnInterruptEv           
000021f9  _ZN4aeo114ssi_peripheral12UnloadRxFIFOEv          
000021ab  _ZN4aeo114ssi_peripheral3GetEv                    
00002197  _ZN4aeo114ssi_peripheral3PutEj                    
000020ad  _ZN4aeo114ssi_peripheral4DiagEv                   
000048a9  _ZN4aeo114ssi_peripheral4OnRxEv                   
000048b3  _ZN4aeo114ssi_peripheral4OnTxEv                   
0000213b  _ZN4aeo114ssi_peripheral9TerminateEv              
00001df9  _ZN4aeo114ssi_peripheralC1ENS0_9device_idEjb      
00001df9  _ZN4aeo114ssi_peripheralC2ENS0_9device_idEjb      
00001eaf  _ZN4aeo114ssi_peripheralD0Ev                      
00001e9b  _ZN4aeo114ssi_peripheralD1Ev                      
00001e9b  _ZN4aeo114ssi_peripheralD2Ev                      
20000a08  _ZN4aeo118SSI0_SpecificationE                     
20000a3c  _ZN4aeo118SSI1_SpecificationE                     
20000a70  _ZN4aeo118SSI2_SpecificationE                     
20000aa4  _ZN4aeo118SSI3_SpecificationE                     
00002335  _ZN4aeo17drv871110InitializeEv                    
00002441  _ZN4aeo17drv871110SetDefaultEv                    
0000252b  _ZN4aeo17drv871111ClearFaultsEv                   
000025f3  _ZN4aeo17drv871111PrintStatusEj                   
00002563  _ZN4aeo17drv871116ReadAllRegistersEv              
0000258d  _ZN4aeo17drv871117PrintAllRegistersEv             
000024df  _ZN4aeo17drv87114DiagEv                           
00002385  _ZN4aeo17drv87114HaltEv                           
00002359  _ZN4aeo17drv87114IdleEv                           
000023b3  _ZN4aeo17drv87114MoveEi                           
000024b5  _ZN4aeo17drv87114StopEb                           
00002549  _ZN4aeo17drv87115ResetEv                          
00002501  _ZN4aeo17drv87115SleepEb                          
00002413  _ZN4aeo17drv87119SetTorqueEj                      
000022e9  _ZN4aeo17drv8711C1Ev                              
000022e9  _ZN4aeo17drv8711C2Ev                              
0000231f  _ZN4aeo17drv8711D0Ev                              
00002307  _ZN4aeo17drv8711D1Ev                              
00002307  _ZN4aeo17drv8711D2Ev                              
000017d5  _ZN4aeo17esp826610InitializeEv                    
00001afd  _ZN4aeo17esp826610OnTransmitEv                    
00001add  _ZN4aeo17esp826610SetBitrateEj                    
00001a29  _ZN4aeo17esp826611RxEndOfLineEv                   
00001a59  _ZN4aeo17esp826613ConfigureUARTEj                 
00001c3d  _ZN4aeo17esp826616FillOutputBufferEPKc            
000018f1  _ZN4aeo17esp82664DiagEv                           
0000185d  _ZN4aeo17esp82665ResetEv                          
00001933  _ZN4aeo17esp82665WriteEPKc                        
00001cd5  _ZN4aeo17esp82666InvokeEPKcS2_                    
00001911  _ZN4aeo17esp82666OnUartEj                         
00001999  _ZN4aeo17esp82668ReadLineEPci                     
00001baf  _ZN4aeo17esp82669OnReceiveEv                      
00001783  _ZN4aeo17esp8266C1Ev                              
00001783  _ZN4aeo17esp8266C2Ev                              
000017bf  _ZN4aeo17esp8266D0Ev                              
000017b3  _ZN4aeo17esp8266D1Ev                              
000017b3  _ZN4aeo17esp8266D2Ev                              
00003c7b  _ZNKSt9type_info4nameEv                           
00003cab  _ZNKSt9type_info6beforeERKS_                      
00003c95  _ZNKSt9type_infoeqERKS_                           
00003c7f  _ZNKSt9type_infoneERKS_                           
00003c73  _ZNSt9type_infoD0Ev                               
00003c71  _ZNSt9type_infoD1Ev                               
00003c71  _ZNSt9type_infoD2Ev                               
20000768  _ZSt16__dummy_typeinfo                            
00003c69  _ZSt21__gen_dummy_typeinfosv                      
00005784  _ZTIN10__cxxabiv117__class_type_infoE             
00005790  _ZTIN10__cxxabiv117__pbase_type_infoE             
0000579c  _ZTIN10__cxxabiv119__pointer_type_infoE           
000057a8  _ZTIN10__cxxabiv120__si_class_type_infoE          
000057b4  _ZTIN10__cxxabiv123__fundamental_type_infoE       
000057cc  _ZTIN4aeo111pwm_stepperE                          
000057c0  _ZTIN4aeo111ssi_drv8711E                          
000057d4  _ZTIN4aeo112adc_potmeterE                         
000057dc  _ZTIN4aeo114ssi_peripheralE                       
000057e4  _ZTIN4aeo17drv8711E                               
000057ec  _ZTIN4aeo17esp8266E                               
000056c4  _ZTIPKe                                           
000057f4  _ZTISt9type_info                                  
000057fc  _ZTIe                                             
000055e1  _ZTSN10__cxxabiv117__class_type_infoE             
00005603  _ZTSN10__cxxabiv117__pbase_type_infoE             
000055bd  _ZTSN10__cxxabiv119__pointer_type_infoE           
00005598  _ZTSN10__cxxabiv120__si_class_type_infoE          
000054f8  _ZTSN10__cxxabiv123__fundamental_type_infoE       
00005672  _ZTSN4aeo111pwm_stepperE                          
00005687  _ZTSN4aeo111ssi_drv8711E                          
0000565c  _ZTSN4aeo112adc_potmeterE                         
00005644  _ZTSN4aeo114ssi_peripheralE                       
000056d4  _ZTSN4aeo17drv8711E                               
000056e4  _ZTSN4aeo17esp8266E                               
00005804  _ZTSPKe                                           
00005774  _ZTSSt9type_info                                  
00004e56  _ZTSe                                             
000056f4  _ZTVN10__cxxabiv117__class_type_infoE             
00005704  _ZTVN10__cxxabiv119__pointer_type_infoE           
00005714  _ZTVN10__cxxabiv120__si_class_type_infoE          
00005724  _ZTVN10__cxxabiv123__fundamental_type_infoE       
00005734  _ZTVN4aeo111pwm_stepperE                          
00005520  _ZTVN4aeo111ssi_drv8711E                          
00005744  _ZTVN4aeo112adc_potmeterE                         
00005548  _ZTVN4aeo114ssi_peripheralE                       
00005754  _ZTVN4aeo17drv8711E                               
00005764  _ZTVN4aeo17esp8266E                               
000048d5  _ZdlPv                                            
20000978  __STACK_END                                       
00000200  __STACK_SIZE                                      
20000978  __STACK_TOP                                       
00000008  __SYSMEM_SIZE                                     
00005998  __TI_CINIT_Base                                   
000059a8  __TI_CINIT_Limit                                  
00005980  __TI_Handler_Table_Base                           
0000598c  __TI_Handler_Table_Limit                          
00003f61  __TI_auto_init                                    
20000b24  __TI_cleanup_ptr                                  
000047e1  __TI_decompress_none                              
000048fb  __TI_decompress_rle24                             
20000b28  __TI_dtors_ptr                                    
00000000  __TI_static_base__                                
00004837  __TI_zero_init                                    
00003bcb  __aeabi_atexit                                    
0000384f  __aeabi_idiv0                                     
00003ee7  __aeabi_memclr                                    
00003ee7  __aeabi_memclr4                                   
00003ee7  __aeabi_memclr8                                   
00003dd1  __aeabi_memcpy                                    
00003dd1  __aeabi_memcpy4                                   
00003dd1  __aeabi_memcpy8                                   
00003ee9  __aeabi_memset                                    
00003ee9  __aeabi_memset4                                   
00003ee9  __aeabi_memset8                                   
00004325  __aeabi_uidiv                                     
00004325  __aeabi_uidivmod                                  
ffffffff  __binit__                                         
ffffffff  __c_args__                                        
00003c0f  __cxa_atexit                                      
00003b75  __cxa_finalize                                    
00003bb7  __cxa_ia64_exit                                   
2000076c  __dso_handle                                      
20000778  __stack                                           
00002e35  __sti___8_main_cpp_779587d3                       
000045a1  _args_main                                        
000041b5  _c_int00                                          
20000b1c  _lock                                             
0000465b  _nop                                              
00004653  _register_lock                                    
0000464d  _register_unlock                                  
20000b48  _sys_memory                                       
00004909  _system_pre_init                                  
20000b20  _unlock                                           
000042e5  abort                                             
00003bbd  atexit                                            
ffffffff  binit                                             
00002b51  calloc                                            
00004205  copy_in                                           
00001751  esp8266_UARTIntHandler                            
000042ed  exit                                              
0000289f  free                                              
20000598  g_oDrv8711                                        
20000400  g_oEsp8266                                        
00000000  g_pfnVectors                                      
20000978  g_psCmdTable                                      
0000415f  ltoa                                              
00002e1f  main                                              
20000b3c  main_func_sp                                      
00002837  malloc                                            
00002a6d  memalign                                          
00003dd1  memcpy                                            
00003eef  memset                                            
000027a9  minit                                             
00002961  realloc                                           
000045d1  strchr                                            
000045b9  strcmp                                            
00004661  strlen                                            
0000444d  strstr                                            
00000751  ulocaltime                                        
0000094f  umktime                                           
00000ec9  urand                                             
00000721  usnprintf                                         
000006ef  usprintf                                          
00000eb9  usrand                                            
00000e31  ustrcasecmp                                       
00000ea5  ustrcmp                                           
00000d35  ustrlen                                           
00000d8d  ustrncasecmp                                      
00000e45  ustrncmp                                          
0000026d  ustrncpy                                          
00000d57  ustrstr                                           
00000afd  ustrtof                                           
000009c5  ustrtoul                                          
000002c5  uvsnprintf                                        


GLOBAL SYMBOLS: SORTED BY Symbol Address 

address   name                                              
-------   ----                                              
00000000  __TI_static_base__                                
00000000  g_pfnVectors                                      
00000008  __SYSMEM_SIZE                                     
00000200  __STACK_SIZE                                      
0000026d  ustrncpy                                          
000002c5  uvsnprintf                                        
000006ef  usprintf                                          
00000721  usnprintf                                         
00000751  ulocaltime                                        
0000094f  umktime                                           
000009c5  ustrtoul                                          
00000afd  ustrtof                                           
00000d35  ustrlen                                           
00000d57  ustrstr                                           
00000d8d  ustrncasecmp                                      
00000e31  ustrcasecmp                                       
00000e45  ustrncmp                                          
00000ea5  ustrcmp                                           
00000eb9  usrand                                            
00000ec9  urand                                             
00000fdd  UARTStdioConfig                                   
00001063  UARTwrite                                         
00001103  UARTgets                                          
0000117f  UARTgetc                                          
000011d9  UARTvprintf                                       
000014d3  UARTprintf                                        
000014f7  UARTRxBytesAvail                                  
00001505  UARTTxBytesFree                                   
00001519  UARTPeek                                          
00001573  UARTFlushRx                                       
00001593  UARTFlushTx                                       
000015c9  UARTEchoSet                                       
000015f5  UARTStdioIntHandler                               
00001751  esp8266_UARTIntHandler                            
00001783  _ZN4aeo17esp8266C1Ev                              
00001783  _ZN4aeo17esp8266C2Ev                              
000017b3  _ZN4aeo17esp8266D1Ev                              
000017b3  _ZN4aeo17esp8266D2Ev                              
000017bf  _ZN4aeo17esp8266D0Ev                              
000017d5  _ZN4aeo17esp826610InitializeEv                    
0000185d  _ZN4aeo17esp82665ResetEv                          
000018f1  _ZN4aeo17esp82664DiagEv                           
00001911  _ZN4aeo17esp82666OnUartEj                         
00001933  _ZN4aeo17esp82665WriteEPKc                        
00001999  _ZN4aeo17esp82668ReadLineEPci                     
00001a29  _ZN4aeo17esp826611RxEndOfLineEv                   
00001a59  _ZN4aeo17esp826613ConfigureUARTEj                 
00001add  _ZN4aeo17esp826610SetBitrateEj                    
00001afd  _ZN4aeo17esp826610OnTransmitEv                    
00001baf  _ZN4aeo17esp82669OnReceiveEv                      
00001c3d  _ZN4aeo17esp826616FillOutputBufferEPKc            
00001cd5  _ZN4aeo17esp82666InvokeEPKcS2_                    
00001d91  OnSSI0Interrupt                                   
00001dab  OnSSI1Interrupt                                   
00001dc5  OnSSI2Interrupt                                   
00001ddf  OnSSI3Interrupt                                   
00001df9  _ZN4aeo114ssi_peripheralC1ENS0_9device_idEjb      
00001df9  _ZN4aeo114ssi_peripheralC2ENS0_9device_idEjb      
00001e9b  _ZN4aeo114ssi_peripheralD1Ev                      
00001e9b  _ZN4aeo114ssi_peripheralD2Ev                      
00001eaf  _ZN4aeo114ssi_peripheralD0Ev                      
00001ec5  _ZN4aeo114ssi_peripheral10InitializeEv            
0000200d  _ZN4aeo114ssi_peripheral11OnInterruptEv           
000020ad  _ZN4aeo114ssi_peripheral4DiagEv                   
0000213b  _ZN4aeo114ssi_peripheral9TerminateEv              
00002197  _ZN4aeo114ssi_peripheral3PutEj                    
000021ab  _ZN4aeo114ssi_peripheral3GetEv                    
000021c3  _ZN4aeo114ssi_peripheral10LoadTxFIFOEv            
000021f9  _ZN4aeo114ssi_peripheral12UnloadRxFIFOEv          
000022e9  _ZN4aeo17drv8711C1Ev                              
000022e9  _ZN4aeo17drv8711C2Ev                              
00002307  _ZN4aeo17drv8711D1Ev                              
00002307  _ZN4aeo17drv8711D2Ev                              
0000231f  _ZN4aeo17drv8711D0Ev                              
00002335  _ZN4aeo17drv871110InitializeEv                    
00002359  _ZN4aeo17drv87114IdleEv                           
00002385  _ZN4aeo17drv87114HaltEv                           
000023b3  _ZN4aeo17drv87114MoveEi                           
00002413  _ZN4aeo17drv87119SetTorqueEj                      
00002441  _ZN4aeo17drv871110SetDefaultEv                    
000024b5  _ZN4aeo17drv87114StopEb                           
000024df  _ZN4aeo17drv87114DiagEv                           
00002501  _ZN4aeo17drv87115SleepEb                          
0000252b  _ZN4aeo17drv871111ClearFaultsEv                   
00002549  _ZN4aeo17drv87115ResetEv                          
00002563  _ZN4aeo17drv871116ReadAllRegistersEv              
0000258d  _ZN4aeo17drv871117PrintAllRegistersEv             
000025f3  _ZN4aeo17drv871111PrintStatusEj                   
000027a9  minit                                             
00002837  malloc                                            
0000289f  free                                              
00002961  realloc                                           
00002a6d  memalign                                          
00002b51  calloc                                            
00002b85  _Z8CMD_idleiPPc                                   
00002b95  _Z8CMD_haltiPPc                                   
00002ba5  _Z8CMD_moveiPPc                                   
00002bd3  _Z8CMD_stopiPPc                                   
00002bf5  _Z8CMD_diagiPPc                                   
00002c0b  _Z9CMD_sleepiPPc                                  
00002c33  _Z10CMD_mresetiPPc                                
00002c43  _Z10CMD_wresetiPPc                                
00002c53  _Z9CMD_resetiPPc                                  
00002c61  _Z9CMD_noerriPPc                                  
00002c71  _Z8CMD_helpiPPc                                   
00002cfd  SysTickIntHandler                                 
00002dc7  _Z8MainLoopv                                      
00002e1f  main                                              
00002e35  __sti___8_main_cpp_779587d3                       
00002f49  OnPWM1Gen1Interrupt                               
00002f65  _ZN4aeo111pwm_stepperC1Ev                         
00002f65  _ZN4aeo111pwm_stepperC2Ev                         
00002f9d  _ZN4aeo111pwm_stepperD1Ev                         
00002f9d  _ZN4aeo111pwm_stepperD2Ev                         
00002fa9  _ZN4aeo111pwm_stepperD0Ev                         
00002fbf  _ZN4aeo111pwm_stepper10InitializeEv               
00003031  _ZN4aeo111pwm_stepper4DiagEv                      
0000305d  _ZN4aeo111pwm_stepper4MoveEj                      
000030ab  _ZN4aeo111pwm_stepper4StopEb                      
000030d9  _ZN4aeo111pwm_stepper11OnInterruptEv              
00003241  OnGPIOBInterrupt                                  
0000325d  OnGPIOEInterrupt                                  
00003279  _ZN4aeo111ssi_drv8711C1Ev                         
00003279  _ZN4aeo111ssi_drv8711C2Ev                         
0000329f  _ZN4aeo111ssi_drv8711D1Ev                         
0000329f  _ZN4aeo111ssi_drv8711D2Ev                         
000032ad  _ZN4aeo111ssi_drv8711D0Ev                         
000032c3  _ZN4aeo111ssi_drv871110InitializeEv               
0000338f  _ZN4aeo111ssi_drv87114DiagEv                      
000033a1  _ZN4aeo111ssi_drv87115SleepEb                     
000033bf  _ZN4aeo111ssi_drv87115ResetEv                     
000033ed  _ZN4aeo111ssi_drv871115OnGpioInterruptENS0_5EventE
00003421  _ZN4aeo111ssi_drv87114ReadEj                      
00003483  _ZN4aeo111ssi_drv87115WriteEjj                    
000034d1  _ZN4aeo111ssi_drv871111GetRegisterEj              
00003529  OnADCInterrupt                                    
0000353b  _ZN4aeo112adc_potmeterC1Ev                        
0000353b  _ZN4aeo112adc_potmeterC2Ev                        
00003559  _ZN4aeo112adc_potmeterD1Ev                        
00003559  _ZN4aeo112adc_potmeterD2Ev                        
0000357d  _ZN4aeo112adc_potmeterD0Ev                        
00003593  _ZN4aeo112adc_potmeter10InitializeEv              
000035f3  _ZN4aeo112adc_potmeter9TerminateEv                
0000360f  _ZN4aeo112adc_potmeter11OnInterruptEv             
0000368b  _ZN4aeo112adc_potmeter7TriggerEv                  
00003699  _ZN4aeo112adc_potmeter8GetValueEv                 
000036b9  _ZN4aeo112adc_potmeter15GetErrorCounterEv         
000036d1  _ZN4aeo112adc_potmeter4DiagEv                     
0000371d  GPIOPadConfigSet                                  
0000384f  __aeabi_idiv0                                     
00003899  _Z23drv8711_registers_PrintiiPFbPKciS0_PvES1_     
00003971  SysCtlClockGet                                    
00003a81  SysCtlClockSet                                    
00003b75  __cxa_finalize                                    
00003bb7  __cxa_ia64_exit                                   
00003bbd  atexit                                            
00003bcb  __aeabi_atexit                                    
00003c0f  __cxa_atexit                                      
00003c69  _ZSt21__gen_dummy_typeinfosv                      
00003c71  _ZNSt9type_infoD1Ev                               
00003c71  _ZNSt9type_infoD2Ev                               
00003c73  _ZNSt9type_infoD0Ev                               
00003c7b  _ZNKSt9type_info4nameEv                           
00003c7f  _ZNKSt9type_infoneERKS_                           
00003c95  _ZNKSt9type_infoeqERKS_                           
00003cab  _ZNKSt9type_info6beforeERKS_                      
00003cb9  _ZN10__cxxabiv129__pointer_to_member_type_infoD1Ev
00003cb9  _ZN10__cxxabiv129__pointer_to_member_type_infoD2Ev
00003cbb  _ZN10__cxxabiv129__pointer_to_member_type_infoD0Ev
00003cc3  _ZN10__cxxabiv123__fundamental_type_infoD1Ev      
00003cc3  _ZN10__cxxabiv123__fundamental_type_infoD2Ev      
00003cc5  _ZN10__cxxabiv123__fundamental_type_infoD0Ev      
00003ccd  _ZN10__cxxabiv121__vmi_class_type_infoD1Ev        
00003ccd  _ZN10__cxxabiv121__vmi_class_type_infoD2Ev        
00003ccf  _ZN10__cxxabiv121__vmi_class_type_infoD0Ev        
00003cd7  _ZN10__cxxabiv120__si_class_type_infoD1Ev         
00003cd7  _ZN10__cxxabiv120__si_class_type_infoD2Ev         
00003cd9  _ZN10__cxxabiv120__si_class_type_infoD0Ev         
00003ce1  _ZN10__cxxabiv120__function_type_infoD1Ev         
00003ce1  _ZN10__cxxabiv120__function_type_infoD2Ev         
00003ce3  _ZN10__cxxabiv120__function_type_infoD0Ev         
00003ceb  _ZN10__cxxabiv119__pointer_type_infoD1Ev          
00003ceb  _ZN10__cxxabiv119__pointer_type_infoD2Ev          
00003ced  _ZN10__cxxabiv119__pointer_type_infoD0Ev          
00003cf5  _ZN10__cxxabiv117__pbase_type_infoD1Ev            
00003cf5  _ZN10__cxxabiv117__pbase_type_infoD2Ev            
00003cf7  _ZN10__cxxabiv117__pbase_type_infoD0Ev            
00003cff  _ZN10__cxxabiv117__class_type_infoD1Ev            
00003cff  _ZN10__cxxabiv117__class_type_infoD2Ev            
00003d01  _ZN10__cxxabiv117__class_type_infoD0Ev            
00003d09  _ZN10__cxxabiv117__array_type_infoD1Ev            
00003d09  _ZN10__cxxabiv117__array_type_infoD2Ev            
00003d0b  _ZN10__cxxabiv117__array_type_infoD0Ev            
00003d13  _ZN10__cxxabiv116__enum_type_infoD1Ev             
00003d13  _ZN10__cxxabiv116__enum_type_infoD2Ev             
00003d15  _ZN10__cxxabiv116__enum_type_infoD0Ev             
00003d25  CmdLineProcess                                    
00003dd1  __aeabi_memcpy                                    
00003dd1  __aeabi_memcpy4                                   
00003dd1  __aeabi_memcpy8                                   
00003dd1  memcpy                                            
00003e6d  ADCSequenceStepConfigure                          
00003ee7  __aeabi_memclr                                    
00003ee7  __aeabi_memclr4                                   
00003ee7  __aeabi_memclr8                                   
00003ee9  __aeabi_memset                                    
00003ee9  __aeabi_memset4                                   
00003ee9  __aeabi_memset8                                   
00003eef  memset                                            
00003f61  __TI_auto_init                                    
00004039  IntDisable                                        
000040a1  IntEnable                                         
00004109  GPIOIntTypeSet                                    
0000415f  ltoa                                              
000041b5  _c_int00                                          
00004205  copy_in                                           
00004251  GPIOPinConfigure                                  
00004299  UARTConfigSetExpClk                               
000042e1  C$$EXIT                                           
000042e5  abort                                             
000042ed  exit                                              
00004325  __aeabi_uidiv                                     
00004325  __aeabi_uidivmod                                  
00004365  ADCSequenceConfigure                              
000043a3  SSIConfigSetExpClk                                
000043e1  SysCtlPeripheralPresent                           
00004419  SysCtlPeripheralEnable                            
0000444d  strstr                                            
00004481  ADCIntStatus                                      
000044af  GPIODirModeSet                                    
000044d9  PWMGenConfigure                                   
000044fd  UARTDisable                                       
0000451d  ADCSequenceDataGet                                
0000453b  PWMPulseWidthSet                                  
00004559  ADCClockConfigSet                                 
00004571  ADCProcessorTrigger                               
00004589  GPIOPinTypeGPIOOutput                             
000045a1  _args_main                                        
000045b9  strcmp                                            
000045d1  strchr                                            
000045e9  FPUStackingEnable                                 
000045fd  SysCtlPWMClockSet                                 
00004611  SysTickEnable                                     
00004625  SysTickIntEnable                                  
00004639  UARTEnable                                        
0000464d  _register_unlock                                  
00004653  _register_lock                                    
0000465b  _nop                                              
00004661  strlen                                            
00004675  GPIOPinTypeADC                                    
00004687  GPIOPinTypeGPIOInput                              
00004699  GPIOPinTypePWM                                    
000046ab  GPIOPinTypeSSI                                    
000046bd  GPIOPinTypeUART                                   
000046cf  PWMOutputState                                    
000046e1  SSIDataGetNonBlocking                             
000046f3  ADCIntEnable                                      
00004705  FPUEnable                                         
00004715  IntMasterDisable                                  
00004725  IntMasterEnable                                   
00004735  PWMGenPeriodSet                                   
00004745  SysTickPeriodSet                                  
00004755  ADCHardwareOversampleConfigure                    
00004763  ADCIntDisable                                     
00004771  ADCSequenceDisable                                
0000477f  ADCSequenceEnable                                 
0000478d  GPIOIntDisable                                    
0000479b  SSIDataPutNonBlocking                             
000047a9  UARTCharGetNonBlocking                            
000047b7  UARTCharPutNonBlocking                            
000047c5  UARTCharsAvail                                    
000047d3  UARTSpaceAvail                                    
000047e1  __TI_decompress_none                              
000047ef  CPUcpsid                                          
000047fb  CPUcpsie                                          
00004807  GPIOIntEnable                                     
00004813  PWMGenDisable                                     
0000481f  PWMGenEnable                                      
0000482b  SSIDataGet                                        
00004837  __TI_zero_init                                    
00004843  ResetISR                                          
0000484f  ADCIntClear                                       
00004859  PWMGenIntTrigEnable                               
00004863  SSIDataPut                                        
0000486d  SSIDisable                                        
00004877  SSIEnable                                         
00004881  SSIIntDisable                                     
0000488b  SSIIntStatus                                      
00004895  UARTIntDisable                                    
0000489f  UARTIntStatus                                     
000048a9  _ZN4aeo114ssi_peripheral4OnRxEv                   
000048b3  _ZN4aeo114ssi_peripheral4OnTxEv                   
000048bd  PWMIntEnable                                      
000048c5  SSIIntEnable                                      
000048cd  UARTIntEnable                                     
000048d5  _ZdlPv                                            
000048dd  GPIOPinWrite                                      
000048e3  PWMGenIntClear                                    
000048e9  SysCtlDelay                                       
000048ef  UARTClockSourceSet                                
000048f5  UARTFIFOLevelSet                                  
000048fb  __TI_decompress_rle24                             
00004901  SSIIntClear                                       
00004905  UARTIntClear                                      
00004909  _system_pre_init                                  
00004e56  _ZTSe                                             
000054f8  _ZTSN10__cxxabiv123__fundamental_type_infoE       
00005520  _ZTVN4aeo111ssi_drv8711E                          
00005548  _ZTVN4aeo114ssi_peripheralE                       
00005598  _ZTSN10__cxxabiv120__si_class_type_infoE          
000055bd  _ZTSN10__cxxabiv119__pointer_type_infoE           
000055e1  _ZTSN10__cxxabiv117__class_type_infoE             
00005603  _ZTSN10__cxxabiv117__pbase_type_infoE             
00005644  _ZTSN4aeo114ssi_peripheralE                       
0000565c  _ZTSN4aeo112adc_potmeterE                         
00005672  _ZTSN4aeo111pwm_stepperE                          
00005687  _ZTSN4aeo111ssi_drv8711E                          
000056c4  _ZTIPKe                                           
000056d4  _ZTSN4aeo17drv8711E                               
000056e4  _ZTSN4aeo17esp8266E                               
000056f4  _ZTVN10__cxxabiv117__class_type_infoE             
00005704  _ZTVN10__cxxabiv119__pointer_type_infoE           
00005714  _ZTVN10__cxxabiv120__si_class_type_infoE          
00005724  _ZTVN10__cxxabiv123__fundamental_type_infoE       
00005734  _ZTVN4aeo111pwm_stepperE                          
00005744  _ZTVN4aeo112adc_potmeterE                         
00005754  _ZTVN4aeo17drv8711E                               
00005764  _ZTVN4aeo17esp8266E                               
00005774  _ZTSSt9type_info                                  
00005784  _ZTIN10__cxxabiv117__class_type_infoE             
00005790  _ZTIN10__cxxabiv117__pbase_type_infoE             
0000579c  _ZTIN10__cxxabiv119__pointer_type_infoE           
000057a8  _ZTIN10__cxxabiv120__si_class_type_infoE          
000057b4  _ZTIN10__cxxabiv123__fundamental_type_infoE       
000057c0  _ZTIN4aeo111ssi_drv8711E                          
000057cc  _ZTIN4aeo111pwm_stepperE                          
000057d4  _ZTIN4aeo112adc_potmeterE                         
000057dc  _ZTIN4aeo114ssi_peripheralE                       
000057e4  _ZTIN4aeo17drv8711E                               
000057ec  _ZTIN4aeo17esp8266E                               
000057f4  _ZTISt9type_info                                  
000057fc  _ZTIe                                             
00005804  _ZTSPKe                                           
00005808  SHT$$INIT_ARRAY$$Base                             
0000580c  SHT$$INIT_ARRAY$$Limit                            
00005980  __TI_Handler_Table_Base                           
0000598c  __TI_Handler_Table_Limit                          
00005998  __TI_CINIT_Base                                   
000059a8  __TI_CINIT_Limit                                  
20000400  g_oEsp8266                                        
20000598  g_oDrv8711                                        
20000768  _ZSt16__dummy_typeinfo                            
2000076c  __dso_handle                                      
20000778  __stack                                           
20000978  __STACK_END                                       
20000978  __STACK_TOP                                       
20000978  g_psCmdTable                                      
20000a08  _ZN4aeo118SSI0_SpecificationE                     
20000a3c  _ZN4aeo118SSI1_SpecificationE                     
20000a70  _ZN4aeo118SSI2_SpecificationE                     
20000aa4  _ZN4aeo118SSI3_SpecificationE                     
20000af0  _ZN4aeo112adc_potmeter10m_nCounterE               
20000af4  _ZN4aeo112adc_potmeter15m_nErrorCounterE          
20000af8  _ZN4aeo112adc_potmeter14m_nReadCounterE           
20000afc  _ZN4aeo112adc_potmeter16m_pTheOneAndOnlyE         
20000b1c  _lock                                             
20000b20  _unlock                                           
20000b24  __TI_cleanup_ptr                                  
20000b28  __TI_dtors_ptr                                    
20000b3c  main_func_sp                                      
20000b48  _sys_memory                                       
ffffffff  __binit__                                         
ffffffff  __c_args__                                        
ffffffff  binit                                             

[374 symbols]
