******************************************************************************
                  TI ARM Linker PC v5.2.6                      
******************************************************************************
>> Linked Tue Feb 09 12:03:42 2016

OUTPUT FILE NAME:   <solo_stepper.out>
ENTRY POINT SYMBOL: "_c_int00"  address: 0000405d


MEMORY CONFIGURATION

         name            origin    length      used     unused   attr    fill
----------------------  --------  ---------  --------  --------  ----  --------
  FLASH                 00000000   00040000  00005780  0003a880  R  X
  SRAM                  20000000   00008000  00000b31  000074cf  RW X


SEGMENT ALLOCATION MAP

run origin  load origin   length   init length attrs members
----------  ----------- ---------- ----------- ----- -------
00000000    00000000    00005780   00005780    r-x
  00000000    00000000    0000026c   0000026c    r-- .intvecs
  0000026c    0000026c    000044fc   000044fc    r-x .text
  00004768    00004768    00000e94   00000e94    r-- .const
  000055fc    000055fc    00000004   00000004    r-- .init_array
  00005600    00005600    00000180   00000180    r-- .cinit
20000000    20000000    00000b38   00000000    rw-
  20000000    20000000    00000775   00000000    rw- .bss
  20000778    20000778    00000200   00000000    rw- .stack
  20000978    20000978    000001b4   00000000    rw- .data
  20000b30    20000b30    00000008   00000000    rw- .sysmem


SECTION ALLOCATION MAP

 output                                  attributes/
section   page    origin      length       input sections
--------  ----  ----------  ----------   ----------------
.intvecs   0    00000000    0000026c     
                  00000000    0000026c     tm4c123gh6pm_startup_ccs.obj (.intvecs)

.text      0    0000026c    000044fc     
                  0000026c    00000c84     tiva_utils.lib : ustdlib.obj (.text)
                  00000ef0    00000860                    : uartstdio.obj (.text)
                  00001750    000005dc     esp8266.obj (.text)
                  00001d2c    00000558     aeo1_drivers.lib : ssi_peripheral.obj (.text)
                  00002284    000004b0     drv8711.obj (.text)
                  00002734    000003dc     rtsv7M4_T_le_v4SPD16_eabi.lib : memory.obj (.text)
                  00002b10    00000340     main.obj (.text)
                  00002e50    000002f8     aeo1_drivers.lib : pwm_stepper.obj (.text)
                  00003148    000002e8                      : ssi_drv8711.obj (.text)
                  00003430    000001f4                      : adc_potmeter.obj (.text)
                  00003624    00000132     driverlib.lib : gpio.obj (.text:GPIOPadConfigSet)
                  00003756    00000002     rtsv7M4_T_le_v4SPD16_eabi.lib : i_div0.obj (.text)
                  00003758    00000110     driverlib.lib : sysctl.obj (.text:SysCtlClockGet)
                  00003868    000000f4                   : sysctl.obj (.text:SysCtlClockSet)
                  0000395c    000000f4     rtsv7M4_T_le_v4SPD16_eabi.lib : dtor_list.obj (.text)
                  00003a50    000000c0     drv8711_registers.obj (.text)
                  00003b10    000000bc     rtsv7M4_T_le_v4SPD16_eabi.lib : typeinfo_.obj (.text)
                  00003bcc    000000ac     tiva_utils.lib : cmdline.obj (.text)
                  00003c78    0000009c     rtsv7M4_T_le_v4SPD16_eabi.lib : memcpy_t2.obj (.text)
                  00003d14    0000007a     driverlib.lib : adc.obj (.text:ADCSequenceStepConfigure)
                  00003d8e    0000007a     rtsv7M4_T_le_v4SPD16_eabi.lib : memset_t2.obj (.text)
                  00003e08    0000006c                                   : autoinit.obj (.text)
                  00003e74    0000006a                                   : copy_decompress_rle.obj (.text)
                  00003ede    00000002     --HOLE-- [fill = 0]
                  00003ee0    00000068     driverlib.lib : interrupt.obj (.text:IntDisable)
                  00003f48    00000068                   : interrupt.obj (.text:IntEnable)
                  00003fb0    00000056                   : gpio.obj (.text:GPIOIntTypeSet)
                  00004006    00000056     rtsv7M4_T_le_v4SPD16_eabi.lib : ltoa.obj (.text)
                  0000405c    00000050                                   : boot.obj (.text)
                  000040ac    0000004c                                   : cpy_tbl.obj (.text)
                  000040f8    00000048     driverlib.lib : gpio.obj (.text:GPIOPinConfigure)
                  00004140    00000046                   : uart.obj (.text:UARTConfigSetExpClk)
                  00004186    00000002     --HOLE-- [fill = 0]
                  00004188    00000044     rtsv7M4_T_le_v4SPD16_eabi.lib : exit.obj (.text)
                  000041cc    00000040                                   : u_divt2.obj (.text)
                  0000420c    0000003e     driverlib.lib : adc.obj (.text:ADCSequenceConfigure)
                  0000424a    0000003c                   : ssi.obj (.text:SSIConfigSetExpClk)
                  00004286    00000002     --HOLE-- [fill = 0]
                  00004288    00000038                   : sysctl.obj (.text:SysCtlPeripheralPresent)
                  000042c0    00000034                   : sysctl.obj (.text:SysCtlPeripheralEnable)
                  000042f4    0000002e                   : adc.obj (.text:ADCIntStatus)
                  00004322    0000002a                   : gpio.obj (.text:GPIODirModeSet)
                  0000434c    00000022                   : pwm.obj (.text:PWMGenConfigure)
                  0000436e    00000002     --HOLE-- [fill = 0]
                  00004370    00000020                   : uart.obj (.text:UARTDisable)
                  00004390    0000001e                   : adc.obj (.text:ADCSequenceDataGet)
                  000043ae    0000001e                   : pwm.obj (.text:PWMPulseWidthSet)
                  000043cc    00000018                   : adc.obj (.text:ADCClockConfigSet)
                  000043e4    00000018                   : adc.obj (.text:ADCProcessorTrigger)
                  000043fc    00000018                   : gpio.obj (.text:GPIOPinTypeGPIOOutput)
                  00004414    00000018     rtsv7M4_T_le_v4SPD16_eabi.lib : args_main.obj (.text)
                  0000442c    00000018                                   : strcmp.obj (.text)
                  00004444    00000014     driverlib.lib : fpu.obj (.text:FPUStackingEnable)
                  00004458    00000014                   : sysctl.obj (.text:SysCtlPWMClockSet)
                  0000446c    00000014                   : systick.obj (.text:SysTickEnable)
                  00004480    00000014                   : systick.obj (.text:SysTickIntEnable)
                  00004494    00000014                   : uart.obj (.text:UARTEnable)
                  000044a8    00000014     rtsv7M4_T_le_v4SPD16_eabi.lib : _lock.obj (.text)
                  000044bc    00000014                                   : strlen.obj (.text)
                  000044d0    00000012     driverlib.lib : gpio.obj (.text:GPIOPinTypeADC)
                  000044e2    00000012                   : gpio.obj (.text:GPIOPinTypeGPIOInput)
                  000044f4    00000012                   : gpio.obj (.text:GPIOPinTypePWM)
                  00004506    00000012                   : gpio.obj (.text:GPIOPinTypeSSI)
                  00004518    00000012                   : gpio.obj (.text:GPIOPinTypeUART)
                  0000452a    00000012                   : pwm.obj (.text:PWMOutputState)
                  0000453c    00000012                   : ssi.obj (.text:SSIDataGetNonBlocking)
                  0000454e    00000010                   : adc.obj (.text:ADCIntEnable)
                  0000455e    00000002     --HOLE-- [fill = 0]
                  00004560    00000010                   : fpu.obj (.text:FPUEnable)
                  00004570    00000010                   : interrupt.obj (.text:IntMasterDisable)
                  00004580    00000010                   : interrupt.obj (.text:IntMasterEnable)
                  00004590    00000010                   : pwm.obj (.text:PWMGenPeriodSet)
                  000045a0    00000010                   : systick.obj (.text:SysTickPeriodSet)
                  000045b0    0000000e                   : adc.obj (.text:ADCHardwareOversampleConfigure)
                  000045be    0000000e                   : adc.obj (.text:ADCIntDisable)
                  000045cc    0000000e                   : adc.obj (.text:ADCSequenceDisable)
                  000045da    0000000e                   : adc.obj (.text:ADCSequenceEnable)
                  000045e8    0000000e                   : gpio.obj (.text:GPIOIntDisable)
                  000045f6    0000000e                   : ssi.obj (.text:SSIDataPutNonBlocking)
                  00004604    0000000e                   : uart.obj (.text:UARTCharGetNonBlocking)
                  00004612    0000000e                   : uart.obj (.text:UARTCharPutNonBlocking)
                  00004620    0000000e                   : uart.obj (.text:UARTCharsAvail)
                  0000462e    0000000e                   : uart.obj (.text:UARTSpaceAvail)
                  0000463c    0000000e     rtsv7M4_T_le_v4SPD16_eabi.lib : copy_decompress_none.obj (.text:decompress:none)
                  0000464a    0000000c     driverlib.lib : cpu.obj (.text:CPUcpsid)
                  00004656    0000000c                   : cpu.obj (.text:CPUcpsie)
                  00004662    0000000c                   : gpio.obj (.text:GPIOIntEnable)
                  0000466e    0000000c                   : pwm.obj (.text:PWMGenDisable)
                  0000467a    0000000c                   : pwm.obj (.text:PWMGenEnable)
                  00004686    0000000c                   : ssi.obj (.text:SSIDataGet)
                  00004692    0000000c     rtsv7M4_T_le_v4SPD16_eabi.lib : copy_zero_init.obj (.text:decompress:ZI)
                  0000469e    0000000c     tm4c123gh6pm_startup_ccs.obj (.text)
                  000046aa    0000000a     driverlib.lib : adc.obj (.text:ADCIntClear)
                  000046b4    0000000a                   : pwm.obj (.text:PWMGenIntTrigEnable)
                  000046be    0000000a                   : ssi.obj (.text:SSIDataPut)
                  000046c8    0000000a                   : ssi.obj (.text:SSIDisable)
                  000046d2    0000000a                   : ssi.obj (.text:SSIEnable)
                  000046dc    0000000a                   : ssi.obj (.text:SSIIntDisable)
                  000046e6    0000000a                   : ssi.obj (.text:SSIIntStatus)
                  000046f0    0000000a                   : uart.obj (.text:UARTIntDisable)
                  000046fa    0000000a                   : uart.obj (.text:UARTIntStatus)
                  00004704    0000000a     aeo1_drivers.lib : ssi_drv8711.obj (.text:_ZN4aeo114ssi_peripheral4OnRxEv)
                  0000470e    0000000a                      : ssi_drv8711.obj (.text:_ZN4aeo114ssi_peripheral4OnTxEv)
                  00004718    00000008     driverlib.lib : pwm.obj (.text:PWMIntEnable)
                  00004720    00000008                   : ssi.obj (.text:SSIIntEnable)
                  00004728    00000008                   : uart.obj (.text:UARTIntEnable)
                  00004730    00000008     rtsv7M4_T_le_v4SPD16_eabi.lib : delete.obj (.text)
                  00004738    00000006     driverlib.lib : gpio.obj (.text:GPIOPinWrite)
                  0000473e    00000006                   : pwm.obj (.text:PWMGenIntClear)
                  00004744    00000006                   : sysctl.obj (.text:SysCtlDelay)
                  0000474a    00000006                   : uart.obj (.text:UARTClockSourceSet)
                  00004750    00000006                   : uart.obj (.text:UARTFIFOLevelSet)
                  00004756    00000006     rtsv7M4_T_le_v4SPD16_eabi.lib : copy_decompress_rle.obj (.text:decompress:rle24)
                  0000475c    00000004     driverlib.lib : ssi.obj (.text:SSIIntClear)
                  00004760    00000004                   : uart.obj (.text:UARTIntClear)
                  00004764    00000004     rtsv7M4_T_le_v4SPD16_eabi.lib : pre_init.obj (.text)

.const     0    00004768    00000e94     
                  00004768    0000054a     drv8711_registers.obj (.const:.string)
                  00004cb2    00000002     rtsv7M4_T_le_v4SPD16_eabi.lib : typeinfo_.obj (.const:.typeinfo:_ZTSe)
                  00004cb4    00000294     drv8711_registers.obj (.const:DRV8711_Fields)
                  00004f48    00000128     main.obj (.const:.string)
                  00005070    00000090     driverlib.lib : gpio.obj (.const:g_pui32GPIOBaseAddrs)
                  00005100    00000070                   : interrupt.obj (.const)
                  00005170    0000006c                   : sysctl.obj (.const:g_pui32Xtals)
                  000051dc    0000005e     esp8266.obj (.const:.string)
                  0000523a    00000002     --HOLE-- [fill = 0]
                  0000523c    00000048     drv8711.obj (.const:$P$T0$1)
                  00005284    00000038     esp8266.obj (.const:_ZN4aeo122InitializationCommandsE)
                  000052bc    00000030     tiva_utils.lib : ustdlib.obj (.const:g_psDaysToMonth)
                  000052ec    00000028     rtsv7M4_T_le_v4SPD16_eabi.lib : typeinfo_.obj (.const:.typeinfo:_ZTSN10__cxxabiv123__fundamental_type_infoE)
                  00005314    00000028     aeo1_drivers.lib : ssi_drv8711.obj (.const:_ZTVN4aeo111ssi_drv8711E)
                  0000533c    00000028                      : ssi_peripheral.obj (.const:_ZTVN4aeo114ssi_peripheralE)
                  00005364    00000028     tiva_utils.lib : uartstdio.obj (.const)
                  0000538c    00000025     rtsv7M4_T_le_v4SPD16_eabi.lib : typeinfo_.obj (.const:.typeinfo:_ZTSN10__cxxabiv120__si_class_type_infoE)
                  000053b1    00000024                                   : typeinfo_.obj (.const:.typeinfo:_ZTSN10__cxxabiv119__pointer_type_infoE)
                  000053d5    00000022                                   : typeinfo_.obj (.const:.typeinfo:_ZTSN10__cxxabiv117__class_type_infoE)
                  000053f7    00000022                                   : typeinfo_.obj (.const:.typeinfo:_ZTSN10__cxxabiv117__pbase_type_infoE)
                  00005419    00000003     --HOLE-- [fill = 0]
                  0000541c    0000001c     tiva_utils.lib : ustdlib.obj (.const)
                  00005438    00000018     aeo1_drivers.lib : ssi_peripheral.obj (.const:.typeinfo:_ZTSN4aeo114ssi_peripheralE)
                  00005450    00000016                      : adc_potmeter.obj (.const:.typeinfo:_ZTSN4aeo112adc_potmeterE)
                  00005466    00000015                      : pwm_stepper.obj (.const:.typeinfo:_ZTSN4aeo111pwm_stepperE)
                  0000547b    00000015                      : ssi_drv8711.obj (.const:.typeinfo:_ZTSN4aeo111ssi_drv8711E)
                  00005490    00000012     tiva_utils.lib : uartstdio.obj (.const:.string)
                  000054a2    00000002     --HOLE-- [fill = 0]
                  000054a4    00000012                    : ustdlib.obj (.const:.string)
                  000054b6    00000002     --HOLE-- [fill = 0]
                  000054b8    00000010     rtsv7M4_T_le_v4SPD16_eabi.lib : typeinfo_.obj (.const:.typeinfo:_ZTIPKe)
                  000054c8    00000010     drv8711.obj (.const:.typeinfo:_ZTSN4aeo17drv8711E)
                  000054d8    00000010     esp8266.obj (.const:.typeinfo:_ZTSN4aeo17esp8266E)
                  000054e8    00000010     rtsv7M4_T_le_v4SPD16_eabi.lib : typeinfo_.obj (.const:_ZTVN10__cxxabiv117__class_type_infoE)
                  000054f8    00000010                                   : typeinfo_.obj (.const:_ZTVN10__cxxabiv119__pointer_type_infoE)
                  00005508    00000010                                   : typeinfo_.obj (.const:_ZTVN10__cxxabiv120__si_class_type_infoE)
                  00005518    00000010                                   : typeinfo_.obj (.const:_ZTVN10__cxxabiv123__fundamental_type_infoE)
                  00005528    00000010     aeo1_drivers.lib : pwm_stepper.obj (.const:_ZTVN4aeo111pwm_stepperE)
                  00005538    00000010                      : adc_potmeter.obj (.const:_ZTVN4aeo112adc_potmeterE)
                  00005548    00000010     drv8711.obj (.const:_ZTVN4aeo17drv8711E)
                  00005558    00000010     esp8266.obj (.const:_ZTVN4aeo17esp8266E)
                  00005568    0000000d     rtsv7M4_T_le_v4SPD16_eabi.lib : typeinfo_.obj (.const:.typeinfo:_ZTSSt9type_info)
                  00005575    00000003     --HOLE-- [fill = 0]
                  00005578    0000000c                                   : typeinfo_.obj (.const:.typeinfo:_ZTIN10__cxxabiv117__class_type_infoE)
                  00005584    0000000c                                   : typeinfo_.obj (.const:.typeinfo:_ZTIN10__cxxabiv117__pbase_type_infoE)
                  00005590    0000000c                                   : typeinfo_.obj (.const:.typeinfo:_ZTIN10__cxxabiv119__pointer_type_infoE)
                  0000559c    0000000c                                   : typeinfo_.obj (.const:.typeinfo:_ZTIN10__cxxabiv120__si_class_type_infoE)
                  000055a8    0000000c                                   : typeinfo_.obj (.const:.typeinfo:_ZTIN10__cxxabiv123__fundamental_type_infoE)
                  000055b4    0000000c     aeo1_drivers.lib : ssi_drv8711.obj (.const:.typeinfo:_ZTIN4aeo111ssi_drv8711E)
                  000055c0    00000008                      : pwm_stepper.obj (.const:.typeinfo:_ZTIN4aeo111pwm_stepperE)
                  000055c8    00000008                      : adc_potmeter.obj (.const:.typeinfo:_ZTIN4aeo112adc_potmeterE)
                  000055d0    00000008                      : ssi_peripheral.obj (.const:.typeinfo:_ZTIN4aeo114ssi_peripheralE)
                  000055d8    00000008     drv8711.obj (.const:.typeinfo:_ZTIN4aeo17drv8711E)
                  000055e0    00000008     esp8266.obj (.const:.typeinfo:_ZTIN4aeo17esp8266E)
                  000055e8    00000008     rtsv7M4_T_le_v4SPD16_eabi.lib : typeinfo_.obj (.const:.typeinfo:_ZTISt9type_info)
                  000055f0    00000008                                   : typeinfo_.obj (.const:.typeinfo:_ZTIe)
                  000055f8    00000004                                   : typeinfo_.obj (.const:.typeinfo:_ZTSPKe)

.init_array 
*          0    000055fc    00000004     
                  000055fc    00000004     main.obj (.init_array)

.cinit     0    00005600    00000180     
                  00005600    00000158     (.cinit..data.load) [load image, compression = rle]
                  00005758    0000000c     (__TI_handler_table)
                  00005764    00000004     --HOLE-- [fill = 0]
                  00005768    00000008     (.cinit..bss.load) [load image, compression = zero_init]
                  00005770    00000010     (__TI_cinit_table)

.bss       0    20000000    00000775     UNINITIALIZED
                  20000000    00000400     tiva_utils.lib : uartstdio.obj (.bss:g_pcUARTTxBuffer)
                  20000400    00000198     main.obj (.bss:g_oEsp8266)
                  20000598    000000ac     main.obj (.bss:g_oDrv8711)
                  20000644    00000080     tiva_utils.lib : uartstdio.obj (.bss:g_pcUARTRxBuffer)
                  200006c4    00000080     main.obj (.bss:g_zInput)
                  20000744    00000024     tiva_utils.lib : cmdline.obj (.bss:g_ppcArgv)
                  20000768    00000004     (.common:_ZSt16__dummy_typeinfo)
                  2000076c    00000004     (.common:__dso_handle)
                  20000770    00000004     (.common:g_ui32PortNum)
                  20000774    00000001     (.common:g_bDisableEcho)

.TI.noinit 
*          0    20000000    00000000     UNINITIALIZED

.stack     0    20000778    00000200     UNINITIALIZED
                  20000778    00000200     --HOLE--

.data      0    20000978    000001b4     UNINITIALIZED
                  20000978    00000078     main.obj (.data:g_psCmdTable)
                  200009f0    00000034     aeo1_drivers.lib : ssi_peripheral.obj (.data:_ZN4aeo118SSI0_SpecificationE)
                  20000a24    00000034                      : ssi_peripheral.obj (.data:_ZN4aeo118SSI1_SpecificationE)
                  20000a58    00000034                      : ssi_peripheral.obj (.data:_ZN4aeo118SSI2_SpecificationE)
                  20000a8c    00000034                      : ssi_peripheral.obj (.data:_ZN4aeo118SSI3_SpecificationE)
                  20000ac0    00000015     tiva_utils.lib : uartstdio.obj (.data)
                  20000ad5    00000001     main.obj (.data)
                  20000ad6    00000002     --HOLE--
                  20000ad8    00000010     aeo1_drivers.lib : adc_potmeter.obj (.data)
                  20000ae8    00000010                      : ssi_peripheral.obj (.data)
                  20000af8    0000000c     rtsv7M4_T_le_v4SPD16_eabi.lib : memory.obj (.data)
                  20000b04    00000008                                   : _lock.obj (.data)
                  20000b0c    00000008                                   : exit.obj (.data)
                  20000b14    00000004     aeo1_drivers.lib : pwm_stepper.obj (.data)
                  20000b18    00000004                      : ssi_drv8711.obj (.data)
                  20000b1c    00000004     esp8266.obj (.data)
                  20000b20    00000004     rtsv7M4_T_le_v4SPD16_eabi.lib : dtor_list.obj (.data)
                  20000b24    00000004                                   : stkdepth_vars.obj (.data)
                  20000b28    00000004     tiva_utils.lib : ustdlib.obj (.data)

.TI.persistent 
*          0    20000978    00000000     UNINITIALIZED

.sysmem    0    20000b30    00000008     UNINITIALIZED
                  20000b30    00000008     rtsv7M4_T_le_v4SPD16_eabi.lib : memory.obj (.sysmem)


LINKER GENERATED COPY TABLES

__TI_cinit_table @ 00005770 records: 2, size/record: 8, table size: 16
	.data: load addr=00005600, load size=00000158 bytes, run addr=20000978, run size=000001b4 bytes, compression=rle
	.bss: load addr=00005768, load size=00000008 bytes, run addr=20000000, run size=00000775 bytes, compression=zero_init


LINKER GENERATED HANDLER TABLE

__TI_handler_table @ 00005758 records: 3, size/record: 4, table size: 12
	index: 0, handler: __TI_decompress_rle24
	index: 1, handler: __TI_decompress_none
	index: 2, handler: __TI_zero_init


GLOBAL SYMBOLS: SORTED ALPHABETICALLY BY Name 

address   name                                              
-------   ----                                              
000043cd  ADCClockConfigSet                                 
000045b1  ADCHardwareOversampleConfigure                    
000046ab  ADCIntClear                                       
000045bf  ADCIntDisable                                     
0000454f  ADCIntEnable                                      
000042f5  ADCIntStatus                                      
000043e5  ADCProcessorTrigger                               
0000420d  ADCSequenceConfigure                              
00004391  ADCSequenceDataGet                                
000045cd  ADCSequenceDisable                                
000045db  ADCSequenceEnable                                 
00003d15  ADCSequenceStepConfigure                          
00004189  C$$EXIT                                           
0000464b  CPUcpsid                                          
00004657  CPUcpsie                                          
00003bcd  CmdLineProcess                                    
00004561  FPUEnable                                         
00004445  FPUStackingEnable                                 
00004323  GPIODirModeSet                                    
000045e9  GPIOIntDisable                                    
00004663  GPIOIntEnable                                     
00003fb1  GPIOIntTypeSet                                    
00003625  GPIOPadConfigSet                                  
000040f9  GPIOPinConfigure                                  
000044d1  GPIOPinTypeADC                                    
000044e3  GPIOPinTypeGPIOInput                              
000043fd  GPIOPinTypeGPIOOutput                             
000044f5  GPIOPinTypePWM                                    
00004507  GPIOPinTypeSSI                                    
00004519  GPIOPinTypeUART                                   
00004739  GPIOPinWrite                                      
00003ee1  IntDisable                                        
00003f49  IntEnable                                         
00004571  IntMasterDisable                                  
00004581  IntMasterEnable                                   
00003431  OnADCInterrupt                                    
00003149  OnGPIOBInterrupt                                  
00003165  OnGPIOEInterrupt                                  
00002e51  OnPWM1Gen1Interrupt                               
00001d2d  OnSSI0Interrupt                                   
00001d47  OnSSI1Interrupt                                   
00001d61  OnSSI2Interrupt                                   
00001d7b  OnSSI3Interrupt                                   
0000434d  PWMGenConfigure                                   
0000466f  PWMGenDisable                                     
0000467b  PWMGenEnable                                      
0000473f  PWMGenIntClear                                    
000046b5  PWMGenIntTrigEnable                               
00004591  PWMGenPeriodSet                                   
00004719  PWMIntEnable                                      
0000452b  PWMOutputState                                    
000043af  PWMPulseWidthSet                                  
0000469f  ResetISR                                          
000055fc  SHT$$INIT_ARRAY$$Base                             
00005600  SHT$$INIT_ARRAY$$Limit                            
0000424b  SSIConfigSetExpClk                                
00004687  SSIDataGet                                        
0000453d  SSIDataGetNonBlocking                             
000046bf  SSIDataPut                                        
000045f7  SSIDataPutNonBlocking                             
000046c9  SSIDisable                                        
000046d3  SSIEnable                                         
0000475d  SSIIntClear                                       
000046dd  SSIIntDisable                                     
00004721  SSIIntEnable                                      
000046e7  SSIIntStatus                                      
00003759  SysCtlClockGet                                    
00003869  SysCtlClockSet                                    
00004745  SysCtlDelay                                       
00004459  SysCtlPWMClockSet                                 
000042c1  SysCtlPeripheralEnable                            
00004289  SysCtlPeripheralPresent                           
0000446d  SysTickEnable                                     
00004481  SysTickIntEnable                                  
00002c65  SysTickIntHandler                                 
000045a1  SysTickPeriodSet                                  
00004605  UARTCharGetNonBlocking                            
00004613  UARTCharPutNonBlocking                            
00004621  UARTCharsAvail                                    
0000474b  UARTClockSourceSet                                
00004141  UARTConfigSetExpClk                               
00004371  UARTDisable                                       
000015c9  UARTEchoSet                                       
00004495  UARTEnable                                        
00004751  UARTFIFOLevelSet                                  
00001573  UARTFlushRx                                       
00001593  UARTFlushTx                                       
00004761  UARTIntClear                                      
000046f1  UARTIntDisable                                    
00004729  UARTIntEnable                                     
000046fb  UARTIntStatus                                     
00001519  UARTPeek                                          
000014f7  UARTRxBytesAvail                                  
0000462f  UARTSpaceAvail                                    
00000fdd  UARTStdioConfig                                   
000015f5  UARTStdioIntHandler                               
00001505  UARTTxBytesFree                                   
0000117f  UARTgetc                                          
00001103  UARTgets                                          
000014d3  UARTprintf                                        
000011d9  UARTvprintf                                       
00001063  UARTwrite                                         
00003a51  _Z23drv8711_registers_PrintiiPFbPKciS0_PvES1_     
00002b81  _Z8CMD_diagiPPc                                   
00002b21  _Z8CMD_haltiPPc                                   
00002bd9  _Z8CMD_helpiPPc                                   
00002b11  _Z8CMD_idleiPPc                                   
00002b31  _Z8CMD_moveiPPc                                   
00002b5f  _Z8CMD_stopiPPc                                   
00002ce9  _Z8MainLoopv                                      
00002bc9  _Z9CMD_noerriPPc                                  
00002bb9  _Z9CMD_resetiPPc                                  
00002b91  _Z9CMD_sleepiPPc                                  
00003bbd  _ZN10__cxxabiv116__enum_type_infoD0Ev             
00003bbb  _ZN10__cxxabiv116__enum_type_infoD1Ev             
00003bbb  _ZN10__cxxabiv116__enum_type_infoD2Ev             
00003bb3  _ZN10__cxxabiv117__array_type_infoD0Ev            
00003bb1  _ZN10__cxxabiv117__array_type_infoD1Ev            
00003bb1  _ZN10__cxxabiv117__array_type_infoD2Ev            
00003ba9  _ZN10__cxxabiv117__class_type_infoD0Ev            
00003ba7  _ZN10__cxxabiv117__class_type_infoD1Ev            
00003ba7  _ZN10__cxxabiv117__class_type_infoD2Ev            
00003b9f  _ZN10__cxxabiv117__pbase_type_infoD0Ev            
00003b9d  _ZN10__cxxabiv117__pbase_type_infoD1Ev            
00003b9d  _ZN10__cxxabiv117__pbase_type_infoD2Ev            
00003b95  _ZN10__cxxabiv119__pointer_type_infoD0Ev          
00003b93  _ZN10__cxxabiv119__pointer_type_infoD1Ev          
00003b93  _ZN10__cxxabiv119__pointer_type_infoD2Ev          
00003b8b  _ZN10__cxxabiv120__function_type_infoD0Ev         
00003b89  _ZN10__cxxabiv120__function_type_infoD1Ev         
00003b89  _ZN10__cxxabiv120__function_type_infoD2Ev         
00003b81  _ZN10__cxxabiv120__si_class_type_infoD0Ev         
00003b7f  _ZN10__cxxabiv120__si_class_type_infoD1Ev         
00003b7f  _ZN10__cxxabiv120__si_class_type_infoD2Ev         
00003b77  _ZN10__cxxabiv121__vmi_class_type_infoD0Ev        
00003b75  _ZN10__cxxabiv121__vmi_class_type_infoD1Ev        
00003b75  _ZN10__cxxabiv121__vmi_class_type_infoD2Ev        
00003b6d  _ZN10__cxxabiv123__fundamental_type_infoD0Ev      
00003b6b  _ZN10__cxxabiv123__fundamental_type_infoD1Ev      
00003b6b  _ZN10__cxxabiv123__fundamental_type_infoD2Ev      
00003b63  _ZN10__cxxabiv129__pointer_to_member_type_infoD0Ev
00003b61  _ZN10__cxxabiv129__pointer_to_member_type_infoD1Ev
00003b61  _ZN10__cxxabiv129__pointer_to_member_type_infoD2Ev
00002ec7  _ZN4aeo111pwm_stepper10InitializeEv               
00002fe1  _ZN4aeo111pwm_stepper11OnInterruptEv              
00002f39  _ZN4aeo111pwm_stepper4DiagEv                      
00002f65  _ZN4aeo111pwm_stepper4MoveEj                      
00002fb3  _ZN4aeo111pwm_stepper4StopEb                      
00002e6d  _ZN4aeo111pwm_stepperC1Ev                         
00002e6d  _ZN4aeo111pwm_stepperC2Ev                         
00002eb1  _ZN4aeo111pwm_stepperD0Ev                         
00002ea5  _ZN4aeo111pwm_stepperD1Ev                         
00002ea5  _ZN4aeo111pwm_stepperD2Ev                         
000031cb  _ZN4aeo111ssi_drv871110InitializeEv               
000033d9  _ZN4aeo111ssi_drv871111GetRegisterEj              
000032f5  _ZN4aeo111ssi_drv871115OnGpioInterruptENS0_5EventE
00003297  _ZN4aeo111ssi_drv87114DiagEv                      
00003329  _ZN4aeo111ssi_drv87114ReadEj                      
000032c7  _ZN4aeo111ssi_drv87115ResetEv                     
000032a9  _ZN4aeo111ssi_drv87115SleepEb                     
0000338b  _ZN4aeo111ssi_drv87115WriteEjj                    
00003181  _ZN4aeo111ssi_drv8711C1Ev                         
00003181  _ZN4aeo111ssi_drv8711C2Ev                         
000031b5  _ZN4aeo111ssi_drv8711D0Ev                         
000031a7  _ZN4aeo111ssi_drv8711D1Ev                         
000031a7  _ZN4aeo111ssi_drv8711D2Ev                         
0000349b  _ZN4aeo112adc_potmeter10InitializeEv              
20000ad8  _ZN4aeo112adc_potmeter10m_nCounterE               
00003517  _ZN4aeo112adc_potmeter11OnInterruptEv             
20000ae0  _ZN4aeo112adc_potmeter14m_nReadCounterE           
000035c1  _ZN4aeo112adc_potmeter15GetErrorCounterEv         
20000adc  _ZN4aeo112adc_potmeter15m_nErrorCounterE          
20000ae4  _ZN4aeo112adc_potmeter16m_pTheOneAndOnlyE         
000035d9  _ZN4aeo112adc_potmeter4DiagEv                     
00003593  _ZN4aeo112adc_potmeter7TriggerEv                  
000035a1  _ZN4aeo112adc_potmeter8GetValueEv                 
000034fb  _ZN4aeo112adc_potmeter9TerminateEv                
00003443  _ZN4aeo112adc_potmeterC1Ev                        
00003443  _ZN4aeo112adc_potmeterC2Ev                        
00003485  _ZN4aeo112adc_potmeterD0Ev                        
00003461  _ZN4aeo112adc_potmeterD1Ev                        
00003461  _ZN4aeo112adc_potmeterD2Ev                        
00001e61  _ZN4aeo114ssi_peripheral10InitializeEv            
0000215f  _ZN4aeo114ssi_peripheral10LoadTxFIFOEv            
00001fa9  _ZN4aeo114ssi_peripheral11OnInterruptEv           
00002195  _ZN4aeo114ssi_peripheral12UnloadRxFIFOEv          
00002147  _ZN4aeo114ssi_peripheral3GetEv                    
00002133  _ZN4aeo114ssi_peripheral3PutEj                    
00002049  _ZN4aeo114ssi_peripheral4DiagEv                   
00004705  _ZN4aeo114ssi_peripheral4OnRxEv                   
0000470f  _ZN4aeo114ssi_peripheral4OnTxEv                   
000020d7  _ZN4aeo114ssi_peripheral9TerminateEv              
00001d95  _ZN4aeo114ssi_peripheralC1ENS0_9device_idEjb      
00001d95  _ZN4aeo114ssi_peripheralC2ENS0_9device_idEjb      
00001e4b  _ZN4aeo114ssi_peripheralD0Ev                      
00001e37  _ZN4aeo114ssi_peripheralD1Ev                      
00001e37  _ZN4aeo114ssi_peripheralD2Ev                      
200009f0  _ZN4aeo118SSI0_SpecificationE                     
20000a24  _ZN4aeo118SSI1_SpecificationE                     
20000a58  _ZN4aeo118SSI2_SpecificationE                     
20000a8c  _ZN4aeo118SSI3_SpecificationE                     
000022d1  _ZN4aeo17drv871110InitializeEv                    
000023dd  _ZN4aeo17drv871110SetDefaultEv                    
000024c7  _ZN4aeo17drv871111ClearFaultsEv                   
0000258f  _ZN4aeo17drv871111PrintStatusEj                   
000024ff  _ZN4aeo17drv871116ReadAllRegistersEv              
00002529  _ZN4aeo17drv871117PrintAllRegistersEv             
0000247b  _ZN4aeo17drv87114DiagEv                           
00002321  _ZN4aeo17drv87114HaltEv                           
000022f5  _ZN4aeo17drv87114IdleEv                           
0000234f  _ZN4aeo17drv87114MoveEi                           
00002451  _ZN4aeo17drv87114StopEb                           
000024e5  _ZN4aeo17drv87115ResetEv                          
0000249d  _ZN4aeo17drv87115SleepEb                          
000023af  _ZN4aeo17drv87119SetTorqueEj                      
00002285  _ZN4aeo17drv8711C1Ev                              
00002285  _ZN4aeo17drv8711C2Ev                              
000022bb  _ZN4aeo17drv8711D0Ev                              
000022a3  _ZN4aeo17drv8711D1Ev                              
000022a3  _ZN4aeo17drv8711D2Ev                              
000017d5  _ZN4aeo17esp826610InitializeEv                    
00001aa5  _ZN4aeo17esp826610OnTransmitEv                    
00001a7d  _ZN4aeo17esp826610SetBitrateEj                    
000019c9  _ZN4aeo17esp826611RxEndOfLineEv                   
00001a05  _ZN4aeo17esp826613ConfigureUARTEj                 
00001bd9  _ZN4aeo17esp826616FillOutputBufferEPKc            
000018b9  _ZN4aeo17esp82664DiagEv                           
000018e7  _ZN4aeo17esp82665WriteEPKc                        
00001c71  _ZN4aeo17esp82666InvokeEPKcS2_                    
000018c5  _ZN4aeo17esp82666OnUartEj                         
0000193f  _ZN4aeo17esp82668ReadLineEPci                     
00001b39  _ZN4aeo17esp82669OnReceiveEv                      
00001783  _ZN4aeo17esp8266C1Ev                              
00001783  _ZN4aeo17esp8266C2Ev                              
000017bf  _ZN4aeo17esp8266D0Ev                              
000017b3  _ZN4aeo17esp8266D1Ev                              
000017b3  _ZN4aeo17esp8266D2Ev                              
00003b23  _ZNKSt9type_info4nameEv                           
00003b53  _ZNKSt9type_info6beforeERKS_                      
00003b3d  _ZNKSt9type_infoeqERKS_                           
00003b27  _ZNKSt9type_infoneERKS_                           
00003b1b  _ZNSt9type_infoD0Ev                               
00003b19  _ZNSt9type_infoD1Ev                               
00003b19  _ZNSt9type_infoD2Ev                               
20000768  _ZSt16__dummy_typeinfo                            
00003b11  _ZSt21__gen_dummy_typeinfosv                      
00005578  _ZTIN10__cxxabiv117__class_type_infoE             
00005584  _ZTIN10__cxxabiv117__pbase_type_infoE             
00005590  _ZTIN10__cxxabiv119__pointer_type_infoE           
0000559c  _ZTIN10__cxxabiv120__si_class_type_infoE          
000055a8  _ZTIN10__cxxabiv123__fundamental_type_infoE       
000055c0  _ZTIN4aeo111pwm_stepperE                          
000055b4  _ZTIN4aeo111ssi_drv8711E                          
000055c8  _ZTIN4aeo112adc_potmeterE                         
000055d0  _ZTIN4aeo114ssi_peripheralE                       
000055d8  _ZTIN4aeo17drv8711E                               
000055e0  _ZTIN4aeo17esp8266E                               
000054b8  _ZTIPKe                                           
000055e8  _ZTISt9type_info                                  
000055f0  _ZTIe                                             
000053d5  _ZTSN10__cxxabiv117__class_type_infoE             
000053f7  _ZTSN10__cxxabiv117__pbase_type_infoE             
000053b1  _ZTSN10__cxxabiv119__pointer_type_infoE           
0000538c  _ZTSN10__cxxabiv120__si_class_type_infoE          
000052ec  _ZTSN10__cxxabiv123__fundamental_type_infoE       
00005466  _ZTSN4aeo111pwm_stepperE                          
0000547b  _ZTSN4aeo111ssi_drv8711E                          
00005450  _ZTSN4aeo112adc_potmeterE                         
00005438  _ZTSN4aeo114ssi_peripheralE                       
000054c8  _ZTSN4aeo17drv8711E                               
000054d8  _ZTSN4aeo17esp8266E                               
000055f8  _ZTSPKe                                           
00005568  _ZTSSt9type_info                                  
00004cb2  _ZTSe                                             
000054e8  _ZTVN10__cxxabiv117__class_type_infoE             
000054f8  _ZTVN10__cxxabiv119__pointer_type_infoE           
00005508  _ZTVN10__cxxabiv120__si_class_type_infoE          
00005518  _ZTVN10__cxxabiv123__fundamental_type_infoE       
00005528  _ZTVN4aeo111pwm_stepperE                          
00005314  _ZTVN4aeo111ssi_drv8711E                          
00005538  _ZTVN4aeo112adc_potmeterE                         
0000533c  _ZTVN4aeo114ssi_peripheralE                       
00005548  _ZTVN4aeo17drv8711E                               
00005558  _ZTVN4aeo17esp8266E                               
00004731  _ZdlPv                                            
20000978  __STACK_END                                       
00000200  __STACK_SIZE                                      
20000978  __STACK_TOP                                       
00000008  __SYSMEM_SIZE                                     
00005770  __TI_CINIT_Base                                   
00005780  __TI_CINIT_Limit                                  
00005758  __TI_Handler_Table_Base                           
00005764  __TI_Handler_Table_Limit                          
00003e09  __TI_auto_init                                    
20000b0c  __TI_cleanup_ptr                                  
0000463d  __TI_decompress_none                              
00004757  __TI_decompress_rle24                             
20000b10  __TI_dtors_ptr                                    
00000000  __TI_static_base__                                
00004693  __TI_zero_init                                    
000039b3  __aeabi_atexit                                    
00003757  __aeabi_idiv0                                     
00003d8f  __aeabi_memclr                                    
00003d8f  __aeabi_memclr4                                   
00003d8f  __aeabi_memclr8                                   
00003c79  __aeabi_memcpy                                    
00003c79  __aeabi_memcpy4                                   
00003c79  __aeabi_memcpy8                                   
00003d91  __aeabi_memset                                    
00003d91  __aeabi_memset4                                   
00003d91  __aeabi_memset8                                   
000041cd  __aeabi_uidiv                                     
000041cd  __aeabi_uidivmod                                  
ffffffff  __binit__                                         
ffffffff  __c_args__                                        
000039f7  __cxa_atexit                                      
0000395d  __cxa_finalize                                    
0000399f  __cxa_ia64_exit                                   
2000076c  __dso_handle                                      
20000778  __stack                                           
00002d41  __sti___8_main_cpp_779587d3                       
00004415  _args_main                                        
0000405d  _c_int00                                          
20000b04  _lock                                             
000044b7  _nop                                              
000044af  _register_lock                                    
000044a9  _register_unlock                                  
20000b30  _sys_memory                                       
00004765  _system_pre_init                                  
20000b08  _unlock                                           
0000418d  abort                                             
000039a5  atexit                                            
ffffffff  binit                                             
00002add  calloc                                            
000040ad  copy_in                                           
00001751  esp8266_UARTIntHandler                            
00004195  exit                                              
0000282b  free                                              
20000598  g_oDrv8711                                        
20000400  g_oEsp8266                                        
00000000  g_pfnVectors                                      
20000978  g_psCmdTable                                      
00004007  ltoa                                              
00002d2f  main                                              
20000b24  main_func_sp                                      
000027c3  malloc                                            
000029f9  memalign                                          
00003c79  memcpy                                            
00003d97  memset                                            
00002735  minit                                             
000028ed  realloc                                           
0000442d  strcmp                                            
000044bd  strlen                                            
00000751  ulocaltime                                        
0000094f  umktime                                           
00000ec9  urand                                             
00000721  usnprintf                                         
000006ef  usprintf                                          
00000eb9  usrand                                            
00000e31  ustrcasecmp                                       
00000ea5  ustrcmp                                           
00000d35  ustrlen                                           
00000d8d  ustrncasecmp                                      
00000e45  ustrncmp                                          
0000026d  ustrncpy                                          
00000d57  ustrstr                                           
00000afd  ustrtof                                           
000009c5  ustrtoul                                          
000002c5  uvsnprintf                                        


GLOBAL SYMBOLS: SORTED BY Symbol Address 

address   name                                              
-------   ----                                              
00000000  __TI_static_base__                                
00000000  g_pfnVectors                                      
00000008  __SYSMEM_SIZE                                     
00000200  __STACK_SIZE                                      
0000026d  ustrncpy                                          
000002c5  uvsnprintf                                        
000006ef  usprintf                                          
00000721  usnprintf                                         
00000751  ulocaltime                                        
0000094f  umktime                                           
000009c5  ustrtoul                                          
00000afd  ustrtof                                           
00000d35  ustrlen                                           
00000d57  ustrstr                                           
00000d8d  ustrncasecmp                                      
00000e31  ustrcasecmp                                       
00000e45  ustrncmp                                          
00000ea5  ustrcmp                                           
00000eb9  usrand                                            
00000ec9  urand                                             
00000fdd  UARTStdioConfig                                   
00001063  UARTwrite                                         
00001103  UARTgets                                          
0000117f  UARTgetc                                          
000011d9  UARTvprintf                                       
000014d3  UARTprintf                                        
000014f7  UARTRxBytesAvail                                  
00001505  UARTTxBytesFree                                   
00001519  UARTPeek                                          
00001573  UARTFlushRx                                       
00001593  UARTFlushTx                                       
000015c9  UARTEchoSet                                       
000015f5  UARTStdioIntHandler                               
00001751  esp8266_UARTIntHandler                            
00001783  _ZN4aeo17esp8266C1Ev                              
00001783  _ZN4aeo17esp8266C2Ev                              
000017b3  _ZN4aeo17esp8266D1Ev                              
000017b3  _ZN4aeo17esp8266D2Ev                              
000017bf  _ZN4aeo17esp8266D0Ev                              
000017d5  _ZN4aeo17esp826610InitializeEv                    
000018b9  _ZN4aeo17esp82664DiagEv                           
000018c5  _ZN4aeo17esp82666OnUartEj                         
000018e7  _ZN4aeo17esp82665WriteEPKc                        
0000193f  _ZN4aeo17esp82668ReadLineEPci                     
000019c9  _ZN4aeo17esp826611RxEndOfLineEv                   
00001a05  _ZN4aeo17esp826613ConfigureUARTEj                 
00001a7d  _ZN4aeo17esp826610SetBitrateEj                    
00001aa5  _ZN4aeo17esp826610OnTransmitEv                    
00001b39  _ZN4aeo17esp82669OnReceiveEv                      
00001bd9  _ZN4aeo17esp826616FillOutputBufferEPKc            
00001c71  _ZN4aeo17esp82666InvokeEPKcS2_                    
00001d2d  OnSSI0Interrupt                                   
00001d47  OnSSI1Interrupt                                   
00001d61  OnSSI2Interrupt                                   
00001d7b  OnSSI3Interrupt                                   
00001d95  _ZN4aeo114ssi_peripheralC1ENS0_9device_idEjb      
00001d95  _ZN4aeo114ssi_peripheralC2ENS0_9device_idEjb      
00001e37  _ZN4aeo114ssi_peripheralD1Ev                      
00001e37  _ZN4aeo114ssi_peripheralD2Ev                      
00001e4b  _ZN4aeo114ssi_peripheralD0Ev                      
00001e61  _ZN4aeo114ssi_peripheral10InitializeEv            
00001fa9  _ZN4aeo114ssi_peripheral11OnInterruptEv           
00002049  _ZN4aeo114ssi_peripheral4DiagEv                   
000020d7  _ZN4aeo114ssi_peripheral9TerminateEv              
00002133  _ZN4aeo114ssi_peripheral3PutEj                    
00002147  _ZN4aeo114ssi_peripheral3GetEv                    
0000215f  _ZN4aeo114ssi_peripheral10LoadTxFIFOEv            
00002195  _ZN4aeo114ssi_peripheral12UnloadRxFIFOEv          
00002285  _ZN4aeo17drv8711C1Ev                              
00002285  _ZN4aeo17drv8711C2Ev                              
000022a3  _ZN4aeo17drv8711D1Ev                              
000022a3  _ZN4aeo17drv8711D2Ev                              
000022bb  _ZN4aeo17drv8711D0Ev                              
000022d1  _ZN4aeo17drv871110InitializeEv                    
000022f5  _ZN4aeo17drv87114IdleEv                           
00002321  _ZN4aeo17drv87114HaltEv                           
0000234f  _ZN4aeo17drv87114MoveEi                           
000023af  _ZN4aeo17drv87119SetTorqueEj                      
000023dd  _ZN4aeo17drv871110SetDefaultEv                    
00002451  _ZN4aeo17drv87114StopEb                           
0000247b  _ZN4aeo17drv87114DiagEv                           
0000249d  _ZN4aeo17drv87115SleepEb                          
000024c7  _ZN4aeo17drv871111ClearFaultsEv                   
000024e5  _ZN4aeo17drv87115ResetEv                          
000024ff  _ZN4aeo17drv871116ReadAllRegistersEv              
00002529  _ZN4aeo17drv871117PrintAllRegistersEv             
0000258f  _ZN4aeo17drv871111PrintStatusEj                   
00002735  minit                                             
000027c3  malloc                                            
0000282b  free                                              
000028ed  realloc                                           
000029f9  memalign                                          
00002add  calloc                                            
00002b11  _Z8CMD_idleiPPc                                   
00002b21  _Z8CMD_haltiPPc                                   
00002b31  _Z8CMD_moveiPPc                                   
00002b5f  _Z8CMD_stopiPPc                                   
00002b81  _Z8CMD_diagiPPc                                   
00002b91  _Z9CMD_sleepiPPc                                  
00002bb9  _Z9CMD_resetiPPc                                  
00002bc9  _Z9CMD_noerriPPc                                  
00002bd9  _Z8CMD_helpiPPc                                   
00002c65  SysTickIntHandler                                 
00002ce9  _Z8MainLoopv                                      
00002d2f  main                                              
00002d41  __sti___8_main_cpp_779587d3                       
00002e51  OnPWM1Gen1Interrupt                               
00002e6d  _ZN4aeo111pwm_stepperC1Ev                         
00002e6d  _ZN4aeo111pwm_stepperC2Ev                         
00002ea5  _ZN4aeo111pwm_stepperD1Ev                         
00002ea5  _ZN4aeo111pwm_stepperD2Ev                         
00002eb1  _ZN4aeo111pwm_stepperD0Ev                         
00002ec7  _ZN4aeo111pwm_stepper10InitializeEv               
00002f39  _ZN4aeo111pwm_stepper4DiagEv                      
00002f65  _ZN4aeo111pwm_stepper4MoveEj                      
00002fb3  _ZN4aeo111pwm_stepper4StopEb                      
00002fe1  _ZN4aeo111pwm_stepper11OnInterruptEv              
00003149  OnGPIOBInterrupt                                  
00003165  OnGPIOEInterrupt                                  
00003181  _ZN4aeo111ssi_drv8711C1Ev                         
00003181  _ZN4aeo111ssi_drv8711C2Ev                         
000031a7  _ZN4aeo111ssi_drv8711D1Ev                         
000031a7  _ZN4aeo111ssi_drv8711D2Ev                         
000031b5  _ZN4aeo111ssi_drv8711D0Ev                         
000031cb  _ZN4aeo111ssi_drv871110InitializeEv               
00003297  _ZN4aeo111ssi_drv87114DiagEv                      
000032a9  _ZN4aeo111ssi_drv87115SleepEb                     
000032c7  _ZN4aeo111ssi_drv87115ResetEv                     
000032f5  _ZN4aeo111ssi_drv871115OnGpioInterruptENS0_5EventE
00003329  _ZN4aeo111ssi_drv87114ReadEj                      
0000338b  _ZN4aeo111ssi_drv87115WriteEjj                    
000033d9  _ZN4aeo111ssi_drv871111GetRegisterEj              
00003431  OnADCInterrupt                                    
00003443  _ZN4aeo112adc_potmeterC1Ev                        
00003443  _ZN4aeo112adc_potmeterC2Ev                        
00003461  _ZN4aeo112adc_potmeterD1Ev                        
00003461  _ZN4aeo112adc_potmeterD2Ev                        
00003485  _ZN4aeo112adc_potmeterD0Ev                        
0000349b  _ZN4aeo112adc_potmeter10InitializeEv              
000034fb  _ZN4aeo112adc_potmeter9TerminateEv                
00003517  _ZN4aeo112adc_potmeter11OnInterruptEv             
00003593  _ZN4aeo112adc_potmeter7TriggerEv                  
000035a1  _ZN4aeo112adc_potmeter8GetValueEv                 
000035c1  _ZN4aeo112adc_potmeter15GetErrorCounterEv         
000035d9  _ZN4aeo112adc_potmeter4DiagEv                     
00003625  GPIOPadConfigSet                                  
00003757  __aeabi_idiv0                                     
00003759  SysCtlClockGet                                    
00003869  SysCtlClockSet                                    
0000395d  __cxa_finalize                                    
0000399f  __cxa_ia64_exit                                   
000039a5  atexit                                            
000039b3  __aeabi_atexit                                    
000039f7  __cxa_atexit                                      
00003a51  _Z23drv8711_registers_PrintiiPFbPKciS0_PvES1_     
00003b11  _ZSt21__gen_dummy_typeinfosv                      
00003b19  _ZNSt9type_infoD1Ev                               
00003b19  _ZNSt9type_infoD2Ev                               
00003b1b  _ZNSt9type_infoD0Ev                               
00003b23  _ZNKSt9type_info4nameEv                           
00003b27  _ZNKSt9type_infoneERKS_                           
00003b3d  _ZNKSt9type_infoeqERKS_                           
00003b53  _ZNKSt9type_info6beforeERKS_                      
00003b61  _ZN10__cxxabiv129__pointer_to_member_type_infoD1Ev
00003b61  _ZN10__cxxabiv129__pointer_to_member_type_infoD2Ev
00003b63  _ZN10__cxxabiv129__pointer_to_member_type_infoD0Ev
00003b6b  _ZN10__cxxabiv123__fundamental_type_infoD1Ev      
00003b6b  _ZN10__cxxabiv123__fundamental_type_infoD2Ev      
00003b6d  _ZN10__cxxabiv123__fundamental_type_infoD0Ev      
00003b75  _ZN10__cxxabiv121__vmi_class_type_infoD1Ev        
00003b75  _ZN10__cxxabiv121__vmi_class_type_infoD2Ev        
00003b77  _ZN10__cxxabiv121__vmi_class_type_infoD0Ev        
00003b7f  _ZN10__cxxabiv120__si_class_type_infoD1Ev         
00003b7f  _ZN10__cxxabiv120__si_class_type_infoD2Ev         
00003b81  _ZN10__cxxabiv120__si_class_type_infoD0Ev         
00003b89  _ZN10__cxxabiv120__function_type_infoD1Ev         
00003b89  _ZN10__cxxabiv120__function_type_infoD2Ev         
00003b8b  _ZN10__cxxabiv120__function_type_infoD0Ev         
00003b93  _ZN10__cxxabiv119__pointer_type_infoD1Ev          
00003b93  _ZN10__cxxabiv119__pointer_type_infoD2Ev          
00003b95  _ZN10__cxxabiv119__pointer_type_infoD0Ev          
00003b9d  _ZN10__cxxabiv117__pbase_type_infoD1Ev            
00003b9d  _ZN10__cxxabiv117__pbase_type_infoD2Ev            
00003b9f  _ZN10__cxxabiv117__pbase_type_infoD0Ev            
00003ba7  _ZN10__cxxabiv117__class_type_infoD1Ev            
00003ba7  _ZN10__cxxabiv117__class_type_infoD2Ev            
00003ba9  _ZN10__cxxabiv117__class_type_infoD0Ev            
00003bb1  _ZN10__cxxabiv117__array_type_infoD1Ev            
00003bb1  _ZN10__cxxabiv117__array_type_infoD2Ev            
00003bb3  _ZN10__cxxabiv117__array_type_infoD0Ev            
00003bbb  _ZN10__cxxabiv116__enum_type_infoD1Ev             
00003bbb  _ZN10__cxxabiv116__enum_type_infoD2Ev             
00003bbd  _ZN10__cxxabiv116__enum_type_infoD0Ev             
00003bcd  CmdLineProcess                                    
00003c79  __aeabi_memcpy                                    
00003c79  __aeabi_memcpy4                                   
00003c79  __aeabi_memcpy8                                   
00003c79  memcpy                                            
00003d15  ADCSequenceStepConfigure                          
00003d8f  __aeabi_memclr                                    
00003d8f  __aeabi_memclr4                                   
00003d8f  __aeabi_memclr8                                   
00003d91  __aeabi_memset                                    
00003d91  __aeabi_memset4                                   
00003d91  __aeabi_memset8                                   
00003d97  memset                                            
00003e09  __TI_auto_init                                    
00003ee1  IntDisable                                        
00003f49  IntEnable                                         
00003fb1  GPIOIntTypeSet                                    
00004007  ltoa                                              
0000405d  _c_int00                                          
000040ad  copy_in                                           
000040f9  GPIOPinConfigure                                  
00004141  UARTConfigSetExpClk                               
00004189  C$$EXIT                                           
0000418d  abort                                             
00004195  exit                                              
000041cd  __aeabi_uidiv                                     
000041cd  __aeabi_uidivmod                                  
0000420d  ADCSequenceConfigure                              
0000424b  SSIConfigSetExpClk                                
00004289  SysCtlPeripheralPresent                           
000042c1  SysCtlPeripheralEnable                            
000042f5  ADCIntStatus                                      
00004323  GPIODirModeSet                                    
0000434d  PWMGenConfigure                                   
00004371  UARTDisable                                       
00004391  ADCSequenceDataGet                                
000043af  PWMPulseWidthSet                                  
000043cd  ADCClockConfigSet                                 
000043e5  ADCProcessorTrigger                               
000043fd  GPIOPinTypeGPIOOutput                             
00004415  _args_main                                        
0000442d  strcmp                                            
00004445  FPUStackingEnable                                 
00004459  SysCtlPWMClockSet                                 
0000446d  SysTickEnable                                     
00004481  SysTickIntEnable                                  
00004495  UARTEnable                                        
000044a9  _register_unlock                                  
000044af  _register_lock                                    
000044b7  _nop                                              
000044bd  strlen                                            
000044d1  GPIOPinTypeADC                                    
000044e3  GPIOPinTypeGPIOInput                              
000044f5  GPIOPinTypePWM                                    
00004507  GPIOPinTypeSSI                                    
00004519  GPIOPinTypeUART                                   
0000452b  PWMOutputState                                    
0000453d  SSIDataGetNonBlocking                             
0000454f  ADCIntEnable                                      
00004561  FPUEnable                                         
00004571  IntMasterDisable                                  
00004581  IntMasterEnable                                   
00004591  PWMGenPeriodSet                                   
000045a1  SysTickPeriodSet                                  
000045b1  ADCHardwareOversampleConfigure                    
000045bf  ADCIntDisable                                     
000045cd  ADCSequenceDisable                                
000045db  ADCSequenceEnable                                 
000045e9  GPIOIntDisable                                    
000045f7  SSIDataPutNonBlocking                             
00004605  UARTCharGetNonBlocking                            
00004613  UARTCharPutNonBlocking                            
00004621  UARTCharsAvail                                    
0000462f  UARTSpaceAvail                                    
0000463d  __TI_decompress_none                              
0000464b  CPUcpsid                                          
00004657  CPUcpsie                                          
00004663  GPIOIntEnable                                     
0000466f  PWMGenDisable                                     
0000467b  PWMGenEnable                                      
00004687  SSIDataGet                                        
00004693  __TI_zero_init                                    
0000469f  ResetISR                                          
000046ab  ADCIntClear                                       
000046b5  PWMGenIntTrigEnable                               
000046bf  SSIDataPut                                        
000046c9  SSIDisable                                        
000046d3  SSIEnable                                         
000046dd  SSIIntDisable                                     
000046e7  SSIIntStatus                                      
000046f1  UARTIntDisable                                    
000046fb  UARTIntStatus                                     
00004705  _ZN4aeo114ssi_peripheral4OnRxEv                   
0000470f  _ZN4aeo114ssi_peripheral4OnTxEv                   
00004719  PWMIntEnable                                      
00004721  SSIIntEnable                                      
00004729  UARTIntEnable                                     
00004731  _ZdlPv                                            
00004739  GPIOPinWrite                                      
0000473f  PWMGenIntClear                                    
00004745  SysCtlDelay                                       
0000474b  UARTClockSourceSet                                
00004751  UARTFIFOLevelSet                                  
00004757  __TI_decompress_rle24                             
0000475d  SSIIntClear                                       
00004761  UARTIntClear                                      
00004765  _system_pre_init                                  
00004cb2  _ZTSe                                             
000052ec  _ZTSN10__cxxabiv123__fundamental_type_infoE       
00005314  _ZTVN4aeo111ssi_drv8711E                          
0000533c  _ZTVN4aeo114ssi_peripheralE                       
0000538c  _ZTSN10__cxxabiv120__si_class_type_infoE          
000053b1  _ZTSN10__cxxabiv119__pointer_type_infoE           
000053d5  _ZTSN10__cxxabiv117__class_type_infoE             
000053f7  _ZTSN10__cxxabiv117__pbase_type_infoE             
00005438  _ZTSN4aeo114ssi_peripheralE                       
00005450  _ZTSN4aeo112adc_potmeterE                         
00005466  _ZTSN4aeo111pwm_stepperE                          
0000547b  _ZTSN4aeo111ssi_drv8711E                          
000054b8  _ZTIPKe                                           
000054c8  _ZTSN4aeo17drv8711E                               
000054d8  _ZTSN4aeo17esp8266E                               
000054e8  _ZTVN10__cxxabiv117__class_type_infoE             
000054f8  _ZTVN10__cxxabiv119__pointer_type_infoE           
00005508  _ZTVN10__cxxabiv120__si_class_type_infoE          
00005518  _ZTVN10__cxxabiv123__fundamental_type_infoE       
00005528  _ZTVN4aeo111pwm_stepperE                          
00005538  _ZTVN4aeo112adc_potmeterE                         
00005548  _ZTVN4aeo17drv8711E                               
00005558  _ZTVN4aeo17esp8266E                               
00005568  _ZTSSt9type_info                                  
00005578  _ZTIN10__cxxabiv117__class_type_infoE             
00005584  _ZTIN10__cxxabiv117__pbase_type_infoE             
00005590  _ZTIN10__cxxabiv119__pointer_type_infoE           
0000559c  _ZTIN10__cxxabiv120__si_class_type_infoE          
000055a8  _ZTIN10__cxxabiv123__fundamental_type_infoE       
000055b4  _ZTIN4aeo111ssi_drv8711E                          
000055c0  _ZTIN4aeo111pwm_stepperE                          
000055c8  _ZTIN4aeo112adc_potmeterE                         
000055d0  _ZTIN4aeo114ssi_peripheralE                       
000055d8  _ZTIN4aeo17drv8711E                               
000055e0  _ZTIN4aeo17esp8266E                               
000055e8  _ZTISt9type_info                                  
000055f0  _ZTIe                                             
000055f8  _ZTSPKe                                           
000055fc  SHT$$INIT_ARRAY$$Base                             
00005600  SHT$$INIT_ARRAY$$Limit                            
00005758  __TI_Handler_Table_Base                           
00005764  __TI_Handler_Table_Limit                          
00005770  __TI_CINIT_Base                                   
00005780  __TI_CINIT_Limit                                  
20000400  g_oEsp8266                                        
20000598  g_oDrv8711                                        
20000768  _ZSt16__dummy_typeinfo                            
2000076c  __dso_handle                                      
20000778  __stack                                           
20000978  __STACK_END                                       
20000978  __STACK_TOP                                       
20000978  g_psCmdTable                                      
200009f0  _ZN4aeo118SSI0_SpecificationE                     
20000a24  _ZN4aeo118SSI1_SpecificationE                     
20000a58  _ZN4aeo118SSI2_SpecificationE                     
20000a8c  _ZN4aeo118SSI3_SpecificationE                     
20000ad8  _ZN4aeo112adc_potmeter10m_nCounterE               
20000adc  _ZN4aeo112adc_potmeter15m_nErrorCounterE          
20000ae0  _ZN4aeo112adc_potmeter14m_nReadCounterE           
20000ae4  _ZN4aeo112adc_potmeter16m_pTheOneAndOnlyE         
20000b04  _lock                                             
20000b08  _unlock                                           
20000b0c  __TI_cleanup_ptr                                  
20000b10  __TI_dtors_ptr                                    
20000b24  main_func_sp                                      
20000b30  _sys_memory                                       
ffffffff  __binit__                                         
ffffffff  __c_args__                                        
ffffffff  binit                                             

[369 symbols]
