******************************************************************************
                  TI ARM Linker PC v5.2.6                      
******************************************************************************
>> Linked Tue Feb 09 13:07:18 2016

OUTPUT FILE NAME:   <solo_stepper.out>
ENTRY POINT SYMBOL: "_c_int00"  address: 000041a5


MEMORY CONFIGURATION

         name            origin    length      used     unused   attr    fill
----------------------  --------  ---------  --------  --------  ----  --------
  FLASH                 00000000   00040000  00005994  0003a66c  R  X
  SRAM                  20000000   00008000  00000b49  000074b7  RW X


SEGMENT ALLOCATION MAP

run origin  load origin   length   init length attrs members
----------  ----------- ---------- ----------- ----- -------
00000000    00000000    00005998   00005998    r-x
  00000000    00000000    0000026c   0000026c    r-- .intvecs
  0000026c    0000026c    00004690   00004690    r-x .text
  000048fc    000048fc    00000efc   00000efc    r-- .const
  000057f8    000057f8    00000004   00000004    r-- .init_array
  00005800    00005800    00000198   00000198    r-- .cinit
20000000    20000000    00000b50   00000000    rw-
  20000000    20000000    00000775   00000000    rw- .bss
  20000778    20000778    00000200   00000000    rw- .stack
  20000978    20000978    000001cc   00000000    rw- .data
  20000b48    20000b48    00000008   00000000    rw- .sysmem


SECTION ALLOCATION MAP

 output                                  attributes/
section   page    origin      length       input sections
--------  ----  ----------  ----------   ----------------
.intvecs   0    00000000    0000026c     
                  00000000    0000026c     tm4c123gh6pm_startup_ccs.obj (.intvecs)

.text      0    0000026c    00004690     
                  0000026c    00000c84     tiva_utils.lib : ustdlib.obj (.text)
                  00000ef0    00000860                    : uartstdio.obj (.text)
                  00001750    00000640     esp8266.obj (.text)
                  00001d90    00000558     aeo1_drivers.lib : ssi_peripheral.obj (.text)
                  000022e8    000004b0     drv8711.obj (.text)
                  00002798    000003dc     rtsv7M4_T_le_v4SPD16_eabi.lib : memory.obj (.text)
                  00002b74    000003c4     main.obj (.text)
                  00002f38    000002f8     aeo1_drivers.lib : pwm_stepper.obj (.text)
                  00003230    000002e8                      : ssi_drv8711.obj (.text)
                  00003518    000001f4                      : adc_potmeter.obj (.text)
                  0000370c    00000132     driverlib.lib : gpio.obj (.text:GPIOPadConfigSet)
                  0000383e    00000002     rtsv7M4_T_le_v4SPD16_eabi.lib : i_div0.obj (.text)
                  00003840    00000120     drv8711_registers.obj (.text)
                  00003960    00000110     driverlib.lib : sysctl.obj (.text:SysCtlClockGet)
                  00003a70    000000f4                   : sysctl.obj (.text:SysCtlClockSet)
                  00003b64    000000f4     rtsv7M4_T_le_v4SPD16_eabi.lib : dtor_list.obj (.text)
                  00003c58    000000bc                                   : typeinfo_.obj (.text)
                  00003d14    000000ac     tiva_utils.lib : cmdline.obj (.text)
                  00003dc0    0000009c     rtsv7M4_T_le_v4SPD16_eabi.lib : memcpy_t2.obj (.text)
                  00003e5c    0000007a     driverlib.lib : adc.obj (.text:ADCSequenceStepConfigure)
                  00003ed6    0000007a     rtsv7M4_T_le_v4SPD16_eabi.lib : memset_t2.obj (.text)
                  00003f50    0000006c                                   : autoinit.obj (.text)
                  00003fbc    0000006a                                   : copy_decompress_rle.obj (.text)
                  00004026    00000002     --HOLE-- [fill = 0]
                  00004028    00000068     driverlib.lib : interrupt.obj (.text:IntDisable)
                  00004090    00000068                   : interrupt.obj (.text:IntEnable)
                  000040f8    00000056                   : gpio.obj (.text:GPIOIntTypeSet)
                  0000414e    00000056     rtsv7M4_T_le_v4SPD16_eabi.lib : ltoa.obj (.text)
                  000041a4    00000050                                   : boot.obj (.text)
                  000041f4    0000004c                                   : cpy_tbl.obj (.text)
                  00004240    00000048     driverlib.lib : gpio.obj (.text:GPIOPinConfigure)
                  00004288    00000046                   : uart.obj (.text:UARTConfigSetExpClk)
                  000042ce    00000002     --HOLE-- [fill = 0]
                  000042d0    00000044     rtsv7M4_T_le_v4SPD16_eabi.lib : exit.obj (.text)
                  00004314    00000040                                   : u_divt2.obj (.text)
                  00004354    0000003e     driverlib.lib : adc.obj (.text:ADCSequenceConfigure)
                  00004392    0000003c                   : ssi.obj (.text:SSIConfigSetExpClk)
                  000043ce    00000002     --HOLE-- [fill = 0]
                  000043d0    00000038                   : sysctl.obj (.text:SysCtlPeripheralPresent)
                  00004408    00000034                   : sysctl.obj (.text:SysCtlPeripheralEnable)
                  0000443c    00000034     rtsv7M4_T_le_v4SPD16_eabi.lib : strstr.obj (.text)
                  00004470    0000002e     driverlib.lib : adc.obj (.text:ADCIntStatus)
                  0000449e    0000002a                   : gpio.obj (.text:GPIODirModeSet)
                  000044c8    00000022                   : pwm.obj (.text:PWMGenConfigure)
                  000044ea    00000002     --HOLE-- [fill = 0]
                  000044ec    00000020                   : uart.obj (.text:UARTDisable)
                  0000450c    0000001e                   : adc.obj (.text:ADCSequenceDataGet)
                  0000452a    0000001e                   : pwm.obj (.text:PWMPulseWidthSet)
                  00004548    00000018                   : adc.obj (.text:ADCClockConfigSet)
                  00004560    00000018                   : adc.obj (.text:ADCProcessorTrigger)
                  00004578    00000018                   : gpio.obj (.text:GPIOPinTypeGPIOOutput)
                  00004590    00000018     rtsv7M4_T_le_v4SPD16_eabi.lib : args_main.obj (.text)
                  000045a8    00000018                                   : strcmp.obj (.text)
                  000045c0    00000016                                   : strchr.obj (.text)
                  000045d6    00000002     --HOLE-- [fill = 0]
                  000045d8    00000014     driverlib.lib : fpu.obj (.text:FPUStackingEnable)
                  000045ec    00000014                   : sysctl.obj (.text:SysCtlPWMClockSet)
                  00004600    00000014                   : systick.obj (.text:SysTickEnable)
                  00004614    00000014                   : systick.obj (.text:SysTickIntEnable)
                  00004628    00000014                   : uart.obj (.text:UARTEnable)
                  0000463c    00000014     rtsv7M4_T_le_v4SPD16_eabi.lib : _lock.obj (.text)
                  00004650    00000014                                   : strlen.obj (.text)
                  00004664    00000012     driverlib.lib : gpio.obj (.text:GPIOPinTypeADC)
                  00004676    00000012                   : gpio.obj (.text:GPIOPinTypeGPIOInput)
                  00004688    00000012                   : gpio.obj (.text:GPIOPinTypePWM)
                  0000469a    00000012                   : gpio.obj (.text:GPIOPinTypeSSI)
                  000046ac    00000012                   : gpio.obj (.text:GPIOPinTypeUART)
                  000046be    00000012                   : pwm.obj (.text:PWMOutputState)
                  000046d0    00000012                   : ssi.obj (.text:SSIDataGetNonBlocking)
                  000046e2    00000010                   : adc.obj (.text:ADCIntEnable)
                  000046f2    00000002     --HOLE-- [fill = 0]
                  000046f4    00000010                   : fpu.obj (.text:FPUEnable)
                  00004704    00000010                   : interrupt.obj (.text:IntMasterDisable)
                  00004714    00000010                   : interrupt.obj (.text:IntMasterEnable)
                  00004724    00000010                   : pwm.obj (.text:PWMGenPeriodSet)
                  00004734    00000010                   : systick.obj (.text:SysTickPeriodSet)
                  00004744    0000000e                   : adc.obj (.text:ADCHardwareOversampleConfigure)
                  00004752    0000000e                   : adc.obj (.text:ADCIntDisable)
                  00004760    0000000e                   : adc.obj (.text:ADCSequenceDisable)
                  0000476e    0000000e                   : adc.obj (.text:ADCSequenceEnable)
                  0000477c    0000000e                   : gpio.obj (.text:GPIOIntDisable)
                  0000478a    0000000e                   : ssi.obj (.text:SSIDataPutNonBlocking)
                  00004798    0000000e                   : uart.obj (.text:UARTCharGetNonBlocking)
                  000047a6    0000000e                   : uart.obj (.text:UARTCharPutNonBlocking)
                  000047b4    0000000e                   : uart.obj (.text:UARTCharsAvail)
                  000047c2    0000000e                   : uart.obj (.text:UARTSpaceAvail)
                  000047d0    0000000e     rtsv7M4_T_le_v4SPD16_eabi.lib : copy_decompress_none.obj (.text:decompress:none)
                  000047de    0000000c     driverlib.lib : cpu.obj (.text:CPUcpsid)
                  000047ea    0000000c                   : cpu.obj (.text:CPUcpsie)
                  000047f6    0000000c                   : gpio.obj (.text:GPIOIntEnable)
                  00004802    0000000c                   : pwm.obj (.text:PWMGenDisable)
                  0000480e    0000000c                   : pwm.obj (.text:PWMGenEnable)
                  0000481a    0000000c                   : ssi.obj (.text:SSIDataGet)
                  00004826    0000000c     rtsv7M4_T_le_v4SPD16_eabi.lib : copy_zero_init.obj (.text:decompress:ZI)
                  00004832    0000000c     tm4c123gh6pm_startup_ccs.obj (.text)
                  0000483e    0000000a     driverlib.lib : adc.obj (.text:ADCIntClear)
                  00004848    0000000a                   : pwm.obj (.text:PWMGenIntTrigEnable)
                  00004852    0000000a                   : ssi.obj (.text:SSIDataPut)
                  0000485c    0000000a                   : ssi.obj (.text:SSIDisable)
                  00004866    0000000a                   : ssi.obj (.text:SSIEnable)
                  00004870    0000000a                   : ssi.obj (.text:SSIIntDisable)
                  0000487a    0000000a                   : ssi.obj (.text:SSIIntStatus)
                  00004884    0000000a                   : uart.obj (.text:UARTIntDisable)
                  0000488e    0000000a                   : uart.obj (.text:UARTIntStatus)
                  00004898    0000000a     aeo1_drivers.lib : ssi_drv8711.obj (.text:_ZN4aeo114ssi_peripheral4OnRxEv)
                  000048a2    0000000a                      : ssi_drv8711.obj (.text:_ZN4aeo114ssi_peripheral4OnTxEv)
                  000048ac    00000008     driverlib.lib : pwm.obj (.text:PWMIntEnable)
                  000048b4    00000008                   : ssi.obj (.text:SSIIntEnable)
                  000048bc    00000008                   : uart.obj (.text:UARTIntEnable)
                  000048c4    00000008     rtsv7M4_T_le_v4SPD16_eabi.lib : delete.obj (.text)
                  000048cc    00000006     driverlib.lib : gpio.obj (.text:GPIOPinWrite)
                  000048d2    00000006                   : pwm.obj (.text:PWMGenIntClear)
                  000048d8    00000006                   : sysctl.obj (.text:SysCtlDelay)
                  000048de    00000006                   : uart.obj (.text:UARTClockSourceSet)
                  000048e4    00000006                   : uart.obj (.text:UARTFIFOLevelSet)
                  000048ea    00000006     rtsv7M4_T_le_v4SPD16_eabi.lib : copy_decompress_rle.obj (.text:decompress:rle24)
                  000048f0    00000004     driverlib.lib : ssi.obj (.text:SSIIntClear)
                  000048f4    00000004                   : uart.obj (.text:UARTIntClear)
                  000048f8    00000004     rtsv7M4_T_le_v4SPD16_eabi.lib : pre_init.obj (.text)

.const     0    000048fc    00000efc     
                  000048fc    0000054a     drv8711_registers.obj (.const:.string)
                  00004e46    00000002     rtsv7M4_T_le_v4SPD16_eabi.lib : typeinfo_.obj (.const:.typeinfo:_ZTSe)
                  00004e48    00000294     drv8711_registers.obj (.const:DRV8711_Fields)
                  000050dc    00000160     main.obj (.const:.string)
                  0000523c    00000090     driverlib.lib : gpio.obj (.const:g_pui32GPIOBaseAddrs)
                  000052cc    00000070                   : interrupt.obj (.const)
                  0000533c    0000006c                   : sysctl.obj (.const:g_pui32Xtals)
                  000053a8    0000005e     esp8266.obj (.const:.string)
                  00005406    00000002     --HOLE-- [fill = 0]
                  00005408    00000048     drv8711.obj (.const:$P$T0$1)
                  00005450    00000038     esp8266.obj (.const:_ZN4aeo122InitializationCommandsE)
                  00005488    00000030     drv8711_registers.obj (.const:$P$T0$1)
                  000054b8    00000030     tiva_utils.lib : ustdlib.obj (.const:g_psDaysToMonth)
                  000054e8    00000028     rtsv7M4_T_le_v4SPD16_eabi.lib : typeinfo_.obj (.const:.typeinfo:_ZTSN10__cxxabiv123__fundamental_type_infoE)
                  00005510    00000028     aeo1_drivers.lib : ssi_drv8711.obj (.const:_ZTVN4aeo111ssi_drv8711E)
                  00005538    00000028                      : ssi_peripheral.obj (.const:_ZTVN4aeo114ssi_peripheralE)
                  00005560    00000028     tiva_utils.lib : uartstdio.obj (.const)
                  00005588    00000025     rtsv7M4_T_le_v4SPD16_eabi.lib : typeinfo_.obj (.const:.typeinfo:_ZTSN10__cxxabiv120__si_class_type_infoE)
                  000055ad    00000024                                   : typeinfo_.obj (.const:.typeinfo:_ZTSN10__cxxabiv119__pointer_type_infoE)
                  000055d1    00000022                                   : typeinfo_.obj (.const:.typeinfo:_ZTSN10__cxxabiv117__class_type_infoE)
                  000055f3    00000022                                   : typeinfo_.obj (.const:.typeinfo:_ZTSN10__cxxabiv117__pbase_type_infoE)
                  00005615    00000003     --HOLE-- [fill = 0]
                  00005618    0000001c     tiva_utils.lib : ustdlib.obj (.const)
                  00005634    00000018     aeo1_drivers.lib : ssi_peripheral.obj (.const:.typeinfo:_ZTSN4aeo114ssi_peripheralE)
                  0000564c    00000016                      : adc_potmeter.obj (.const:.typeinfo:_ZTSN4aeo112adc_potmeterE)
                  00005662    00000015                      : pwm_stepper.obj (.const:.typeinfo:_ZTSN4aeo111pwm_stepperE)
                  00005677    00000015                      : ssi_drv8711.obj (.const:.typeinfo:_ZTSN4aeo111ssi_drv8711E)
                  0000568c    00000012     tiva_utils.lib : uartstdio.obj (.const:.string)
                  0000569e    00000002     --HOLE-- [fill = 0]
                  000056a0    00000012                    : ustdlib.obj (.const:.string)
                  000056b2    00000002     --HOLE-- [fill = 0]
                  000056b4    00000010     rtsv7M4_T_le_v4SPD16_eabi.lib : typeinfo_.obj (.const:.typeinfo:_ZTIPKe)
                  000056c4    00000010     drv8711.obj (.const:.typeinfo:_ZTSN4aeo17drv8711E)
                  000056d4    00000010     esp8266.obj (.const:.typeinfo:_ZTSN4aeo17esp8266E)
                  000056e4    00000010     rtsv7M4_T_le_v4SPD16_eabi.lib : typeinfo_.obj (.const:_ZTVN10__cxxabiv117__class_type_infoE)
                  000056f4    00000010                                   : typeinfo_.obj (.const:_ZTVN10__cxxabiv119__pointer_type_infoE)
                  00005704    00000010                                   : typeinfo_.obj (.const:_ZTVN10__cxxabiv120__si_class_type_infoE)
                  00005714    00000010                                   : typeinfo_.obj (.const:_ZTVN10__cxxabiv123__fundamental_type_infoE)
                  00005724    00000010     aeo1_drivers.lib : pwm_stepper.obj (.const:_ZTVN4aeo111pwm_stepperE)
                  00005734    00000010                      : adc_potmeter.obj (.const:_ZTVN4aeo112adc_potmeterE)
                  00005744    00000010     drv8711.obj (.const:_ZTVN4aeo17drv8711E)
                  00005754    00000010     esp8266.obj (.const:_ZTVN4aeo17esp8266E)
                  00005764    0000000d     rtsv7M4_T_le_v4SPD16_eabi.lib : typeinfo_.obj (.const:.typeinfo:_ZTSSt9type_info)
                  00005771    00000003     --HOLE-- [fill = 0]
                  00005774    0000000c                                   : typeinfo_.obj (.const:.typeinfo:_ZTIN10__cxxabiv117__class_type_infoE)
                  00005780    0000000c                                   : typeinfo_.obj (.const:.typeinfo:_ZTIN10__cxxabiv117__pbase_type_infoE)
                  0000578c    0000000c                                   : typeinfo_.obj (.const:.typeinfo:_ZTIN10__cxxabiv119__pointer_type_infoE)
                  00005798    0000000c                                   : typeinfo_.obj (.const:.typeinfo:_ZTIN10__cxxabiv120__si_class_type_infoE)
                  000057a4    0000000c                                   : typeinfo_.obj (.const:.typeinfo:_ZTIN10__cxxabiv123__fundamental_type_infoE)
                  000057b0    0000000c     aeo1_drivers.lib : ssi_drv8711.obj (.const:.typeinfo:_ZTIN4aeo111ssi_drv8711E)
                  000057bc    00000008                      : pwm_stepper.obj (.const:.typeinfo:_ZTIN4aeo111pwm_stepperE)
                  000057c4    00000008                      : adc_potmeter.obj (.const:.typeinfo:_ZTIN4aeo112adc_potmeterE)
                  000057cc    00000008                      : ssi_peripheral.obj (.const:.typeinfo:_ZTIN4aeo114ssi_peripheralE)
                  000057d4    00000008     drv8711.obj (.const:.typeinfo:_ZTIN4aeo17drv8711E)
                  000057dc    00000008     esp8266.obj (.const:.typeinfo:_ZTIN4aeo17esp8266E)
                  000057e4    00000008     rtsv7M4_T_le_v4SPD16_eabi.lib : typeinfo_.obj (.const:.typeinfo:_ZTISt9type_info)
                  000057ec    00000008                                   : typeinfo_.obj (.const:.typeinfo:_ZTIe)
                  000057f4    00000004                                   : typeinfo_.obj (.const:.typeinfo:_ZTSPKe)

.init_array 
*          0    000057f8    00000004     
                  000057f8    00000004     main.obj (.init_array)

.cinit     0    00005800    00000198     
                  00005800    00000170     (.cinit..data.load) [load image, compression = rle]
                  00005970    0000000c     (__TI_handler_table)
                  0000597c    00000004     --HOLE-- [fill = 0]
                  00005980    00000008     (.cinit..bss.load) [load image, compression = zero_init]
                  00005988    00000010     (__TI_cinit_table)

.bss       0    20000000    00000775     UNINITIALIZED
                  20000000    00000400     tiva_utils.lib : uartstdio.obj (.bss:g_pcUARTTxBuffer)
                  20000400    00000198     main.obj (.bss:g_oEsp8266)
                  20000598    000000ac     main.obj (.bss:g_oDrv8711)
                  20000644    00000080     tiva_utils.lib : uartstdio.obj (.bss:g_pcUARTRxBuffer)
                  200006c4    00000080     main.obj (.bss:g_zInput)
                  20000744    00000024     tiva_utils.lib : cmdline.obj (.bss:g_ppcArgv)
                  20000768    00000004     (.common:_ZSt16__dummy_typeinfo)
                  2000076c    00000004     (.common:__dso_handle)
                  20000770    00000004     (.common:g_ui32PortNum)
                  20000774    00000001     (.common:g_bDisableEcho)

.TI.noinit 
*          0    20000000    00000000     UNINITIALIZED

.stack     0    20000778    00000200     UNINITIALIZED
                  20000778    00000200     --HOLE--

.data      0    20000978    000001cc     UNINITIALIZED
                  20000978    00000090     main.obj (.data:g_psCmdTable)
                  20000a08    00000034     aeo1_drivers.lib : ssi_peripheral.obj (.data:_ZN4aeo118SSI0_SpecificationE)
                  20000a3c    00000034                      : ssi_peripheral.obj (.data:_ZN4aeo118SSI1_SpecificationE)
                  20000a70    00000034                      : ssi_peripheral.obj (.data:_ZN4aeo118SSI2_SpecificationE)
                  20000aa4    00000034                      : ssi_peripheral.obj (.data:_ZN4aeo118SSI3_SpecificationE)
                  20000ad8    00000015     tiva_utils.lib : uartstdio.obj (.data)
                  20000aed    00000001     main.obj (.data)
                  20000aee    00000002     --HOLE--
                  20000af0    00000010     aeo1_drivers.lib : adc_potmeter.obj (.data)
                  20000b00    00000010                      : ssi_peripheral.obj (.data)
                  20000b10    0000000c     rtsv7M4_T_le_v4SPD16_eabi.lib : memory.obj (.data)
                  20000b1c    00000008                                   : _lock.obj (.data)
                  20000b24    00000008                                   : exit.obj (.data)
                  20000b2c    00000004     aeo1_drivers.lib : pwm_stepper.obj (.data)
                  20000b30    00000004                      : ssi_drv8711.obj (.data)
                  20000b34    00000004     esp8266.obj (.data)
                  20000b38    00000004     rtsv7M4_T_le_v4SPD16_eabi.lib : dtor_list.obj (.data)
                  20000b3c    00000004                                   : stkdepth_vars.obj (.data)
                  20000b40    00000004     tiva_utils.lib : ustdlib.obj (.data)

.TI.persistent 
*          0    20000978    00000000     UNINITIALIZED

.sysmem    0    20000b48    00000008     UNINITIALIZED
                  20000b48    00000008     rtsv7M4_T_le_v4SPD16_eabi.lib : memory.obj (.sysmem)


LINKER GENERATED COPY TABLES

__TI_cinit_table @ 00005988 records: 2, size/record: 8, table size: 16
	.data: load addr=00005800, load size=00000170 bytes, run addr=20000978, run size=000001cc bytes, compression=rle
	.bss: load addr=00005980, load size=00000008 bytes, run addr=20000000, run size=00000775 bytes, compression=zero_init


LINKER GENERATED HANDLER TABLE

__TI_handler_table @ 00005970 records: 3, size/record: 4, table size: 12
	index: 0, handler: __TI_decompress_rle24
	index: 1, handler: __TI_decompress_none
	index: 2, handler: __TI_zero_init


GLOBAL SYMBOLS: SORTED ALPHABETICALLY BY Name 

address   name                                              
-------   ----                                              
00004549  ADCClockConfigSet                                 
00004745  ADCHardwareOversampleConfigure                    
0000483f  ADCIntClear                                       
00004753  ADCIntDisable                                     
000046e3  ADCIntEnable                                      
00004471  ADCIntStatus                                      
00004561  ADCProcessorTrigger                               
00004355  ADCSequenceConfigure                              
0000450d  ADCSequenceDataGet                                
00004761  ADCSequenceDisable                                
0000476f  ADCSequenceEnable                                 
00003e5d  ADCSequenceStepConfigure                          
000042d1  C$$EXIT                                           
000047df  CPUcpsid                                          
000047eb  CPUcpsie                                          
00003d15  CmdLineProcess                                    
000046f5  FPUEnable                                         
000045d9  FPUStackingEnable                                 
0000449f  GPIODirModeSet                                    
0000477d  GPIOIntDisable                                    
000047f7  GPIOIntEnable                                     
000040f9  GPIOIntTypeSet                                    
0000370d  GPIOPadConfigSet                                  
00004241  GPIOPinConfigure                                  
00004665  GPIOPinTypeADC                                    
00004677  GPIOPinTypeGPIOInput                              
00004579  GPIOPinTypeGPIOOutput                             
00004689  GPIOPinTypePWM                                    
0000469b  GPIOPinTypeSSI                                    
000046ad  GPIOPinTypeUART                                   
000048cd  GPIOPinWrite                                      
00004029  IntDisable                                        
00004091  IntEnable                                         
00004705  IntMasterDisable                                  
00004715  IntMasterEnable                                   
00003519  OnADCInterrupt                                    
00003231  OnGPIOBInterrupt                                  
0000324d  OnGPIOEInterrupt                                  
00002f39  OnPWM1Gen1Interrupt                               
00001d91  OnSSI0Interrupt                                   
00001dab  OnSSI1Interrupt                                   
00001dc5  OnSSI2Interrupt                                   
00001ddf  OnSSI3Interrupt                                   
000044c9  PWMGenConfigure                                   
00004803  PWMGenDisable                                     
0000480f  PWMGenEnable                                      
000048d3  PWMGenIntClear                                    
00004849  PWMGenIntTrigEnable                               
00004725  PWMGenPeriodSet                                   
000048ad  PWMIntEnable                                      
000046bf  PWMOutputState                                    
0000452b  PWMPulseWidthSet                                  
00004833  ResetISR                                          
000057f8  SHT$$INIT_ARRAY$$Base                             
000057fc  SHT$$INIT_ARRAY$$Limit                            
00004393  SSIConfigSetExpClk                                
0000481b  SSIDataGet                                        
000046d1  SSIDataGetNonBlocking                             
00004853  SSIDataPut                                        
0000478b  SSIDataPutNonBlocking                             
0000485d  SSIDisable                                        
00004867  SSIEnable                                         
000048f1  SSIIntClear                                       
00004871  SSIIntDisable                                     
000048b5  SSIIntEnable                                      
0000487b  SSIIntStatus                                      
00003961  SysCtlClockGet                                    
00003a71  SysCtlClockSet                                    
000048d9  SysCtlDelay                                       
000045ed  SysCtlPWMClockSet                                 
00004409  SysCtlPeripheralEnable                            
000043d1  SysCtlPeripheralPresent                           
00004601  SysTickEnable                                     
00004615  SysTickIntEnable                                  
00002ced  SysTickIntHandler                                 
00004735  SysTickPeriodSet                                  
00004799  UARTCharGetNonBlocking                            
000047a7  UARTCharPutNonBlocking                            
000047b5  UARTCharsAvail                                    
000048df  UARTClockSourceSet                                
00004289  UARTConfigSetExpClk                               
000044ed  UARTDisable                                       
000015c9  UARTEchoSet                                       
00004629  UARTEnable                                        
000048e5  UARTFIFOLevelSet                                  
00001573  UARTFlushRx                                       
00001593  UARTFlushTx                                       
000048f5  UARTIntClear                                      
00004885  UARTIntDisable                                    
000048bd  UARTIntEnable                                     
0000488f  UARTIntStatus                                     
00001519  UARTPeek                                          
000014f7  UARTRxBytesAvail                                  
000047c3  UARTSpaceAvail                                    
00000fdd  UARTStdioConfig                                   
000015f5  UARTStdioIntHandler                               
00001505  UARTTxBytesFree                                   
0000117f  UARTgetc                                          
00001103  UARTgets                                          
000014d3  UARTprintf                                        
000011d9  UARTvprintf                                       
00001063  UARTwrite                                         
00002c23  _Z10CMD_mresetiPPc                                
00002c33  _Z10CMD_wresetiPPc                                
00003889  _Z23drv8711_registers_PrintiiPFbPKciS0_PvES1_     
00002be5  _Z8CMD_diagiPPc                                   
00002b85  _Z8CMD_haltiPPc                                   
00002c61  _Z8CMD_helpiPPc                                   
00002b75  _Z8CMD_idleiPPc                                   
00002b95  _Z8CMD_moveiPPc                                   
00002bc3  _Z8CMD_stopiPPc                                   
00002db7  _Z8MainLoopv                                      
00002c51  _Z9CMD_noerriPPc                                  
00002c43  _Z9CMD_resetiPPc                                  
00002bfb  _Z9CMD_sleepiPPc                                  
00003d05  _ZN10__cxxabiv116__enum_type_infoD0Ev             
00003d03  _ZN10__cxxabiv116__enum_type_infoD1Ev             
00003d03  _ZN10__cxxabiv116__enum_type_infoD2Ev             
00003cfb  _ZN10__cxxabiv117__array_type_infoD0Ev            
00003cf9  _ZN10__cxxabiv117__array_type_infoD1Ev            
00003cf9  _ZN10__cxxabiv117__array_type_infoD2Ev            
00003cf1  _ZN10__cxxabiv117__class_type_infoD0Ev            
00003cef  _ZN10__cxxabiv117__class_type_infoD1Ev            
00003cef  _ZN10__cxxabiv117__class_type_infoD2Ev            
00003ce7  _ZN10__cxxabiv117__pbase_type_infoD0Ev            
00003ce5  _ZN10__cxxabiv117__pbase_type_infoD1Ev            
00003ce5  _ZN10__cxxabiv117__pbase_type_infoD2Ev            
00003cdd  _ZN10__cxxabiv119__pointer_type_infoD0Ev          
00003cdb  _ZN10__cxxabiv119__pointer_type_infoD1Ev          
00003cdb  _ZN10__cxxabiv119__pointer_type_infoD2Ev          
00003cd3  _ZN10__cxxabiv120__function_type_infoD0Ev         
00003cd1  _ZN10__cxxabiv120__function_type_infoD1Ev         
00003cd1  _ZN10__cxxabiv120__function_type_infoD2Ev         
00003cc9  _ZN10__cxxabiv120__si_class_type_infoD0Ev         
00003cc7  _ZN10__cxxabiv120__si_class_type_infoD1Ev         
00003cc7  _ZN10__cxxabiv120__si_class_type_infoD2Ev         
00003cbf  _ZN10__cxxabiv121__vmi_class_type_infoD0Ev        
00003cbd  _ZN10__cxxabiv121__vmi_class_type_infoD1Ev        
00003cbd  _ZN10__cxxabiv121__vmi_class_type_infoD2Ev        
00003cb5  _ZN10__cxxabiv123__fundamental_type_infoD0Ev      
00003cb3  _ZN10__cxxabiv123__fundamental_type_infoD1Ev      
00003cb3  _ZN10__cxxabiv123__fundamental_type_infoD2Ev      
00003cab  _ZN10__cxxabiv129__pointer_to_member_type_infoD0Ev
00003ca9  _ZN10__cxxabiv129__pointer_to_member_type_infoD1Ev
00003ca9  _ZN10__cxxabiv129__pointer_to_member_type_infoD2Ev
00002faf  _ZN4aeo111pwm_stepper10InitializeEv               
000030c9  _ZN4aeo111pwm_stepper11OnInterruptEv              
00003021  _ZN4aeo111pwm_stepper4DiagEv                      
0000304d  _ZN4aeo111pwm_stepper4MoveEj                      
0000309b  _ZN4aeo111pwm_stepper4StopEb                      
00002f55  _ZN4aeo111pwm_stepperC1Ev                         
00002f55  _ZN4aeo111pwm_stepperC2Ev                         
00002f99  _ZN4aeo111pwm_stepperD0Ev                         
00002f8d  _ZN4aeo111pwm_stepperD1Ev                         
00002f8d  _ZN4aeo111pwm_stepperD2Ev                         
000032b3  _ZN4aeo111ssi_drv871110InitializeEv               
000034c1  _ZN4aeo111ssi_drv871111GetRegisterEj              
000033dd  _ZN4aeo111ssi_drv871115OnGpioInterruptENS0_5EventE
0000337f  _ZN4aeo111ssi_drv87114DiagEv                      
00003411  _ZN4aeo111ssi_drv87114ReadEj                      
000033af  _ZN4aeo111ssi_drv87115ResetEv                     
00003391  _ZN4aeo111ssi_drv87115SleepEb                     
00003473  _ZN4aeo111ssi_drv87115WriteEjj                    
00003269  _ZN4aeo111ssi_drv8711C1Ev                         
00003269  _ZN4aeo111ssi_drv8711C2Ev                         
0000329d  _ZN4aeo111ssi_drv8711D0Ev                         
0000328f  _ZN4aeo111ssi_drv8711D1Ev                         
0000328f  _ZN4aeo111ssi_drv8711D2Ev                         
00003583  _ZN4aeo112adc_potmeter10InitializeEv              
20000af0  _ZN4aeo112adc_potmeter10m_nCounterE               
000035ff  _ZN4aeo112adc_potmeter11OnInterruptEv             
20000af8  _ZN4aeo112adc_potmeter14m_nReadCounterE           
000036a9  _ZN4aeo112adc_potmeter15GetErrorCounterEv         
20000af4  _ZN4aeo112adc_potmeter15m_nErrorCounterE          
20000afc  _ZN4aeo112adc_potmeter16m_pTheOneAndOnlyE         
000036c1  _ZN4aeo112adc_potmeter4DiagEv                     
0000367b  _ZN4aeo112adc_potmeter7TriggerEv                  
00003689  _ZN4aeo112adc_potmeter8GetValueEv                 
000035e3  _ZN4aeo112adc_potmeter9TerminateEv                
0000352b  _ZN4aeo112adc_potmeterC1Ev                        
0000352b  _ZN4aeo112adc_potmeterC2Ev                        
0000356d  _ZN4aeo112adc_potmeterD0Ev                        
00003549  _ZN4aeo112adc_potmeterD1Ev                        
00003549  _ZN4aeo112adc_potmeterD2Ev                        
00001ec5  _ZN4aeo114ssi_peripheral10InitializeEv            
000021c3  _ZN4aeo114ssi_peripheral10LoadTxFIFOEv            
0000200d  _ZN4aeo114ssi_peripheral11OnInterruptEv           
000021f9  _ZN4aeo114ssi_peripheral12UnloadRxFIFOEv          
000021ab  _ZN4aeo114ssi_peripheral3GetEv                    
00002197  _ZN4aeo114ssi_peripheral3PutEj                    
000020ad  _ZN4aeo114ssi_peripheral4DiagEv                   
00004899  _ZN4aeo114ssi_peripheral4OnRxEv                   
000048a3  _ZN4aeo114ssi_peripheral4OnTxEv                   
0000213b  _ZN4aeo114ssi_peripheral9TerminateEv              
00001df9  _ZN4aeo114ssi_peripheralC1ENS0_9device_idEjb      
00001df9  _ZN4aeo114ssi_peripheralC2ENS0_9device_idEjb      
00001eaf  _ZN4aeo114ssi_peripheralD0Ev                      
00001e9b  _ZN4aeo114ssi_peripheralD1Ev                      
00001e9b  _ZN4aeo114ssi_peripheralD2Ev                      
20000a08  _ZN4aeo118SSI0_SpecificationE                     
20000a3c  _ZN4aeo118SSI1_SpecificationE                     
20000a70  _ZN4aeo118SSI2_SpecificationE                     
20000aa4  _ZN4aeo118SSI3_SpecificationE                     
00002335  _ZN4aeo17drv871110InitializeEv                    
00002441  _ZN4aeo17drv871110SetDefaultEv                    
0000252b  _ZN4aeo17drv871111ClearFaultsEv                   
000025f3  _ZN4aeo17drv871111PrintStatusEj                   
00002563  _ZN4aeo17drv871116ReadAllRegistersEv              
0000258d  _ZN4aeo17drv871117PrintAllRegistersEv             
000024df  _ZN4aeo17drv87114DiagEv                           
00002385  _ZN4aeo17drv87114HaltEv                           
00002359  _ZN4aeo17drv87114IdleEv                           
000023b3  _ZN4aeo17drv87114MoveEi                           
000024b5  _ZN4aeo17drv87114StopEb                           
00002549  _ZN4aeo17drv87115ResetEv                          
00002501  _ZN4aeo17drv87115SleepEb                          
00002413  _ZN4aeo17drv87119SetTorqueEj                      
000022e9  _ZN4aeo17drv8711C1Ev                              
000022e9  _ZN4aeo17drv8711C2Ev                              
0000231f  _ZN4aeo17drv8711D0Ev                              
00002307  _ZN4aeo17drv8711D1Ev                              
00002307  _ZN4aeo17drv8711D2Ev                              
000017d5  _ZN4aeo17esp826610InitializeEv                    
00001afd  _ZN4aeo17esp826610OnTransmitEv                    
00001add  _ZN4aeo17esp826610SetBitrateEj                    
00001a29  _ZN4aeo17esp826611RxEndOfLineEv                   
00001a59  _ZN4aeo17esp826613ConfigureUARTEj                 
00001c3d  _ZN4aeo17esp826616FillOutputBufferEPKc            
000018f1  _ZN4aeo17esp82664DiagEv                           
0000185d  _ZN4aeo17esp82665ResetEv                          
00001933  _ZN4aeo17esp82665WriteEPKc                        
00001cd5  _ZN4aeo17esp82666InvokeEPKcS2_                    
00001911  _ZN4aeo17esp82666OnUartEj                         
00001999  _ZN4aeo17esp82668ReadLineEPci                     
00001baf  _ZN4aeo17esp82669OnReceiveEv                      
00001783  _ZN4aeo17esp8266C1Ev                              
00001783  _ZN4aeo17esp8266C2Ev                              
000017bf  _ZN4aeo17esp8266D0Ev                              
000017b3  _ZN4aeo17esp8266D1Ev                              
000017b3  _ZN4aeo17esp8266D2Ev                              
00003c6b  _ZNKSt9type_info4nameEv                           
00003c9b  _ZNKSt9type_info6beforeERKS_                      
00003c85  _ZNKSt9type_infoeqERKS_                           
00003c6f  _ZNKSt9type_infoneERKS_                           
00003c63  _ZNSt9type_infoD0Ev                               
00003c61  _ZNSt9type_infoD1Ev                               
00003c61  _ZNSt9type_infoD2Ev                               
20000768  _ZSt16__dummy_typeinfo                            
00003c59  _ZSt21__gen_dummy_typeinfosv                      
00005774  _ZTIN10__cxxabiv117__class_type_infoE             
00005780  _ZTIN10__cxxabiv117__pbase_type_infoE             
0000578c  _ZTIN10__cxxabiv119__pointer_type_infoE           
00005798  _ZTIN10__cxxabiv120__si_class_type_infoE          
000057a4  _ZTIN10__cxxabiv123__fundamental_type_infoE       
000057bc  _ZTIN4aeo111pwm_stepperE                          
000057b0  _ZTIN4aeo111ssi_drv8711E                          
000057c4  _ZTIN4aeo112adc_potmeterE                         
000057cc  _ZTIN4aeo114ssi_peripheralE                       
000057d4  _ZTIN4aeo17drv8711E                               
000057dc  _ZTIN4aeo17esp8266E                               
000056b4  _ZTIPKe                                           
000057e4  _ZTISt9type_info                                  
000057ec  _ZTIe                                             
000055d1  _ZTSN10__cxxabiv117__class_type_infoE             
000055f3  _ZTSN10__cxxabiv117__pbase_type_infoE             
000055ad  _ZTSN10__cxxabiv119__pointer_type_infoE           
00005588  _ZTSN10__cxxabiv120__si_class_type_infoE          
000054e8  _ZTSN10__cxxabiv123__fundamental_type_infoE       
00005662  _ZTSN4aeo111pwm_stepperE                          
00005677  _ZTSN4aeo111ssi_drv8711E                          
0000564c  _ZTSN4aeo112adc_potmeterE                         
00005634  _ZTSN4aeo114ssi_peripheralE                       
000056c4  _ZTSN4aeo17drv8711E                               
000056d4  _ZTSN4aeo17esp8266E                               
000057f4  _ZTSPKe                                           
00005764  _ZTSSt9type_info                                  
00004e46  _ZTSe                                             
000056e4  _ZTVN10__cxxabiv117__class_type_infoE             
000056f4  _ZTVN10__cxxabiv119__pointer_type_infoE           
00005704  _ZTVN10__cxxabiv120__si_class_type_infoE          
00005714  _ZTVN10__cxxabiv123__fundamental_type_infoE       
00005724  _ZTVN4aeo111pwm_stepperE                          
00005510  _ZTVN4aeo111ssi_drv8711E                          
00005734  _ZTVN4aeo112adc_potmeterE                         
00005538  _ZTVN4aeo114ssi_peripheralE                       
00005744  _ZTVN4aeo17drv8711E                               
00005754  _ZTVN4aeo17esp8266E                               
000048c5  _ZdlPv                                            
20000978  __STACK_END                                       
00000200  __STACK_SIZE                                      
20000978  __STACK_TOP                                       
00000008  __SYSMEM_SIZE                                     
00005988  __TI_CINIT_Base                                   
00005998  __TI_CINIT_Limit                                  
00005970  __TI_Handler_Table_Base                           
0000597c  __TI_Handler_Table_Limit                          
00003f51  __TI_auto_init                                    
20000b24  __TI_cleanup_ptr                                  
000047d1  __TI_decompress_none                              
000048eb  __TI_decompress_rle24                             
20000b28  __TI_dtors_ptr                                    
00000000  __TI_static_base__                                
00004827  __TI_zero_init                                    
00003bbb  __aeabi_atexit                                    
0000383f  __aeabi_idiv0                                     
00003ed7  __aeabi_memclr                                    
00003ed7  __aeabi_memclr4                                   
00003ed7  __aeabi_memclr8                                   
00003dc1  __aeabi_memcpy                                    
00003dc1  __aeabi_memcpy4                                   
00003dc1  __aeabi_memcpy8                                   
00003ed9  __aeabi_memset                                    
00003ed9  __aeabi_memset4                                   
00003ed9  __aeabi_memset8                                   
00004315  __aeabi_uidiv                                     
00004315  __aeabi_uidivmod                                  
ffffffff  __binit__                                         
ffffffff  __c_args__                                        
00003bff  __cxa_atexit                                      
00003b65  __cxa_finalize                                    
00003ba7  __cxa_ia64_exit                                   
2000076c  __dso_handle                                      
20000778  __stack                                           
00002e25  __sti___8_main_cpp_779587d3                       
00004591  _args_main                                        
000041a5  _c_int00                                          
20000b1c  _lock                                             
0000464b  _nop                                              
00004643  _register_lock                                    
0000463d  _register_unlock                                  
20000b48  _sys_memory                                       
000048f9  _system_pre_init                                  
20000b20  _unlock                                           
000042d5  abort                                             
00003bad  atexit                                            
ffffffff  binit                                             
00002b41  calloc                                            
000041f5  copy_in                                           
00001751  esp8266_UARTIntHandler                            
000042dd  exit                                              
0000288f  free                                              
20000598  g_oDrv8711                                        
20000400  g_oEsp8266                                        
00000000  g_pfnVectors                                      
20000978  g_psCmdTable                                      
0000414f  ltoa                                              
00002e0f  main                                              
20000b3c  main_func_sp                                      
00002827  malloc                                            
00002a5d  memalign                                          
00003dc1  memcpy                                            
00003edf  memset                                            
00002799  minit                                             
00002951  realloc                                           
000045c1  strchr                                            
000045a9  strcmp                                            
00004651  strlen                                            
0000443d  strstr                                            
00000751  ulocaltime                                        
0000094f  umktime                                           
00000ec9  urand                                             
00000721  usnprintf                                         
000006ef  usprintf                                          
00000eb9  usrand                                            
00000e31  ustrcasecmp                                       
00000ea5  ustrcmp                                           
00000d35  ustrlen                                           
00000d8d  ustrncasecmp                                      
00000e45  ustrncmp                                          
0000026d  ustrncpy                                          
00000d57  ustrstr                                           
00000afd  ustrtof                                           
000009c5  ustrtoul                                          
000002c5  uvsnprintf                                        


GLOBAL SYMBOLS: SORTED BY Symbol Address 

address   name                                              
-------   ----                                              
00000000  __TI_static_base__                                
00000000  g_pfnVectors                                      
00000008  __SYSMEM_SIZE                                     
00000200  __STACK_SIZE                                      
0000026d  ustrncpy                                          
000002c5  uvsnprintf                                        
000006ef  usprintf                                          
00000721  usnprintf                                         
00000751  ulocaltime                                        
0000094f  umktime                                           
000009c5  ustrtoul                                          
00000afd  ustrtof                                           
00000d35  ustrlen                                           
00000d57  ustrstr                                           
00000d8d  ustrncasecmp                                      
00000e31  ustrcasecmp                                       
00000e45  ustrncmp                                          
00000ea5  ustrcmp                                           
00000eb9  usrand                                            
00000ec9  urand                                             
00000fdd  UARTStdioConfig                                   
00001063  UARTwrite                                         
00001103  UARTgets                                          
0000117f  UARTgetc                                          
000011d9  UARTvprintf                                       
000014d3  UARTprintf                                        
000014f7  UARTRxBytesAvail                                  
00001505  UARTTxBytesFree                                   
00001519  UARTPeek                                          
00001573  UARTFlushRx                                       
00001593  UARTFlushTx                                       
000015c9  UARTEchoSet                                       
000015f5  UARTStdioIntHandler                               
00001751  esp8266_UARTIntHandler                            
00001783  _ZN4aeo17esp8266C1Ev                              
00001783  _ZN4aeo17esp8266C2Ev                              
000017b3  _ZN4aeo17esp8266D1Ev                              
000017b3  _ZN4aeo17esp8266D2Ev                              
000017bf  _ZN4aeo17esp8266D0Ev                              
000017d5  _ZN4aeo17esp826610InitializeEv                    
0000185d  _ZN4aeo17esp82665ResetEv                          
000018f1  _ZN4aeo17esp82664DiagEv                           
00001911  _ZN4aeo17esp82666OnUartEj                         
00001933  _ZN4aeo17esp82665WriteEPKc                        
00001999  _ZN4aeo17esp82668ReadLineEPci                     
00001a29  _ZN4aeo17esp826611RxEndOfLineEv                   
00001a59  _ZN4aeo17esp826613ConfigureUARTEj                 
00001add  _ZN4aeo17esp826610SetBitrateEj                    
00001afd  _ZN4aeo17esp826610OnTransmitEv                    
00001baf  _ZN4aeo17esp82669OnReceiveEv                      
00001c3d  _ZN4aeo17esp826616FillOutputBufferEPKc            
00001cd5  _ZN4aeo17esp82666InvokeEPKcS2_                    
00001d91  OnSSI0Interrupt                                   
00001dab  OnSSI1Interrupt                                   
00001dc5  OnSSI2Interrupt                                   
00001ddf  OnSSI3Interrupt                                   
00001df9  _ZN4aeo114ssi_peripheralC1ENS0_9device_idEjb      
00001df9  _ZN4aeo114ssi_peripheralC2ENS0_9device_idEjb      
00001e9b  _ZN4aeo114ssi_peripheralD1Ev                      
00001e9b  _ZN4aeo114ssi_peripheralD2Ev                      
00001eaf  _ZN4aeo114ssi_peripheralD0Ev                      
00001ec5  _ZN4aeo114ssi_peripheral10InitializeEv            
0000200d  _ZN4aeo114ssi_peripheral11OnInterruptEv           
000020ad  _ZN4aeo114ssi_peripheral4DiagEv                   
0000213b  _ZN4aeo114ssi_peripheral9TerminateEv              
00002197  _ZN4aeo114ssi_peripheral3PutEj                    
000021ab  _ZN4aeo114ssi_peripheral3GetEv                    
000021c3  _ZN4aeo114ssi_peripheral10LoadTxFIFOEv            
000021f9  _ZN4aeo114ssi_peripheral12UnloadRxFIFOEv          
000022e9  _ZN4aeo17drv8711C1Ev                              
000022e9  _ZN4aeo17drv8711C2Ev                              
00002307  _ZN4aeo17drv8711D1Ev                              
00002307  _ZN4aeo17drv8711D2Ev                              
0000231f  _ZN4aeo17drv8711D0Ev                              
00002335  _ZN4aeo17drv871110InitializeEv                    
00002359  _ZN4aeo17drv87114IdleEv                           
00002385  _ZN4aeo17drv87114HaltEv                           
000023b3  _ZN4aeo17drv87114MoveEi                           
00002413  _ZN4aeo17drv87119SetTorqueEj                      
00002441  _ZN4aeo17drv871110SetDefaultEv                    
000024b5  _ZN4aeo17drv87114StopEb                           
000024df  _ZN4aeo17drv87114DiagEv                           
00002501  _ZN4aeo17drv87115SleepEb                          
0000252b  _ZN4aeo17drv871111ClearFaultsEv                   
00002549  _ZN4aeo17drv87115ResetEv                          
00002563  _ZN4aeo17drv871116ReadAllRegistersEv              
0000258d  _ZN4aeo17drv871117PrintAllRegistersEv             
000025f3  _ZN4aeo17drv871111PrintStatusEj                   
00002799  minit                                             
00002827  malloc                                            
0000288f  free                                              
00002951  realloc                                           
00002a5d  memalign                                          
00002b41  calloc                                            
00002b75  _Z8CMD_idleiPPc                                   
00002b85  _Z8CMD_haltiPPc                                   
00002b95  _Z8CMD_moveiPPc                                   
00002bc3  _Z8CMD_stopiPPc                                   
00002be5  _Z8CMD_diagiPPc                                   
00002bfb  _Z9CMD_sleepiPPc                                  
00002c23  _Z10CMD_mresetiPPc                                
00002c33  _Z10CMD_wresetiPPc                                
00002c43  _Z9CMD_resetiPPc                                  
00002c51  _Z9CMD_noerriPPc                                  
00002c61  _Z8CMD_helpiPPc                                   
00002ced  SysTickIntHandler                                 
00002db7  _Z8MainLoopv                                      
00002e0f  main                                              
00002e25  __sti___8_main_cpp_779587d3                       
00002f39  OnPWM1Gen1Interrupt                               
00002f55  _ZN4aeo111pwm_stepperC1Ev                         
00002f55  _ZN4aeo111pwm_stepperC2Ev                         
00002f8d  _ZN4aeo111pwm_stepperD1Ev                         
00002f8d  _ZN4aeo111pwm_stepperD2Ev                         
00002f99  _ZN4aeo111pwm_stepperD0Ev                         
00002faf  _ZN4aeo111pwm_stepper10InitializeEv               
00003021  _ZN4aeo111pwm_stepper4DiagEv                      
0000304d  _ZN4aeo111pwm_stepper4MoveEj                      
0000309b  _ZN4aeo111pwm_stepper4StopEb                      
000030c9  _ZN4aeo111pwm_stepper11OnInterruptEv              
00003231  OnGPIOBInterrupt                                  
0000324d  OnGPIOEInterrupt                                  
00003269  _ZN4aeo111ssi_drv8711C1Ev                         
00003269  _ZN4aeo111ssi_drv8711C2Ev                         
0000328f  _ZN4aeo111ssi_drv8711D1Ev                         
0000328f  _ZN4aeo111ssi_drv8711D2Ev                         
0000329d  _ZN4aeo111ssi_drv8711D0Ev                         
000032b3  _ZN4aeo111ssi_drv871110InitializeEv               
0000337f  _ZN4aeo111ssi_drv87114DiagEv                      
00003391  _ZN4aeo111ssi_drv87115SleepEb                     
000033af  _ZN4aeo111ssi_drv87115ResetEv                     
000033dd  _ZN4aeo111ssi_drv871115OnGpioInterruptENS0_5EventE
00003411  _ZN4aeo111ssi_drv87114ReadEj                      
00003473  _ZN4aeo111ssi_drv87115WriteEjj                    
000034c1  _ZN4aeo111ssi_drv871111GetRegisterEj              
00003519  OnADCInterrupt                                    
0000352b  _ZN4aeo112adc_potmeterC1Ev                        
0000352b  _ZN4aeo112adc_potmeterC2Ev                        
00003549  _ZN4aeo112adc_potmeterD1Ev                        
00003549  _ZN4aeo112adc_potmeterD2Ev                        
0000356d  _ZN4aeo112adc_potmeterD0Ev                        
00003583  _ZN4aeo112adc_potmeter10InitializeEv              
000035e3  _ZN4aeo112adc_potmeter9TerminateEv                
000035ff  _ZN4aeo112adc_potmeter11OnInterruptEv             
0000367b  _ZN4aeo112adc_potmeter7TriggerEv                  
00003689  _ZN4aeo112adc_potmeter8GetValueEv                 
000036a9  _ZN4aeo112adc_potmeter15GetErrorCounterEv         
000036c1  _ZN4aeo112adc_potmeter4DiagEv                     
0000370d  GPIOPadConfigSet                                  
0000383f  __aeabi_idiv0                                     
00003889  _Z23drv8711_registers_PrintiiPFbPKciS0_PvES1_     
00003961  SysCtlClockGet                                    
00003a71  SysCtlClockSet                                    
00003b65  __cxa_finalize                                    
00003ba7  __cxa_ia64_exit                                   
00003bad  atexit                                            
00003bbb  __aeabi_atexit                                    
00003bff  __cxa_atexit                                      
00003c59  _ZSt21__gen_dummy_typeinfosv                      
00003c61  _ZNSt9type_infoD1Ev                               
00003c61  _ZNSt9type_infoD2Ev                               
00003c63  _ZNSt9type_infoD0Ev                               
00003c6b  _ZNKSt9type_info4nameEv                           
00003c6f  _ZNKSt9type_infoneERKS_                           
00003c85  _ZNKSt9type_infoeqERKS_                           
00003c9b  _ZNKSt9type_info6beforeERKS_                      
00003ca9  _ZN10__cxxabiv129__pointer_to_member_type_infoD1Ev
00003ca9  _ZN10__cxxabiv129__pointer_to_member_type_infoD2Ev
00003cab  _ZN10__cxxabiv129__pointer_to_member_type_infoD0Ev
00003cb3  _ZN10__cxxabiv123__fundamental_type_infoD1Ev      
00003cb3  _ZN10__cxxabiv123__fundamental_type_infoD2Ev      
00003cb5  _ZN10__cxxabiv123__fundamental_type_infoD0Ev      
00003cbd  _ZN10__cxxabiv121__vmi_class_type_infoD1Ev        
00003cbd  _ZN10__cxxabiv121__vmi_class_type_infoD2Ev        
00003cbf  _ZN10__cxxabiv121__vmi_class_type_infoD0Ev        
00003cc7  _ZN10__cxxabiv120__si_class_type_infoD1Ev         
00003cc7  _ZN10__cxxabiv120__si_class_type_infoD2Ev         
00003cc9  _ZN10__cxxabiv120__si_class_type_infoD0Ev         
00003cd1  _ZN10__cxxabiv120__function_type_infoD1Ev         
00003cd1  _ZN10__cxxabiv120__function_type_infoD2Ev         
00003cd3  _ZN10__cxxabiv120__function_type_infoD0Ev         
00003cdb  _ZN10__cxxabiv119__pointer_type_infoD1Ev          
00003cdb  _ZN10__cxxabiv119__pointer_type_infoD2Ev          
00003cdd  _ZN10__cxxabiv119__pointer_type_infoD0Ev          
00003ce5  _ZN10__cxxabiv117__pbase_type_infoD1Ev            
00003ce5  _ZN10__cxxabiv117__pbase_type_infoD2Ev            
00003ce7  _ZN10__cxxabiv117__pbase_type_infoD0Ev            
00003cef  _ZN10__cxxabiv117__class_type_infoD1Ev            
00003cef  _ZN10__cxxabiv117__class_type_infoD2Ev            
00003cf1  _ZN10__cxxabiv117__class_type_infoD0Ev            
00003cf9  _ZN10__cxxabiv117__array_type_infoD1Ev            
00003cf9  _ZN10__cxxabiv117__array_type_infoD2Ev            
00003cfb  _ZN10__cxxabiv117__array_type_infoD0Ev            
00003d03  _ZN10__cxxabiv116__enum_type_infoD1Ev             
00003d03  _ZN10__cxxabiv116__enum_type_infoD2Ev             
00003d05  _ZN10__cxxabiv116__enum_type_infoD0Ev             
00003d15  CmdLineProcess                                    
00003dc1  __aeabi_memcpy                                    
00003dc1  __aeabi_memcpy4                                   
00003dc1  __aeabi_memcpy8                                   
00003dc1  memcpy                                            
00003e5d  ADCSequenceStepConfigure                          
00003ed7  __aeabi_memclr                                    
00003ed7  __aeabi_memclr4                                   
00003ed7  __aeabi_memclr8                                   
00003ed9  __aeabi_memset                                    
00003ed9  __aeabi_memset4                                   
00003ed9  __aeabi_memset8                                   
00003edf  memset                                            
00003f51  __TI_auto_init                                    
00004029  IntDisable                                        
00004091  IntEnable                                         
000040f9  GPIOIntTypeSet                                    
0000414f  ltoa                                              
000041a5  _c_int00                                          
000041f5  copy_in                                           
00004241  GPIOPinConfigure                                  
00004289  UARTConfigSetExpClk                               
000042d1  C$$EXIT                                           
000042d5  abort                                             
000042dd  exit                                              
00004315  __aeabi_uidiv                                     
00004315  __aeabi_uidivmod                                  
00004355  ADCSequenceConfigure                              
00004393  SSIConfigSetExpClk                                
000043d1  SysCtlPeripheralPresent                           
00004409  SysCtlPeripheralEnable                            
0000443d  strstr                                            
00004471  ADCIntStatus                                      
0000449f  GPIODirModeSet                                    
000044c9  PWMGenConfigure                                   
000044ed  UARTDisable                                       
0000450d  ADCSequenceDataGet                                
0000452b  PWMPulseWidthSet                                  
00004549  ADCClockConfigSet                                 
00004561  ADCProcessorTrigger                               
00004579  GPIOPinTypeGPIOOutput                             
00004591  _args_main                                        
000045a9  strcmp                                            
000045c1  strchr                                            
000045d9  FPUStackingEnable                                 
000045ed  SysCtlPWMClockSet                                 
00004601  SysTickEnable                                     
00004615  SysTickIntEnable                                  
00004629  UARTEnable                                        
0000463d  _register_unlock                                  
00004643  _register_lock                                    
0000464b  _nop                                              
00004651  strlen                                            
00004665  GPIOPinTypeADC                                    
00004677  GPIOPinTypeGPIOInput                              
00004689  GPIOPinTypePWM                                    
0000469b  GPIOPinTypeSSI                                    
000046ad  GPIOPinTypeUART                                   
000046bf  PWMOutputState                                    
000046d1  SSIDataGetNonBlocking                             
000046e3  ADCIntEnable                                      
000046f5  FPUEnable                                         
00004705  IntMasterDisable                                  
00004715  IntMasterEnable                                   
00004725  PWMGenPeriodSet                                   
00004735  SysTickPeriodSet                                  
00004745  ADCHardwareOversampleConfigure                    
00004753  ADCIntDisable                                     
00004761  ADCSequenceDisable                                
0000476f  ADCSequenceEnable                                 
0000477d  GPIOIntDisable                                    
0000478b  SSIDataPutNonBlocking                             
00004799  UARTCharGetNonBlocking                            
000047a7  UARTCharPutNonBlocking                            
000047b5  UARTCharsAvail                                    
000047c3  UARTSpaceAvail                                    
000047d1  __TI_decompress_none                              
000047df  CPUcpsid                                          
000047eb  CPUcpsie                                          
000047f7  GPIOIntEnable                                     
00004803  PWMGenDisable                                     
0000480f  PWMGenEnable                                      
0000481b  SSIDataGet                                        
00004827  __TI_zero_init                                    
00004833  ResetISR                                          
0000483f  ADCIntClear                                       
00004849  PWMGenIntTrigEnable                               
00004853  SSIDataPut                                        
0000485d  SSIDisable                                        
00004867  SSIEnable                                         
00004871  SSIIntDisable                                     
0000487b  SSIIntStatus                                      
00004885  UARTIntDisable                                    
0000488f  UARTIntStatus                                     
00004899  _ZN4aeo114ssi_peripheral4OnRxEv                   
000048a3  _ZN4aeo114ssi_peripheral4OnTxEv                   
000048ad  PWMIntEnable                                      
000048b5  SSIIntEnable                                      
000048bd  UARTIntEnable                                     
000048c5  _ZdlPv                                            
000048cd  GPIOPinWrite                                      
000048d3  PWMGenIntClear                                    
000048d9  SysCtlDelay                                       
000048df  UARTClockSourceSet                                
000048e5  UARTFIFOLevelSet                                  
000048eb  __TI_decompress_rle24                             
000048f1  SSIIntClear                                       
000048f5  UARTIntClear                                      
000048f9  _system_pre_init                                  
00004e46  _ZTSe                                             
000054e8  _ZTSN10__cxxabiv123__fundamental_type_infoE       
00005510  _ZTVN4aeo111ssi_drv8711E                          
00005538  _ZTVN4aeo114ssi_peripheralE                       
00005588  _ZTSN10__cxxabiv120__si_class_type_infoE          
000055ad  _ZTSN10__cxxabiv119__pointer_type_infoE           
000055d1  _ZTSN10__cxxabiv117__class_type_infoE             
000055f3  _ZTSN10__cxxabiv117__pbase_type_infoE             
00005634  _ZTSN4aeo114ssi_peripheralE                       
0000564c  _ZTSN4aeo112adc_potmeterE                         
00005662  _ZTSN4aeo111pwm_stepperE                          
00005677  _ZTSN4aeo111ssi_drv8711E                          
000056b4  _ZTIPKe                                           
000056c4  _ZTSN4aeo17drv8711E                               
000056d4  _ZTSN4aeo17esp8266E                               
000056e4  _ZTVN10__cxxabiv117__class_type_infoE             
000056f4  _ZTVN10__cxxabiv119__pointer_type_infoE           
00005704  _ZTVN10__cxxabiv120__si_class_type_infoE          
00005714  _ZTVN10__cxxabiv123__fundamental_type_infoE       
00005724  _ZTVN4aeo111pwm_stepperE                          
00005734  _ZTVN4aeo112adc_potmeterE                         
00005744  _ZTVN4aeo17drv8711E                               
00005754  _ZTVN4aeo17esp8266E                               
00005764  _ZTSSt9type_info                                  
00005774  _ZTIN10__cxxabiv117__class_type_infoE             
00005780  _ZTIN10__cxxabiv117__pbase_type_infoE             
0000578c  _ZTIN10__cxxabiv119__pointer_type_infoE           
00005798  _ZTIN10__cxxabiv120__si_class_type_infoE          
000057a4  _ZTIN10__cxxabiv123__fundamental_type_infoE       
000057b0  _ZTIN4aeo111ssi_drv8711E                          
000057bc  _ZTIN4aeo111pwm_stepperE                          
000057c4  _ZTIN4aeo112adc_potmeterE                         
000057cc  _ZTIN4aeo114ssi_peripheralE                       
000057d4  _ZTIN4aeo17drv8711E                               
000057dc  _ZTIN4aeo17esp8266E                               
000057e4  _ZTISt9type_info                                  
000057ec  _ZTIe                                             
000057f4  _ZTSPKe                                           
000057f8  SHT$$INIT_ARRAY$$Base                             
000057fc  SHT$$INIT_ARRAY$$Limit                            
00005970  __TI_Handler_Table_Base                           
0000597c  __TI_Handler_Table_Limit                          
00005988  __TI_CINIT_Base                                   
00005998  __TI_CINIT_Limit                                  
20000400  g_oEsp8266                                        
20000598  g_oDrv8711                                        
20000768  _ZSt16__dummy_typeinfo                            
2000076c  __dso_handle                                      
20000778  __stack                                           
20000978  __STACK_END                                       
20000978  __STACK_TOP                                       
20000978  g_psCmdTable                                      
20000a08  _ZN4aeo118SSI0_SpecificationE                     
20000a3c  _ZN4aeo118SSI1_SpecificationE                     
20000a70  _ZN4aeo118SSI2_SpecificationE                     
20000aa4  _ZN4aeo118SSI3_SpecificationE                     
20000af0  _ZN4aeo112adc_potmeter10m_nCounterE               
20000af4  _ZN4aeo112adc_potmeter15m_nErrorCounterE          
20000af8  _ZN4aeo112adc_potmeter14m_nReadCounterE           
20000afc  _ZN4aeo112adc_potmeter16m_pTheOneAndOnlyE         
20000b1c  _lock                                             
20000b20  _unlock                                           
20000b24  __TI_cleanup_ptr                                  
20000b28  __TI_dtors_ptr                                    
20000b3c  main_func_sp                                      
20000b48  _sys_memory                                       
ffffffff  __binit__                                         
ffffffff  __c_args__                                        
ffffffff  binit                                             

[374 symbols]
