******************************************************************************
                  TI ARM Linker PC v5.2.6                      
******************************************************************************
>> Linked Mon Feb 08 21:08:40 2016

OUTPUT FILE NAME:   <solo_stepper.out>
ENTRY POINT SYMBOL: "_c_int00"  address: 00003f69


MEMORY CONFIGURATION

         name            origin    length      used     unused   attr    fill
----------------------  --------  ---------  --------  --------  ----  --------
  FLASH                 00000000   00040000  00005694  0003a96c  R  X
  SRAM                  20000000   00008000  00000ab1  0000754f  RW X


SEGMENT ALLOCATION MAP

run origin  load origin   length   init length attrs members
----------  ----------- ---------- ----------- ----- -------
00000000    00000000    00005698   00005698    r-x
  00000000    00000000    0000026c   0000026c    r-- .intvecs
  0000026c    0000026c    00004424   00004424    r-x .text
  00004690    00004690    00000e80   00000e80    r-- .const
  00005510    00005510    00000004   00000004    r-- .init_array
  00005518    00005518    00000180   00000180    r-- .cinit
20000000    20000000    00000ab8   00000000    rw-
  20000000    20000000    000006f5   00000000    rw- .bss
  200006f8    200006f8    00000200   00000000    rw- .stack
  200008f8    200008f8    000001b4   00000000    rw- .data
  20000ab0    20000ab0    00000008   00000000    rw- .sysmem


SECTION ALLOCATION MAP

 output                                  attributes/
section   page    origin      length       input sections
--------  ----  ----------  ----------   ----------------
.intvecs   0    00000000    0000026c     
                  00000000    0000026c     tm4c123gh6pm_startup_ccs.obj (.intvecs)

.text      0    0000026c    00004424     
                  0000026c    00000c84     tiva_utils.lib : ustdlib.obj (.text)
                  00000ef0    00000860                    : uartstdio.obj (.text)
                  00001750    00000558     aeo1_drivers.lib : ssi_peripheral.obj (.text)
                  00001ca8    000004e8     esp8266.obj (.text)
                  00002190    000004b0     drv8711.obj (.text)
                  00002640    000003dc     rtsv7M4_T_le_v4SPD16_eabi.lib : memory.obj (.text)
                  00002a1c    00000340     main.obj (.text)
                  00002d5c    000002f8     aeo1_drivers.lib : pwm_stepper.obj (.text)
                  00003054    000002e8                      : ssi_drv8711.obj (.text)
                  0000333c    000001f4                      : adc_potmeter.obj (.text)
                  00003530    00000132     driverlib.lib : gpio.obj (.text:GPIOPadConfigSet)
                  00003662    00000002     rtsv7M4_T_le_v4SPD16_eabi.lib : i_div0.obj (.text)
                  00003664    00000110     driverlib.lib : sysctl.obj (.text:SysCtlClockGet)
                  00003774    000000f4                   : sysctl.obj (.text:SysCtlClockSet)
                  00003868    000000f4     rtsv7M4_T_le_v4SPD16_eabi.lib : dtor_list.obj (.text)
                  0000395c    000000c0     drv8711_registers.obj (.text)
                  00003a1c    000000bc     rtsv7M4_T_le_v4SPD16_eabi.lib : typeinfo_.obj (.text)
                  00003ad8    000000ac     tiva_utils.lib : cmdline.obj (.text)
                  00003b84    0000009c     rtsv7M4_T_le_v4SPD16_eabi.lib : memcpy_t2.obj (.text)
                  00003c20    0000007a     driverlib.lib : adc.obj (.text:ADCSequenceStepConfigure)
                  00003c9a    0000007a     rtsv7M4_T_le_v4SPD16_eabi.lib : memset_t2.obj (.text)
                  00003d14    0000006c                                   : autoinit.obj (.text)
                  00003d80    0000006a                                   : copy_decompress_rle.obj (.text)
                  00003dea    00000002     --HOLE-- [fill = 0]
                  00003dec    00000068     driverlib.lib : interrupt.obj (.text:IntDisable)
                  00003e54    00000068                   : interrupt.obj (.text:IntEnable)
                  00003ebc    00000056                   : gpio.obj (.text:GPIOIntTypeSet)
                  00003f12    00000056     rtsv7M4_T_le_v4SPD16_eabi.lib : ltoa.obj (.text)
                  00003f68    00000050                                   : boot.obj (.text)
                  00003fb8    0000004c                                   : cpy_tbl.obj (.text)
                  00004004    00000048     driverlib.lib : gpio.obj (.text:GPIOPinConfigure)
                  0000404c    00000046                   : uart.obj (.text:UARTConfigSetExpClk)
                  00004092    00000002     --HOLE-- [fill = 0]
                  00004094    00000044     rtsv7M4_T_le_v4SPD16_eabi.lib : exit.obj (.text)
                  000040d8    00000040                                   : u_divt2.obj (.text)
                  00004118    0000003e     driverlib.lib : adc.obj (.text:ADCSequenceConfigure)
                  00004156    0000003c                   : ssi.obj (.text:SSIConfigSetExpClk)
                  00004192    00000002     --HOLE-- [fill = 0]
                  00004194    00000038                   : sysctl.obj (.text:SysCtlPeripheralPresent)
                  000041cc    00000034                   : sysctl.obj (.text:SysCtlPeripheralEnable)
                  00004200    0000002e                   : adc.obj (.text:ADCIntStatus)
                  0000422e    0000002a                   : gpio.obj (.text:GPIODirModeSet)
                  00004258    00000022                   : pwm.obj (.text:PWMGenConfigure)
                  0000427a    00000002     --HOLE-- [fill = 0]
                  0000427c    00000020                   : uart.obj (.text:UARTDisable)
                  0000429c    0000001e                   : adc.obj (.text:ADCSequenceDataGet)
                  000042ba    0000001e                   : pwm.obj (.text:PWMPulseWidthSet)
                  000042d8    0000001c     esp8266.obj (.text:_ZN4aeo17esp826611RxEndOfLineEv)
                  000042f4    00000018     driverlib.lib : adc.obj (.text:ADCClockConfigSet)
                  0000430c    00000018                   : adc.obj (.text:ADCProcessorTrigger)
                  00004324    00000018                   : gpio.obj (.text:GPIOPinTypeGPIOOutput)
                  0000433c    00000018     rtsv7M4_T_le_v4SPD16_eabi.lib : args_main.obj (.text)
                  00004354    00000018                                   : strcmp.obj (.text)
                  0000436c    00000014     driverlib.lib : fpu.obj (.text:FPUStackingEnable)
                  00004380    00000014                   : sysctl.obj (.text:SysCtlPWMClockSet)
                  00004394    00000014                   : systick.obj (.text:SysTickEnable)
                  000043a8    00000014                   : systick.obj (.text:SysTickIntEnable)
                  000043bc    00000014                   : uart.obj (.text:UARTEnable)
                  000043d0    00000014     rtsv7M4_T_le_v4SPD16_eabi.lib : _lock.obj (.text)
                  000043e4    00000014                                   : strlen.obj (.text)
                  000043f8    00000012     driverlib.lib : gpio.obj (.text:GPIOPinTypeADC)
                  0000440a    00000012                   : gpio.obj (.text:GPIOPinTypeGPIOInput)
                  0000441c    00000012                   : gpio.obj (.text:GPIOPinTypePWM)
                  0000442e    00000012                   : gpio.obj (.text:GPIOPinTypeSSI)
                  00004440    00000012                   : gpio.obj (.text:GPIOPinTypeUART)
                  00004452    00000012                   : pwm.obj (.text:PWMOutputState)
                  00004464    00000012                   : ssi.obj (.text:SSIDataGetNonBlocking)
                  00004476    00000010                   : adc.obj (.text:ADCIntEnable)
                  00004486    00000002     --HOLE-- [fill = 0]
                  00004488    00000010                   : fpu.obj (.text:FPUEnable)
                  00004498    00000010                   : interrupt.obj (.text:IntMasterDisable)
                  000044a8    00000010                   : interrupt.obj (.text:IntMasterEnable)
                  000044b8    00000010                   : pwm.obj (.text:PWMGenPeriodSet)
                  000044c8    00000010                   : systick.obj (.text:SysTickPeriodSet)
                  000044d8    0000000e                   : adc.obj (.text:ADCHardwareOversampleConfigure)
                  000044e6    0000000e                   : adc.obj (.text:ADCIntDisable)
                  000044f4    0000000e                   : adc.obj (.text:ADCSequenceDisable)
                  00004502    0000000e                   : adc.obj (.text:ADCSequenceEnable)
                  00004510    0000000e                   : gpio.obj (.text:GPIOIntDisable)
                  0000451e    0000000e                   : ssi.obj (.text:SSIDataPutNonBlocking)
                  0000452c    0000000e                   : uart.obj (.text:UARTCharGetNonBlocking)
                  0000453a    0000000e                   : uart.obj (.text:UARTCharPutNonBlocking)
                  00004548    0000000e                   : uart.obj (.text:UARTCharsAvail)
                  00004556    0000000e                   : uart.obj (.text:UARTSpaceAvail)
                  00004564    0000000e     rtsv7M4_T_le_v4SPD16_eabi.lib : copy_decompress_none.obj (.text:decompress:none)
                  00004572    0000000c     driverlib.lib : cpu.obj (.text:CPUcpsid)
                  0000457e    0000000c                   : cpu.obj (.text:CPUcpsie)
                  0000458a    0000000c                   : gpio.obj (.text:GPIOIntEnable)
                  00004596    0000000c                   : pwm.obj (.text:PWMGenDisable)
                  000045a2    0000000c                   : pwm.obj (.text:PWMGenEnable)
                  000045ae    0000000c                   : ssi.obj (.text:SSIDataGet)
                  000045ba    0000000c     rtsv7M4_T_le_v4SPD16_eabi.lib : copy_zero_init.obj (.text:decompress:ZI)
                  000045c6    0000000c     tm4c123gh6pm_startup_ccs.obj (.text)
                  000045d2    0000000a     driverlib.lib : adc.obj (.text:ADCIntClear)
                  000045dc    0000000a                   : pwm.obj (.text:PWMGenIntTrigEnable)
                  000045e6    0000000a                   : ssi.obj (.text:SSIDataPut)
                  000045f0    0000000a                   : ssi.obj (.text:SSIDisable)
                  000045fa    0000000a                   : ssi.obj (.text:SSIEnable)
                  00004604    0000000a                   : ssi.obj (.text:SSIIntDisable)
                  0000460e    0000000a                   : ssi.obj (.text:SSIIntStatus)
                  00004618    0000000a                   : uart.obj (.text:UARTIntDisable)
                  00004622    0000000a                   : uart.obj (.text:UARTIntStatus)
                  0000462c    0000000a     aeo1_drivers.lib : ssi_drv8711.obj (.text:_ZN4aeo114ssi_peripheral4OnRxEv)
                  00004636    0000000a                      : ssi_drv8711.obj (.text:_ZN4aeo114ssi_peripheral4OnTxEv)
                  00004640    00000008     driverlib.lib : pwm.obj (.text:PWMIntEnable)
                  00004648    00000008                   : ssi.obj (.text:SSIIntEnable)
                  00004650    00000008                   : uart.obj (.text:UARTIntEnable)
                  00004658    00000008     rtsv7M4_T_le_v4SPD16_eabi.lib : delete.obj (.text)
                  00004660    00000006     driverlib.lib : gpio.obj (.text:GPIOPinWrite)
                  00004666    00000006                   : pwm.obj (.text:PWMGenIntClear)
                  0000466c    00000006                   : sysctl.obj (.text:SysCtlDelay)
                  00004672    00000006                   : uart.obj (.text:UARTClockSourceSet)
                  00004678    00000006                   : uart.obj (.text:UARTFIFOLevelSet)
                  0000467e    00000006     rtsv7M4_T_le_v4SPD16_eabi.lib : copy_decompress_rle.obj (.text:decompress:rle24)
                  00004684    00000004     driverlib.lib : ssi.obj (.text:SSIIntClear)
                  00004688    00000004                   : uart.obj (.text:UARTIntClear)
                  0000468c    00000004     rtsv7M4_T_le_v4SPD16_eabi.lib : pre_init.obj (.text)

.const     0    00004690    00000e80     
                  00004690    0000054a     drv8711_registers.obj (.const:.string)
                  00004bda    00000002     rtsv7M4_T_le_v4SPD16_eabi.lib : typeinfo_.obj (.const:.typeinfo:_ZTSe)
                  00004bdc    00000294     drv8711_registers.obj (.const:DRV8711_Fields)
                  00004e70    00000128     main.obj (.const:.string)
                  00004f98    00000090     driverlib.lib : gpio.obj (.const:g_pui32GPIOBaseAddrs)
                  00005028    00000070                   : interrupt.obj (.const)
                  00005098    0000006c                   : sysctl.obj (.const:g_pui32Xtals)
                  00005104    00000054     esp8266.obj (.const:.string)
                  00005158    00000048     drv8711.obj (.const:$P$T0$1)
                  000051a0    00000030     esp8266.obj (.const:_ZN4aeo122InitializationCommandsE)
                  000051d0    00000030     tiva_utils.lib : ustdlib.obj (.const:g_psDaysToMonth)
                  00005200    00000028     rtsv7M4_T_le_v4SPD16_eabi.lib : typeinfo_.obj (.const:.typeinfo:_ZTSN10__cxxabiv123__fundamental_type_infoE)
                  00005228    00000028     aeo1_drivers.lib : ssi_drv8711.obj (.const:_ZTVN4aeo111ssi_drv8711E)
                  00005250    00000028                      : ssi_peripheral.obj (.const:_ZTVN4aeo114ssi_peripheralE)
                  00005278    00000028     tiva_utils.lib : uartstdio.obj (.const)
                  000052a0    00000025     rtsv7M4_T_le_v4SPD16_eabi.lib : typeinfo_.obj (.const:.typeinfo:_ZTSN10__cxxabiv120__si_class_type_infoE)
                  000052c5    00000024                                   : typeinfo_.obj (.const:.typeinfo:_ZTSN10__cxxabiv119__pointer_type_infoE)
                  000052e9    00000022                                   : typeinfo_.obj (.const:.typeinfo:_ZTSN10__cxxabiv117__class_type_infoE)
                  0000530b    00000022                                   : typeinfo_.obj (.const:.typeinfo:_ZTSN10__cxxabiv117__pbase_type_infoE)
                  0000532d    00000003     --HOLE-- [fill = 0]
                  00005330    0000001c     tiva_utils.lib : ustdlib.obj (.const)
                  0000534c    00000018     aeo1_drivers.lib : ssi_peripheral.obj (.const:.typeinfo:_ZTSN4aeo114ssi_peripheralE)
                  00005364    00000016                      : adc_potmeter.obj (.const:.typeinfo:_ZTSN4aeo112adc_potmeterE)
                  0000537a    00000015                      : pwm_stepper.obj (.const:.typeinfo:_ZTSN4aeo111pwm_stepperE)
                  0000538f    00000015                      : ssi_drv8711.obj (.const:.typeinfo:_ZTSN4aeo111ssi_drv8711E)
                  000053a4    00000012     tiva_utils.lib : uartstdio.obj (.const:.string)
                  000053b6    00000002     --HOLE-- [fill = 0]
                  000053b8    00000012                    : ustdlib.obj (.const:.string)
                  000053ca    00000002     --HOLE-- [fill = 0]
                  000053cc    00000010     rtsv7M4_T_le_v4SPD16_eabi.lib : typeinfo_.obj (.const:.typeinfo:_ZTIPKe)
                  000053dc    00000010     drv8711.obj (.const:.typeinfo:_ZTSN4aeo17drv8711E)
                  000053ec    00000010     esp8266.obj (.const:.typeinfo:_ZTSN4aeo17esp8266E)
                  000053fc    00000010     rtsv7M4_T_le_v4SPD16_eabi.lib : typeinfo_.obj (.const:_ZTVN10__cxxabiv117__class_type_infoE)
                  0000540c    00000010                                   : typeinfo_.obj (.const:_ZTVN10__cxxabiv119__pointer_type_infoE)
                  0000541c    00000010                                   : typeinfo_.obj (.const:_ZTVN10__cxxabiv120__si_class_type_infoE)
                  0000542c    00000010                                   : typeinfo_.obj (.const:_ZTVN10__cxxabiv123__fundamental_type_infoE)
                  0000543c    00000010     aeo1_drivers.lib : pwm_stepper.obj (.const:_ZTVN4aeo111pwm_stepperE)
                  0000544c    00000010                      : adc_potmeter.obj (.const:_ZTVN4aeo112adc_potmeterE)
                  0000545c    00000010     drv8711.obj (.const:_ZTVN4aeo17drv8711E)
                  0000546c    00000010     esp8266.obj (.const:_ZTVN4aeo17esp8266E)
                  0000547c    0000000d     rtsv7M4_T_le_v4SPD16_eabi.lib : typeinfo_.obj (.const:.typeinfo:_ZTSSt9type_info)
                  00005489    00000003     --HOLE-- [fill = 0]
                  0000548c    0000000c                                   : typeinfo_.obj (.const:.typeinfo:_ZTIN10__cxxabiv117__class_type_infoE)
                  00005498    0000000c                                   : typeinfo_.obj (.const:.typeinfo:_ZTIN10__cxxabiv117__pbase_type_infoE)
                  000054a4    0000000c                                   : typeinfo_.obj (.const:.typeinfo:_ZTIN10__cxxabiv119__pointer_type_infoE)
                  000054b0    0000000c                                   : typeinfo_.obj (.const:.typeinfo:_ZTIN10__cxxabiv120__si_class_type_infoE)
                  000054bc    0000000c                                   : typeinfo_.obj (.const:.typeinfo:_ZTIN10__cxxabiv123__fundamental_type_infoE)
                  000054c8    0000000c     aeo1_drivers.lib : ssi_drv8711.obj (.const:.typeinfo:_ZTIN4aeo111ssi_drv8711E)
                  000054d4    00000008                      : pwm_stepper.obj (.const:.typeinfo:_ZTIN4aeo111pwm_stepperE)
                  000054dc    00000008                      : adc_potmeter.obj (.const:.typeinfo:_ZTIN4aeo112adc_potmeterE)
                  000054e4    00000008                      : ssi_peripheral.obj (.const:.typeinfo:_ZTIN4aeo114ssi_peripheralE)
                  000054ec    00000008     drv8711.obj (.const:.typeinfo:_ZTIN4aeo17drv8711E)
                  000054f4    00000008     esp8266.obj (.const:.typeinfo:_ZTIN4aeo17esp8266E)
                  000054fc    00000008     rtsv7M4_T_le_v4SPD16_eabi.lib : typeinfo_.obj (.const:.typeinfo:_ZTISt9type_info)
                  00005504    00000008                                   : typeinfo_.obj (.const:.typeinfo:_ZTIe)
                  0000550c    00000004                                   : typeinfo_.obj (.const:.typeinfo:_ZTSPKe)

.init_array 
*          0    00005510    00000004     
                  00005510    00000004     main.obj (.init_array)

.cinit     0    00005518    00000180     
                  00005518    00000158     (.cinit..data.load) [load image, compression = rle]
                  00005670    0000000c     (__TI_handler_table)
                  0000567c    00000004     --HOLE-- [fill = 0]
                  00005680    00000008     (.cinit..bss.load) [load image, compression = zero_init]
                  00005688    00000010     (__TI_cinit_table)

.bss       0    20000000    000006f5     UNINITIALIZED
                  20000000    00000400     tiva_utils.lib : uartstdio.obj (.bss:g_pcUARTTxBuffer)
                  20000400    00000118     main.obj (.bss:g_oEsp8266)
                  20000518    000000ac     main.obj (.bss:g_oDrv8711)
                  200005c4    00000080     tiva_utils.lib : uartstdio.obj (.bss:g_pcUARTRxBuffer)
                  20000644    00000080     main.obj (.bss:g_zInput)
                  200006c4    00000024     tiva_utils.lib : cmdline.obj (.bss:g_ppcArgv)
                  200006e8    00000004     (.common:_ZSt16__dummy_typeinfo)
                  200006ec    00000004     (.common:__dso_handle)
                  200006f0    00000004     (.common:g_ui32PortNum)
                  200006f4    00000001     (.common:g_bDisableEcho)

.TI.noinit 
*          0    20000000    00000000     UNINITIALIZED

.stack     0    200006f8    00000200     UNINITIALIZED
                  200006f8    00000200     --HOLE--

.data      0    200008f8    000001b4     UNINITIALIZED
                  200008f8    00000078     main.obj (.data:g_psCmdTable)
                  20000970    00000034     aeo1_drivers.lib : ssi_peripheral.obj (.data:_ZN4aeo118SSI0_SpecificationE)
                  200009a4    00000034                      : ssi_peripheral.obj (.data:_ZN4aeo118SSI1_SpecificationE)
                  200009d8    00000034                      : ssi_peripheral.obj (.data:_ZN4aeo118SSI2_SpecificationE)
                  20000a0c    00000034                      : ssi_peripheral.obj (.data:_ZN4aeo118SSI3_SpecificationE)
                  20000a40    00000015     tiva_utils.lib : uartstdio.obj (.data)
                  20000a55    00000001     main.obj (.data)
                  20000a56    00000002     --HOLE--
                  20000a58    00000010     aeo1_drivers.lib : adc_potmeter.obj (.data)
                  20000a68    00000010                      : ssi_peripheral.obj (.data)
                  20000a78    0000000c     rtsv7M4_T_le_v4SPD16_eabi.lib : memory.obj (.data)
                  20000a84    00000008                                   : _lock.obj (.data)
                  20000a8c    00000008                                   : exit.obj (.data)
                  20000a94    00000004     aeo1_drivers.lib : pwm_stepper.obj (.data)
                  20000a98    00000004                      : ssi_drv8711.obj (.data)
                  20000a9c    00000004     esp8266.obj (.data)
                  20000aa0    00000004     rtsv7M4_T_le_v4SPD16_eabi.lib : dtor_list.obj (.data)
                  20000aa4    00000004                                   : stkdepth_vars.obj (.data)
                  20000aa8    00000004     tiva_utils.lib : ustdlib.obj (.data)

.TI.persistent 
*          0    200008f8    00000000     UNINITIALIZED

.sysmem    0    20000ab0    00000008     UNINITIALIZED
                  20000ab0    00000008     rtsv7M4_T_le_v4SPD16_eabi.lib : memory.obj (.sysmem)


LINKER GENERATED COPY TABLES

__TI_cinit_table @ 00005688 records: 2, size/record: 8, table size: 16
	.data: load addr=00005518, load size=00000158 bytes, run addr=200008f8, run size=000001b4 bytes, compression=rle
	.bss: load addr=00005680, load size=00000008 bytes, run addr=20000000, run size=000006f5 bytes, compression=zero_init


LINKER GENERATED HANDLER TABLE

__TI_handler_table @ 00005670 records: 3, size/record: 4, table size: 12
	index: 0, handler: __TI_decompress_rle24
	index: 1, handler: __TI_decompress_none
	index: 2, handler: __TI_zero_init


GLOBAL SYMBOLS: SORTED ALPHABETICALLY BY Name 

address   name                                              
-------   ----                                              
000042f5  ADCClockConfigSet                                 
000044d9  ADCHardwareOversampleConfigure                    
000045d3  ADCIntClear                                       
000044e7  ADCIntDisable                                     
00004477  ADCIntEnable                                      
00004201  ADCIntStatus                                      
0000430d  ADCProcessorTrigger                               
00004119  ADCSequenceConfigure                              
0000429d  ADCSequenceDataGet                                
000044f5  ADCSequenceDisable                                
00004503  ADCSequenceEnable                                 
00003c21  ADCSequenceStepConfigure                          
00004095  C$$EXIT                                           
00004573  CPUcpsid                                          
0000457f  CPUcpsie                                          
00003ad9  CmdLineProcess                                    
00004489  FPUEnable                                         
0000436d  FPUStackingEnable                                 
0000422f  GPIODirModeSet                                    
00004511  GPIOIntDisable                                    
0000458b  GPIOIntEnable                                     
00003ebd  GPIOIntTypeSet                                    
00003531  GPIOPadConfigSet                                  
00004005  GPIOPinConfigure                                  
000043f9  GPIOPinTypeADC                                    
0000440b  GPIOPinTypeGPIOInput                              
00004325  GPIOPinTypeGPIOOutput                             
0000441d  GPIOPinTypePWM                                    
0000442f  GPIOPinTypeSSI                                    
00004441  GPIOPinTypeUART                                   
00004661  GPIOPinWrite                                      
00003ded  IntDisable                                        
00003e55  IntEnable                                         
00004499  IntMasterDisable                                  
000044a9  IntMasterEnable                                   
0000333d  OnADCInterrupt                                    
00003055  OnGPIOBInterrupt                                  
00003071  OnGPIOEInterrupt                                  
00002d5d  OnPWM1Gen1Interrupt                               
00001751  OnSSI0Interrupt                                   
0000176b  OnSSI1Interrupt                                   
00001785  OnSSI2Interrupt                                   
0000179f  OnSSI3Interrupt                                   
00004259  PWMGenConfigure                                   
00004597  PWMGenDisable                                     
000045a3  PWMGenEnable                                      
00004667  PWMGenIntClear                                    
000045dd  PWMGenIntTrigEnable                               
000044b9  PWMGenPeriodSet                                   
00004641  PWMIntEnable                                      
00004453  PWMOutputState                                    
000042bb  PWMPulseWidthSet                                  
000045c7  ResetISR                                          
00005510  SHT$$INIT_ARRAY$$Base                             
00005514  SHT$$INIT_ARRAY$$Limit                            
00004157  SSIConfigSetExpClk                                
000045af  SSIDataGet                                        
00004465  SSIDataGetNonBlocking                             
000045e7  SSIDataPut                                        
0000451f  SSIDataPutNonBlocking                             
000045f1  SSIDisable                                        
000045fb  SSIEnable                                         
00004685  SSIIntClear                                       
00004605  SSIIntDisable                                     
00004649  SSIIntEnable                                      
0000460f  SSIIntStatus                                      
00003665  SysCtlClockGet                                    
00003775  SysCtlClockSet                                    
0000466d  SysCtlDelay                                       
00004381  SysCtlPWMClockSet                                 
000041cd  SysCtlPeripheralEnable                            
00004195  SysCtlPeripheralPresent                           
00004395  SysTickEnable                                     
000043a9  SysTickIntEnable                                  
00002b71  SysTickIntHandler                                 
000044c9  SysTickPeriodSet                                  
0000452d  UARTCharGetNonBlocking                            
0000453b  UARTCharPutNonBlocking                            
00004549  UARTCharsAvail                                    
00004673  UARTClockSourceSet                                
0000404d  UARTConfigSetExpClk                               
0000427d  UARTDisable                                       
000015c9  UARTEchoSet                                       
000043bd  UARTEnable                                        
00004679  UARTFIFOLevelSet                                  
00001573  UARTFlushRx                                       
00001593  UARTFlushTx                                       
00004689  UARTIntClear                                      
00004619  UARTIntDisable                                    
00004651  UARTIntEnable                                     
00004623  UARTIntStatus                                     
00001519  UARTPeek                                          
000014f7  UARTRxBytesAvail                                  
00004557  UARTSpaceAvail                                    
00000fdd  UARTStdioConfig                                   
000015f5  UARTStdioIntHandler                               
00001505  UARTTxBytesFree                                   
0000117f  UARTgetc                                          
00001103  UARTgets                                          
000014d3  UARTprintf                                        
000011d9  UARTvprintf                                       
00001063  UARTwrite                                         
0000395d  _Z23drv8711_registers_PrintiiPFbPKciS0_PvES1_     
00002a8d  _Z8CMD_diagiPPc                                   
00002a2d  _Z8CMD_haltiPPc                                   
00002ae5  _Z8CMD_helpiPPc                                   
00002a1d  _Z8CMD_idleiPPc                                   
00002a3d  _Z8CMD_moveiPPc                                   
00002a6b  _Z8CMD_stopiPPc                                   
00002bf5  _Z8MainLoopv                                      
00002ad5  _Z9CMD_noerriPPc                                  
00002ac5  _Z9CMD_resetiPPc                                  
00002a9d  _Z9CMD_sleepiPPc                                  
00003ac9  _ZN10__cxxabiv116__enum_type_infoD0Ev             
00003ac7  _ZN10__cxxabiv116__enum_type_infoD1Ev             
00003ac7  _ZN10__cxxabiv116__enum_type_infoD2Ev             
00003abf  _ZN10__cxxabiv117__array_type_infoD0Ev            
00003abd  _ZN10__cxxabiv117__array_type_infoD1Ev            
00003abd  _ZN10__cxxabiv117__array_type_infoD2Ev            
00003ab5  _ZN10__cxxabiv117__class_type_infoD0Ev            
00003ab3  _ZN10__cxxabiv117__class_type_infoD1Ev            
00003ab3  _ZN10__cxxabiv117__class_type_infoD2Ev            
00003aab  _ZN10__cxxabiv117__pbase_type_infoD0Ev            
00003aa9  _ZN10__cxxabiv117__pbase_type_infoD1Ev            
00003aa9  _ZN10__cxxabiv117__pbase_type_infoD2Ev            
00003aa1  _ZN10__cxxabiv119__pointer_type_infoD0Ev          
00003a9f  _ZN10__cxxabiv119__pointer_type_infoD1Ev          
00003a9f  _ZN10__cxxabiv119__pointer_type_infoD2Ev          
00003a97  _ZN10__cxxabiv120__function_type_infoD0Ev         
00003a95  _ZN10__cxxabiv120__function_type_infoD1Ev         
00003a95  _ZN10__cxxabiv120__function_type_infoD2Ev         
00003a8d  _ZN10__cxxabiv120__si_class_type_infoD0Ev         
00003a8b  _ZN10__cxxabiv120__si_class_type_infoD1Ev         
00003a8b  _ZN10__cxxabiv120__si_class_type_infoD2Ev         
00003a83  _ZN10__cxxabiv121__vmi_class_type_infoD0Ev        
00003a81  _ZN10__cxxabiv121__vmi_class_type_infoD1Ev        
00003a81  _ZN10__cxxabiv121__vmi_class_type_infoD2Ev        
00003a79  _ZN10__cxxabiv123__fundamental_type_infoD0Ev      
00003a77  _ZN10__cxxabiv123__fundamental_type_infoD1Ev      
00003a77  _ZN10__cxxabiv123__fundamental_type_infoD2Ev      
00003a6f  _ZN10__cxxabiv129__pointer_to_member_type_infoD0Ev
00003a6d  _ZN10__cxxabiv129__pointer_to_member_type_infoD1Ev
00003a6d  _ZN10__cxxabiv129__pointer_to_member_type_infoD2Ev
00002dd3  _ZN4aeo111pwm_stepper10InitializeEv               
00002eed  _ZN4aeo111pwm_stepper11OnInterruptEv              
00002e45  _ZN4aeo111pwm_stepper4DiagEv                      
00002e71  _ZN4aeo111pwm_stepper4MoveEj                      
00002ebf  _ZN4aeo111pwm_stepper4StopEb                      
00002d79  _ZN4aeo111pwm_stepperC1Ev                         
00002d79  _ZN4aeo111pwm_stepperC2Ev                         
00002dbd  _ZN4aeo111pwm_stepperD0Ev                         
00002db1  _ZN4aeo111pwm_stepperD1Ev                         
00002db1  _ZN4aeo111pwm_stepperD2Ev                         
000030d7  _ZN4aeo111ssi_drv871110InitializeEv               
000032e5  _ZN4aeo111ssi_drv871111GetRegisterEj              
00003201  _ZN4aeo111ssi_drv871115OnGpioInterruptENS0_5EventE
000031a3  _ZN4aeo111ssi_drv87114DiagEv                      
00003235  _ZN4aeo111ssi_drv87114ReadEj                      
000031d3  _ZN4aeo111ssi_drv87115ResetEv                     
000031b5  _ZN4aeo111ssi_drv87115SleepEb                     
00003297  _ZN4aeo111ssi_drv87115WriteEjj                    
0000308d  _ZN4aeo111ssi_drv8711C1Ev                         
0000308d  _ZN4aeo111ssi_drv8711C2Ev                         
000030c1  _ZN4aeo111ssi_drv8711D0Ev                         
000030b3  _ZN4aeo111ssi_drv8711D1Ev                         
000030b3  _ZN4aeo111ssi_drv8711D2Ev                         
000033a7  _ZN4aeo112adc_potmeter10InitializeEv              
20000a58  _ZN4aeo112adc_potmeter10m_nCounterE               
00003423  _ZN4aeo112adc_potmeter11OnInterruptEv             
20000a60  _ZN4aeo112adc_potmeter14m_nReadCounterE           
000034cd  _ZN4aeo112adc_potmeter15GetErrorCounterEv         
20000a5c  _ZN4aeo112adc_potmeter15m_nErrorCounterE          
20000a64  _ZN4aeo112adc_potmeter16m_pTheOneAndOnlyE         
000034e5  _ZN4aeo112adc_potmeter4DiagEv                     
0000349f  _ZN4aeo112adc_potmeter7TriggerEv                  
000034ad  _ZN4aeo112adc_potmeter8GetValueEv                 
00003407  _ZN4aeo112adc_potmeter9TerminateEv                
0000334f  _ZN4aeo112adc_potmeterC1Ev                        
0000334f  _ZN4aeo112adc_potmeterC2Ev                        
00003391  _ZN4aeo112adc_potmeterD0Ev                        
0000336d  _ZN4aeo112adc_potmeterD1Ev                        
0000336d  _ZN4aeo112adc_potmeterD2Ev                        
00001885  _ZN4aeo114ssi_peripheral10InitializeEv            
00001b83  _ZN4aeo114ssi_peripheral10LoadTxFIFOEv            
000019cd  _ZN4aeo114ssi_peripheral11OnInterruptEv           
00001bb9  _ZN4aeo114ssi_peripheral12UnloadRxFIFOEv          
00001b6b  _ZN4aeo114ssi_peripheral3GetEv                    
00001b57  _ZN4aeo114ssi_peripheral3PutEj                    
00001a6d  _ZN4aeo114ssi_peripheral4DiagEv                   
0000462d  _ZN4aeo114ssi_peripheral4OnRxEv                   
00004637  _ZN4aeo114ssi_peripheral4OnTxEv                   
00001afb  _ZN4aeo114ssi_peripheral9TerminateEv              
000017b9  _ZN4aeo114ssi_peripheralC1ENS0_9device_idEjb      
000017b9  _ZN4aeo114ssi_peripheralC2ENS0_9device_idEjb      
0000186f  _ZN4aeo114ssi_peripheralD0Ev                      
0000185b  _ZN4aeo114ssi_peripheralD1Ev                      
0000185b  _ZN4aeo114ssi_peripheralD2Ev                      
20000970  _ZN4aeo118SSI0_SpecificationE                     
200009a4  _ZN4aeo118SSI1_SpecificationE                     
200009d8  _ZN4aeo118SSI2_SpecificationE                     
20000a0c  _ZN4aeo118SSI3_SpecificationE                     
000021dd  _ZN4aeo17drv871110InitializeEv                    
000022e9  _ZN4aeo17drv871110SetDefaultEv                    
000023d3  _ZN4aeo17drv871111ClearFaultsEv                   
0000249b  _ZN4aeo17drv871111PrintStatusEj                   
0000240b  _ZN4aeo17drv871116ReadAllRegistersEv              
00002435  _ZN4aeo17drv871117PrintAllRegistersEv             
00002387  _ZN4aeo17drv87114DiagEv                           
0000222d  _ZN4aeo17drv87114HaltEv                           
00002201  _ZN4aeo17drv87114IdleEv                           
0000225b  _ZN4aeo17drv87114MoveEi                           
0000235d  _ZN4aeo17drv87114StopEb                           
000023f1  _ZN4aeo17drv87115ResetEv                          
000023a9  _ZN4aeo17drv87115SleepEb                          
000022bb  _ZN4aeo17drv87119SetTorqueEj                      
00002191  _ZN4aeo17drv8711C1Ev                              
00002191  _ZN4aeo17drv8711C2Ev                              
000021c7  _ZN4aeo17drv8711D0Ev                              
000021af  _ZN4aeo17drv8711D1Ev                              
000021af  _ZN4aeo17drv8711D2Ev                              
00001d2d  _ZN4aeo17esp826610InitializeEv                    
00001f15  _ZN4aeo17esp826610OnTransmitEv                    
000042d9  _ZN4aeo17esp826611RxEndOfLineEv                   
00001e83  _ZN4aeo17esp826613ConfigureUARTEv                 
00002041  _ZN4aeo17esp826616FillOutputBufferEPKc            
00001d73  _ZN4aeo17esp82664DiagEv                           
00001da1  _ZN4aeo17esp82665WriteEPKc                        
000020e9  _ZN4aeo17esp82666InvokeEPKcS2_                    
00001d7f  _ZN4aeo17esp82666OnUartEj                         
00001df9  _ZN4aeo17esp82668ReadLineEPci                     
00001fb5  _ZN4aeo17esp82669OnReceiveEv                      
00001cdb  _ZN4aeo17esp8266C1Ev                              
00001cdb  _ZN4aeo17esp8266C2Ev                              
00001d17  _ZN4aeo17esp8266D0Ev                              
00001d0b  _ZN4aeo17esp8266D1Ev                              
00001d0b  _ZN4aeo17esp8266D2Ev                              
00003a2f  _ZNKSt9type_info4nameEv                           
00003a5f  _ZNKSt9type_info6beforeERKS_                      
00003a49  _ZNKSt9type_infoeqERKS_                           
00003a33  _ZNKSt9type_infoneERKS_                           
00003a27  _ZNSt9type_infoD0Ev                               
00003a25  _ZNSt9type_infoD1Ev                               
00003a25  _ZNSt9type_infoD2Ev                               
200006e8  _ZSt16__dummy_typeinfo                            
00003a1d  _ZSt21__gen_dummy_typeinfosv                      
0000548c  _ZTIN10__cxxabiv117__class_type_infoE             
00005498  _ZTIN10__cxxabiv117__pbase_type_infoE             
000054a4  _ZTIN10__cxxabiv119__pointer_type_infoE           
000054b0  _ZTIN10__cxxabiv120__si_class_type_infoE          
000054bc  _ZTIN10__cxxabiv123__fundamental_type_infoE       
000054d4  _ZTIN4aeo111pwm_stepperE                          
000054c8  _ZTIN4aeo111ssi_drv8711E                          
000054dc  _ZTIN4aeo112adc_potmeterE                         
000054e4  _ZTIN4aeo114ssi_peripheralE                       
000054ec  _ZTIN4aeo17drv8711E                               
000054f4  _ZTIN4aeo17esp8266E                               
000053cc  _ZTIPKe                                           
000054fc  _ZTISt9type_info                                  
00005504  _ZTIe                                             
000052e9  _ZTSN10__cxxabiv117__class_type_infoE             
0000530b  _ZTSN10__cxxabiv117__pbase_type_infoE             
000052c5  _ZTSN10__cxxabiv119__pointer_type_infoE           
000052a0  _ZTSN10__cxxabiv120__si_class_type_infoE          
00005200  _ZTSN10__cxxabiv123__fundamental_type_infoE       
0000537a  _ZTSN4aeo111pwm_stepperE                          
0000538f  _ZTSN4aeo111ssi_drv8711E                          
00005364  _ZTSN4aeo112adc_potmeterE                         
0000534c  _ZTSN4aeo114ssi_peripheralE                       
000053dc  _ZTSN4aeo17drv8711E                               
000053ec  _ZTSN4aeo17esp8266E                               
0000550c  _ZTSPKe                                           
0000547c  _ZTSSt9type_info                                  
00004bda  _ZTSe                                             
000053fc  _ZTVN10__cxxabiv117__class_type_infoE             
0000540c  _ZTVN10__cxxabiv119__pointer_type_infoE           
0000541c  _ZTVN10__cxxabiv120__si_class_type_infoE          
0000542c  _ZTVN10__cxxabiv123__fundamental_type_infoE       
0000543c  _ZTVN4aeo111pwm_stepperE                          
00005228  _ZTVN4aeo111ssi_drv8711E                          
0000544c  _ZTVN4aeo112adc_potmeterE                         
00005250  _ZTVN4aeo114ssi_peripheralE                       
0000545c  _ZTVN4aeo17drv8711E                               
0000546c  _ZTVN4aeo17esp8266E                               
00004659  _ZdlPv                                            
200008f8  __STACK_END                                       
00000200  __STACK_SIZE                                      
200008f8  __STACK_TOP                                       
00000008  __SYSMEM_SIZE                                     
00005688  __TI_CINIT_Base                                   
00005698  __TI_CINIT_Limit                                  
00005670  __TI_Handler_Table_Base                           
0000567c  __TI_Handler_Table_Limit                          
00003d15  __TI_auto_init                                    
20000a8c  __TI_cleanup_ptr                                  
00004565  __TI_decompress_none                              
0000467f  __TI_decompress_rle24                             
20000a90  __TI_dtors_ptr                                    
00000000  __TI_static_base__                                
000045bb  __TI_zero_init                                    
000038bf  __aeabi_atexit                                    
00003663  __aeabi_idiv0                                     
00003c9b  __aeabi_memclr                                    
00003c9b  __aeabi_memclr4                                   
00003c9b  __aeabi_memclr8                                   
00003b85  __aeabi_memcpy                                    
00003b85  __aeabi_memcpy4                                   
00003b85  __aeabi_memcpy8                                   
00003c9d  __aeabi_memset                                    
00003c9d  __aeabi_memset4                                   
00003c9d  __aeabi_memset8                                   
000040d9  __aeabi_uidiv                                     
000040d9  __aeabi_uidivmod                                  
ffffffff  __binit__                                         
ffffffff  __c_args__                                        
00003903  __cxa_atexit                                      
00003869  __cxa_finalize                                    
000038ab  __cxa_ia64_exit                                   
200006ec  __dso_handle                                      
200006f8  __stack                                           
00002c4d  __sti___8_main_cpp_779587d3                       
0000433d  _args_main                                        
00003f69  _c_int00                                          
20000a84  _lock                                             
000043df  _nop                                              
000043d7  _register_lock                                    
000043d1  _register_unlock                                  
20000ab0  _sys_memory                                       
0000468d  _system_pre_init                                  
20000a88  _unlock                                           
00004099  abort                                             
000038b1  atexit                                            
ffffffff  binit                                             
000029e9  calloc                                            
00003fb9  copy_in                                           
00001ca9  esp8266_UARTIntHandler                            
000040a1  exit                                              
00002737  free                                              
20000518  g_oDrv8711                                        
20000400  g_oEsp8266                                        
00000000  g_pfnVectors                                      
200008f8  g_psCmdTable                                      
00003f13  ltoa                                              
00002c3b  main                                              
20000aa4  main_func_sp                                      
000026cf  malloc                                            
00002905  memalign                                          
00003b85  memcpy                                            
00003ca3  memset                                            
00002641  minit                                             
000027f9  realloc                                           
00004355  strcmp                                            
000043e5  strlen                                            
00000751  ulocaltime                                        
0000094f  umktime                                           
00000ec9  urand                                             
00000721  usnprintf                                         
000006ef  usprintf                                          
00000eb9  usrand                                            
00000e31  ustrcasecmp                                       
00000ea5  ustrcmp                                           
00000d35  ustrlen                                           
00000d8d  ustrncasecmp                                      
00000e45  ustrncmp                                          
0000026d  ustrncpy                                          
00000d57  ustrstr                                           
00000afd  ustrtof                                           
000009c5  ustrtoul                                          
000002c5  uvsnprintf                                        


GLOBAL SYMBOLS: SORTED BY Symbol Address 

address   name                                              
-------   ----                                              
00000000  __TI_static_base__                                
00000000  g_pfnVectors                                      
00000008  __SYSMEM_SIZE                                     
00000200  __STACK_SIZE                                      
0000026d  ustrncpy                                          
000002c5  uvsnprintf                                        
000006ef  usprintf                                          
00000721  usnprintf                                         
00000751  ulocaltime                                        
0000094f  umktime                                           
000009c5  ustrtoul                                          
00000afd  ustrtof                                           
00000d35  ustrlen                                           
00000d57  ustrstr                                           
00000d8d  ustrncasecmp                                      
00000e31  ustrcasecmp                                       
00000e45  ustrncmp                                          
00000ea5  ustrcmp                                           
00000eb9  usrand                                            
00000ec9  urand                                             
00000fdd  UARTStdioConfig                                   
00001063  UARTwrite                                         
00001103  UARTgets                                          
0000117f  UARTgetc                                          
000011d9  UARTvprintf                                       
000014d3  UARTprintf                                        
000014f7  UARTRxBytesAvail                                  
00001505  UARTTxBytesFree                                   
00001519  UARTPeek                                          
00001573  UARTFlushRx                                       
00001593  UARTFlushTx                                       
000015c9  UARTEchoSet                                       
000015f5  UARTStdioIntHandler                               
00001751  OnSSI0Interrupt                                   
0000176b  OnSSI1Interrupt                                   
00001785  OnSSI2Interrupt                                   
0000179f  OnSSI3Interrupt                                   
000017b9  _ZN4aeo114ssi_peripheralC1ENS0_9device_idEjb      
000017b9  _ZN4aeo114ssi_peripheralC2ENS0_9device_idEjb      
0000185b  _ZN4aeo114ssi_peripheralD1Ev                      
0000185b  _ZN4aeo114ssi_peripheralD2Ev                      
0000186f  _ZN4aeo114ssi_peripheralD0Ev                      
00001885  _ZN4aeo114ssi_peripheral10InitializeEv            
000019cd  _ZN4aeo114ssi_peripheral11OnInterruptEv           
00001a6d  _ZN4aeo114ssi_peripheral4DiagEv                   
00001afb  _ZN4aeo114ssi_peripheral9TerminateEv              
00001b57  _ZN4aeo114ssi_peripheral3PutEj                    
00001b6b  _ZN4aeo114ssi_peripheral3GetEv                    
00001b83  _ZN4aeo114ssi_peripheral10LoadTxFIFOEv            
00001bb9  _ZN4aeo114ssi_peripheral12UnloadRxFIFOEv          
00001ca9  esp8266_UARTIntHandler                            
00001cdb  _ZN4aeo17esp8266C1Ev                              
00001cdb  _ZN4aeo17esp8266C2Ev                              
00001d0b  _ZN4aeo17esp8266D1Ev                              
00001d0b  _ZN4aeo17esp8266D2Ev                              
00001d17  _ZN4aeo17esp8266D0Ev                              
00001d2d  _ZN4aeo17esp826610InitializeEv                    
00001d73  _ZN4aeo17esp82664DiagEv                           
00001d7f  _ZN4aeo17esp82666OnUartEj                         
00001da1  _ZN4aeo17esp82665WriteEPKc                        
00001df9  _ZN4aeo17esp82668ReadLineEPci                     
00001e83  _ZN4aeo17esp826613ConfigureUARTEv                 
00001f15  _ZN4aeo17esp826610OnTransmitEv                    
00001fb5  _ZN4aeo17esp82669OnReceiveEv                      
00002041  _ZN4aeo17esp826616FillOutputBufferEPKc            
000020e9  _ZN4aeo17esp82666InvokeEPKcS2_                    
00002191  _ZN4aeo17drv8711C1Ev                              
00002191  _ZN4aeo17drv8711C2Ev                              
000021af  _ZN4aeo17drv8711D1Ev                              
000021af  _ZN4aeo17drv8711D2Ev                              
000021c7  _ZN4aeo17drv8711D0Ev                              
000021dd  _ZN4aeo17drv871110InitializeEv                    
00002201  _ZN4aeo17drv87114IdleEv                           
0000222d  _ZN4aeo17drv87114HaltEv                           
0000225b  _ZN4aeo17drv87114MoveEi                           
000022bb  _ZN4aeo17drv87119SetTorqueEj                      
000022e9  _ZN4aeo17drv871110SetDefaultEv                    
0000235d  _ZN4aeo17drv87114StopEb                           
00002387  _ZN4aeo17drv87114DiagEv                           
000023a9  _ZN4aeo17drv87115SleepEb                          
000023d3  _ZN4aeo17drv871111ClearFaultsEv                   
000023f1  _ZN4aeo17drv87115ResetEv                          
0000240b  _ZN4aeo17drv871116ReadAllRegistersEv              
00002435  _ZN4aeo17drv871117PrintAllRegistersEv             
0000249b  _ZN4aeo17drv871111PrintStatusEj                   
00002641  minit                                             
000026cf  malloc                                            
00002737  free                                              
000027f9  realloc                                           
00002905  memalign                                          
000029e9  calloc                                            
00002a1d  _Z8CMD_idleiPPc                                   
00002a2d  _Z8CMD_haltiPPc                                   
00002a3d  _Z8CMD_moveiPPc                                   
00002a6b  _Z8CMD_stopiPPc                                   
00002a8d  _Z8CMD_diagiPPc                                   
00002a9d  _Z9CMD_sleepiPPc                                  
00002ac5  _Z9CMD_resetiPPc                                  
00002ad5  _Z9CMD_noerriPPc                                  
00002ae5  _Z8CMD_helpiPPc                                   
00002b71  SysTickIntHandler                                 
00002bf5  _Z8MainLoopv                                      
00002c3b  main                                              
00002c4d  __sti___8_main_cpp_779587d3                       
00002d5d  OnPWM1Gen1Interrupt                               
00002d79  _ZN4aeo111pwm_stepperC1Ev                         
00002d79  _ZN4aeo111pwm_stepperC2Ev                         
00002db1  _ZN4aeo111pwm_stepperD1Ev                         
00002db1  _ZN4aeo111pwm_stepperD2Ev                         
00002dbd  _ZN4aeo111pwm_stepperD0Ev                         
00002dd3  _ZN4aeo111pwm_stepper10InitializeEv               
00002e45  _ZN4aeo111pwm_stepper4DiagEv                      
00002e71  _ZN4aeo111pwm_stepper4MoveEj                      
00002ebf  _ZN4aeo111pwm_stepper4StopEb                      
00002eed  _ZN4aeo111pwm_stepper11OnInterruptEv              
00003055  OnGPIOBInterrupt                                  
00003071  OnGPIOEInterrupt                                  
0000308d  _ZN4aeo111ssi_drv8711C1Ev                         
0000308d  _ZN4aeo111ssi_drv8711C2Ev                         
000030b3  _ZN4aeo111ssi_drv8711D1Ev                         
000030b3  _ZN4aeo111ssi_drv8711D2Ev                         
000030c1  _ZN4aeo111ssi_drv8711D0Ev                         
000030d7  _ZN4aeo111ssi_drv871110InitializeEv               
000031a3  _ZN4aeo111ssi_drv87114DiagEv                      
000031b5  _ZN4aeo111ssi_drv87115SleepEb                     
000031d3  _ZN4aeo111ssi_drv87115ResetEv                     
00003201  _ZN4aeo111ssi_drv871115OnGpioInterruptENS0_5EventE
00003235  _ZN4aeo111ssi_drv87114ReadEj                      
00003297  _ZN4aeo111ssi_drv87115WriteEjj                    
000032e5  _ZN4aeo111ssi_drv871111GetRegisterEj              
0000333d  OnADCInterrupt                                    
0000334f  _ZN4aeo112adc_potmeterC1Ev                        
0000334f  _ZN4aeo112adc_potmeterC2Ev                        
0000336d  _ZN4aeo112adc_potmeterD1Ev                        
0000336d  _ZN4aeo112adc_potmeterD2Ev                        
00003391  _ZN4aeo112adc_potmeterD0Ev                        
000033a7  _ZN4aeo112adc_potmeter10InitializeEv              
00003407  _ZN4aeo112adc_potmeter9TerminateEv                
00003423  _ZN4aeo112adc_potmeter11OnInterruptEv             
0000349f  _ZN4aeo112adc_potmeter7TriggerEv                  
000034ad  _ZN4aeo112adc_potmeter8GetValueEv                 
000034cd  _ZN4aeo112adc_potmeter15GetErrorCounterEv         
000034e5  _ZN4aeo112adc_potmeter4DiagEv                     
00003531  GPIOPadConfigSet                                  
00003663  __aeabi_idiv0                                     
00003665  SysCtlClockGet                                    
00003775  SysCtlClockSet                                    
00003869  __cxa_finalize                                    
000038ab  __cxa_ia64_exit                                   
000038b1  atexit                                            
000038bf  __aeabi_atexit                                    
00003903  __cxa_atexit                                      
0000395d  _Z23drv8711_registers_PrintiiPFbPKciS0_PvES1_     
00003a1d  _ZSt21__gen_dummy_typeinfosv                      
00003a25  _ZNSt9type_infoD1Ev                               
00003a25  _ZNSt9type_infoD2Ev                               
00003a27  _ZNSt9type_infoD0Ev                               
00003a2f  _ZNKSt9type_info4nameEv                           
00003a33  _ZNKSt9type_infoneERKS_                           
00003a49  _ZNKSt9type_infoeqERKS_                           
00003a5f  _ZNKSt9type_info6beforeERKS_                      
00003a6d  _ZN10__cxxabiv129__pointer_to_member_type_infoD1Ev
00003a6d  _ZN10__cxxabiv129__pointer_to_member_type_infoD2Ev
00003a6f  _ZN10__cxxabiv129__pointer_to_member_type_infoD0Ev
00003a77  _ZN10__cxxabiv123__fundamental_type_infoD1Ev      
00003a77  _ZN10__cxxabiv123__fundamental_type_infoD2Ev      
00003a79  _ZN10__cxxabiv123__fundamental_type_infoD0Ev      
00003a81  _ZN10__cxxabiv121__vmi_class_type_infoD1Ev        
00003a81  _ZN10__cxxabiv121__vmi_class_type_infoD2Ev        
00003a83  _ZN10__cxxabiv121__vmi_class_type_infoD0Ev        
00003a8b  _ZN10__cxxabiv120__si_class_type_infoD1Ev         
00003a8b  _ZN10__cxxabiv120__si_class_type_infoD2Ev         
00003a8d  _ZN10__cxxabiv120__si_class_type_infoD0Ev         
00003a95  _ZN10__cxxabiv120__function_type_infoD1Ev         
00003a95  _ZN10__cxxabiv120__function_type_infoD2Ev         
00003a97  _ZN10__cxxabiv120__function_type_infoD0Ev         
00003a9f  _ZN10__cxxabiv119__pointer_type_infoD1Ev          
00003a9f  _ZN10__cxxabiv119__pointer_type_infoD2Ev          
00003aa1  _ZN10__cxxabiv119__pointer_type_infoD0Ev          
00003aa9  _ZN10__cxxabiv117__pbase_type_infoD1Ev            
00003aa9  _ZN10__cxxabiv117__pbase_type_infoD2Ev            
00003aab  _ZN10__cxxabiv117__pbase_type_infoD0Ev            
00003ab3  _ZN10__cxxabiv117__class_type_infoD1Ev            
00003ab3  _ZN10__cxxabiv117__class_type_infoD2Ev            
00003ab5  _ZN10__cxxabiv117__class_type_infoD0Ev            
00003abd  _ZN10__cxxabiv117__array_type_infoD1Ev            
00003abd  _ZN10__cxxabiv117__array_type_infoD2Ev            
00003abf  _ZN10__cxxabiv117__array_type_infoD0Ev            
00003ac7  _ZN10__cxxabiv116__enum_type_infoD1Ev             
00003ac7  _ZN10__cxxabiv116__enum_type_infoD2Ev             
00003ac9  _ZN10__cxxabiv116__enum_type_infoD0Ev             
00003ad9  CmdLineProcess                                    
00003b85  __aeabi_memcpy                                    
00003b85  __aeabi_memcpy4                                   
00003b85  __aeabi_memcpy8                                   
00003b85  memcpy                                            
00003c21  ADCSequenceStepConfigure                          
00003c9b  __aeabi_memclr                                    
00003c9b  __aeabi_memclr4                                   
00003c9b  __aeabi_memclr8                                   
00003c9d  __aeabi_memset                                    
00003c9d  __aeabi_memset4                                   
00003c9d  __aeabi_memset8                                   
00003ca3  memset                                            
00003d15  __TI_auto_init                                    
00003ded  IntDisable                                        
00003e55  IntEnable                                         
00003ebd  GPIOIntTypeSet                                    
00003f13  ltoa                                              
00003f69  _c_int00                                          
00003fb9  copy_in                                           
00004005  GPIOPinConfigure                                  
0000404d  UARTConfigSetExpClk                               
00004095  C$$EXIT                                           
00004099  abort                                             
000040a1  exit                                              
000040d9  __aeabi_uidiv                                     
000040d9  __aeabi_uidivmod                                  
00004119  ADCSequenceConfigure                              
00004157  SSIConfigSetExpClk                                
00004195  SysCtlPeripheralPresent                           
000041cd  SysCtlPeripheralEnable                            
00004201  ADCIntStatus                                      
0000422f  GPIODirModeSet                                    
00004259  PWMGenConfigure                                   
0000427d  UARTDisable                                       
0000429d  ADCSequenceDataGet                                
000042bb  PWMPulseWidthSet                                  
000042d9  _ZN4aeo17esp826611RxEndOfLineEv                   
000042f5  ADCClockConfigSet                                 
0000430d  ADCProcessorTrigger                               
00004325  GPIOPinTypeGPIOOutput                             
0000433d  _args_main                                        
00004355  strcmp                                            
0000436d  FPUStackingEnable                                 
00004381  SysCtlPWMClockSet                                 
00004395  SysTickEnable                                     
000043a9  SysTickIntEnable                                  
000043bd  UARTEnable                                        
000043d1  _register_unlock                                  
000043d7  _register_lock                                    
000043df  _nop                                              
000043e5  strlen                                            
000043f9  GPIOPinTypeADC                                    
0000440b  GPIOPinTypeGPIOInput                              
0000441d  GPIOPinTypePWM                                    
0000442f  GPIOPinTypeSSI                                    
00004441  GPIOPinTypeUART                                   
00004453  PWMOutputState                                    
00004465  SSIDataGetNonBlocking                             
00004477  ADCIntEnable                                      
00004489  FPUEnable                                         
00004499  IntMasterDisable                                  
000044a9  IntMasterEnable                                   
000044b9  PWMGenPeriodSet                                   
000044c9  SysTickPeriodSet                                  
000044d9  ADCHardwareOversampleConfigure                    
000044e7  ADCIntDisable                                     
000044f5  ADCSequenceDisable                                
00004503  ADCSequenceEnable                                 
00004511  GPIOIntDisable                                    
0000451f  SSIDataPutNonBlocking                             
0000452d  UARTCharGetNonBlocking                            
0000453b  UARTCharPutNonBlocking                            
00004549  UARTCharsAvail                                    
00004557  UARTSpaceAvail                                    
00004565  __TI_decompress_none                              
00004573  CPUcpsid                                          
0000457f  CPUcpsie                                          
0000458b  GPIOIntEnable                                     
00004597  PWMGenDisable                                     
000045a3  PWMGenEnable                                      
000045af  SSIDataGet                                        
000045bb  __TI_zero_init                                    
000045c7  ResetISR                                          
000045d3  ADCIntClear                                       
000045dd  PWMGenIntTrigEnable                               
000045e7  SSIDataPut                                        
000045f1  SSIDisable                                        
000045fb  SSIEnable                                         
00004605  SSIIntDisable                                     
0000460f  SSIIntStatus                                      
00004619  UARTIntDisable                                    
00004623  UARTIntStatus                                     
0000462d  _ZN4aeo114ssi_peripheral4OnRxEv                   
00004637  _ZN4aeo114ssi_peripheral4OnTxEv                   
00004641  PWMIntEnable                                      
00004649  SSIIntEnable                                      
00004651  UARTIntEnable                                     
00004659  _ZdlPv                                            
00004661  GPIOPinWrite                                      
00004667  PWMGenIntClear                                    
0000466d  SysCtlDelay                                       
00004673  UARTClockSourceSet                                
00004679  UARTFIFOLevelSet                                  
0000467f  __TI_decompress_rle24                             
00004685  SSIIntClear                                       
00004689  UARTIntClear                                      
0000468d  _system_pre_init                                  
00004bda  _ZTSe                                             
00005200  _ZTSN10__cxxabiv123__fundamental_type_infoE       
00005228  _ZTVN4aeo111ssi_drv8711E                          
00005250  _ZTVN4aeo114ssi_peripheralE                       
000052a0  _ZTSN10__cxxabiv120__si_class_type_infoE          
000052c5  _ZTSN10__cxxabiv119__pointer_type_infoE           
000052e9  _ZTSN10__cxxabiv117__class_type_infoE             
0000530b  _ZTSN10__cxxabiv117__pbase_type_infoE             
0000534c  _ZTSN4aeo114ssi_peripheralE                       
00005364  _ZTSN4aeo112adc_potmeterE                         
0000537a  _ZTSN4aeo111pwm_stepperE                          
0000538f  _ZTSN4aeo111ssi_drv8711E                          
000053cc  _ZTIPKe                                           
000053dc  _ZTSN4aeo17drv8711E                               
000053ec  _ZTSN4aeo17esp8266E                               
000053fc  _ZTVN10__cxxabiv117__class_type_infoE             
0000540c  _ZTVN10__cxxabiv119__pointer_type_infoE           
0000541c  _ZTVN10__cxxabiv120__si_class_type_infoE          
0000542c  _ZTVN10__cxxabiv123__fundamental_type_infoE       
0000543c  _ZTVN4aeo111pwm_stepperE                          
0000544c  _ZTVN4aeo112adc_potmeterE                         
0000545c  _ZTVN4aeo17drv8711E                               
0000546c  _ZTVN4aeo17esp8266E                               
0000547c  _ZTSSt9type_info                                  
0000548c  _ZTIN10__cxxabiv117__class_type_infoE             
00005498  _ZTIN10__cxxabiv117__pbase_type_infoE             
000054a4  _ZTIN10__cxxabiv119__pointer_type_infoE           
000054b0  _ZTIN10__cxxabiv120__si_class_type_infoE          
000054bc  _ZTIN10__cxxabiv123__fundamental_type_infoE       
000054c8  _ZTIN4aeo111ssi_drv8711E                          
000054d4  _ZTIN4aeo111pwm_stepperE                          
000054dc  _ZTIN4aeo112adc_potmeterE                         
000054e4  _ZTIN4aeo114ssi_peripheralE                       
000054ec  _ZTIN4aeo17drv8711E                               
000054f4  _ZTIN4aeo17esp8266E                               
000054fc  _ZTISt9type_info                                  
00005504  _ZTIe                                             
0000550c  _ZTSPKe                                           
00005510  SHT$$INIT_ARRAY$$Base                             
00005514  SHT$$INIT_ARRAY$$Limit                            
00005670  __TI_Handler_Table_Base                           
0000567c  __TI_Handler_Table_Limit                          
00005688  __TI_CINIT_Base                                   
00005698  __TI_CINIT_Limit                                  
20000400  g_oEsp8266                                        
20000518  g_oDrv8711                                        
200006e8  _ZSt16__dummy_typeinfo                            
200006ec  __dso_handle                                      
200006f8  __stack                                           
200008f8  __STACK_END                                       
200008f8  __STACK_TOP                                       
200008f8  g_psCmdTable                                      
20000970  _ZN4aeo118SSI0_SpecificationE                     
200009a4  _ZN4aeo118SSI1_SpecificationE                     
200009d8  _ZN4aeo118SSI2_SpecificationE                     
20000a0c  _ZN4aeo118SSI3_SpecificationE                     
20000a58  _ZN4aeo112adc_potmeter10m_nCounterE               
20000a5c  _ZN4aeo112adc_potmeter15m_nErrorCounterE          
20000a60  _ZN4aeo112adc_potmeter14m_nReadCounterE           
20000a64  _ZN4aeo112adc_potmeter16m_pTheOneAndOnlyE         
20000a84  _lock                                             
20000a88  _unlock                                           
20000a8c  __TI_cleanup_ptr                                  
20000a90  __TI_dtors_ptr                                    
20000aa4  main_func_sp                                      
20000ab0  _sys_memory                                       
ffffffff  __binit__                                         
ffffffff  __c_args__                                        
ffffffff  binit                                             

[368 symbols]
