******************************************************************************
                  TI ARM Linker PC v5.2.7                      
******************************************************************************
>> Linked Mon Apr 25 11:31:36 2016

OUTPUT FILE NAME:   <solo_stepper.out>
ENTRY POINT SYMBOL: "_c_int00"  address: 0000491d


MEMORY CONFIGURATION

         name            origin    length      used     unused   attr    fill
----------------------  --------  ---------  --------  --------  ----  --------
  FLASH                 00000000   00040000  00006200  00039e00  R  X
  SRAM                  20000000   00008000  00000be5  0000741b  RW X


SEGMENT ALLOCATION MAP

run origin  load origin   length   init length attrs members
----------  ----------- ---------- ----------- ----- -------
00000000    00000000    00006200   00006200    r-x
  00000000    00000000    0000026c   0000026c    r-- .intvecs
  0000026c    0000026c    00004e2c   00004e2c    r-x .text
  00005098    00005098    00000fb4   00000fb4    r-- .const
  0000604c    0000604c    00000004   00000004    r-- .init_array
  00006050    00006050    000001b0   000001b0    r-- .cinit
20000000    20000000    00000be8   00000000    rw-
  20000000    20000000    000007f9   00000000    rw- .bss
  200007fc    200007fc    00000200   00000000    rw- .stack
  200009fc    200009fc    000001e4   00000000    rw- .data
  20000be0    20000be0    00000008   00000000    rw- .sysmem


SECTION ALLOCATION MAP

 output                                  attributes/
section   page    origin      length       input sections
--------  ----  ----------  ----------   ----------------
.intvecs   0    00000000    0000026c     
                  00000000    0000026c     tm4c123gh6pm_startup_ccs.obj (.intvecs)

.text      0    0000026c    00004e2c     
                  0000026c    00000c84     tiva_utils.lib : ustdlib.obj (.text)
                  00000ef0    00000860                    : uartstdio.obj (.text)
                  00001750    00000740     esp8266.obj (.text)
                  00001e90    00000650     main.obj (.text)
                  000024e0    00000578     drv8711.obj (.text)
                  00002a58    00000558     aeo1_drivers.lib : ssi_peripheral.obj (.text)
                  00002fb0    00000478                      : pwm_stepper.obj (.text)
                  00003428    000003dc     rtsv7M4_T_le_v4SPD16_eabi.lib : memory.obj (.text)
                  00003804    000002e8     aeo1_drivers.lib : ssi_drv8711.obj (.text)
                  00003aec    000002c4     drv8711_registers.obj (.text)
                  00003db0    000001f4     aeo1_drivers.lib : adc_potmeter.obj (.text)
                  00003fa4    00000132     driverlib.lib : gpio.obj (.text:GPIOPadConfigSet)
                  000040d6    00000002     rtsv7M4_T_le_v4SPD16_eabi.lib : i_div0.obj (.text)
                  000040d8    00000110     driverlib.lib : sysctl.obj (.text:SysCtlClockGet)
                  000041e8    000000f4                   : sysctl.obj (.text:SysCtlClockSet)
                  000042dc    000000f4     rtsv7M4_T_le_v4SPD16_eabi.lib : dtor_list.obj (.text)
                  000043d0    000000bc                                   : typeinfo_.obj (.text)
                  0000448c    000000ac     tiva_utils.lib : cmdline.obj (.text)
                  00004538    0000009c     rtsv7M4_T_le_v4SPD16_eabi.lib : memcpy_t2.obj (.text)
                  000045d4    0000007a     driverlib.lib : adc.obj (.text:ADCSequenceStepConfigure)
                  0000464e    0000007a     rtsv7M4_T_le_v4SPD16_eabi.lib : memset_t2.obj (.text)
                  000046c8    0000006c                                   : autoinit.obj (.text)
                  00004734    0000006a                                   : copy_decompress_rle.obj (.text)
                  0000479e    00000002     --HOLE-- [fill = 0]
                  000047a0    00000068     driverlib.lib : interrupt.obj (.text:IntDisable)
                  00004808    00000068                   : interrupt.obj (.text:IntEnable)
                  00004870    00000056                   : gpio.obj (.text:GPIOIntTypeSet)
                  000048c6    00000056     rtsv7M4_T_le_v4SPD16_eabi.lib : ltoa.obj (.text)
                  0000491c    00000050                                   : boot.obj (.text)
                  0000496c    0000004c                                   : cpy_tbl.obj (.text)
                  000049b8    00000048     driverlib.lib : gpio.obj (.text:GPIOPinConfigure)
                  00004a00    00000046                   : uart.obj (.text:UARTConfigSetExpClk)
                  00004a46    00000002     --HOLE-- [fill = 0]
                  00004a48    00000044     rtsv7M4_T_le_v4SPD16_eabi.lib : exit.obj (.text)
                  00004a8c    00000040                                   : u_divt2.obj (.text)
                  00004acc    0000003e     driverlib.lib : adc.obj (.text:ADCSequenceConfigure)
                  00004b0a    0000003c                   : ssi.obj (.text:SSIConfigSetExpClk)
                  00004b46    00000002     --HOLE-- [fill = 0]
                  00004b48    00000038                   : sysctl.obj (.text:SysCtlPeripheralPresent)
                  00004b80    00000034                   : sysctl.obj (.text:SysCtlPeripheralEnable)
                  00004bb4    00000034     rtsv7M4_T_le_v4SPD16_eabi.lib : strstr.obj (.text)
                  00004be8    0000002e     driverlib.lib : adc.obj (.text:ADCIntStatus)
                  00004c16    0000002a                   : gpio.obj (.text:GPIODirModeSet)
                  00004c40    00000026     rtsv7M4_T_le_v4SPD16_eabi.lib : strncmp.obj (.text)
                  00004c66    00000022     driverlib.lib : pwm.obj (.text:PWMGenConfigure)
                  00004c88    00000020                   : uart.obj (.text:UARTDisable)
                  00004ca8    0000001e                   : adc.obj (.text:ADCSequenceDataGet)
                  00004cc6    0000001e                   : pwm.obj (.text:PWMPulseWidthSet)
                  00004ce4    00000018                   : adc.obj (.text:ADCClockConfigSet)
                  00004cfc    00000018                   : adc.obj (.text:ADCProcessorTrigger)
                  00004d14    00000018                   : gpio.obj (.text:GPIOPinTypeGPIOOutput)
                  00004d2c    00000018     rtsv7M4_T_le_v4SPD16_eabi.lib : args_main.obj (.text)
                  00004d44    00000018                                   : strcmp.obj (.text)
                  00004d5c    00000016                                   : strchr.obj (.text)
                  00004d72    00000002     --HOLE-- [fill = 0]
                  00004d74    00000014     driverlib.lib : fpu.obj (.text:FPUStackingEnable)
                  00004d88    00000014                   : sysctl.obj (.text:SysCtlPWMClockSet)
                  00004d9c    00000014                   : systick.obj (.text:SysTickEnable)
                  00004db0    00000014                   : systick.obj (.text:SysTickIntEnable)
                  00004dc4    00000014                   : uart.obj (.text:UARTEnable)
                  00004dd8    00000014     rtsv7M4_T_le_v4SPD16_eabi.lib : _lock.obj (.text)
                  00004dec    00000014                                   : strlen.obj (.text)
                  00004e00    00000012     driverlib.lib : gpio.obj (.text:GPIOPinTypeADC)
                  00004e12    00000012                   : gpio.obj (.text:GPIOPinTypeGPIOInput)
                  00004e24    00000012                   : gpio.obj (.text:GPIOPinTypePWM)
                  00004e36    00000012                   : gpio.obj (.text:GPIOPinTypeSSI)
                  00004e48    00000012                   : gpio.obj (.text:GPIOPinTypeUART)
                  00004e5a    00000012                   : pwm.obj (.text:PWMOutputState)
                  00004e6c    00000012                   : ssi.obj (.text:SSIDataGetNonBlocking)
                  00004e7e    00000010                   : adc.obj (.text:ADCIntEnable)
                  00004e8e    00000002     --HOLE-- [fill = 0]
                  00004e90    00000010                   : fpu.obj (.text:FPUEnable)
                  00004ea0    00000010                   : interrupt.obj (.text:IntMasterDisable)
                  00004eb0    00000010                   : interrupt.obj (.text:IntMasterEnable)
                  00004ec0    00000010                   : pwm.obj (.text:PWMGenPeriodSet)
                  00004ed0    00000010                   : systick.obj (.text:SysTickPeriodSet)
                  00004ee0    0000000e                   : adc.obj (.text:ADCHardwareOversampleConfigure)
                  00004eee    0000000e                   : adc.obj (.text:ADCIntDisable)
                  00004efc    0000000e                   : adc.obj (.text:ADCSequenceDisable)
                  00004f0a    0000000e                   : adc.obj (.text:ADCSequenceEnable)
                  00004f18    0000000e                   : gpio.obj (.text:GPIOIntDisable)
                  00004f26    0000000e                   : ssi.obj (.text:SSIDataPutNonBlocking)
                  00004f34    0000000e                   : uart.obj (.text:UARTCharGetNonBlocking)
                  00004f42    0000000e                   : uart.obj (.text:UARTCharPutNonBlocking)
                  00004f50    0000000e                   : uart.obj (.text:UARTCharsAvail)
                  00004f5e    0000000e                   : uart.obj (.text:UARTSpaceAvail)
                  00004f6c    0000000e     rtsv7M4_T_le_v4SPD16_eabi.lib : copy_decompress_none.obj (.text:decompress:none)
                  00004f7a    0000000c     driverlib.lib : cpu.obj (.text:CPUcpsid)
                  00004f86    0000000c                   : cpu.obj (.text:CPUcpsie)
                  00004f92    0000000c                   : gpio.obj (.text:GPIOIntEnable)
                  00004f9e    0000000c                   : pwm.obj (.text:PWMGenDisable)
                  00004faa    0000000c                   : pwm.obj (.text:PWMGenEnable)
                  00004fb6    0000000c                   : ssi.obj (.text:SSIDataGet)
                  00004fc2    0000000c     rtsv7M4_T_le_v4SPD16_eabi.lib : copy_zero_init.obj (.text:decompress:ZI)
                  00004fce    0000000c     tm4c123gh6pm_startup_ccs.obj (.text)
                  00004fda    0000000a     driverlib.lib : adc.obj (.text:ADCIntClear)
                  00004fe4    0000000a                   : pwm.obj (.text:PWMGenIntTrigEnable)
                  00004fee    0000000a                   : ssi.obj (.text:SSIDataPut)
                  00004ff8    0000000a                   : ssi.obj (.text:SSIDisable)
                  00005002    0000000a                   : ssi.obj (.text:SSIEnable)
                  0000500c    0000000a                   : ssi.obj (.text:SSIIntDisable)
                  00005016    0000000a                   : ssi.obj (.text:SSIIntStatus)
                  00005020    0000000a                   : uart.obj (.text:UARTIntDisable)
                  0000502a    0000000a                   : uart.obj (.text:UARTIntStatus)
                  00005034    0000000a     aeo1_drivers.lib : ssi_drv8711.obj (.text:_ZN4aeo114ssi_peripheral4OnRxEv)
                  0000503e    0000000a                      : ssi_drv8711.obj (.text:_ZN4aeo114ssi_peripheral4OnTxEv)
                  00005048    00000008     driverlib.lib : pwm.obj (.text:PWMIntEnable)
                  00005050    00000008                   : ssi.obj (.text:SSIIntEnable)
                  00005058    00000008                   : uart.obj (.text:UARTIntEnable)
                  00005060    00000008     rtsv7M4_T_le_v4SPD16_eabi.lib : delete.obj (.text)
                  00005068    00000006     driverlib.lib : gpio.obj (.text:GPIOPinWrite)
                  0000506e    00000006                   : pwm.obj (.text:PWMGenIntClear)
                  00005074    00000006                   : sysctl.obj (.text:SysCtlDelay)
                  0000507a    00000006                   : uart.obj (.text:UARTClockSourceSet)
                  00005080    00000006                   : uart.obj (.text:UARTFIFOLevelSet)
                  00005086    00000006     rtsv7M4_T_le_v4SPD16_eabi.lib : copy_decompress_rle.obj (.text:decompress:rle24)
                  0000508c    00000004     driverlib.lib : ssi.obj (.text:SSIIntClear)
                  00005090    00000004                   : uart.obj (.text:UARTIntClear)
                  00005094    00000004     rtsv7M4_T_le_v4SPD16_eabi.lib : pre_init.obj (.text)

.const     0    00005098    00000fb4     
                  00005098    0000054a     drv8711_registers.obj (.const:.string)
                  000055e2    00000002     rtsv7M4_T_le_v4SPD16_eabi.lib : typeinfo_.obj (.const:.typeinfo:_ZTSe)
                  000055e4    00000294     drv8711_registers.obj (.const:DRV8711_Fields)
                  00005878    000001b8     main.obj (.const:.string)
                  00005a30    00000090     driverlib.lib : gpio.obj (.const:g_pui32GPIOBaseAddrs)
                  00005ac0    00000080     esp8266.obj (.const:_ZN4aeo112InitCommandsE)
                  00005b40    00000076     esp8266.obj (.const:.string)
                  00005bb6    00000002     --HOLE-- [fill = 0]
                  00005bb8    00000070     driverlib.lib : interrupt.obj (.const)
                  00005c28    0000006c                   : sysctl.obj (.const:g_pui32Xtals)
                  00005c94    00000048     drv8711.obj (.const:$P$T0$1)
                  00005cdc    00000030     drv8711_registers.obj (.const:DRV8711_Masks)
                  00005d0c    00000030     tiva_utils.lib : ustdlib.obj (.const:g_psDaysToMonth)
                  00005d3c    00000028     rtsv7M4_T_le_v4SPD16_eabi.lib : typeinfo_.obj (.const:.typeinfo:_ZTSN10__cxxabiv123__fundamental_type_infoE)
                  00005d64    00000028     aeo1_drivers.lib : ssi_drv8711.obj (.const:_ZTVN4aeo111ssi_drv8711E)
                  00005d8c    00000028                      : ssi_peripheral.obj (.const:_ZTVN4aeo114ssi_peripheralE)
                  00005db4    00000028     tiva_utils.lib : uartstdio.obj (.const)
                  00005ddc    00000025     rtsv7M4_T_le_v4SPD16_eabi.lib : typeinfo_.obj (.const:.typeinfo:_ZTSN10__cxxabiv120__si_class_type_infoE)
                  00005e01    00000024                                   : typeinfo_.obj (.const:.typeinfo:_ZTSN10__cxxabiv119__pointer_type_infoE)
                  00005e25    00000022                                   : typeinfo_.obj (.const:.typeinfo:_ZTSN10__cxxabiv117__class_type_infoE)
                  00005e47    00000022                                   : typeinfo_.obj (.const:.typeinfo:_ZTSN10__cxxabiv117__pbase_type_infoE)
                  00005e69    00000003     --HOLE-- [fill = 0]
                  00005e6c    0000001c     tiva_utils.lib : ustdlib.obj (.const)
                  00005e88    00000018     aeo1_drivers.lib : ssi_peripheral.obj (.const:.typeinfo:_ZTSN4aeo114ssi_peripheralE)
                  00005ea0    00000016                      : adc_potmeter.obj (.const:.typeinfo:_ZTSN4aeo112adc_potmeterE)
                  00005eb6    00000015                      : pwm_stepper.obj (.const:.typeinfo:_ZTSN4aeo111pwm_stepperE)
                  00005ecb    00000015                      : ssi_drv8711.obj (.const:.typeinfo:_ZTSN4aeo111ssi_drv8711E)
                  00005ee0    00000012     tiva_utils.lib : uartstdio.obj (.const:.string)
                  00005ef2    00000002     --HOLE-- [fill = 0]
                  00005ef4    00000012                    : ustdlib.obj (.const:.string)
                  00005f06    00000002     --HOLE-- [fill = 0]
                  00005f08    00000010     rtsv7M4_T_le_v4SPD16_eabi.lib : typeinfo_.obj (.const:.typeinfo:_ZTIPKe)
                  00005f18    00000010     drv8711.obj (.const:.typeinfo:_ZTSN4aeo17drv8711E)
                  00005f28    00000010     esp8266.obj (.const:.typeinfo:_ZTSN4aeo17esp8266E)
                  00005f38    00000010     rtsv7M4_T_le_v4SPD16_eabi.lib : typeinfo_.obj (.const:_ZTVN10__cxxabiv117__class_type_infoE)
                  00005f48    00000010                                   : typeinfo_.obj (.const:_ZTVN10__cxxabiv119__pointer_type_infoE)
                  00005f58    00000010                                   : typeinfo_.obj (.const:_ZTVN10__cxxabiv120__si_class_type_infoE)
                  00005f68    00000010                                   : typeinfo_.obj (.const:_ZTVN10__cxxabiv123__fundamental_type_infoE)
                  00005f78    00000010     aeo1_drivers.lib : pwm_stepper.obj (.const:_ZTVN4aeo111pwm_stepperE)
                  00005f88    00000010                      : adc_potmeter.obj (.const:_ZTVN4aeo112adc_potmeterE)
                  00005f98    00000010     drv8711.obj (.const:_ZTVN4aeo17drv8711E)
                  00005fa8    00000010     esp8266.obj (.const:_ZTVN4aeo17esp8266E)
                  00005fb8    0000000d     rtsv7M4_T_le_v4SPD16_eabi.lib : typeinfo_.obj (.const:.typeinfo:_ZTSSt9type_info)
                  00005fc5    00000003     --HOLE-- [fill = 0]
                  00005fc8    0000000c                                   : typeinfo_.obj (.const:.typeinfo:_ZTIN10__cxxabiv117__class_type_infoE)
                  00005fd4    0000000c                                   : typeinfo_.obj (.const:.typeinfo:_ZTIN10__cxxabiv117__pbase_type_infoE)
                  00005fe0    0000000c                                   : typeinfo_.obj (.const:.typeinfo:_ZTIN10__cxxabiv119__pointer_type_infoE)
                  00005fec    0000000c                                   : typeinfo_.obj (.const:.typeinfo:_ZTIN10__cxxabiv120__si_class_type_infoE)
                  00005ff8    0000000c                                   : typeinfo_.obj (.const:.typeinfo:_ZTIN10__cxxabiv123__fundamental_type_infoE)
                  00006004    0000000c     aeo1_drivers.lib : ssi_drv8711.obj (.const:.typeinfo:_ZTIN4aeo111ssi_drv8711E)
                  00006010    00000008                      : pwm_stepper.obj (.const:.typeinfo:_ZTIN4aeo111pwm_stepperE)
                  00006018    00000008                      : adc_potmeter.obj (.const:.typeinfo:_ZTIN4aeo112adc_potmeterE)
                  00006020    00000008                      : ssi_peripheral.obj (.const:.typeinfo:_ZTIN4aeo114ssi_peripheralE)
                  00006028    00000008     drv8711.obj (.const:.typeinfo:_ZTIN4aeo17drv8711E)
                  00006030    00000008     esp8266.obj (.const:.typeinfo:_ZTIN4aeo17esp8266E)
                  00006038    00000008     rtsv7M4_T_le_v4SPD16_eabi.lib : typeinfo_.obj (.const:.typeinfo:_ZTISt9type_info)
                  00006040    00000008                                   : typeinfo_.obj (.const:.typeinfo:_ZTIe)
                  00006048    00000004                                   : typeinfo_.obj (.const:.typeinfo:_ZTSPKe)

.init_array 
*          0    0000604c    00000004     
                  0000604c    00000004     main.obj (.init_array)

.cinit     0    00006050    000001b0     
                  00006050    00000188     (.cinit..data.load) [load image, compression = rle]
                  000061d8    0000000c     (__TI_handler_table)
                  000061e4    00000004     --HOLE-- [fill = 0]
                  000061e8    00000008     (.cinit..bss.load) [load image, compression = zero_init]
                  000061f0    00000010     (__TI_cinit_table)

.bss       0    20000000    000007f9     UNINITIALIZED
                  20000000    00000400     tiva_utils.lib : uartstdio.obj (.bss:g_pcUARTTxBuffer)
                  20000400    00000218     main.obj (.bss:g_oEsp8266)
                  20000618    000000b0     main.obj (.bss:g_oDrv8711)
                  200006c8    00000080     tiva_utils.lib : uartstdio.obj (.bss:g_pcUARTRxBuffer)
                  20000748    00000080     main.obj (.bss:g_zInput)
                  200007c8    00000024     tiva_utils.lib : cmdline.obj (.bss:g_ppcArgv)
                  200007ec    00000004     (.common:_ZSt16__dummy_typeinfo)
                  200007f0    00000004     (.common:__dso_handle)
                  200007f4    00000004     (.common:g_ui32PortNum)
                  200007f8    00000001     (.common:g_bDisableEcho)

.TI.noinit 
*          0    20000000    00000000     UNINITIALIZED

.stack     0    200007fc    00000200     UNINITIALIZED
                  200007fc    00000200     --HOLE--

.data      0    200009fc    000001e4     UNINITIALIZED
                  200009fc    000000a8     main.obj (.data:g_psCmdTable)
                  20000aa4    00000034     aeo1_drivers.lib : ssi_peripheral.obj (.data:_ZN4aeo118SSI0_SpecificationE)
                  20000ad8    00000034                      : ssi_peripheral.obj (.data:_ZN4aeo118SSI1_SpecificationE)
                  20000b0c    00000034                      : ssi_peripheral.obj (.data:_ZN4aeo118SSI2_SpecificationE)
                  20000b40    00000034                      : ssi_peripheral.obj (.data:_ZN4aeo118SSI3_SpecificationE)
                  20000b74    00000015     tiva_utils.lib : uartstdio.obj (.data)
                  20000b89    00000001     main.obj (.data)
                  20000b8a    00000002     --HOLE--
                  20000b8c    00000010     aeo1_drivers.lib : adc_potmeter.obj (.data)
                  20000b9c    00000010                      : ssi_peripheral.obj (.data)
                  20000bac    0000000c     rtsv7M4_T_le_v4SPD16_eabi.lib : memory.obj (.data)
                  20000bb8    00000008                                   : _lock.obj (.data)
                  20000bc0    00000008                                   : exit.obj (.data)
                  20000bc8    00000004     aeo1_drivers.lib : pwm_stepper.obj (.data)
                  20000bcc    00000004                      : ssi_drv8711.obj (.data)
                  20000bd0    00000004     esp8266.obj (.data)
                  20000bd4    00000004     rtsv7M4_T_le_v4SPD16_eabi.lib : dtor_list.obj (.data)
                  20000bd8    00000004                                   : stkdepth_vars.obj (.data)
                  20000bdc    00000004     tiva_utils.lib : ustdlib.obj (.data)

.TI.persistent 
*          0    200009fc    00000000     UNINITIALIZED

.sysmem    0    20000be0    00000008     UNINITIALIZED
                  20000be0    00000008     rtsv7M4_T_le_v4SPD16_eabi.lib : memory.obj (.sysmem)


LINKER GENERATED COPY TABLES

__TI_cinit_table @ 000061f0 records: 2, size/record: 8, table size: 16
	.data: load addr=00006050, load size=00000188 bytes, run addr=200009fc, run size=000001e4 bytes, compression=rle
	.bss: load addr=000061e8, load size=00000008 bytes, run addr=20000000, run size=000007f9 bytes, compression=zero_init


LINKER GENERATED HANDLER TABLE

__TI_handler_table @ 000061d8 records: 3, size/record: 4, table size: 12
	index: 0, handler: __TI_decompress_rle24
	index: 1, handler: __TI_decompress_none
	index: 2, handler: __TI_zero_init


GLOBAL SYMBOLS: SORTED ALPHABETICALLY BY Name 

address   name                                              
-------   ----                                              
00004ce5  ADCClockConfigSet                                 
00004ee1  ADCHardwareOversampleConfigure                    
00004fdb  ADCIntClear                                       
00004eef  ADCIntDisable                                     
00004e7f  ADCIntEnable                                      
00004be9  ADCIntStatus                                      
00004cfd  ADCProcessorTrigger                               
00004acd  ADCSequenceConfigure                              
00004ca9  ADCSequenceDataGet                                
00004efd  ADCSequenceDisable                                
00004f0b  ADCSequenceEnable                                 
000045d5  ADCSequenceStepConfigure                          
00004a49  C$$EXIT                                           
00004f7b  CPUcpsid                                          
00004f87  CPUcpsie                                          
0000448d  CmdLineProcess                                    
00004e91  FPUEnable                                         
00004d75  FPUStackingEnable                                 
00004c17  GPIODirModeSet                                    
00004f19  GPIOIntDisable                                    
00004f93  GPIOIntEnable                                     
00004871  GPIOIntTypeSet                                    
00003fa5  GPIOPadConfigSet                                  
000049b9  GPIOPinConfigure                                  
00004e01  GPIOPinTypeADC                                    
00004e13  GPIOPinTypeGPIOInput                              
00004d15  GPIOPinTypeGPIOOutput                             
00004e25  GPIOPinTypePWM                                    
00004e37  GPIOPinTypeSSI                                    
00004e49  GPIOPinTypeUART                                   
00005069  GPIOPinWrite                                      
000047a1  IntDisable                                        
00004809  IntEnable                                         
00004ea1  IntMasterDisable                                  
00004eb1  IntMasterEnable                                   
00003db1  OnADCInterrupt                                    
00003805  OnGPIOBInterrupt                                  
00003821  OnGPIOEInterrupt                                  
00002fb1  OnPWM1Gen1Interrupt                               
00002a59  OnSSI0Interrupt                                   
00002a73  OnSSI1Interrupt                                   
00002a8d  OnSSI2Interrupt                                   
00002aa7  OnSSI3Interrupt                                   
00004c67  PWMGenConfigure                                   
00004f9f  PWMGenDisable                                     
00004fab  PWMGenEnable                                      
0000506f  PWMGenIntClear                                    
00004fe5  PWMGenIntTrigEnable                               
00004ec1  PWMGenPeriodSet                                   
00005049  PWMIntEnable                                      
00004e5b  PWMOutputState                                    
00004cc7  PWMPulseWidthSet                                  
00004fcf  ResetISR                                          
0000604c  SHT$$INIT_ARRAY$$Base                             
00006050  SHT$$INIT_ARRAY$$Limit                            
00004b0b  SSIConfigSetExpClk                                
00004fb7  SSIDataGet                                        
00004e6d  SSIDataGetNonBlocking                             
00004fef  SSIDataPut                                        
00004f27  SSIDataPutNonBlocking                             
00004ff9  SSIDisable                                        
00005003  SSIEnable                                         
0000508d  SSIIntClear                                       
0000500d  SSIIntDisable                                     
00005051  SSIIntEnable                                      
00005017  SSIIntStatus                                      
000040d9  SysCtlClockGet                                    
000041e9  SysCtlClockSet                                    
00005075  SysCtlDelay                                       
00004d89  SysCtlPWMClockSet                                 
00004b81  SysCtlPeripheralEnable                            
00004b49  SysCtlPeripheralPresent                           
00004d9d  SysTickEnable                                     
00004db1  SysTickIntEnable                                  
00002131  SysTickIntHandler                                 
00004ed1  SysTickPeriodSet                                  
00004f35  UARTCharGetNonBlocking                            
00004f43  UARTCharPutNonBlocking                            
00004f51  UARTCharsAvail                                    
0000507b  UARTClockSourceSet                                
00004a01  UARTConfigSetExpClk                               
00004c89  UARTDisable                                       
000015c9  UARTEchoSet                                       
00004dc5  UARTEnable                                        
00005081  UARTFIFOLevelSet                                  
00001573  UARTFlushRx                                       
00001593  UARTFlushTx                                       
00005091  UARTIntClear                                      
00005021  UARTIntDisable                                    
00005059  UARTIntEnable                                     
0000502b  UARTIntStatus                                     
00001519  UARTPeek                                          
000014f7  UARTRxBytesAvail                                  
00004f5f  UARTSpaceAvail                                    
00000fdd  UARTStdioConfig                                   
000015f5  UARTStdioIntHandler                               
00001505  UARTTxBytesFree                                   
0000117f  UARTgetc                                          
00001103  UARTgets                                          
000014d3  UARTprintf                                        
000011d9  UARTvprintf                                       
00001063  UARTwrite                                         
00002041  _Z10CMD_mresetiPPc                                
00002051  _Z10CMD_wresetiPPc                                
00003b6d  _Z23drv8711_registers_PrintiiPFbPKciS0_PvES1_     
00003c7f  _Z31drv8711_registers_GetFieldValuePKciRj         
00003d09  _Z31drv8711_registers_SetFieldValuePKcRjS0_       
00003c2b  _Z35drv8711_registers_GetRegisterNumberPKc        
00001eb1  _Z7CMD_getiPPc                                    
00001f13  _Z7CMD_setiPPc                                    
00001fe3  _Z8CMD_diagiPPc                                   
00001ea1  _Z8CMD_haltiPPc                                   
00002089  _Z8CMD_helpiPPc                                   
00001e91  _Z8CMD_idleiPPc                                   
00001f93  _Z8CMD_moveiPPc                                   
00001fc1  _Z8CMD_stopiPPc                                   
00002385  _Z8MainLoopv                                      
00002075  _Z9CMD_noerriPPc                                  
00002067  _Z9CMD_resetiPPc                                  
00002019  _Z9CMD_sleepiPPc                                  
0000447d  _ZN10__cxxabiv116__enum_type_infoD0Ev             
0000447b  _ZN10__cxxabiv116__enum_type_infoD1Ev             
0000447b  _ZN10__cxxabiv116__enum_type_infoD2Ev             
00004473  _ZN10__cxxabiv117__array_type_infoD0Ev            
00004471  _ZN10__cxxabiv117__array_type_infoD1Ev            
00004471  _ZN10__cxxabiv117__array_type_infoD2Ev            
00004469  _ZN10__cxxabiv117__class_type_infoD0Ev            
00004467  _ZN10__cxxabiv117__class_type_infoD1Ev            
00004467  _ZN10__cxxabiv117__class_type_infoD2Ev            
0000445f  _ZN10__cxxabiv117__pbase_type_infoD0Ev            
0000445d  _ZN10__cxxabiv117__pbase_type_infoD1Ev            
0000445d  _ZN10__cxxabiv117__pbase_type_infoD2Ev            
00004455  _ZN10__cxxabiv119__pointer_type_infoD0Ev          
00004453  _ZN10__cxxabiv119__pointer_type_infoD1Ev          
00004453  _ZN10__cxxabiv119__pointer_type_infoD2Ev          
0000444b  _ZN10__cxxabiv120__function_type_infoD0Ev         
00004449  _ZN10__cxxabiv120__function_type_infoD1Ev         
00004449  _ZN10__cxxabiv120__function_type_infoD2Ev         
00004441  _ZN10__cxxabiv120__si_class_type_infoD0Ev         
0000443f  _ZN10__cxxabiv120__si_class_type_infoD1Ev         
0000443f  _ZN10__cxxabiv120__si_class_type_infoD2Ev         
00004437  _ZN10__cxxabiv121__vmi_class_type_infoD0Ev        
00004435  _ZN10__cxxabiv121__vmi_class_type_infoD1Ev        
00004435  _ZN10__cxxabiv121__vmi_class_type_infoD2Ev        
0000442d  _ZN10__cxxabiv123__fundamental_type_infoD0Ev      
0000442b  _ZN10__cxxabiv123__fundamental_type_infoD1Ev      
0000442b  _ZN10__cxxabiv123__fundamental_type_infoD2Ev      
00004423  _ZN10__cxxabiv129__pointer_to_member_type_infoD0Ev
00004421  _ZN10__cxxabiv129__pointer_to_member_type_infoD1Ev
00004421  _ZN10__cxxabiv129__pointer_to_member_type_infoD2Ev
00003031  _ZN4aeo111pwm_stepper10InitializeEv               
00003165  _ZN4aeo111pwm_stepper11OnInterruptEv              
00003261  _ZN4aeo111pwm_stepper3GetEPKcRj                   
000033b1  _ZN4aeo111pwm_stepper3SetEPKcj                    
000030a3  _ZN4aeo111pwm_stepper4DiagEv                      
000030f3  _ZN4aeo111pwm_stepper4MoveEj                      
0000312d  _ZN4aeo111pwm_stepper4StopEb                      
00002fcd  _ZN4aeo111pwm_stepperC1Ev                         
00002fcd  _ZN4aeo111pwm_stepperC2Ev                         
0000301b  _ZN4aeo111pwm_stepperD0Ev                         
0000300f  _ZN4aeo111pwm_stepperD1Ev                         
0000300f  _ZN4aeo111pwm_stepperD2Ev                         
00003887  _ZN4aeo111ssi_drv871110InitializeEv               
00003a95  _ZN4aeo111ssi_drv871111GetRegisterEj              
000039b1  _ZN4aeo111ssi_drv871115OnGpioInterruptENS0_5EventE
00003953  _ZN4aeo111ssi_drv87114DiagEv                      
000039e5  _ZN4aeo111ssi_drv87114ReadEj                      
00003983  _ZN4aeo111ssi_drv87115ResetEv                     
00003965  _ZN4aeo111ssi_drv87115SleepEb                     
00003a47  _ZN4aeo111ssi_drv87115WriteEjj                    
0000383d  _ZN4aeo111ssi_drv8711C1Ev                         
0000383d  _ZN4aeo111ssi_drv8711C2Ev                         
00003871  _ZN4aeo111ssi_drv8711D0Ev                         
00003863  _ZN4aeo111ssi_drv8711D1Ev                         
00003863  _ZN4aeo111ssi_drv8711D2Ev                         
00003e1b  _ZN4aeo112adc_potmeter10InitializeEv              
20000b8c  _ZN4aeo112adc_potmeter10m_nCounterE               
00003e97  _ZN4aeo112adc_potmeter11OnInterruptEv             
20000b94  _ZN4aeo112adc_potmeter14m_nReadCounterE           
00003f41  _ZN4aeo112adc_potmeter15GetErrorCounterEv         
20000b90  _ZN4aeo112adc_potmeter15m_nErrorCounterE          
20000b98  _ZN4aeo112adc_potmeter16m_pTheOneAndOnlyE         
00003f59  _ZN4aeo112adc_potmeter4DiagEv                     
00003f13  _ZN4aeo112adc_potmeter7TriggerEv                  
00003f21  _ZN4aeo112adc_potmeter8GetValueEv                 
00003e7b  _ZN4aeo112adc_potmeter9TerminateEv                
00003dc3  _ZN4aeo112adc_potmeterC1Ev                        
00003dc3  _ZN4aeo112adc_potmeterC2Ev                        
00003e05  _ZN4aeo112adc_potmeterD0Ev                        
00003de1  _ZN4aeo112adc_potmeterD1Ev                        
00003de1  _ZN4aeo112adc_potmeterD2Ev                        
00002b8d  _ZN4aeo114ssi_peripheral10InitializeEv            
00002e8b  _ZN4aeo114ssi_peripheral10LoadTxFIFOEv            
00002cd5  _ZN4aeo114ssi_peripheral11OnInterruptEv           
00002ec1  _ZN4aeo114ssi_peripheral12UnloadRxFIFOEv          
00002e73  _ZN4aeo114ssi_peripheral3GetEv                    
00002e5f  _ZN4aeo114ssi_peripheral3PutEj                    
00002d75  _ZN4aeo114ssi_peripheral4DiagEv                   
00005035  _ZN4aeo114ssi_peripheral4OnRxEv                   
0000503f  _ZN4aeo114ssi_peripheral4OnTxEv                   
00002e03  _ZN4aeo114ssi_peripheral9TerminateEv              
00002ac1  _ZN4aeo114ssi_peripheralC1ENS0_9device_idEjb      
00002ac1  _ZN4aeo114ssi_peripheralC2ENS0_9device_idEjb      
00002b77  _ZN4aeo114ssi_peripheralD0Ev                      
00002b63  _ZN4aeo114ssi_peripheralD1Ev                      
00002b63  _ZN4aeo114ssi_peripheralD2Ev                      
20000aa4  _ZN4aeo118SSI0_SpecificationE                     
20000ad8  _ZN4aeo118SSI1_SpecificationE                     
20000b0c  _ZN4aeo118SSI2_SpecificationE                     
20000b40  _ZN4aeo118SSI3_SpecificationE                     
0000252d  _ZN4aeo17drv871110InitializeEv                    
000027a1  _ZN4aeo17drv871110SetDefaultEv                    
0000276b  _ZN4aeo17drv871111ClearFaultsEv                   
000028a9  _ZN4aeo17drv871111PrintStatusEj                   
0000281b  _ZN4aeo17drv871116ReadAllRegistersEv              
0000284d  _ZN4aeo17drv871117PrintAllRegistersEv             
000025ab  _ZN4aeo17drv87113GetEPKcPci                       
00002619  _ZN4aeo17drv87113SetEPKcS2_                       
00002719  _ZN4aeo17drv87114DiagEv                           
0000257d  _ZN4aeo17drv87114HaltEv                           
00002551  _ZN4aeo17drv87114IdleEv                           
0000268f  _ZN4aeo17drv87114MoveEi                           
000026ef  _ZN4aeo17drv87114StopEb                           
00002783  _ZN4aeo17drv87115ResetEv                          
00002741  _ZN4aeo17drv87115SleepEb                          
000024e1  _ZN4aeo17drv8711C1Ev                              
000024e1  _ZN4aeo17drv8711C2Ev                              
00002517  _ZN4aeo17drv8711D0Ev                              
000024ff  _ZN4aeo17drv8711D1Ev                              
000024ff  _ZN4aeo17drv8711D2Ev                              
000017d5  _ZN4aeo17esp826610InitializeEv                    
00001bf7  _ZN4aeo17esp826610OnTransmitEv                    
00001ba9  _ZN4aeo17esp826610SetBitrateEj                    
00001af7  _ZN4aeo17esp826611RxEndOfLineEv                   
00001b31  _ZN4aeo17esp826613ConfigureUARTEj                 
00001d21  _ZN4aeo17esp826616FillOutputBufferEPKc            
0000191d  _ZN4aeo17esp82664DiagEv                           
0000181d  _ZN4aeo17esp82665ResetEv                          
000018b7  _ZN4aeo17esp82665SetupEv                          
00001981  _ZN4aeo17esp82665WriteEPKc                        
00001dc5  _ZN4aeo17esp82666InvokeEPKcS2_S2_i                
0000194d  _ZN4aeo17esp82666OnUartEj                         
00001a69  _ZN4aeo17esp82668ReadLineEPci                     
00001c9f  _ZN4aeo17esp82669OnReceiveEv                      
00001783  _ZN4aeo17esp8266C1Ev                              
00001783  _ZN4aeo17esp8266C2Ev                              
000017bf  _ZN4aeo17esp8266D0Ev                              
000017b3  _ZN4aeo17esp8266D1Ev                              
000017b3  _ZN4aeo17esp8266D2Ev                              
000043e3  _ZNKSt9type_info4nameEv                           
00004413  _ZNKSt9type_info6beforeERKS_                      
000043fd  _ZNKSt9type_infoeqERKS_                           
000043e7  _ZNKSt9type_infoneERKS_                           
000043db  _ZNSt9type_infoD0Ev                               
000043d9  _ZNSt9type_infoD1Ev                               
000043d9  _ZNSt9type_infoD2Ev                               
200007ec  _ZSt16__dummy_typeinfo                            
000043d1  _ZSt21__gen_dummy_typeinfosv                      
00005fc8  _ZTIN10__cxxabiv117__class_type_infoE             
00005fd4  _ZTIN10__cxxabiv117__pbase_type_infoE             
00005fe0  _ZTIN10__cxxabiv119__pointer_type_infoE           
00005fec  _ZTIN10__cxxabiv120__si_class_type_infoE          
00005ff8  _ZTIN10__cxxabiv123__fundamental_type_infoE       
00006010  _ZTIN4aeo111pwm_stepperE                          
00006004  _ZTIN4aeo111ssi_drv8711E                          
00006018  _ZTIN4aeo112adc_potmeterE                         
00006020  _ZTIN4aeo114ssi_peripheralE                       
00006028  _ZTIN4aeo17drv8711E                               
00006030  _ZTIN4aeo17esp8266E                               
00005f08  _ZTIPKe                                           
00006038  _ZTISt9type_info                                  
00006040  _ZTIe                                             
00005e25  _ZTSN10__cxxabiv117__class_type_infoE             
00005e47  _ZTSN10__cxxabiv117__pbase_type_infoE             
00005e01  _ZTSN10__cxxabiv119__pointer_type_infoE           
00005ddc  _ZTSN10__cxxabiv120__si_class_type_infoE          
00005d3c  _ZTSN10__cxxabiv123__fundamental_type_infoE       
00005eb6  _ZTSN4aeo111pwm_stepperE                          
00005ecb  _ZTSN4aeo111ssi_drv8711E                          
00005ea0  _ZTSN4aeo112adc_potmeterE                         
00005e88  _ZTSN4aeo114ssi_peripheralE                       
00005f18  _ZTSN4aeo17drv8711E                               
00005f28  _ZTSN4aeo17esp8266E                               
00006048  _ZTSPKe                                           
00005fb8  _ZTSSt9type_info                                  
000055e2  _ZTSe                                             
00005f38  _ZTVN10__cxxabiv117__class_type_infoE             
00005f48  _ZTVN10__cxxabiv119__pointer_type_infoE           
00005f58  _ZTVN10__cxxabiv120__si_class_type_infoE          
00005f68  _ZTVN10__cxxabiv123__fundamental_type_infoE       
00005f78  _ZTVN4aeo111pwm_stepperE                          
00005d64  _ZTVN4aeo111ssi_drv8711E                          
00005f88  _ZTVN4aeo112adc_potmeterE                         
00005d8c  _ZTVN4aeo114ssi_peripheralE                       
00005f98  _ZTVN4aeo17drv8711E                               
00005fa8  _ZTVN4aeo17esp8266E                               
00005061  _ZdlPv                                            
200009fc  __STACK_END                                       
00000200  __STACK_SIZE                                      
200009fc  __STACK_TOP                                       
00000008  __SYSMEM_SIZE                                     
000061f0  __TI_CINIT_Base                                   
00006200  __TI_CINIT_Limit                                  
000061d8  __TI_Handler_Table_Base                           
000061e4  __TI_Handler_Table_Limit                          
000046c9  __TI_auto_init                                    
20000bc0  __TI_cleanup_ptr                                  
00004f6d  __TI_decompress_none                              
00005087  __TI_decompress_rle24                             
20000bc4  __TI_dtors_ptr                                    
00000000  __TI_static_base__                                
00004fc3  __TI_zero_init                                    
00004333  __aeabi_atexit                                    
000040d7  __aeabi_idiv0                                     
0000464f  __aeabi_memclr                                    
0000464f  __aeabi_memclr4                                   
0000464f  __aeabi_memclr8                                   
00004539  __aeabi_memcpy                                    
00004539  __aeabi_memcpy4                                   
00004539  __aeabi_memcpy8                                   
00004651  __aeabi_memset                                    
00004651  __aeabi_memset4                                   
00004651  __aeabi_memset8                                   
00004a8d  __aeabi_uidiv                                     
00004a8d  __aeabi_uidivmod                                  
ffffffff  __binit__                                         
ffffffff  __c_args__                                        
00004377  __cxa_atexit                                      
000042dd  __cxa_finalize                                    
0000431f  __cxa_ia64_exit                                   
200007f0  __dso_handle                                      
200007fc  __stack                                           
000023f5  __sti___8_main_cpp_779587d3                       
00004d2d  _args_main                                        
0000491d  _c_int00                                          
20000bb8  _lock                                             
00004de7  _nop                                              
00004ddf  _register_lock                                    
00004dd9  _register_unlock                                  
20000be0  _sys_memory                                       
00005095  _system_pre_init                                  
20000bbc  _unlock                                           
00004a4d  abort                                             
00004325  atexit                                            
ffffffff  binit                                             
000037d1  calloc                                            
0000496d  copy_in                                           
00001751  esp8266_UARTIntHandler                            
00004a55  exit                                              
0000351f  free                                              
20000618  g_oDrv8711                                        
20000400  g_oEsp8266                                        
00000000  g_pfnVectors                                      
200009fc  g_psCmdTable                                      
000048c7  ltoa                                              
000023e7  main                                              
20000bd8  main_func_sp                                      
000034b7  malloc                                            
000036ed  memalign                                          
00004539  memcpy                                            
00004657  memset                                            
00003429  minit                                             
000035e1  realloc                                           
00004d5d  strchr                                            
00004d45  strcmp                                            
00004ded  strlen                                            
00004c41  strncmp                                           
00004bb5  strstr                                            
00000751  ulocaltime                                        
0000094f  umktime                                           
00000ec9  urand                                             
00000721  usnprintf                                         
000006ef  usprintf                                          
00000eb9  usrand                                            
00000e31  ustrcasecmp                                       
00000ea5  ustrcmp                                           
00000d35  ustrlen                                           
00000d8d  ustrncasecmp                                      
00000e45  ustrncmp                                          
0000026d  ustrncpy                                          
00000d57  ustrstr                                           
00000afd  ustrtof                                           
000009c5  ustrtoul                                          
000002c5  uvsnprintf                                        


GLOBAL SYMBOLS: SORTED BY Symbol Address 

address   name                                              
-------   ----                                              
00000000  __TI_static_base__                                
00000000  g_pfnVectors                                      
00000008  __SYSMEM_SIZE                                     
00000200  __STACK_SIZE                                      
0000026d  ustrncpy                                          
000002c5  uvsnprintf                                        
000006ef  usprintf                                          
00000721  usnprintf                                         
00000751  ulocaltime                                        
0000094f  umktime                                           
000009c5  ustrtoul                                          
00000afd  ustrtof                                           
00000d35  ustrlen                                           
00000d57  ustrstr                                           
00000d8d  ustrncasecmp                                      
00000e31  ustrcasecmp                                       
00000e45  ustrncmp                                          
00000ea5  ustrcmp                                           
00000eb9  usrand                                            
00000ec9  urand                                             
00000fdd  UARTStdioConfig                                   
00001063  UARTwrite                                         
00001103  UARTgets                                          
0000117f  UARTgetc                                          
000011d9  UARTvprintf                                       
000014d3  UARTprintf                                        
000014f7  UARTRxBytesAvail                                  
00001505  UARTTxBytesFree                                   
00001519  UARTPeek                                          
00001573  UARTFlushRx                                       
00001593  UARTFlushTx                                       
000015c9  UARTEchoSet                                       
000015f5  UARTStdioIntHandler                               
00001751  esp8266_UARTIntHandler                            
00001783  _ZN4aeo17esp8266C1Ev                              
00001783  _ZN4aeo17esp8266C2Ev                              
000017b3  _ZN4aeo17esp8266D1Ev                              
000017b3  _ZN4aeo17esp8266D2Ev                              
000017bf  _ZN4aeo17esp8266D0Ev                              
000017d5  _ZN4aeo17esp826610InitializeEv                    
0000181d  _ZN4aeo17esp82665ResetEv                          
000018b7  _ZN4aeo17esp82665SetupEv                          
0000191d  _ZN4aeo17esp82664DiagEv                           
0000194d  _ZN4aeo17esp82666OnUartEj                         
00001981  _ZN4aeo17esp82665WriteEPKc                        
00001a69  _ZN4aeo17esp82668ReadLineEPci                     
00001af7  _ZN4aeo17esp826611RxEndOfLineEv                   
00001b31  _ZN4aeo17esp826613ConfigureUARTEj                 
00001ba9  _ZN4aeo17esp826610SetBitrateEj                    
00001bf7  _ZN4aeo17esp826610OnTransmitEv                    
00001c9f  _ZN4aeo17esp82669OnReceiveEv                      
00001d21  _ZN4aeo17esp826616FillOutputBufferEPKc            
00001dc5  _ZN4aeo17esp82666InvokeEPKcS2_S2_i                
00001e91  _Z8CMD_idleiPPc                                   
00001ea1  _Z8CMD_haltiPPc                                   
00001eb1  _Z7CMD_getiPPc                                    
00001f13  _Z7CMD_setiPPc                                    
00001f93  _Z8CMD_moveiPPc                                   
00001fc1  _Z8CMD_stopiPPc                                   
00001fe3  _Z8CMD_diagiPPc                                   
00002019  _Z9CMD_sleepiPPc                                  
00002041  _Z10CMD_mresetiPPc                                
00002051  _Z10CMD_wresetiPPc                                
00002067  _Z9CMD_resetiPPc                                  
00002075  _Z9CMD_noerriPPc                                  
00002089  _Z8CMD_helpiPPc                                   
00002131  SysTickIntHandler                                 
00002385  _Z8MainLoopv                                      
000023e7  main                                              
000023f5  __sti___8_main_cpp_779587d3                       
000024e1  _ZN4aeo17drv8711C1Ev                              
000024e1  _ZN4aeo17drv8711C2Ev                              
000024ff  _ZN4aeo17drv8711D1Ev                              
000024ff  _ZN4aeo17drv8711D2Ev                              
00002517  _ZN4aeo17drv8711D0Ev                              
0000252d  _ZN4aeo17drv871110InitializeEv                    
00002551  _ZN4aeo17drv87114IdleEv                           
0000257d  _ZN4aeo17drv87114HaltEv                           
000025ab  _ZN4aeo17drv87113GetEPKcPci                       
00002619  _ZN4aeo17drv87113SetEPKcS2_                       
0000268f  _ZN4aeo17drv87114MoveEi                           
000026ef  _ZN4aeo17drv87114StopEb                           
00002719  _ZN4aeo17drv87114DiagEv                           
00002741  _ZN4aeo17drv87115SleepEb                          
0000276b  _ZN4aeo17drv871111ClearFaultsEv                   
00002783  _ZN4aeo17drv87115ResetEv                          
000027a1  _ZN4aeo17drv871110SetDefaultEv                    
0000281b  _ZN4aeo17drv871116ReadAllRegistersEv              
0000284d  _ZN4aeo17drv871117PrintAllRegistersEv             
000028a9  _ZN4aeo17drv871111PrintStatusEj                   
00002a59  OnSSI0Interrupt                                   
00002a73  OnSSI1Interrupt                                   
00002a8d  OnSSI2Interrupt                                   
00002aa7  OnSSI3Interrupt                                   
00002ac1  _ZN4aeo114ssi_peripheralC1ENS0_9device_idEjb      
00002ac1  _ZN4aeo114ssi_peripheralC2ENS0_9device_idEjb      
00002b63  _ZN4aeo114ssi_peripheralD1Ev                      
00002b63  _ZN4aeo114ssi_peripheralD2Ev                      
00002b77  _ZN4aeo114ssi_peripheralD0Ev                      
00002b8d  _ZN4aeo114ssi_peripheral10InitializeEv            
00002cd5  _ZN4aeo114ssi_peripheral11OnInterruptEv           
00002d75  _ZN4aeo114ssi_peripheral4DiagEv                   
00002e03  _ZN4aeo114ssi_peripheral9TerminateEv              
00002e5f  _ZN4aeo114ssi_peripheral3PutEj                    
00002e73  _ZN4aeo114ssi_peripheral3GetEv                    
00002e8b  _ZN4aeo114ssi_peripheral10LoadTxFIFOEv            
00002ec1  _ZN4aeo114ssi_peripheral12UnloadRxFIFOEv          
00002fb1  OnPWM1Gen1Interrupt                               
00002fcd  _ZN4aeo111pwm_stepperC1Ev                         
00002fcd  _ZN4aeo111pwm_stepperC2Ev                         
0000300f  _ZN4aeo111pwm_stepperD1Ev                         
0000300f  _ZN4aeo111pwm_stepperD2Ev                         
0000301b  _ZN4aeo111pwm_stepperD0Ev                         
00003031  _ZN4aeo111pwm_stepper10InitializeEv               
000030a3  _ZN4aeo111pwm_stepper4DiagEv                      
000030f3  _ZN4aeo111pwm_stepper4MoveEj                      
0000312d  _ZN4aeo111pwm_stepper4StopEb                      
00003165  _ZN4aeo111pwm_stepper11OnInterruptEv              
00003261  _ZN4aeo111pwm_stepper3GetEPKcRj                   
000033b1  _ZN4aeo111pwm_stepper3SetEPKcj                    
00003429  minit                                             
000034b7  malloc                                            
0000351f  free                                              
000035e1  realloc                                           
000036ed  memalign                                          
000037d1  calloc                                            
00003805  OnGPIOBInterrupt                                  
00003821  OnGPIOEInterrupt                                  
0000383d  _ZN4aeo111ssi_drv8711C1Ev                         
0000383d  _ZN4aeo111ssi_drv8711C2Ev                         
00003863  _ZN4aeo111ssi_drv8711D1Ev                         
00003863  _ZN4aeo111ssi_drv8711D2Ev                         
00003871  _ZN4aeo111ssi_drv8711D0Ev                         
00003887  _ZN4aeo111ssi_drv871110InitializeEv               
00003953  _ZN4aeo111ssi_drv87114DiagEv                      
00003965  _ZN4aeo111ssi_drv87115SleepEb                     
00003983  _ZN4aeo111ssi_drv87115ResetEv                     
000039b1  _ZN4aeo111ssi_drv871115OnGpioInterruptENS0_5EventE
000039e5  _ZN4aeo111ssi_drv87114ReadEj                      
00003a47  _ZN4aeo111ssi_drv87115WriteEjj                    
00003a95  _ZN4aeo111ssi_drv871111GetRegisterEj              
00003b6d  _Z23drv8711_registers_PrintiiPFbPKciS0_PvES1_     
00003c2b  _Z35drv8711_registers_GetRegisterNumberPKc        
00003c7f  _Z31drv8711_registers_GetFieldValuePKciRj         
00003d09  _Z31drv8711_registers_SetFieldValuePKcRjS0_       
00003db1  OnADCInterrupt                                    
00003dc3  _ZN4aeo112adc_potmeterC1Ev                        
00003dc3  _ZN4aeo112adc_potmeterC2Ev                        
00003de1  _ZN4aeo112adc_potmeterD1Ev                        
00003de1  _ZN4aeo112adc_potmeterD2Ev                        
00003e05  _ZN4aeo112adc_potmeterD0Ev                        
00003e1b  _ZN4aeo112adc_potmeter10InitializeEv              
00003e7b  _ZN4aeo112adc_potmeter9TerminateEv                
00003e97  _ZN4aeo112adc_potmeter11OnInterruptEv             
00003f13  _ZN4aeo112adc_potmeter7TriggerEv                  
00003f21  _ZN4aeo112adc_potmeter8GetValueEv                 
00003f41  _ZN4aeo112adc_potmeter15GetErrorCounterEv         
00003f59  _ZN4aeo112adc_potmeter4DiagEv                     
00003fa5  GPIOPadConfigSet                                  
000040d7  __aeabi_idiv0                                     
000040d9  SysCtlClockGet                                    
000041e9  SysCtlClockSet                                    
000042dd  __cxa_finalize                                    
0000431f  __cxa_ia64_exit                                   
00004325  atexit                                            
00004333  __aeabi_atexit                                    
00004377  __cxa_atexit                                      
000043d1  _ZSt21__gen_dummy_typeinfosv                      
000043d9  _ZNSt9type_infoD1Ev                               
000043d9  _ZNSt9type_infoD2Ev                               
000043db  _ZNSt9type_infoD0Ev                               
000043e3  _ZNKSt9type_info4nameEv                           
000043e7  _ZNKSt9type_infoneERKS_                           
000043fd  _ZNKSt9type_infoeqERKS_                           
00004413  _ZNKSt9type_info6beforeERKS_                      
00004421  _ZN10__cxxabiv129__pointer_to_member_type_infoD1Ev
00004421  _ZN10__cxxabiv129__pointer_to_member_type_infoD2Ev
00004423  _ZN10__cxxabiv129__pointer_to_member_type_infoD0Ev
0000442b  _ZN10__cxxabiv123__fundamental_type_infoD1Ev      
0000442b  _ZN10__cxxabiv123__fundamental_type_infoD2Ev      
0000442d  _ZN10__cxxabiv123__fundamental_type_infoD0Ev      
00004435  _ZN10__cxxabiv121__vmi_class_type_infoD1Ev        
00004435  _ZN10__cxxabiv121__vmi_class_type_infoD2Ev        
00004437  _ZN10__cxxabiv121__vmi_class_type_infoD0Ev        
0000443f  _ZN10__cxxabiv120__si_class_type_infoD1Ev         
0000443f  _ZN10__cxxabiv120__si_class_type_infoD2Ev         
00004441  _ZN10__cxxabiv120__si_class_type_infoD0Ev         
00004449  _ZN10__cxxabiv120__function_type_infoD1Ev         
00004449  _ZN10__cxxabiv120__function_type_infoD2Ev         
0000444b  _ZN10__cxxabiv120__function_type_infoD0Ev         
00004453  _ZN10__cxxabiv119__pointer_type_infoD1Ev          
00004453  _ZN10__cxxabiv119__pointer_type_infoD2Ev          
00004455  _ZN10__cxxabiv119__pointer_type_infoD0Ev          
0000445d  _ZN10__cxxabiv117__pbase_type_infoD1Ev            
0000445d  _ZN10__cxxabiv117__pbase_type_infoD2Ev            
0000445f  _ZN10__cxxabiv117__pbase_type_infoD0Ev            
00004467  _ZN10__cxxabiv117__class_type_infoD1Ev            
00004467  _ZN10__cxxabiv117__class_type_infoD2Ev            
00004469  _ZN10__cxxabiv117__class_type_infoD0Ev            
00004471  _ZN10__cxxabiv117__array_type_infoD1Ev            
00004471  _ZN10__cxxabiv117__array_type_infoD2Ev            
00004473  _ZN10__cxxabiv117__array_type_infoD0Ev            
0000447b  _ZN10__cxxabiv116__enum_type_infoD1Ev             
0000447b  _ZN10__cxxabiv116__enum_type_infoD2Ev             
0000447d  _ZN10__cxxabiv116__enum_type_infoD0Ev             
0000448d  CmdLineProcess                                    
00004539  __aeabi_memcpy                                    
00004539  __aeabi_memcpy4                                   
00004539  __aeabi_memcpy8                                   
00004539  memcpy                                            
000045d5  ADCSequenceStepConfigure                          
0000464f  __aeabi_memclr                                    
0000464f  __aeabi_memclr4                                   
0000464f  __aeabi_memclr8                                   
00004651  __aeabi_memset                                    
00004651  __aeabi_memset4                                   
00004651  __aeabi_memset8                                   
00004657  memset                                            
000046c9  __TI_auto_init                                    
000047a1  IntDisable                                        
00004809  IntEnable                                         
00004871  GPIOIntTypeSet                                    
000048c7  ltoa                                              
0000491d  _c_int00                                          
0000496d  copy_in                                           
000049b9  GPIOPinConfigure                                  
00004a01  UARTConfigSetExpClk                               
00004a49  C$$EXIT                                           
00004a4d  abort                                             
00004a55  exit                                              
00004a8d  __aeabi_uidiv                                     
00004a8d  __aeabi_uidivmod                                  
00004acd  ADCSequenceConfigure                              
00004b0b  SSIConfigSetExpClk                                
00004b49  SysCtlPeripheralPresent                           
00004b81  SysCtlPeripheralEnable                            
00004bb5  strstr                                            
00004be9  ADCIntStatus                                      
00004c17  GPIODirModeSet                                    
00004c41  strncmp                                           
00004c67  PWMGenConfigure                                   
00004c89  UARTDisable                                       
00004ca9  ADCSequenceDataGet                                
00004cc7  PWMPulseWidthSet                                  
00004ce5  ADCClockConfigSet                                 
00004cfd  ADCProcessorTrigger                               
00004d15  GPIOPinTypeGPIOOutput                             
00004d2d  _args_main                                        
00004d45  strcmp                                            
00004d5d  strchr                                            
00004d75  FPUStackingEnable                                 
00004d89  SysCtlPWMClockSet                                 
00004d9d  SysTickEnable                                     
00004db1  SysTickIntEnable                                  
00004dc5  UARTEnable                                        
00004dd9  _register_unlock                                  
00004ddf  _register_lock                                    
00004de7  _nop                                              
00004ded  strlen                                            
00004e01  GPIOPinTypeADC                                    
00004e13  GPIOPinTypeGPIOInput                              
00004e25  GPIOPinTypePWM                                    
00004e37  GPIOPinTypeSSI                                    
00004e49  GPIOPinTypeUART                                   
00004e5b  PWMOutputState                                    
00004e6d  SSIDataGetNonBlocking                             
00004e7f  ADCIntEnable                                      
00004e91  FPUEnable                                         
00004ea1  IntMasterDisable                                  
00004eb1  IntMasterEnable                                   
00004ec1  PWMGenPeriodSet                                   
00004ed1  SysTickPeriodSet                                  
00004ee1  ADCHardwareOversampleConfigure                    
00004eef  ADCIntDisable                                     
00004efd  ADCSequenceDisable                                
00004f0b  ADCSequenceEnable                                 
00004f19  GPIOIntDisable                                    
00004f27  SSIDataPutNonBlocking                             
00004f35  UARTCharGetNonBlocking                            
00004f43  UARTCharPutNonBlocking                            
00004f51  UARTCharsAvail                                    
00004f5f  UARTSpaceAvail                                    
00004f6d  __TI_decompress_none                              
00004f7b  CPUcpsid                                          
00004f87  CPUcpsie                                          
00004f93  GPIOIntEnable                                     
00004f9f  PWMGenDisable                                     
00004fab  PWMGenEnable                                      
00004fb7  SSIDataGet                                        
00004fc3  __TI_zero_init                                    
00004fcf  ResetISR                                          
00004fdb  ADCIntClear                                       
00004fe5  PWMGenIntTrigEnable                               
00004fef  SSIDataPut                                        
00004ff9  SSIDisable                                        
00005003  SSIEnable                                         
0000500d  SSIIntDisable                                     
00005017  SSIIntStatus                                      
00005021  UARTIntDisable                                    
0000502b  UARTIntStatus                                     
00005035  _ZN4aeo114ssi_peripheral4OnRxEv                   
0000503f  _ZN4aeo114ssi_peripheral4OnTxEv                   
00005049  PWMIntEnable                                      
00005051  SSIIntEnable                                      
00005059  UARTIntEnable                                     
00005061  _ZdlPv                                            
00005069  GPIOPinWrite                                      
0000506f  PWMGenIntClear                                    
00005075  SysCtlDelay                                       
0000507b  UARTClockSourceSet                                
00005081  UARTFIFOLevelSet                                  
00005087  __TI_decompress_rle24                             
0000508d  SSIIntClear                                       
00005091  UARTIntClear                                      
00005095  _system_pre_init                                  
000055e2  _ZTSe                                             
00005d3c  _ZTSN10__cxxabiv123__fundamental_type_infoE       
00005d64  _ZTVN4aeo111ssi_drv8711E                          
00005d8c  _ZTVN4aeo114ssi_peripheralE                       
00005ddc  _ZTSN10__cxxabiv120__si_class_type_infoE          
00005e01  _ZTSN10__cxxabiv119__pointer_type_infoE           
00005e25  _ZTSN10__cxxabiv117__class_type_infoE             
00005e47  _ZTSN10__cxxabiv117__pbase_type_infoE             
00005e88  _ZTSN4aeo114ssi_peripheralE                       
00005ea0  _ZTSN4aeo112adc_potmeterE                         
00005eb6  _ZTSN4aeo111pwm_stepperE                          
00005ecb  _ZTSN4aeo111ssi_drv8711E                          
00005f08  _ZTIPKe                                           
00005f18  _ZTSN4aeo17drv8711E                               
00005f28  _ZTSN4aeo17esp8266E                               
00005f38  _ZTVN10__cxxabiv117__class_type_infoE             
00005f48  _ZTVN10__cxxabiv119__pointer_type_infoE           
00005f58  _ZTVN10__cxxabiv120__si_class_type_infoE          
00005f68  _ZTVN10__cxxabiv123__fundamental_type_infoE       
00005f78  _ZTVN4aeo111pwm_stepperE                          
00005f88  _ZTVN4aeo112adc_potmeterE                         
00005f98  _ZTVN4aeo17drv8711E                               
00005fa8  _ZTVN4aeo17esp8266E                               
00005fb8  _ZTSSt9type_info                                  
00005fc8  _ZTIN10__cxxabiv117__class_type_infoE             
00005fd4  _ZTIN10__cxxabiv117__pbase_type_infoE             
00005fe0  _ZTIN10__cxxabiv119__pointer_type_infoE           
00005fec  _ZTIN10__cxxabiv120__si_class_type_infoE          
00005ff8  _ZTIN10__cxxabiv123__fundamental_type_infoE       
00006004  _ZTIN4aeo111ssi_drv8711E                          
00006010  _ZTIN4aeo111pwm_stepperE                          
00006018  _ZTIN4aeo112adc_potmeterE                         
00006020  _ZTIN4aeo114ssi_peripheralE                       
00006028  _ZTIN4aeo17drv8711E                               
00006030  _ZTIN4aeo17esp8266E                               
00006038  _ZTISt9type_info                                  
00006040  _ZTIe                                             
00006048  _ZTSPKe                                           
0000604c  SHT$$INIT_ARRAY$$Base                             
00006050  SHT$$INIT_ARRAY$$Limit                            
000061d8  __TI_Handler_Table_Base                           
000061e4  __TI_Handler_Table_Limit                          
000061f0  __TI_CINIT_Base                                   
00006200  __TI_CINIT_Limit                                  
20000400  g_oEsp8266                                        
20000618  g_oDrv8711                                        
200007ec  _ZSt16__dummy_typeinfo                            
200007f0  __dso_handle                                      
200007fc  __stack                                           
200009fc  __STACK_END                                       
200009fc  __STACK_TOP                                       
200009fc  g_psCmdTable                                      
20000aa4  _ZN4aeo118SSI0_SpecificationE                     
20000ad8  _ZN4aeo118SSI1_SpecificationE                     
20000b0c  _ZN4aeo118SSI2_SpecificationE                     
20000b40  _ZN4aeo118SSI3_SpecificationE                     
20000b8c  _ZN4aeo112adc_potmeter10m_nCounterE               
20000b90  _ZN4aeo112adc_potmeter15m_nErrorCounterE          
20000b94  _ZN4aeo112adc_potmeter14m_nReadCounterE           
20000b98  _ZN4aeo112adc_potmeter16m_pTheOneAndOnlyE         
20000bb8  _lock                                             
20000bbc  _unlock                                           
20000bc0  __TI_cleanup_ptr                                  
20000bc4  __TI_dtors_ptr                                    
20000bd8  main_func_sp                                      
20000be0  _sys_memory                                       
ffffffff  __binit__                                         
ffffffff  __c_args__                                        
ffffffff  binit                                             

[384 symbols]
