******************************************************************************
                  TI ARM Linker PC v5.2.6                      
******************************************************************************
>> Linked Tue Feb 09 22:47:15 2016

OUTPUT FILE NAME:   <solo_stepper.out>
ENTRY POINT SYMBOL: "_c_int00"  address: 000043b9


MEMORY CONFIGURATION

         name            origin    length      used     unused   attr    fill
----------------------  --------  ---------  --------  --------  ----  --------
  FLASH                 00000000   00040000  00005c08  0003a3f8  R  X
  SRAM                  20000000   00008000  00000bc9  00007437  RW X


SEGMENT ALLOCATION MAP

run origin  load origin   length   init length attrs members
----------  ----------- ---------- ----------- ----- -------
00000000    00000000    00005c08   00005c08    r-x
  00000000    00000000    0000026c   0000026c    r-- .intvecs
  0000026c    0000026c    000048a4   000048a4    r-x .text
  00004b10    00004b10    00000f5c   00000f5c    r-- .const
  00005a6c    00005a6c    00000004   00000004    r-- .init_array
  00005a70    00005a70    00000198   00000198    r-- .cinit
20000000    20000000    00000bd0   00000000    rw-
  20000000    20000000    000007f5   00000000    rw- .bss
  200007f8    200007f8    00000200   00000000    rw- .stack
  200009f8    200009f8    000001cc   00000000    rw- .data
  20000bc8    20000bc8    00000008   00000000    rw- .sysmem


SECTION ALLOCATION MAP

 output                                  attributes/
section   page    origin      length       input sections
--------  ----  ----------  ----------   ----------------
.intvecs   0    00000000    0000026c     
                  00000000    0000026c     tm4c123gh6pm_startup_ccs.obj (.intvecs)

.text      0    0000026c    000048a4     
                  0000026c    00000c84     tiva_utils.lib : ustdlib.obj (.text)
                  00000ef0    00000860                    : uartstdio.obj (.text)
                  00001750    00000740     esp8266.obj (.text)
                  00001e90    00000558     aeo1_drivers.lib : ssi_peripheral.obj (.text)
                  000023e8    000004c8     main.obj (.text)
                  000028b0    000004c0     drv8711.obj (.text)
                  00002d70    000003dc     rtsv7M4_T_le_v4SPD16_eabi.lib : memory.obj (.text)
                  0000314c    000002f8     aeo1_drivers.lib : pwm_stepper.obj (.text)
                  00003444    000002e8                      : ssi_drv8711.obj (.text)
                  0000372c    000001f4                      : adc_potmeter.obj (.text)
                  00003920    00000132     driverlib.lib : gpio.obj (.text:GPIOPadConfigSet)
                  00003a52    00000002     rtsv7M4_T_le_v4SPD16_eabi.lib : i_div0.obj (.text)
                  00003a54    00000120     drv8711_registers.obj (.text)
                  00003b74    00000110     driverlib.lib : sysctl.obj (.text:SysCtlClockGet)
                  00003c84    000000f4                   : sysctl.obj (.text:SysCtlClockSet)
                  00003d78    000000f4     rtsv7M4_T_le_v4SPD16_eabi.lib : dtor_list.obj (.text)
                  00003e6c    000000bc                                   : typeinfo_.obj (.text)
                  00003f28    000000ac     tiva_utils.lib : cmdline.obj (.text)
                  00003fd4    0000009c     rtsv7M4_T_le_v4SPD16_eabi.lib : memcpy_t2.obj (.text)
                  00004070    0000007a     driverlib.lib : adc.obj (.text:ADCSequenceStepConfigure)
                  000040ea    0000007a     rtsv7M4_T_le_v4SPD16_eabi.lib : memset_t2.obj (.text)
                  00004164    0000006c                                   : autoinit.obj (.text)
                  000041d0    0000006a                                   : copy_decompress_rle.obj (.text)
                  0000423a    00000002     --HOLE-- [fill = 0]
                  0000423c    00000068     driverlib.lib : interrupt.obj (.text:IntDisable)
                  000042a4    00000068                   : interrupt.obj (.text:IntEnable)
                  0000430c    00000056                   : gpio.obj (.text:GPIOIntTypeSet)
                  00004362    00000056     rtsv7M4_T_le_v4SPD16_eabi.lib : ltoa.obj (.text)
                  000043b8    00000050                                   : boot.obj (.text)
                  00004408    0000004c                                   : cpy_tbl.obj (.text)
                  00004454    00000048     driverlib.lib : gpio.obj (.text:GPIOPinConfigure)
                  0000449c    00000046                   : uart.obj (.text:UARTConfigSetExpClk)
                  000044e2    00000002     --HOLE-- [fill = 0]
                  000044e4    00000044     rtsv7M4_T_le_v4SPD16_eabi.lib : exit.obj (.text)
                  00004528    00000040                                   : u_divt2.obj (.text)
                  00004568    0000003e     driverlib.lib : adc.obj (.text:ADCSequenceConfigure)
                  000045a6    0000003c                   : ssi.obj (.text:SSIConfigSetExpClk)
                  000045e2    00000002     --HOLE-- [fill = 0]
                  000045e4    00000038                   : sysctl.obj (.text:SysCtlPeripheralPresent)
                  0000461c    00000034                   : sysctl.obj (.text:SysCtlPeripheralEnable)
                  00004650    00000034     rtsv7M4_T_le_v4SPD16_eabi.lib : strstr.obj (.text)
                  00004684    0000002e     driverlib.lib : adc.obj (.text:ADCIntStatus)
                  000046b2    0000002a                   : gpio.obj (.text:GPIODirModeSet)
                  000046dc    00000022                   : pwm.obj (.text:PWMGenConfigure)
                  000046fe    00000002     --HOLE-- [fill = 0]
                  00004700    00000020                   : uart.obj (.text:UARTDisable)
                  00004720    0000001e                   : adc.obj (.text:ADCSequenceDataGet)
                  0000473e    0000001e                   : pwm.obj (.text:PWMPulseWidthSet)
                  0000475c    00000018                   : adc.obj (.text:ADCClockConfigSet)
                  00004774    00000018                   : adc.obj (.text:ADCProcessorTrigger)
                  0000478c    00000018                   : gpio.obj (.text:GPIOPinTypeGPIOOutput)
                  000047a4    00000018     rtsv7M4_T_le_v4SPD16_eabi.lib : args_main.obj (.text)
                  000047bc    00000018                                   : strcmp.obj (.text)
                  000047d4    00000016                                   : strchr.obj (.text)
                  000047ea    00000002     --HOLE-- [fill = 0]
                  000047ec    00000014     driverlib.lib : fpu.obj (.text:FPUStackingEnable)
                  00004800    00000014                   : sysctl.obj (.text:SysCtlPWMClockSet)
                  00004814    00000014                   : systick.obj (.text:SysTickEnable)
                  00004828    00000014                   : systick.obj (.text:SysTickIntEnable)
                  0000483c    00000014                   : uart.obj (.text:UARTEnable)
                  00004850    00000014     rtsv7M4_T_le_v4SPD16_eabi.lib : _lock.obj (.text)
                  00004864    00000014                                   : strlen.obj (.text)
                  00004878    00000012     driverlib.lib : gpio.obj (.text:GPIOPinTypeADC)
                  0000488a    00000012                   : gpio.obj (.text:GPIOPinTypeGPIOInput)
                  0000489c    00000012                   : gpio.obj (.text:GPIOPinTypePWM)
                  000048ae    00000012                   : gpio.obj (.text:GPIOPinTypeSSI)
                  000048c0    00000012                   : gpio.obj (.text:GPIOPinTypeUART)
                  000048d2    00000012                   : pwm.obj (.text:PWMOutputState)
                  000048e4    00000012                   : ssi.obj (.text:SSIDataGetNonBlocking)
                  000048f6    00000010                   : adc.obj (.text:ADCIntEnable)
                  00004906    00000002     --HOLE-- [fill = 0]
                  00004908    00000010                   : fpu.obj (.text:FPUEnable)
                  00004918    00000010                   : interrupt.obj (.text:IntMasterDisable)
                  00004928    00000010                   : interrupt.obj (.text:IntMasterEnable)
                  00004938    00000010                   : pwm.obj (.text:PWMGenPeriodSet)
                  00004948    00000010                   : systick.obj (.text:SysTickPeriodSet)
                  00004958    0000000e                   : adc.obj (.text:ADCHardwareOversampleConfigure)
                  00004966    0000000e                   : adc.obj (.text:ADCIntDisable)
                  00004974    0000000e                   : adc.obj (.text:ADCSequenceDisable)
                  00004982    0000000e                   : adc.obj (.text:ADCSequenceEnable)
                  00004990    0000000e                   : gpio.obj (.text:GPIOIntDisable)
                  0000499e    0000000e                   : ssi.obj (.text:SSIDataPutNonBlocking)
                  000049ac    0000000e                   : uart.obj (.text:UARTCharGetNonBlocking)
                  000049ba    0000000e                   : uart.obj (.text:UARTCharPutNonBlocking)
                  000049c8    0000000e                   : uart.obj (.text:UARTCharsAvail)
                  000049d6    0000000e                   : uart.obj (.text:UARTSpaceAvail)
                  000049e4    0000000e     rtsv7M4_T_le_v4SPD16_eabi.lib : copy_decompress_none.obj (.text:decompress:none)
                  000049f2    0000000c     driverlib.lib : cpu.obj (.text:CPUcpsid)
                  000049fe    0000000c                   : cpu.obj (.text:CPUcpsie)
                  00004a0a    0000000c                   : gpio.obj (.text:GPIOIntEnable)
                  00004a16    0000000c                   : pwm.obj (.text:PWMGenDisable)
                  00004a22    0000000c                   : pwm.obj (.text:PWMGenEnable)
                  00004a2e    0000000c                   : ssi.obj (.text:SSIDataGet)
                  00004a3a    0000000c     rtsv7M4_T_le_v4SPD16_eabi.lib : copy_zero_init.obj (.text:decompress:ZI)
                  00004a46    0000000c     tm4c123gh6pm_startup_ccs.obj (.text)
                  00004a52    0000000a     driverlib.lib : adc.obj (.text:ADCIntClear)
                  00004a5c    0000000a                   : pwm.obj (.text:PWMGenIntTrigEnable)
                  00004a66    0000000a                   : ssi.obj (.text:SSIDataPut)
                  00004a70    0000000a                   : ssi.obj (.text:SSIDisable)
                  00004a7a    0000000a                   : ssi.obj (.text:SSIEnable)
                  00004a84    0000000a                   : ssi.obj (.text:SSIIntDisable)
                  00004a8e    0000000a                   : ssi.obj (.text:SSIIntStatus)
                  00004a98    0000000a                   : uart.obj (.text:UARTIntDisable)
                  00004aa2    0000000a                   : uart.obj (.text:UARTIntStatus)
                  00004aac    0000000a     aeo1_drivers.lib : ssi_drv8711.obj (.text:_ZN4aeo114ssi_peripheral4OnRxEv)
                  00004ab6    0000000a                      : ssi_drv8711.obj (.text:_ZN4aeo114ssi_peripheral4OnTxEv)
                  00004ac0    00000008     driverlib.lib : pwm.obj (.text:PWMIntEnable)
                  00004ac8    00000008                   : ssi.obj (.text:SSIIntEnable)
                  00004ad0    00000008                   : uart.obj (.text:UARTIntEnable)
                  00004ad8    00000008     rtsv7M4_T_le_v4SPD16_eabi.lib : delete.obj (.text)
                  00004ae0    00000006     driverlib.lib : gpio.obj (.text:GPIOPinWrite)
                  00004ae6    00000006                   : pwm.obj (.text:PWMGenIntClear)
                  00004aec    00000006                   : sysctl.obj (.text:SysCtlDelay)
                  00004af2    00000006                   : uart.obj (.text:UARTClockSourceSet)
                  00004af8    00000006                   : uart.obj (.text:UARTFIFOLevelSet)
                  00004afe    00000006     rtsv7M4_T_le_v4SPD16_eabi.lib : copy_decompress_rle.obj (.text:decompress:rle24)
                  00004b04    00000004     driverlib.lib : ssi.obj (.text:SSIIntClear)
                  00004b08    00000004                   : uart.obj (.text:UARTIntClear)
                  00004b0c    00000004     rtsv7M4_T_le_v4SPD16_eabi.lib : pre_init.obj (.text)

.const     0    00004b10    00000f5c     
                  00004b10    0000054a     drv8711_registers.obj (.const:.string)
                  0000505a    00000002     rtsv7M4_T_le_v4SPD16_eabi.lib : typeinfo_.obj (.const:.typeinfo:_ZTSe)
                  0000505c    00000294     drv8711_registers.obj (.const:DRV8711_Fields)
                  000052f0    00000160     main.obj (.const:.string)
                  00005450    00000090     driverlib.lib : gpio.obj (.const:g_pui32GPIOBaseAddrs)
                  000054e0    00000080     esp8266.obj (.const:_ZN4aeo112InitCommandsE)
                  00005560    00000076     esp8266.obj (.const:.string)
                  000055d6    00000002     --HOLE-- [fill = 0]
                  000055d8    00000070     driverlib.lib : interrupt.obj (.const)
                  00005648    0000006c                   : sysctl.obj (.const:g_pui32Xtals)
                  000056b4    00000048     drv8711.obj (.const:$P$T0$1)
                  000056fc    00000030     drv8711_registers.obj (.const:$P$T0$1)
                  0000572c    00000030     tiva_utils.lib : ustdlib.obj (.const:g_psDaysToMonth)
                  0000575c    00000028     rtsv7M4_T_le_v4SPD16_eabi.lib : typeinfo_.obj (.const:.typeinfo:_ZTSN10__cxxabiv123__fundamental_type_infoE)
                  00005784    00000028     aeo1_drivers.lib : ssi_drv8711.obj (.const:_ZTVN4aeo111ssi_drv8711E)
                  000057ac    00000028                      : ssi_peripheral.obj (.const:_ZTVN4aeo114ssi_peripheralE)
                  000057d4    00000028     tiva_utils.lib : uartstdio.obj (.const)
                  000057fc    00000025     rtsv7M4_T_le_v4SPD16_eabi.lib : typeinfo_.obj (.const:.typeinfo:_ZTSN10__cxxabiv120__si_class_type_infoE)
                  00005821    00000024                                   : typeinfo_.obj (.const:.typeinfo:_ZTSN10__cxxabiv119__pointer_type_infoE)
                  00005845    00000022                                   : typeinfo_.obj (.const:.typeinfo:_ZTSN10__cxxabiv117__class_type_infoE)
                  00005867    00000022                                   : typeinfo_.obj (.const:.typeinfo:_ZTSN10__cxxabiv117__pbase_type_infoE)
                  00005889    00000003     --HOLE-- [fill = 0]
                  0000588c    0000001c     tiva_utils.lib : ustdlib.obj (.const)
                  000058a8    00000018     aeo1_drivers.lib : ssi_peripheral.obj (.const:.typeinfo:_ZTSN4aeo114ssi_peripheralE)
                  000058c0    00000016                      : adc_potmeter.obj (.const:.typeinfo:_ZTSN4aeo112adc_potmeterE)
                  000058d6    00000015                      : pwm_stepper.obj (.const:.typeinfo:_ZTSN4aeo111pwm_stepperE)
                  000058eb    00000015                      : ssi_drv8711.obj (.const:.typeinfo:_ZTSN4aeo111ssi_drv8711E)
                  00005900    00000012     tiva_utils.lib : uartstdio.obj (.const:.string)
                  00005912    00000002     --HOLE-- [fill = 0]
                  00005914    00000012                    : ustdlib.obj (.const:.string)
                  00005926    00000002     --HOLE-- [fill = 0]
                  00005928    00000010     rtsv7M4_T_le_v4SPD16_eabi.lib : typeinfo_.obj (.const:.typeinfo:_ZTIPKe)
                  00005938    00000010     drv8711.obj (.const:.typeinfo:_ZTSN4aeo17drv8711E)
                  00005948    00000010     esp8266.obj (.const:.typeinfo:_ZTSN4aeo17esp8266E)
                  00005958    00000010     rtsv7M4_T_le_v4SPD16_eabi.lib : typeinfo_.obj (.const:_ZTVN10__cxxabiv117__class_type_infoE)
                  00005968    00000010                                   : typeinfo_.obj (.const:_ZTVN10__cxxabiv119__pointer_type_infoE)
                  00005978    00000010                                   : typeinfo_.obj (.const:_ZTVN10__cxxabiv120__si_class_type_infoE)
                  00005988    00000010                                   : typeinfo_.obj (.const:_ZTVN10__cxxabiv123__fundamental_type_infoE)
                  00005998    00000010     aeo1_drivers.lib : pwm_stepper.obj (.const:_ZTVN4aeo111pwm_stepperE)
                  000059a8    00000010                      : adc_potmeter.obj (.const:_ZTVN4aeo112adc_potmeterE)
                  000059b8    00000010     drv8711.obj (.const:_ZTVN4aeo17drv8711E)
                  000059c8    00000010     esp8266.obj (.const:_ZTVN4aeo17esp8266E)
                  000059d8    0000000d     rtsv7M4_T_le_v4SPD16_eabi.lib : typeinfo_.obj (.const:.typeinfo:_ZTSSt9type_info)
                  000059e5    00000003     --HOLE-- [fill = 0]
                  000059e8    0000000c                                   : typeinfo_.obj (.const:.typeinfo:_ZTIN10__cxxabiv117__class_type_infoE)
                  000059f4    0000000c                                   : typeinfo_.obj (.const:.typeinfo:_ZTIN10__cxxabiv117__pbase_type_infoE)
                  00005a00    0000000c                                   : typeinfo_.obj (.const:.typeinfo:_ZTIN10__cxxabiv119__pointer_type_infoE)
                  00005a0c    0000000c                                   : typeinfo_.obj (.const:.typeinfo:_ZTIN10__cxxabiv120__si_class_type_infoE)
                  00005a18    0000000c                                   : typeinfo_.obj (.const:.typeinfo:_ZTIN10__cxxabiv123__fundamental_type_infoE)
                  00005a24    0000000c     aeo1_drivers.lib : ssi_drv8711.obj (.const:.typeinfo:_ZTIN4aeo111ssi_drv8711E)
                  00005a30    00000008                      : pwm_stepper.obj (.const:.typeinfo:_ZTIN4aeo111pwm_stepperE)
                  00005a38    00000008                      : adc_potmeter.obj (.const:.typeinfo:_ZTIN4aeo112adc_potmeterE)
                  00005a40    00000008                      : ssi_peripheral.obj (.const:.typeinfo:_ZTIN4aeo114ssi_peripheralE)
                  00005a48    00000008     drv8711.obj (.const:.typeinfo:_ZTIN4aeo17drv8711E)
                  00005a50    00000008     esp8266.obj (.const:.typeinfo:_ZTIN4aeo17esp8266E)
                  00005a58    00000008     rtsv7M4_T_le_v4SPD16_eabi.lib : typeinfo_.obj (.const:.typeinfo:_ZTISt9type_info)
                  00005a60    00000008                                   : typeinfo_.obj (.const:.typeinfo:_ZTIe)
                  00005a68    00000004                                   : typeinfo_.obj (.const:.typeinfo:_ZTSPKe)

.init_array 
*          0    00005a6c    00000004     
                  00005a6c    00000004     main.obj (.init_array)

.cinit     0    00005a70    00000198     
                  00005a70    00000170     (.cinit..data.load) [load image, compression = rle]
                  00005be0    0000000c     (__TI_handler_table)
                  00005bec    00000004     --HOLE-- [fill = 0]
                  00005bf0    00000008     (.cinit..bss.load) [load image, compression = zero_init]
                  00005bf8    00000010     (__TI_cinit_table)

.bss       0    20000000    000007f5     UNINITIALIZED
                  20000000    00000400     tiva_utils.lib : uartstdio.obj (.bss:g_pcUARTTxBuffer)
                  20000400    00000218     main.obj (.bss:g_oEsp8266)
                  20000618    000000ac     main.obj (.bss:g_oDrv8711)
                  200006c4    00000080     tiva_utils.lib : uartstdio.obj (.bss:g_pcUARTRxBuffer)
                  20000744    00000080     main.obj (.bss:g_zInput)
                  200007c4    00000024     tiva_utils.lib : cmdline.obj (.bss:g_ppcArgv)
                  200007e8    00000004     (.common:_ZSt16__dummy_typeinfo)
                  200007ec    00000004     (.common:__dso_handle)
                  200007f0    00000004     (.common:g_ui32PortNum)
                  200007f4    00000001     (.common:g_bDisableEcho)

.TI.noinit 
*          0    20000000    00000000     UNINITIALIZED

.stack     0    200007f8    00000200     UNINITIALIZED
                  200007f8    00000200     --HOLE--

.data      0    200009f8    000001cc     UNINITIALIZED
                  200009f8    00000090     main.obj (.data:g_psCmdTable)
                  20000a88    00000034     aeo1_drivers.lib : ssi_peripheral.obj (.data:_ZN4aeo118SSI0_SpecificationE)
                  20000abc    00000034                      : ssi_peripheral.obj (.data:_ZN4aeo118SSI1_SpecificationE)
                  20000af0    00000034                      : ssi_peripheral.obj (.data:_ZN4aeo118SSI2_SpecificationE)
                  20000b24    00000034                      : ssi_peripheral.obj (.data:_ZN4aeo118SSI3_SpecificationE)
                  20000b58    00000015     tiva_utils.lib : uartstdio.obj (.data)
                  20000b6d    00000001     main.obj (.data)
                  20000b6e    00000002     --HOLE--
                  20000b70    00000010     aeo1_drivers.lib : adc_potmeter.obj (.data)
                  20000b80    00000010                      : ssi_peripheral.obj (.data)
                  20000b90    0000000c     rtsv7M4_T_le_v4SPD16_eabi.lib : memory.obj (.data)
                  20000b9c    00000008                                   : _lock.obj (.data)
                  20000ba4    00000008                                   : exit.obj (.data)
                  20000bac    00000004     aeo1_drivers.lib : pwm_stepper.obj (.data)
                  20000bb0    00000004                      : ssi_drv8711.obj (.data)
                  20000bb4    00000004     esp8266.obj (.data)
                  20000bb8    00000004     rtsv7M4_T_le_v4SPD16_eabi.lib : dtor_list.obj (.data)
                  20000bbc    00000004                                   : stkdepth_vars.obj (.data)
                  20000bc0    00000004     tiva_utils.lib : ustdlib.obj (.data)

.TI.persistent 
*          0    200009f8    00000000     UNINITIALIZED

.sysmem    0    20000bc8    00000008     UNINITIALIZED
                  20000bc8    00000008     rtsv7M4_T_le_v4SPD16_eabi.lib : memory.obj (.sysmem)


LINKER GENERATED COPY TABLES

__TI_cinit_table @ 00005bf8 records: 2, size/record: 8, table size: 16
	.data: load addr=00005a70, load size=00000170 bytes, run addr=200009f8, run size=000001cc bytes, compression=rle
	.bss: load addr=00005bf0, load size=00000008 bytes, run addr=20000000, run size=000007f5 bytes, compression=zero_init


LINKER GENERATED HANDLER TABLE

__TI_handler_table @ 00005be0 records: 3, size/record: 4, table size: 12
	index: 0, handler: __TI_decompress_rle24
	index: 1, handler: __TI_decompress_none
	index: 2, handler: __TI_zero_init


GLOBAL SYMBOLS: SORTED ALPHABETICALLY BY Name 

address   name                                              
-------   ----                                              
0000475d  ADCClockConfigSet                                 
00004959  ADCHardwareOversampleConfigure                    
00004a53  ADCIntClear                                       
00004967  ADCIntDisable                                     
000048f7  ADCIntEnable                                      
00004685  ADCIntStatus                                      
00004775  ADCProcessorTrigger                               
00004569  ADCSequenceConfigure                              
00004721  ADCSequenceDataGet                                
00004975  ADCSequenceDisable                                
00004983  ADCSequenceEnable                                 
00004071  ADCSequenceStepConfigure                          
000044e5  C$$EXIT                                           
000049f3  CPUcpsid                                          
000049ff  CPUcpsie                                          
00003f29  CmdLineProcess                                    
00004909  FPUEnable                                         
000047ed  FPUStackingEnable                                 
000046b3  GPIODirModeSet                                    
00004991  GPIOIntDisable                                    
00004a0b  GPIOIntEnable                                     
0000430d  GPIOIntTypeSet                                    
00003921  GPIOPadConfigSet                                  
00004455  GPIOPinConfigure                                  
00004879  GPIOPinTypeADC                                    
0000488b  GPIOPinTypeGPIOInput                              
0000478d  GPIOPinTypeGPIOOutput                             
0000489d  GPIOPinTypePWM                                    
000048af  GPIOPinTypeSSI                                    
000048c1  GPIOPinTypeUART                                   
00004ae1  GPIOPinWrite                                      
0000423d  IntDisable                                        
000042a5  IntEnable                                         
00004919  IntMasterDisable                                  
00004929  IntMasterEnable                                   
0000372d  OnADCInterrupt                                    
00003445  OnGPIOBInterrupt                                  
00003461  OnGPIOEInterrupt                                  
0000314d  OnPWM1Gen1Interrupt                               
00001e91  OnSSI0Interrupt                                   
00001eab  OnSSI1Interrupt                                   
00001ec5  OnSSI2Interrupt                                   
00001edf  OnSSI3Interrupt                                   
000046dd  PWMGenConfigure                                   
00004a17  PWMGenDisable                                     
00004a23  PWMGenEnable                                      
00004ae7  PWMGenIntClear                                    
00004a5d  PWMGenIntTrigEnable                               
00004939  PWMGenPeriodSet                                   
00004ac1  PWMIntEnable                                      
000048d3  PWMOutputState                                    
0000473f  PWMPulseWidthSet                                  
00004a47  ResetISR                                          
00005a6c  SHT$$INIT_ARRAY$$Base                             
00005a70  SHT$$INIT_ARRAY$$Limit                            
000045a7  SSIConfigSetExpClk                                
00004a2f  SSIDataGet                                        
000048e5  SSIDataGetNonBlocking                             
00004a67  SSIDataPut                                        
0000499f  SSIDataPutNonBlocking                             
00004a71  SSIDisable                                        
00004a7b  SSIEnable                                         
00004b05  SSIIntClear                                       
00004a85  SSIIntDisable                                     
00004ac9  SSIIntEnable                                      
00004a8f  SSIIntStatus                                      
00003b75  SysCtlClockGet                                    
00003c85  SysCtlClockSet                                    
00004aed  SysCtlDelay                                       
00004801  SysCtlPWMClockSet                                 
0000461d  SysCtlPeripheralEnable                            
000045e5  SysCtlPeripheralPresent                           
00004815  SysTickEnable                                     
00004829  SysTickIntEnable                                  
00002583  SysTickIntHandler                                 
00004949  SysTickPeriodSet                                  
000049ad  UARTCharGetNonBlocking                            
000049bb  UARTCharPutNonBlocking                            
000049c9  UARTCharsAvail                                    
00004af3  UARTClockSourceSet                                
0000449d  UARTConfigSetExpClk                               
00004701  UARTDisable                                       
000015c9  UARTEchoSet                                       
0000483d  UARTEnable                                        
00004af9  UARTFIFOLevelSet                                  
00001573  UARTFlushRx                                       
00001593  UARTFlushTx                                       
00004b09  UARTIntClear                                      
00004a99  UARTIntDisable                                    
00004ad1  UARTIntEnable                                     
00004aa3  UARTIntStatus                                     
00001519  UARTPeek                                          
000014f7  UARTRxBytesAvail                                  
000049d7  UARTSpaceAvail                                    
00000fdd  UARTStdioConfig                                   
000015f5  UARTStdioIntHandler                               
00001505  UARTTxBytesFree                                   
0000117f  UARTgetc                                          
00001103  UARTgets                                          
000014d3  UARTprintf                                        
000011d9  UARTvprintf                                       
00001063  UARTwrite                                         
00002497  _Z10CMD_mresetiPPc                                
000024a7  _Z10CMD_wresetiPPc                                
00003a9d  _Z23drv8711_registers_PrintiiPFbPKciS0_PvES1_     
00002459  _Z8CMD_diagiPPc                                   
000023f9  _Z8CMD_haltiPPc                                   
000024db  _Z8CMD_helpiPPc                                   
000023e9  _Z8CMD_idleiPPc                                   
00002409  _Z8CMD_moveiPPc                                   
00002437  _Z8CMD_stopiPPc                                   
000026fd  _Z8MainLoopv                                      
000024cb  _Z9CMD_noerriPPc                                  
000024bd  _Z9CMD_resetiPPc                                  
0000246f  _Z9CMD_sleepiPPc                                  
00003f19  _ZN10__cxxabiv116__enum_type_infoD0Ev             
00003f17  _ZN10__cxxabiv116__enum_type_infoD1Ev             
00003f17  _ZN10__cxxabiv116__enum_type_infoD2Ev             
00003f0f  _ZN10__cxxabiv117__array_type_infoD0Ev            
00003f0d  _ZN10__cxxabiv117__array_type_infoD1Ev            
00003f0d  _ZN10__cxxabiv117__array_type_infoD2Ev            
00003f05  _ZN10__cxxabiv117__class_type_infoD0Ev            
00003f03  _ZN10__cxxabiv117__class_type_infoD1Ev            
00003f03  _ZN10__cxxabiv117__class_type_infoD2Ev            
00003efb  _ZN10__cxxabiv117__pbase_type_infoD0Ev            
00003ef9  _ZN10__cxxabiv117__pbase_type_infoD1Ev            
00003ef9  _ZN10__cxxabiv117__pbase_type_infoD2Ev            
00003ef1  _ZN10__cxxabiv119__pointer_type_infoD0Ev          
00003eef  _ZN10__cxxabiv119__pointer_type_infoD1Ev          
00003eef  _ZN10__cxxabiv119__pointer_type_infoD2Ev          
00003ee7  _ZN10__cxxabiv120__function_type_infoD0Ev         
00003ee5  _ZN10__cxxabiv120__function_type_infoD1Ev         
00003ee5  _ZN10__cxxabiv120__function_type_infoD2Ev         
00003edd  _ZN10__cxxabiv120__si_class_type_infoD0Ev         
00003edb  _ZN10__cxxabiv120__si_class_type_infoD1Ev         
00003edb  _ZN10__cxxabiv120__si_class_type_infoD2Ev         
00003ed3  _ZN10__cxxabiv121__vmi_class_type_infoD0Ev        
00003ed1  _ZN10__cxxabiv121__vmi_class_type_infoD1Ev        
00003ed1  _ZN10__cxxabiv121__vmi_class_type_infoD2Ev        
00003ec9  _ZN10__cxxabiv123__fundamental_type_infoD0Ev      
00003ec7  _ZN10__cxxabiv123__fundamental_type_infoD1Ev      
00003ec7  _ZN10__cxxabiv123__fundamental_type_infoD2Ev      
00003ebf  _ZN10__cxxabiv129__pointer_to_member_type_infoD0Ev
00003ebd  _ZN10__cxxabiv129__pointer_to_member_type_infoD1Ev
00003ebd  _ZN10__cxxabiv129__pointer_to_member_type_infoD2Ev
000031c3  _ZN4aeo111pwm_stepper10InitializeEv               
000032dd  _ZN4aeo111pwm_stepper11OnInterruptEv              
00003235  _ZN4aeo111pwm_stepper4DiagEv                      
00003261  _ZN4aeo111pwm_stepper4MoveEj                      
000032af  _ZN4aeo111pwm_stepper4StopEb                      
00003169  _ZN4aeo111pwm_stepperC1Ev                         
00003169  _ZN4aeo111pwm_stepperC2Ev                         
000031ad  _ZN4aeo111pwm_stepperD0Ev                         
000031a1  _ZN4aeo111pwm_stepperD1Ev                         
000031a1  _ZN4aeo111pwm_stepperD2Ev                         
000034c7  _ZN4aeo111ssi_drv871110InitializeEv               
000036d5  _ZN4aeo111ssi_drv871111GetRegisterEj              
000035f1  _ZN4aeo111ssi_drv871115OnGpioInterruptENS0_5EventE
00003593  _ZN4aeo111ssi_drv87114DiagEv                      
00003625  _ZN4aeo111ssi_drv87114ReadEj                      
000035c3  _ZN4aeo111ssi_drv87115ResetEv                     
000035a5  _ZN4aeo111ssi_drv87115SleepEb                     
00003687  _ZN4aeo111ssi_drv87115WriteEjj                    
0000347d  _ZN4aeo111ssi_drv8711C1Ev                         
0000347d  _ZN4aeo111ssi_drv8711C2Ev                         
000034b1  _ZN4aeo111ssi_drv8711D0Ev                         
000034a3  _ZN4aeo111ssi_drv8711D1Ev                         
000034a3  _ZN4aeo111ssi_drv8711D2Ev                         
00003797  _ZN4aeo112adc_potmeter10InitializeEv              
20000b70  _ZN4aeo112adc_potmeter10m_nCounterE               
00003813  _ZN4aeo112adc_potmeter11OnInterruptEv             
20000b78  _ZN4aeo112adc_potmeter14m_nReadCounterE           
000038bd  _ZN4aeo112adc_potmeter15GetErrorCounterEv         
20000b74  _ZN4aeo112adc_potmeter15m_nErrorCounterE          
20000b7c  _ZN4aeo112adc_potmeter16m_pTheOneAndOnlyE         
000038d5  _ZN4aeo112adc_potmeter4DiagEv                     
0000388f  _ZN4aeo112adc_potmeter7TriggerEv                  
0000389d  _ZN4aeo112adc_potmeter8GetValueEv                 
000037f7  _ZN4aeo112adc_potmeter9TerminateEv                
0000373f  _ZN4aeo112adc_potmeterC1Ev                        
0000373f  _ZN4aeo112adc_potmeterC2Ev                        
00003781  _ZN4aeo112adc_potmeterD0Ev                        
0000375d  _ZN4aeo112adc_potmeterD1Ev                        
0000375d  _ZN4aeo112adc_potmeterD2Ev                        
00001fc5  _ZN4aeo114ssi_peripheral10InitializeEv            
000022c3  _ZN4aeo114ssi_peripheral10LoadTxFIFOEv            
0000210d  _ZN4aeo114ssi_peripheral11OnInterruptEv           
000022f9  _ZN4aeo114ssi_peripheral12UnloadRxFIFOEv          
000022ab  _ZN4aeo114ssi_peripheral3GetEv                    
00002297  _ZN4aeo114ssi_peripheral3PutEj                    
000021ad  _ZN4aeo114ssi_peripheral4DiagEv                   
00004aad  _ZN4aeo114ssi_peripheral4OnRxEv                   
00004ab7  _ZN4aeo114ssi_peripheral4OnTxEv                   
0000223b  _ZN4aeo114ssi_peripheral9TerminateEv              
00001ef9  _ZN4aeo114ssi_peripheralC1ENS0_9device_idEjb      
00001ef9  _ZN4aeo114ssi_peripheralC2ENS0_9device_idEjb      
00001faf  _ZN4aeo114ssi_peripheralD0Ev                      
00001f9b  _ZN4aeo114ssi_peripheralD1Ev                      
00001f9b  _ZN4aeo114ssi_peripheralD2Ev                      
20000a88  _ZN4aeo118SSI0_SpecificationE                     
20000abc  _ZN4aeo118SSI1_SpecificationE                     
20000af0  _ZN4aeo118SSI2_SpecificationE                     
20000b24  _ZN4aeo118SSI3_SpecificationE                     
000028fd  _ZN4aeo17drv871110InitializeEv                    
00002a09  _ZN4aeo17drv871110SetDefaultEv                    
00002af3  _ZN4aeo17drv871111ClearFaultsEv                   
00002bbb  _ZN4aeo17drv871111PrintStatusEj                   
00002b2b  _ZN4aeo17drv871116ReadAllRegistersEv              
00002b55  _ZN4aeo17drv871117PrintAllRegistersEv             
00002aa7  _ZN4aeo17drv87114DiagEv                           
0000294d  _ZN4aeo17drv87114HaltEv                           
00002921  _ZN4aeo17drv87114IdleEv                           
0000297b  _ZN4aeo17drv87114MoveEi                           
00002a7d  _ZN4aeo17drv87114StopEb                           
00002b11  _ZN4aeo17drv87115ResetEv                          
00002ac9  _ZN4aeo17drv87115SleepEb                          
000029db  _ZN4aeo17drv87119SetTorqueEj                      
000028b1  _ZN4aeo17drv8711C1Ev                              
000028b1  _ZN4aeo17drv8711C2Ev                              
000028e7  _ZN4aeo17drv8711D0Ev                              
000028cf  _ZN4aeo17drv8711D1Ev                              
000028cf  _ZN4aeo17drv8711D2Ev                              
000017d5  _ZN4aeo17esp826610InitializeEv                    
00001bf7  _ZN4aeo17esp826610OnTransmitEv                    
00001ba9  _ZN4aeo17esp826610SetBitrateEj                    
00001af7  _ZN4aeo17esp826611RxEndOfLineEv                   
00001b31  _ZN4aeo17esp826613ConfigureUARTEj                 
00001d21  _ZN4aeo17esp826616FillOutputBufferEPKc            
0000191d  _ZN4aeo17esp82664DiagEv                           
0000181d  _ZN4aeo17esp82665ResetEv                          
000018b7  _ZN4aeo17esp82665SetupEv                          
00001981  _ZN4aeo17esp82665WriteEPKc                        
00001dc5  _ZN4aeo17esp82666InvokeEPKcS2_S2_i                
0000194d  _ZN4aeo17esp82666OnUartEj                         
00001a69  _ZN4aeo17esp82668ReadLineEPci                     
00001c9f  _ZN4aeo17esp82669OnReceiveEv                      
00001783  _ZN4aeo17esp8266C1Ev                              
00001783  _ZN4aeo17esp8266C2Ev                              
000017bf  _ZN4aeo17esp8266D0Ev                              
000017b3  _ZN4aeo17esp8266D1Ev                              
000017b3  _ZN4aeo17esp8266D2Ev                              
00003e7f  _ZNKSt9type_info4nameEv                           
00003eaf  _ZNKSt9type_info6beforeERKS_                      
00003e99  _ZNKSt9type_infoeqERKS_                           
00003e83  _ZNKSt9type_infoneERKS_                           
00003e77  _ZNSt9type_infoD0Ev                               
00003e75  _ZNSt9type_infoD1Ev                               
00003e75  _ZNSt9type_infoD2Ev                               
200007e8  _ZSt16__dummy_typeinfo                            
00003e6d  _ZSt21__gen_dummy_typeinfosv                      
000059e8  _ZTIN10__cxxabiv117__class_type_infoE             
000059f4  _ZTIN10__cxxabiv117__pbase_type_infoE             
00005a00  _ZTIN10__cxxabiv119__pointer_type_infoE           
00005a0c  _ZTIN10__cxxabiv120__si_class_type_infoE          
00005a18  _ZTIN10__cxxabiv123__fundamental_type_infoE       
00005a30  _ZTIN4aeo111pwm_stepperE                          
00005a24  _ZTIN4aeo111ssi_drv8711E                          
00005a38  _ZTIN4aeo112adc_potmeterE                         
00005a40  _ZTIN4aeo114ssi_peripheralE                       
00005a48  _ZTIN4aeo17drv8711E                               
00005a50  _ZTIN4aeo17esp8266E                               
00005928  _ZTIPKe                                           
00005a58  _ZTISt9type_info                                  
00005a60  _ZTIe                                             
00005845  _ZTSN10__cxxabiv117__class_type_infoE             
00005867  _ZTSN10__cxxabiv117__pbase_type_infoE             
00005821  _ZTSN10__cxxabiv119__pointer_type_infoE           
000057fc  _ZTSN10__cxxabiv120__si_class_type_infoE          
0000575c  _ZTSN10__cxxabiv123__fundamental_type_infoE       
000058d6  _ZTSN4aeo111pwm_stepperE                          
000058eb  _ZTSN4aeo111ssi_drv8711E                          
000058c0  _ZTSN4aeo112adc_potmeterE                         
000058a8  _ZTSN4aeo114ssi_peripheralE                       
00005938  _ZTSN4aeo17drv8711E                               
00005948  _ZTSN4aeo17esp8266E                               
00005a68  _ZTSPKe                                           
000059d8  _ZTSSt9type_info                                  
0000505a  _ZTSe                                             
00005958  _ZTVN10__cxxabiv117__class_type_infoE             
00005968  _ZTVN10__cxxabiv119__pointer_type_infoE           
00005978  _ZTVN10__cxxabiv120__si_class_type_infoE          
00005988  _ZTVN10__cxxabiv123__fundamental_type_infoE       
00005998  _ZTVN4aeo111pwm_stepperE                          
00005784  _ZTVN4aeo111ssi_drv8711E                          
000059a8  _ZTVN4aeo112adc_potmeterE                         
000057ac  _ZTVN4aeo114ssi_peripheralE                       
000059b8  _ZTVN4aeo17drv8711E                               
000059c8  _ZTVN4aeo17esp8266E                               
00004ad9  _ZdlPv                                            
200009f8  __STACK_END                                       
00000200  __STACK_SIZE                                      
200009f8  __STACK_TOP                                       
00000008  __SYSMEM_SIZE                                     
00005bf8  __TI_CINIT_Base                                   
00005c08  __TI_CINIT_Limit                                  
00005be0  __TI_Handler_Table_Base                           
00005bec  __TI_Handler_Table_Limit                          
00004165  __TI_auto_init                                    
20000ba4  __TI_cleanup_ptr                                  
000049e5  __TI_decompress_none                              
00004aff  __TI_decompress_rle24                             
20000ba8  __TI_dtors_ptr                                    
00000000  __TI_static_base__                                
00004a3b  __TI_zero_init                                    
00003dcf  __aeabi_atexit                                    
00003a53  __aeabi_idiv0                                     
000040eb  __aeabi_memclr                                    
000040eb  __aeabi_memclr4                                   
000040eb  __aeabi_memclr8                                   
00003fd5  __aeabi_memcpy                                    
00003fd5  __aeabi_memcpy4                                   
00003fd5  __aeabi_memcpy8                                   
000040ed  __aeabi_memset                                    
000040ed  __aeabi_memset4                                   
000040ed  __aeabi_memset8                                   
00004529  __aeabi_uidiv                                     
00004529  __aeabi_uidivmod                                  
ffffffff  __binit__                                         
ffffffff  __c_args__                                        
00003e13  __cxa_atexit                                      
00003d79  __cxa_finalize                                    
00003dbb  __cxa_ia64_exit                                   
200007ec  __dso_handle                                      
200007f8  __stack                                           
00002785  __sti___8_main_cpp_779587d3                       
000047a5  _args_main                                        
000043b9  _c_int00                                          
20000b9c  _lock                                             
0000485f  _nop                                              
00004857  _register_lock                                    
00004851  _register_unlock                                  
20000bc8  _sys_memory                                       
00004b0d  _system_pre_init                                  
20000ba0  _unlock                                           
000044e9  abort                                             
00003dc1  atexit                                            
ffffffff  binit                                             
00003119  calloc                                            
00004409  copy_in                                           
00001751  esp8266_UARTIntHandler                            
000044f1  exit                                              
00002e67  free                                              
20000618  g_oDrv8711                                        
20000400  g_oEsp8266                                        
00000000  g_pfnVectors                                      
200009f8  g_psCmdTable                                      
00004363  ltoa                                              
00002765  main                                              
20000bbc  main_func_sp                                      
00002dff  malloc                                            
00003035  memalign                                          
00003fd5  memcpy                                            
000040f3  memset                                            
00002d71  minit                                             
00002f29  realloc                                           
000047d5  strchr                                            
000047bd  strcmp                                            
00004865  strlen                                            
00004651  strstr                                            
00000751  ulocaltime                                        
0000094f  umktime                                           
00000ec9  urand                                             
00000721  usnprintf                                         
000006ef  usprintf                                          
00000eb9  usrand                                            
00000e31  ustrcasecmp                                       
00000ea5  ustrcmp                                           
00000d35  ustrlen                                           
00000d8d  ustrncasecmp                                      
00000e45  ustrncmp                                          
0000026d  ustrncpy                                          
00000d57  ustrstr                                           
00000afd  ustrtof                                           
000009c5  ustrtoul                                          
000002c5  uvsnprintf                                        


GLOBAL SYMBOLS: SORTED BY Symbol Address 

address   name                                              
-------   ----                                              
00000000  __TI_static_base__                                
00000000  g_pfnVectors                                      
00000008  __SYSMEM_SIZE                                     
00000200  __STACK_SIZE                                      
0000026d  ustrncpy                                          
000002c5  uvsnprintf                                        
000006ef  usprintf                                          
00000721  usnprintf                                         
00000751  ulocaltime                                        
0000094f  umktime                                           
000009c5  ustrtoul                                          
00000afd  ustrtof                                           
00000d35  ustrlen                                           
00000d57  ustrstr                                           
00000d8d  ustrncasecmp                                      
00000e31  ustrcasecmp                                       
00000e45  ustrncmp                                          
00000ea5  ustrcmp                                           
00000eb9  usrand                                            
00000ec9  urand                                             
00000fdd  UARTStdioConfig                                   
00001063  UARTwrite                                         
00001103  UARTgets                                          
0000117f  UARTgetc                                          
000011d9  UARTvprintf                                       
000014d3  UARTprintf                                        
000014f7  UARTRxBytesAvail                                  
00001505  UARTTxBytesFree                                   
00001519  UARTPeek                                          
00001573  UARTFlushRx                                       
00001593  UARTFlushTx                                       
000015c9  UARTEchoSet                                       
000015f5  UARTStdioIntHandler                               
00001751  esp8266_UARTIntHandler                            
00001783  _ZN4aeo17esp8266C1Ev                              
00001783  _ZN4aeo17esp8266C2Ev                              
000017b3  _ZN4aeo17esp8266D1Ev                              
000017b3  _ZN4aeo17esp8266D2Ev                              
000017bf  _ZN4aeo17esp8266D0Ev                              
000017d5  _ZN4aeo17esp826610InitializeEv                    
0000181d  _ZN4aeo17esp82665ResetEv                          
000018b7  _ZN4aeo17esp82665SetupEv                          
0000191d  _ZN4aeo17esp82664DiagEv                           
0000194d  _ZN4aeo17esp82666OnUartEj                         
00001981  _ZN4aeo17esp82665WriteEPKc                        
00001a69  _ZN4aeo17esp82668ReadLineEPci                     
00001af7  _ZN4aeo17esp826611RxEndOfLineEv                   
00001b31  _ZN4aeo17esp826613ConfigureUARTEj                 
00001ba9  _ZN4aeo17esp826610SetBitrateEj                    
00001bf7  _ZN4aeo17esp826610OnTransmitEv                    
00001c9f  _ZN4aeo17esp82669OnReceiveEv                      
00001d21  _ZN4aeo17esp826616FillOutputBufferEPKc            
00001dc5  _ZN4aeo17esp82666InvokeEPKcS2_S2_i                
00001e91  OnSSI0Interrupt                                   
00001eab  OnSSI1Interrupt                                   
00001ec5  OnSSI2Interrupt                                   
00001edf  OnSSI3Interrupt                                   
00001ef9  _ZN4aeo114ssi_peripheralC1ENS0_9device_idEjb      
00001ef9  _ZN4aeo114ssi_peripheralC2ENS0_9device_idEjb      
00001f9b  _ZN4aeo114ssi_peripheralD1Ev                      
00001f9b  _ZN4aeo114ssi_peripheralD2Ev                      
00001faf  _ZN4aeo114ssi_peripheralD0Ev                      
00001fc5  _ZN4aeo114ssi_peripheral10InitializeEv            
0000210d  _ZN4aeo114ssi_peripheral11OnInterruptEv           
000021ad  _ZN4aeo114ssi_peripheral4DiagEv                   
0000223b  _ZN4aeo114ssi_peripheral9TerminateEv              
00002297  _ZN4aeo114ssi_peripheral3PutEj                    
000022ab  _ZN4aeo114ssi_peripheral3GetEv                    
000022c3  _ZN4aeo114ssi_peripheral10LoadTxFIFOEv            
000022f9  _ZN4aeo114ssi_peripheral12UnloadRxFIFOEv          
000023e9  _Z8CMD_idleiPPc                                   
000023f9  _Z8CMD_haltiPPc                                   
00002409  _Z8CMD_moveiPPc                                   
00002437  _Z8CMD_stopiPPc                                   
00002459  _Z8CMD_diagiPPc                                   
0000246f  _Z9CMD_sleepiPPc                                  
00002497  _Z10CMD_mresetiPPc                                
000024a7  _Z10CMD_wresetiPPc                                
000024bd  _Z9CMD_resetiPPc                                  
000024cb  _Z9CMD_noerriPPc                                  
000024db  _Z8CMD_helpiPPc                                   
00002583  SysTickIntHandler                                 
000026fd  _Z8MainLoopv                                      
00002765  main                                              
00002785  __sti___8_main_cpp_779587d3                       
000028b1  _ZN4aeo17drv8711C1Ev                              
000028b1  _ZN4aeo17drv8711C2Ev                              
000028cf  _ZN4aeo17drv8711D1Ev                              
000028cf  _ZN4aeo17drv8711D2Ev                              
000028e7  _ZN4aeo17drv8711D0Ev                              
000028fd  _ZN4aeo17drv871110InitializeEv                    
00002921  _ZN4aeo17drv87114IdleEv                           
0000294d  _ZN4aeo17drv87114HaltEv                           
0000297b  _ZN4aeo17drv87114MoveEi                           
000029db  _ZN4aeo17drv87119SetTorqueEj                      
00002a09  _ZN4aeo17drv871110SetDefaultEv                    
00002a7d  _ZN4aeo17drv87114StopEb                           
00002aa7  _ZN4aeo17drv87114DiagEv                           
00002ac9  _ZN4aeo17drv87115SleepEb                          
00002af3  _ZN4aeo17drv871111ClearFaultsEv                   
00002b11  _ZN4aeo17drv87115ResetEv                          
00002b2b  _ZN4aeo17drv871116ReadAllRegistersEv              
00002b55  _ZN4aeo17drv871117PrintAllRegistersEv             
00002bbb  _ZN4aeo17drv871111PrintStatusEj                   
00002d71  minit                                             
00002dff  malloc                                            
00002e67  free                                              
00002f29  realloc                                           
00003035  memalign                                          
00003119  calloc                                            
0000314d  OnPWM1Gen1Interrupt                               
00003169  _ZN4aeo111pwm_stepperC1Ev                         
00003169  _ZN4aeo111pwm_stepperC2Ev                         
000031a1  _ZN4aeo111pwm_stepperD1Ev                         
000031a1  _ZN4aeo111pwm_stepperD2Ev                         
000031ad  _ZN4aeo111pwm_stepperD0Ev                         
000031c3  _ZN4aeo111pwm_stepper10InitializeEv               
00003235  _ZN4aeo111pwm_stepper4DiagEv                      
00003261  _ZN4aeo111pwm_stepper4MoveEj                      
000032af  _ZN4aeo111pwm_stepper4StopEb                      
000032dd  _ZN4aeo111pwm_stepper11OnInterruptEv              
00003445  OnGPIOBInterrupt                                  
00003461  OnGPIOEInterrupt                                  
0000347d  _ZN4aeo111ssi_drv8711C1Ev                         
0000347d  _ZN4aeo111ssi_drv8711C2Ev                         
000034a3  _ZN4aeo111ssi_drv8711D1Ev                         
000034a3  _ZN4aeo111ssi_drv8711D2Ev                         
000034b1  _ZN4aeo111ssi_drv8711D0Ev                         
000034c7  _ZN4aeo111ssi_drv871110InitializeEv               
00003593  _ZN4aeo111ssi_drv87114DiagEv                      
000035a5  _ZN4aeo111ssi_drv87115SleepEb                     
000035c3  _ZN4aeo111ssi_drv87115ResetEv                     
000035f1  _ZN4aeo111ssi_drv871115OnGpioInterruptENS0_5EventE
00003625  _ZN4aeo111ssi_drv87114ReadEj                      
00003687  _ZN4aeo111ssi_drv87115WriteEjj                    
000036d5  _ZN4aeo111ssi_drv871111GetRegisterEj              
0000372d  OnADCInterrupt                                    
0000373f  _ZN4aeo112adc_potmeterC1Ev                        
0000373f  _ZN4aeo112adc_potmeterC2Ev                        
0000375d  _ZN4aeo112adc_potmeterD1Ev                        
0000375d  _ZN4aeo112adc_potmeterD2Ev                        
00003781  _ZN4aeo112adc_potmeterD0Ev                        
00003797  _ZN4aeo112adc_potmeter10InitializeEv              
000037f7  _ZN4aeo112adc_potmeter9TerminateEv                
00003813  _ZN4aeo112adc_potmeter11OnInterruptEv             
0000388f  _ZN4aeo112adc_potmeter7TriggerEv                  
0000389d  _ZN4aeo112adc_potmeter8GetValueEv                 
000038bd  _ZN4aeo112adc_potmeter15GetErrorCounterEv         
000038d5  _ZN4aeo112adc_potmeter4DiagEv                     
00003921  GPIOPadConfigSet                                  
00003a53  __aeabi_idiv0                                     
00003a9d  _Z23drv8711_registers_PrintiiPFbPKciS0_PvES1_     
00003b75  SysCtlClockGet                                    
00003c85  SysCtlClockSet                                    
00003d79  __cxa_finalize                                    
00003dbb  __cxa_ia64_exit                                   
00003dc1  atexit                                            
00003dcf  __aeabi_atexit                                    
00003e13  __cxa_atexit                                      
00003e6d  _ZSt21__gen_dummy_typeinfosv                      
00003e75  _ZNSt9type_infoD1Ev                               
00003e75  _ZNSt9type_infoD2Ev                               
00003e77  _ZNSt9type_infoD0Ev                               
00003e7f  _ZNKSt9type_info4nameEv                           
00003e83  _ZNKSt9type_infoneERKS_                           
00003e99  _ZNKSt9type_infoeqERKS_                           
00003eaf  _ZNKSt9type_info6beforeERKS_                      
00003ebd  _ZN10__cxxabiv129__pointer_to_member_type_infoD1Ev
00003ebd  _ZN10__cxxabiv129__pointer_to_member_type_infoD2Ev
00003ebf  _ZN10__cxxabiv129__pointer_to_member_type_infoD0Ev
00003ec7  _ZN10__cxxabiv123__fundamental_type_infoD1Ev      
00003ec7  _ZN10__cxxabiv123__fundamental_type_infoD2Ev      
00003ec9  _ZN10__cxxabiv123__fundamental_type_infoD0Ev      
00003ed1  _ZN10__cxxabiv121__vmi_class_type_infoD1Ev        
00003ed1  _ZN10__cxxabiv121__vmi_class_type_infoD2Ev        
00003ed3  _ZN10__cxxabiv121__vmi_class_type_infoD0Ev        
00003edb  _ZN10__cxxabiv120__si_class_type_infoD1Ev         
00003edb  _ZN10__cxxabiv120__si_class_type_infoD2Ev         
00003edd  _ZN10__cxxabiv120__si_class_type_infoD0Ev         
00003ee5  _ZN10__cxxabiv120__function_type_infoD1Ev         
00003ee5  _ZN10__cxxabiv120__function_type_infoD2Ev         
00003ee7  _ZN10__cxxabiv120__function_type_infoD0Ev         
00003eef  _ZN10__cxxabiv119__pointer_type_infoD1Ev          
00003eef  _ZN10__cxxabiv119__pointer_type_infoD2Ev          
00003ef1  _ZN10__cxxabiv119__pointer_type_infoD0Ev          
00003ef9  _ZN10__cxxabiv117__pbase_type_infoD1Ev            
00003ef9  _ZN10__cxxabiv117__pbase_type_infoD2Ev            
00003efb  _ZN10__cxxabiv117__pbase_type_infoD0Ev            
00003f03  _ZN10__cxxabiv117__class_type_infoD1Ev            
00003f03  _ZN10__cxxabiv117__class_type_infoD2Ev            
00003f05  _ZN10__cxxabiv117__class_type_infoD0Ev            
00003f0d  _ZN10__cxxabiv117__array_type_infoD1Ev            
00003f0d  _ZN10__cxxabiv117__array_type_infoD2Ev            
00003f0f  _ZN10__cxxabiv117__array_type_infoD0Ev            
00003f17  _ZN10__cxxabiv116__enum_type_infoD1Ev             
00003f17  _ZN10__cxxabiv116__enum_type_infoD2Ev             
00003f19  _ZN10__cxxabiv116__enum_type_infoD0Ev             
00003f29  CmdLineProcess                                    
00003fd5  __aeabi_memcpy                                    
00003fd5  __aeabi_memcpy4                                   
00003fd5  __aeabi_memcpy8                                   
00003fd5  memcpy                                            
00004071  ADCSequenceStepConfigure                          
000040eb  __aeabi_memclr                                    
000040eb  __aeabi_memclr4                                   
000040eb  __aeabi_memclr8                                   
000040ed  __aeabi_memset                                    
000040ed  __aeabi_memset4                                   
000040ed  __aeabi_memset8                                   
000040f3  memset                                            
00004165  __TI_auto_init                                    
0000423d  IntDisable                                        
000042a5  IntEnable                                         
0000430d  GPIOIntTypeSet                                    
00004363  ltoa                                              
000043b9  _c_int00                                          
00004409  copy_in                                           
00004455  GPIOPinConfigure                                  
0000449d  UARTConfigSetExpClk                               
000044e5  C$$EXIT                                           
000044e9  abort                                             
000044f1  exit                                              
00004529  __aeabi_uidiv                                     
00004529  __aeabi_uidivmod                                  
00004569  ADCSequenceConfigure                              
000045a7  SSIConfigSetExpClk                                
000045e5  SysCtlPeripheralPresent                           
0000461d  SysCtlPeripheralEnable                            
00004651  strstr                                            
00004685  ADCIntStatus                                      
000046b3  GPIODirModeSet                                    
000046dd  PWMGenConfigure                                   
00004701  UARTDisable                                       
00004721  ADCSequenceDataGet                                
0000473f  PWMPulseWidthSet                                  
0000475d  ADCClockConfigSet                                 
00004775  ADCProcessorTrigger                               
0000478d  GPIOPinTypeGPIOOutput                             
000047a5  _args_main                                        
000047bd  strcmp                                            
000047d5  strchr                                            
000047ed  FPUStackingEnable                                 
00004801  SysCtlPWMClockSet                                 
00004815  SysTickEnable                                     
00004829  SysTickIntEnable                                  
0000483d  UARTEnable                                        
00004851  _register_unlock                                  
00004857  _register_lock                                    
0000485f  _nop                                              
00004865  strlen                                            
00004879  GPIOPinTypeADC                                    
0000488b  GPIOPinTypeGPIOInput                              
0000489d  GPIOPinTypePWM                                    
000048af  GPIOPinTypeSSI                                    
000048c1  GPIOPinTypeUART                                   
000048d3  PWMOutputState                                    
000048e5  SSIDataGetNonBlocking                             
000048f7  ADCIntEnable                                      
00004909  FPUEnable                                         
00004919  IntMasterDisable                                  
00004929  IntMasterEnable                                   
00004939  PWMGenPeriodSet                                   
00004949  SysTickPeriodSet                                  
00004959  ADCHardwareOversampleConfigure                    
00004967  ADCIntDisable                                     
00004975  ADCSequenceDisable                                
00004983  ADCSequenceEnable                                 
00004991  GPIOIntDisable                                    
0000499f  SSIDataPutNonBlocking                             
000049ad  UARTCharGetNonBlocking                            
000049bb  UARTCharPutNonBlocking                            
000049c9  UARTCharsAvail                                    
000049d7  UARTSpaceAvail                                    
000049e5  __TI_decompress_none                              
000049f3  CPUcpsid                                          
000049ff  CPUcpsie                                          
00004a0b  GPIOIntEnable                                     
00004a17  PWMGenDisable                                     
00004a23  PWMGenEnable                                      
00004a2f  SSIDataGet                                        
00004a3b  __TI_zero_init                                    
00004a47  ResetISR                                          
00004a53  ADCIntClear                                       
00004a5d  PWMGenIntTrigEnable                               
00004a67  SSIDataPut                                        
00004a71  SSIDisable                                        
00004a7b  SSIEnable                                         
00004a85  SSIIntDisable                                     
00004a8f  SSIIntStatus                                      
00004a99  UARTIntDisable                                    
00004aa3  UARTIntStatus                                     
00004aad  _ZN4aeo114ssi_peripheral4OnRxEv                   
00004ab7  _ZN4aeo114ssi_peripheral4OnTxEv                   
00004ac1  PWMIntEnable                                      
00004ac9  SSIIntEnable                                      
00004ad1  UARTIntEnable                                     
00004ad9  _ZdlPv                                            
00004ae1  GPIOPinWrite                                      
00004ae7  PWMGenIntClear                                    
00004aed  SysCtlDelay                                       
00004af3  UARTClockSourceSet                                
00004af9  UARTFIFOLevelSet                                  
00004aff  __TI_decompress_rle24                             
00004b05  SSIIntClear                                       
00004b09  UARTIntClear                                      
00004b0d  _system_pre_init                                  
0000505a  _ZTSe                                             
0000575c  _ZTSN10__cxxabiv123__fundamental_type_infoE       
00005784  _ZTVN4aeo111ssi_drv8711E                          
000057ac  _ZTVN4aeo114ssi_peripheralE                       
000057fc  _ZTSN10__cxxabiv120__si_class_type_infoE          
00005821  _ZTSN10__cxxabiv119__pointer_type_infoE           
00005845  _ZTSN10__cxxabiv117__class_type_infoE             
00005867  _ZTSN10__cxxabiv117__pbase_type_infoE             
000058a8  _ZTSN4aeo114ssi_peripheralE                       
000058c0  _ZTSN4aeo112adc_potmeterE                         
000058d6  _ZTSN4aeo111pwm_stepperE                          
000058eb  _ZTSN4aeo111ssi_drv8711E                          
00005928  _ZTIPKe                                           
00005938  _ZTSN4aeo17drv8711E                               
00005948  _ZTSN4aeo17esp8266E                               
00005958  _ZTVN10__cxxabiv117__class_type_infoE             
00005968  _ZTVN10__cxxabiv119__pointer_type_infoE           
00005978  _ZTVN10__cxxabiv120__si_class_type_infoE          
00005988  _ZTVN10__cxxabiv123__fundamental_type_infoE       
00005998  _ZTVN4aeo111pwm_stepperE                          
000059a8  _ZTVN4aeo112adc_potmeterE                         
000059b8  _ZTVN4aeo17drv8711E                               
000059c8  _ZTVN4aeo17esp8266E                               
000059d8  _ZTSSt9type_info                                  
000059e8  _ZTIN10__cxxabiv117__class_type_infoE             
000059f4  _ZTIN10__cxxabiv117__pbase_type_infoE             
00005a00  _ZTIN10__cxxabiv119__pointer_type_infoE           
00005a0c  _ZTIN10__cxxabiv120__si_class_type_infoE          
00005a18  _ZTIN10__cxxabiv123__fundamental_type_infoE       
00005a24  _ZTIN4aeo111ssi_drv8711E                          
00005a30  _ZTIN4aeo111pwm_stepperE                          
00005a38  _ZTIN4aeo112adc_potmeterE                         
00005a40  _ZTIN4aeo114ssi_peripheralE                       
00005a48  _ZTIN4aeo17drv8711E                               
00005a50  _ZTIN4aeo17esp8266E                               
00005a58  _ZTISt9type_info                                  
00005a60  _ZTIe                                             
00005a68  _ZTSPKe                                           
00005a6c  SHT$$INIT_ARRAY$$Base                             
00005a70  SHT$$INIT_ARRAY$$Limit                            
00005be0  __TI_Handler_Table_Base                           
00005bec  __TI_Handler_Table_Limit                          
00005bf8  __TI_CINIT_Base                                   
00005c08  __TI_CINIT_Limit                                  
20000400  g_oEsp8266                                        
20000618  g_oDrv8711                                        
200007e8  _ZSt16__dummy_typeinfo                            
200007ec  __dso_handle                                      
200007f8  __stack                                           
200009f8  __STACK_END                                       
200009f8  __STACK_TOP                                       
200009f8  g_psCmdTable                                      
20000a88  _ZN4aeo118SSI0_SpecificationE                     
20000abc  _ZN4aeo118SSI1_SpecificationE                     
20000af0  _ZN4aeo118SSI2_SpecificationE                     
20000b24  _ZN4aeo118SSI3_SpecificationE                     
20000b70  _ZN4aeo112adc_potmeter10m_nCounterE               
20000b74  _ZN4aeo112adc_potmeter15m_nErrorCounterE          
20000b78  _ZN4aeo112adc_potmeter14m_nReadCounterE           
20000b7c  _ZN4aeo112adc_potmeter16m_pTheOneAndOnlyE         
20000b9c  _lock                                             
20000ba0  _unlock                                           
20000ba4  __TI_cleanup_ptr                                  
20000ba8  __TI_dtors_ptr                                    
20000bbc  main_func_sp                                      
20000bc8  _sys_memory                                       
ffffffff  __binit__                                         
ffffffff  __c_args__                                        
ffffffff  binit                                             

[375 symbols]
