******************************************************************************
                  TI ARM Linker PC v5.2.7                      
******************************************************************************
>> Linked Sat Mar 26 00:03:42 2016

OUTPUT FILE NAME:   <solo_stepper.out>
ENTRY POINT SYMBOL: "_c_int00"  address: 000048f5


MEMORY CONFIGURATION

         name            origin    length      used     unused   attr    fill
----------------------  --------  ---------  --------  --------  ----  --------
  FLASH                 00000000   00040000  000061b8  00039e48  R  X
  SRAM                  20000000   00008000  00000be5  0000741b  RW X


SEGMENT ALLOCATION MAP

run origin  load origin   length   init length attrs members
----------  ----------- ---------- ----------- ----- -------
00000000    00000000    000061b8   000061b8    r-x
  00000000    00000000    0000026c   0000026c    r-- .intvecs
  0000026c    0000026c    00004e04   00004e04    r-x .text
  00005070    00005070    00000f94   00000f94    r-- .const
  00006004    00006004    00000004   00000004    r-- .init_array
  00006008    00006008    000001b0   000001b0    r-- .cinit
20000000    20000000    00000be8   00000000    rw-
  20000000    20000000    000007f9   00000000    rw- .bss
  200007fc    200007fc    00000200   00000000    rw- .stack
  200009fc    200009fc    000001e4   00000000    rw- .data
  20000be0    20000be0    00000008   00000000    rw- .sysmem


SECTION ALLOCATION MAP

 output                                  attributes/
section   page    origin      length       input sections
--------  ----  ----------  ----------   ----------------
.intvecs   0    00000000    0000026c     
                  00000000    0000026c     tm4c123gh6pm_startup_ccs.obj (.intvecs)

.text      0    0000026c    00004e04     
                  0000026c    00000c84     tiva_utils.lib : ustdlib.obj (.text)
                  00000ef0    00000860                    : uartstdio.obj (.text)
                  00001750    00000740     esp8266.obj (.text)
                  00001e90    0000062c     main.obj (.text)
                  000024bc    00000578     drv8711.obj (.text)
                  00002a34    00000558     aeo1_drivers.lib : ssi_peripheral.obj (.text)
                  00002f8c    00000478                      : pwm_stepper.obj (.text)
                  00003404    000003dc     rtsv7M4_T_le_v4SPD16_eabi.lib : memory.obj (.text)
                  000037e0    000002e8     aeo1_drivers.lib : ssi_drv8711.obj (.text)
                  00003ac8    000002c0     drv8711_registers.obj (.text)
                  00003d88    000001f4     aeo1_drivers.lib : adc_potmeter.obj (.text)
                  00003f7c    00000132     driverlib.lib : gpio.obj (.text:GPIOPadConfigSet)
                  000040ae    00000002     rtsv7M4_T_le_v4SPD16_eabi.lib : i_div0.obj (.text)
                  000040b0    00000110     driverlib.lib : sysctl.obj (.text:SysCtlClockGet)
                  000041c0    000000f4                   : sysctl.obj (.text:SysCtlClockSet)
                  000042b4    000000f4     rtsv7M4_T_le_v4SPD16_eabi.lib : dtor_list.obj (.text)
                  000043a8    000000bc                                   : typeinfo_.obj (.text)
                  00004464    000000ac     tiva_utils.lib : cmdline.obj (.text)
                  00004510    0000009c     rtsv7M4_T_le_v4SPD16_eabi.lib : memcpy_t2.obj (.text)
                  000045ac    0000007a     driverlib.lib : adc.obj (.text:ADCSequenceStepConfigure)
                  00004626    0000007a     rtsv7M4_T_le_v4SPD16_eabi.lib : memset_t2.obj (.text)
                  000046a0    0000006c                                   : autoinit.obj (.text)
                  0000470c    0000006a                                   : copy_decompress_rle.obj (.text)
                  00004776    00000002     --HOLE-- [fill = 0]
                  00004778    00000068     driverlib.lib : interrupt.obj (.text:IntDisable)
                  000047e0    00000068                   : interrupt.obj (.text:IntEnable)
                  00004848    00000056                   : gpio.obj (.text:GPIOIntTypeSet)
                  0000489e    00000056     rtsv7M4_T_le_v4SPD16_eabi.lib : ltoa.obj (.text)
                  000048f4    00000050                                   : boot.obj (.text)
                  00004944    0000004c                                   : cpy_tbl.obj (.text)
                  00004990    00000048     driverlib.lib : gpio.obj (.text:GPIOPinConfigure)
                  000049d8    00000046                   : uart.obj (.text:UARTConfigSetExpClk)
                  00004a1e    00000002     --HOLE-- [fill = 0]
                  00004a20    00000044     rtsv7M4_T_le_v4SPD16_eabi.lib : exit.obj (.text)
                  00004a64    00000040                                   : u_divt2.obj (.text)
                  00004aa4    0000003e     driverlib.lib : adc.obj (.text:ADCSequenceConfigure)
                  00004ae2    0000003c                   : ssi.obj (.text:SSIConfigSetExpClk)
                  00004b1e    00000002     --HOLE-- [fill = 0]
                  00004b20    00000038                   : sysctl.obj (.text:SysCtlPeripheralPresent)
                  00004b58    00000034                   : sysctl.obj (.text:SysCtlPeripheralEnable)
                  00004b8c    00000034     rtsv7M4_T_le_v4SPD16_eabi.lib : strstr.obj (.text)
                  00004bc0    0000002e     driverlib.lib : adc.obj (.text:ADCIntStatus)
                  00004bee    0000002a                   : gpio.obj (.text:GPIODirModeSet)
                  00004c18    00000026     rtsv7M4_T_le_v4SPD16_eabi.lib : strncmp.obj (.text)
                  00004c3e    00000022     driverlib.lib : pwm.obj (.text:PWMGenConfigure)
                  00004c60    00000020                   : uart.obj (.text:UARTDisable)
                  00004c80    0000001e                   : adc.obj (.text:ADCSequenceDataGet)
                  00004c9e    0000001e                   : pwm.obj (.text:PWMPulseWidthSet)
                  00004cbc    00000018                   : adc.obj (.text:ADCClockConfigSet)
                  00004cd4    00000018                   : adc.obj (.text:ADCProcessorTrigger)
                  00004cec    00000018                   : gpio.obj (.text:GPIOPinTypeGPIOOutput)
                  00004d04    00000018     rtsv7M4_T_le_v4SPD16_eabi.lib : args_main.obj (.text)
                  00004d1c    00000018                                   : strcmp.obj (.text)
                  00004d34    00000016                                   : strchr.obj (.text)
                  00004d4a    00000002     --HOLE-- [fill = 0]
                  00004d4c    00000014     driverlib.lib : fpu.obj (.text:FPUStackingEnable)
                  00004d60    00000014                   : sysctl.obj (.text:SysCtlPWMClockSet)
                  00004d74    00000014                   : systick.obj (.text:SysTickEnable)
                  00004d88    00000014                   : systick.obj (.text:SysTickIntEnable)
                  00004d9c    00000014                   : uart.obj (.text:UARTEnable)
                  00004db0    00000014     rtsv7M4_T_le_v4SPD16_eabi.lib : _lock.obj (.text)
                  00004dc4    00000014                                   : strlen.obj (.text)
                  00004dd8    00000012     driverlib.lib : gpio.obj (.text:GPIOPinTypeADC)
                  00004dea    00000012                   : gpio.obj (.text:GPIOPinTypeGPIOInput)
                  00004dfc    00000012                   : gpio.obj (.text:GPIOPinTypePWM)
                  00004e0e    00000012                   : gpio.obj (.text:GPIOPinTypeSSI)
                  00004e20    00000012                   : gpio.obj (.text:GPIOPinTypeUART)
                  00004e32    00000012                   : pwm.obj (.text:PWMOutputState)
                  00004e44    00000012                   : ssi.obj (.text:SSIDataGetNonBlocking)
                  00004e56    00000010                   : adc.obj (.text:ADCIntEnable)
                  00004e66    00000002     --HOLE-- [fill = 0]
                  00004e68    00000010                   : fpu.obj (.text:FPUEnable)
                  00004e78    00000010                   : interrupt.obj (.text:IntMasterDisable)
                  00004e88    00000010                   : interrupt.obj (.text:IntMasterEnable)
                  00004e98    00000010                   : pwm.obj (.text:PWMGenPeriodSet)
                  00004ea8    00000010                   : systick.obj (.text:SysTickPeriodSet)
                  00004eb8    0000000e                   : adc.obj (.text:ADCHardwareOversampleConfigure)
                  00004ec6    0000000e                   : adc.obj (.text:ADCIntDisable)
                  00004ed4    0000000e                   : adc.obj (.text:ADCSequenceDisable)
                  00004ee2    0000000e                   : adc.obj (.text:ADCSequenceEnable)
                  00004ef0    0000000e                   : gpio.obj (.text:GPIOIntDisable)
                  00004efe    0000000e                   : ssi.obj (.text:SSIDataPutNonBlocking)
                  00004f0c    0000000e                   : uart.obj (.text:UARTCharGetNonBlocking)
                  00004f1a    0000000e                   : uart.obj (.text:UARTCharPutNonBlocking)
                  00004f28    0000000e                   : uart.obj (.text:UARTCharsAvail)
                  00004f36    0000000e                   : uart.obj (.text:UARTSpaceAvail)
                  00004f44    0000000e     rtsv7M4_T_le_v4SPD16_eabi.lib : copy_decompress_none.obj (.text:decompress:none)
                  00004f52    0000000c     driverlib.lib : cpu.obj (.text:CPUcpsid)
                  00004f5e    0000000c                   : cpu.obj (.text:CPUcpsie)
                  00004f6a    0000000c                   : gpio.obj (.text:GPIOIntEnable)
                  00004f76    0000000c                   : pwm.obj (.text:PWMGenDisable)
                  00004f82    0000000c                   : pwm.obj (.text:PWMGenEnable)
                  00004f8e    0000000c                   : ssi.obj (.text:SSIDataGet)
                  00004f9a    0000000c     rtsv7M4_T_le_v4SPD16_eabi.lib : copy_zero_init.obj (.text:decompress:ZI)
                  00004fa6    0000000c     tm4c123gh6pm_startup_ccs.obj (.text)
                  00004fb2    0000000a     driverlib.lib : adc.obj (.text:ADCIntClear)
                  00004fbc    0000000a                   : pwm.obj (.text:PWMGenIntTrigEnable)
                  00004fc6    0000000a                   : ssi.obj (.text:SSIDataPut)
                  00004fd0    0000000a                   : ssi.obj (.text:SSIDisable)
                  00004fda    0000000a                   : ssi.obj (.text:SSIEnable)
                  00004fe4    0000000a                   : ssi.obj (.text:SSIIntDisable)
                  00004fee    0000000a                   : ssi.obj (.text:SSIIntStatus)
                  00004ff8    0000000a                   : uart.obj (.text:UARTIntDisable)
                  00005002    0000000a                   : uart.obj (.text:UARTIntStatus)
                  0000500c    0000000a     aeo1_drivers.lib : ssi_drv8711.obj (.text:_ZN4aeo114ssi_peripheral4OnRxEv)
                  00005016    0000000a                      : ssi_drv8711.obj (.text:_ZN4aeo114ssi_peripheral4OnTxEv)
                  00005020    00000008     driverlib.lib : pwm.obj (.text:PWMIntEnable)
                  00005028    00000008                   : ssi.obj (.text:SSIIntEnable)
                  00005030    00000008                   : uart.obj (.text:UARTIntEnable)
                  00005038    00000008     rtsv7M4_T_le_v4SPD16_eabi.lib : delete.obj (.text)
                  00005040    00000006     driverlib.lib : gpio.obj (.text:GPIOPinWrite)
                  00005046    00000006                   : pwm.obj (.text:PWMGenIntClear)
                  0000504c    00000006                   : sysctl.obj (.text:SysCtlDelay)
                  00005052    00000006                   : uart.obj (.text:UARTClockSourceSet)
                  00005058    00000006                   : uart.obj (.text:UARTFIFOLevelSet)
                  0000505e    00000006     rtsv7M4_T_le_v4SPD16_eabi.lib : copy_decompress_rle.obj (.text:decompress:rle24)
                  00005064    00000004     driverlib.lib : ssi.obj (.text:SSIIntClear)
                  00005068    00000004                   : uart.obj (.text:UARTIntClear)
                  0000506c    00000004     rtsv7M4_T_le_v4SPD16_eabi.lib : pre_init.obj (.text)

.const     0    00005070    00000f94     
                  00005070    0000054a     drv8711_registers.obj (.const:.string)
                  000055ba    00000002     rtsv7M4_T_le_v4SPD16_eabi.lib : typeinfo_.obj (.const:.typeinfo:_ZTSe)
                  000055bc    00000294     drv8711_registers.obj (.const:DRV8711_Fields)
                  00005850    00000198     main.obj (.const:.string)
                  000059e8    00000090     driverlib.lib : gpio.obj (.const:g_pui32GPIOBaseAddrs)
                  00005a78    00000080     esp8266.obj (.const:_ZN4aeo112InitCommandsE)
                  00005af8    00000076     esp8266.obj (.const:.string)
                  00005b6e    00000002     --HOLE-- [fill = 0]
                  00005b70    00000070     driverlib.lib : interrupt.obj (.const)
                  00005be0    0000006c                   : sysctl.obj (.const:g_pui32Xtals)
                  00005c4c    00000048     drv8711.obj (.const:$P$T0$1)
                  00005c94    00000030     drv8711_registers.obj (.const:DRV8711_Masks)
                  00005cc4    00000030     tiva_utils.lib : ustdlib.obj (.const:g_psDaysToMonth)
                  00005cf4    00000028     rtsv7M4_T_le_v4SPD16_eabi.lib : typeinfo_.obj (.const:.typeinfo:_ZTSN10__cxxabiv123__fundamental_type_infoE)
                  00005d1c    00000028     aeo1_drivers.lib : ssi_drv8711.obj (.const:_ZTVN4aeo111ssi_drv8711E)
                  00005d44    00000028                      : ssi_peripheral.obj (.const:_ZTVN4aeo114ssi_peripheralE)
                  00005d6c    00000028     tiva_utils.lib : uartstdio.obj (.const)
                  00005d94    00000025     rtsv7M4_T_le_v4SPD16_eabi.lib : typeinfo_.obj (.const:.typeinfo:_ZTSN10__cxxabiv120__si_class_type_infoE)
                  00005db9    00000024                                   : typeinfo_.obj (.const:.typeinfo:_ZTSN10__cxxabiv119__pointer_type_infoE)
                  00005ddd    00000022                                   : typeinfo_.obj (.const:.typeinfo:_ZTSN10__cxxabiv117__class_type_infoE)
                  00005dff    00000022                                   : typeinfo_.obj (.const:.typeinfo:_ZTSN10__cxxabiv117__pbase_type_infoE)
                  00005e21    00000003     --HOLE-- [fill = 0]
                  00005e24    0000001c     tiva_utils.lib : ustdlib.obj (.const)
                  00005e40    00000018     aeo1_drivers.lib : ssi_peripheral.obj (.const:.typeinfo:_ZTSN4aeo114ssi_peripheralE)
                  00005e58    00000016                      : adc_potmeter.obj (.const:.typeinfo:_ZTSN4aeo112adc_potmeterE)
                  00005e6e    00000015                      : pwm_stepper.obj (.const:.typeinfo:_ZTSN4aeo111pwm_stepperE)
                  00005e83    00000015                      : ssi_drv8711.obj (.const:.typeinfo:_ZTSN4aeo111ssi_drv8711E)
                  00005e98    00000012     tiva_utils.lib : uartstdio.obj (.const:.string)
                  00005eaa    00000002     --HOLE-- [fill = 0]
                  00005eac    00000012                    : ustdlib.obj (.const:.string)
                  00005ebe    00000002     --HOLE-- [fill = 0]
                  00005ec0    00000010     rtsv7M4_T_le_v4SPD16_eabi.lib : typeinfo_.obj (.const:.typeinfo:_ZTIPKe)
                  00005ed0    00000010     drv8711.obj (.const:.typeinfo:_ZTSN4aeo17drv8711E)
                  00005ee0    00000010     esp8266.obj (.const:.typeinfo:_ZTSN4aeo17esp8266E)
                  00005ef0    00000010     rtsv7M4_T_le_v4SPD16_eabi.lib : typeinfo_.obj (.const:_ZTVN10__cxxabiv117__class_type_infoE)
                  00005f00    00000010                                   : typeinfo_.obj (.const:_ZTVN10__cxxabiv119__pointer_type_infoE)
                  00005f10    00000010                                   : typeinfo_.obj (.const:_ZTVN10__cxxabiv120__si_class_type_infoE)
                  00005f20    00000010                                   : typeinfo_.obj (.const:_ZTVN10__cxxabiv123__fundamental_type_infoE)
                  00005f30    00000010     aeo1_drivers.lib : pwm_stepper.obj (.const:_ZTVN4aeo111pwm_stepperE)
                  00005f40    00000010                      : adc_potmeter.obj (.const:_ZTVN4aeo112adc_potmeterE)
                  00005f50    00000010     drv8711.obj (.const:_ZTVN4aeo17drv8711E)
                  00005f60    00000010     esp8266.obj (.const:_ZTVN4aeo17esp8266E)
                  00005f70    0000000d     rtsv7M4_T_le_v4SPD16_eabi.lib : typeinfo_.obj (.const:.typeinfo:_ZTSSt9type_info)
                  00005f7d    00000003     --HOLE-- [fill = 0]
                  00005f80    0000000c                                   : typeinfo_.obj (.const:.typeinfo:_ZTIN10__cxxabiv117__class_type_infoE)
                  00005f8c    0000000c                                   : typeinfo_.obj (.const:.typeinfo:_ZTIN10__cxxabiv117__pbase_type_infoE)
                  00005f98    0000000c                                   : typeinfo_.obj (.const:.typeinfo:_ZTIN10__cxxabiv119__pointer_type_infoE)
                  00005fa4    0000000c                                   : typeinfo_.obj (.const:.typeinfo:_ZTIN10__cxxabiv120__si_class_type_infoE)
                  00005fb0    0000000c                                   : typeinfo_.obj (.const:.typeinfo:_ZTIN10__cxxabiv123__fundamental_type_infoE)
                  00005fbc    0000000c     aeo1_drivers.lib : ssi_drv8711.obj (.const:.typeinfo:_ZTIN4aeo111ssi_drv8711E)
                  00005fc8    00000008                      : pwm_stepper.obj (.const:.typeinfo:_ZTIN4aeo111pwm_stepperE)
                  00005fd0    00000008                      : adc_potmeter.obj (.const:.typeinfo:_ZTIN4aeo112adc_potmeterE)
                  00005fd8    00000008                      : ssi_peripheral.obj (.const:.typeinfo:_ZTIN4aeo114ssi_peripheralE)
                  00005fe0    00000008     drv8711.obj (.const:.typeinfo:_ZTIN4aeo17drv8711E)
                  00005fe8    00000008     esp8266.obj (.const:.typeinfo:_ZTIN4aeo17esp8266E)
                  00005ff0    00000008     rtsv7M4_T_le_v4SPD16_eabi.lib : typeinfo_.obj (.const:.typeinfo:_ZTISt9type_info)
                  00005ff8    00000008                                   : typeinfo_.obj (.const:.typeinfo:_ZTIe)
                  00006000    00000004                                   : typeinfo_.obj (.const:.typeinfo:_ZTSPKe)

.init_array 
*          0    00006004    00000004     
                  00006004    00000004     main.obj (.init_array)

.cinit     0    00006008    000001b0     
                  00006008    00000188     (.cinit..data.load) [load image, compression = rle]
                  00006190    0000000c     (__TI_handler_table)
                  0000619c    00000004     --HOLE-- [fill = 0]
                  000061a0    00000008     (.cinit..bss.load) [load image, compression = zero_init]
                  000061a8    00000010     (__TI_cinit_table)

.bss       0    20000000    000007f9     UNINITIALIZED
                  20000000    00000400     tiva_utils.lib : uartstdio.obj (.bss:g_pcUARTTxBuffer)
                  20000400    00000218     main.obj (.bss:g_oEsp8266)
                  20000618    000000b0     main.obj (.bss:g_oDrv8711)
                  200006c8    00000080     tiva_utils.lib : uartstdio.obj (.bss:g_pcUARTRxBuffer)
                  20000748    00000080     main.obj (.bss:g_zInput)
                  200007c8    00000024     tiva_utils.lib : cmdline.obj (.bss:g_ppcArgv)
                  200007ec    00000004     (.common:_ZSt16__dummy_typeinfo)
                  200007f0    00000004     (.common:__dso_handle)
                  200007f4    00000004     (.common:g_ui32PortNum)
                  200007f8    00000001     (.common:g_bDisableEcho)

.TI.noinit 
*          0    20000000    00000000     UNINITIALIZED

.stack     0    200007fc    00000200     UNINITIALIZED
                  200007fc    00000200     --HOLE--

.data      0    200009fc    000001e4     UNINITIALIZED
                  200009fc    000000a8     main.obj (.data:g_psCmdTable)
                  20000aa4    00000034     aeo1_drivers.lib : ssi_peripheral.obj (.data:_ZN4aeo118SSI0_SpecificationE)
                  20000ad8    00000034                      : ssi_peripheral.obj (.data:_ZN4aeo118SSI1_SpecificationE)
                  20000b0c    00000034                      : ssi_peripheral.obj (.data:_ZN4aeo118SSI2_SpecificationE)
                  20000b40    00000034                      : ssi_peripheral.obj (.data:_ZN4aeo118SSI3_SpecificationE)
                  20000b74    00000015     tiva_utils.lib : uartstdio.obj (.data)
                  20000b89    00000001     main.obj (.data)
                  20000b8a    00000002     --HOLE--
                  20000b8c    00000010     aeo1_drivers.lib : adc_potmeter.obj (.data)
                  20000b9c    00000010                      : ssi_peripheral.obj (.data)
                  20000bac    0000000c     rtsv7M4_T_le_v4SPD16_eabi.lib : memory.obj (.data)
                  20000bb8    00000008                                   : _lock.obj (.data)
                  20000bc0    00000008                                   : exit.obj (.data)
                  20000bc8    00000004     aeo1_drivers.lib : pwm_stepper.obj (.data)
                  20000bcc    00000004                      : ssi_drv8711.obj (.data)
                  20000bd0    00000004     esp8266.obj (.data)
                  20000bd4    00000004     rtsv7M4_T_le_v4SPD16_eabi.lib : dtor_list.obj (.data)
                  20000bd8    00000004                                   : stkdepth_vars.obj (.data)
                  20000bdc    00000004     tiva_utils.lib : ustdlib.obj (.data)

.TI.persistent 
*          0    200009fc    00000000     UNINITIALIZED

.sysmem    0    20000be0    00000008     UNINITIALIZED
                  20000be0    00000008     rtsv7M4_T_le_v4SPD16_eabi.lib : memory.obj (.sysmem)


LINKER GENERATED COPY TABLES

__TI_cinit_table @ 000061a8 records: 2, size/record: 8, table size: 16
	.data: load addr=00006008, load size=00000188 bytes, run addr=200009fc, run size=000001e4 bytes, compression=rle
	.bss: load addr=000061a0, load size=00000008 bytes, run addr=20000000, run size=000007f9 bytes, compression=zero_init


LINKER GENERATED HANDLER TABLE

__TI_handler_table @ 00006190 records: 3, size/record: 4, table size: 12
	index: 0, handler: __TI_decompress_rle24
	index: 1, handler: __TI_decompress_none
	index: 2, handler: __TI_zero_init


GLOBAL SYMBOLS: SORTED ALPHABETICALLY BY Name 

address   name                                              
-------   ----                                              
00004cbd  ADCClockConfigSet                                 
00004eb9  ADCHardwareOversampleConfigure                    
00004fb3  ADCIntClear                                       
00004ec7  ADCIntDisable                                     
00004e57  ADCIntEnable                                      
00004bc1  ADCIntStatus                                      
00004cd5  ADCProcessorTrigger                               
00004aa5  ADCSequenceConfigure                              
00004c81  ADCSequenceDataGet                                
00004ed5  ADCSequenceDisable                                
00004ee3  ADCSequenceEnable                                 
000045ad  ADCSequenceStepConfigure                          
00004a21  C$$EXIT                                           
00004f53  CPUcpsid                                          
00004f5f  CPUcpsie                                          
00004465  CmdLineProcess                                    
00004e69  FPUEnable                                         
00004d4d  FPUStackingEnable                                 
00004bef  GPIODirModeSet                                    
00004ef1  GPIOIntDisable                                    
00004f6b  GPIOIntEnable                                     
00004849  GPIOIntTypeSet                                    
00003f7d  GPIOPadConfigSet                                  
00004991  GPIOPinConfigure                                  
00004dd9  GPIOPinTypeADC                                    
00004deb  GPIOPinTypeGPIOInput                              
00004ced  GPIOPinTypeGPIOOutput                             
00004dfd  GPIOPinTypePWM                                    
00004e0f  GPIOPinTypeSSI                                    
00004e21  GPIOPinTypeUART                                   
00005041  GPIOPinWrite                                      
00004779  IntDisable                                        
000047e1  IntEnable                                         
00004e79  IntMasterDisable                                  
00004e89  IntMasterEnable                                   
00003d89  OnADCInterrupt                                    
000037e1  OnGPIOBInterrupt                                  
000037fd  OnGPIOEInterrupt                                  
00002f8d  OnPWM1Gen1Interrupt                               
00002a35  OnSSI0Interrupt                                   
00002a4f  OnSSI1Interrupt                                   
00002a69  OnSSI2Interrupt                                   
00002a83  OnSSI3Interrupt                                   
00004c3f  PWMGenConfigure                                   
00004f77  PWMGenDisable                                     
00004f83  PWMGenEnable                                      
00005047  PWMGenIntClear                                    
00004fbd  PWMGenIntTrigEnable                               
00004e99  PWMGenPeriodSet                                   
00005021  PWMIntEnable                                      
00004e33  PWMOutputState                                    
00004c9f  PWMPulseWidthSet                                  
00004fa7  ResetISR                                          
00006004  SHT$$INIT_ARRAY$$Base                             
00006008  SHT$$INIT_ARRAY$$Limit                            
00004ae3  SSIConfigSetExpClk                                
00004f8f  SSIDataGet                                        
00004e45  SSIDataGetNonBlocking                             
00004fc7  SSIDataPut                                        
00004eff  SSIDataPutNonBlocking                             
00004fd1  SSIDisable                                        
00004fdb  SSIEnable                                         
00005065  SSIIntClear                                       
00004fe5  SSIIntDisable                                     
00005029  SSIIntEnable                                      
00004fef  SSIIntStatus                                      
000040b1  SysCtlClockGet                                    
000041c1  SysCtlClockSet                                    
0000504d  SysCtlDelay                                       
00004d61  SysCtlPWMClockSet                                 
00004b59  SysCtlPeripheralEnable                            
00004b21  SysCtlPeripheralPresent                           
00004d75  SysTickEnable                                     
00004d89  SysTickIntEnable                                  
00002111  SysTickIntHandler                                 
00004ea9  SysTickPeriodSet                                  
00004f0d  UARTCharGetNonBlocking                            
00004f1b  UARTCharPutNonBlocking                            
00004f29  UARTCharsAvail                                    
00005053  UARTClockSourceSet                                
000049d9  UARTConfigSetExpClk                               
00004c61  UARTDisable                                       
000015c9  UARTEchoSet                                       
00004d9d  UARTEnable                                        
00005059  UARTFIFOLevelSet                                  
00001573  UARTFlushRx                                       
00001593  UARTFlushTx                                       
00005069  UARTIntClear                                      
00004ff9  UARTIntDisable                                    
00005031  UARTIntEnable                                     
00005003  UARTIntStatus                                     
00001519  UARTPeek                                          
000014f7  UARTRxBytesAvail                                  
00004f37  UARTSpaceAvail                                    
00000fdd  UARTStdioConfig                                   
000015f5  UARTStdioIntHandler                               
00001505  UARTTxBytesFree                                   
0000117f  UARTgetc                                          
00001103  UARTgets                                          
000014d3  UARTprintf                                        
000011d9  UARTvprintf                                       
00001063  UARTwrite                                         
00002021  _Z10CMD_mresetiPPc                                
00002031  _Z10CMD_wresetiPPc                                
00003b47  _Z23drv8711_registers_PrintiiPFbPKciS0_PvES1_     
00003c59  _Z31drv8711_registers_GetFieldValuePKciRj         
00003ce1  _Z31drv8711_registers_SetFieldValuePKcRjS0_       
00003c05  _Z35drv8711_registers_GetRegisterNumberPKc        
00001eb1  _Z7CMD_getiPPc                                    
00001f13  _Z7CMD_setiPPc                                    
00001fe3  _Z8CMD_diagiPPc                                   
00001ea1  _Z8CMD_haltiPPc                                   
00002069  _Z8CMD_helpiPPc                                   
00001e91  _Z8CMD_idleiPPc                                   
00001f93  _Z8CMD_moveiPPc                                   
00001fc1  _Z8CMD_stopiPPc                                   
00002361  _Z8MainLoopv                                      
00002055  _Z9CMD_noerriPPc                                  
00002047  _Z9CMD_resetiPPc                                  
00001ff9  _Z9CMD_sleepiPPc                                  
00004455  _ZN10__cxxabiv116__enum_type_infoD0Ev             
00004453  _ZN10__cxxabiv116__enum_type_infoD1Ev             
00004453  _ZN10__cxxabiv116__enum_type_infoD2Ev             
0000444b  _ZN10__cxxabiv117__array_type_infoD0Ev            
00004449  _ZN10__cxxabiv117__array_type_infoD1Ev            
00004449  _ZN10__cxxabiv117__array_type_infoD2Ev            
00004441  _ZN10__cxxabiv117__class_type_infoD0Ev            
0000443f  _ZN10__cxxabiv117__class_type_infoD1Ev            
0000443f  _ZN10__cxxabiv117__class_type_infoD2Ev            
00004437  _ZN10__cxxabiv117__pbase_type_infoD0Ev            
00004435  _ZN10__cxxabiv117__pbase_type_infoD1Ev            
00004435  _ZN10__cxxabiv117__pbase_type_infoD2Ev            
0000442d  _ZN10__cxxabiv119__pointer_type_infoD0Ev          
0000442b  _ZN10__cxxabiv119__pointer_type_infoD1Ev          
0000442b  _ZN10__cxxabiv119__pointer_type_infoD2Ev          
00004423  _ZN10__cxxabiv120__function_type_infoD0Ev         
00004421  _ZN10__cxxabiv120__function_type_infoD1Ev         
00004421  _ZN10__cxxabiv120__function_type_infoD2Ev         
00004419  _ZN10__cxxabiv120__si_class_type_infoD0Ev         
00004417  _ZN10__cxxabiv120__si_class_type_infoD1Ev         
00004417  _ZN10__cxxabiv120__si_class_type_infoD2Ev         
0000440f  _ZN10__cxxabiv121__vmi_class_type_infoD0Ev        
0000440d  _ZN10__cxxabiv121__vmi_class_type_infoD1Ev        
0000440d  _ZN10__cxxabiv121__vmi_class_type_infoD2Ev        
00004405  _ZN10__cxxabiv123__fundamental_type_infoD0Ev      
00004403  _ZN10__cxxabiv123__fundamental_type_infoD1Ev      
00004403  _ZN10__cxxabiv123__fundamental_type_infoD2Ev      
000043fb  _ZN10__cxxabiv129__pointer_to_member_type_infoD0Ev
000043f9  _ZN10__cxxabiv129__pointer_to_member_type_infoD1Ev
000043f9  _ZN10__cxxabiv129__pointer_to_member_type_infoD2Ev
0000300d  _ZN4aeo111pwm_stepper10InitializeEv               
00003141  _ZN4aeo111pwm_stepper11OnInterruptEv              
0000323d  _ZN4aeo111pwm_stepper3GetEPKcRj                   
0000338d  _ZN4aeo111pwm_stepper3SetEPKcj                    
0000307f  _ZN4aeo111pwm_stepper4DiagEv                      
000030cf  _ZN4aeo111pwm_stepper4MoveEj                      
00003109  _ZN4aeo111pwm_stepper4StopEb                      
00002fa9  _ZN4aeo111pwm_stepperC1Ev                         
00002fa9  _ZN4aeo111pwm_stepperC2Ev                         
00002ff7  _ZN4aeo111pwm_stepperD0Ev                         
00002feb  _ZN4aeo111pwm_stepperD1Ev                         
00002feb  _ZN4aeo111pwm_stepperD2Ev                         
00003863  _ZN4aeo111ssi_drv871110InitializeEv               
00003a71  _ZN4aeo111ssi_drv871111GetRegisterEj              
0000398d  _ZN4aeo111ssi_drv871115OnGpioInterruptENS0_5EventE
0000392f  _ZN4aeo111ssi_drv87114DiagEv                      
000039c1  _ZN4aeo111ssi_drv87114ReadEj                      
0000395f  _ZN4aeo111ssi_drv87115ResetEv                     
00003941  _ZN4aeo111ssi_drv87115SleepEb                     
00003a23  _ZN4aeo111ssi_drv87115WriteEjj                    
00003819  _ZN4aeo111ssi_drv8711C1Ev                         
00003819  _ZN4aeo111ssi_drv8711C2Ev                         
0000384d  _ZN4aeo111ssi_drv8711D0Ev                         
0000383f  _ZN4aeo111ssi_drv8711D1Ev                         
0000383f  _ZN4aeo111ssi_drv8711D2Ev                         
00003df3  _ZN4aeo112adc_potmeter10InitializeEv              
20000b8c  _ZN4aeo112adc_potmeter10m_nCounterE               
00003e6f  _ZN4aeo112adc_potmeter11OnInterruptEv             
20000b94  _ZN4aeo112adc_potmeter14m_nReadCounterE           
00003f19  _ZN4aeo112adc_potmeter15GetErrorCounterEv         
20000b90  _ZN4aeo112adc_potmeter15m_nErrorCounterE          
20000b98  _ZN4aeo112adc_potmeter16m_pTheOneAndOnlyE         
00003f31  _ZN4aeo112adc_potmeter4DiagEv                     
00003eeb  _ZN4aeo112adc_potmeter7TriggerEv                  
00003ef9  _ZN4aeo112adc_potmeter8GetValueEv                 
00003e53  _ZN4aeo112adc_potmeter9TerminateEv                
00003d9b  _ZN4aeo112adc_potmeterC1Ev                        
00003d9b  _ZN4aeo112adc_potmeterC2Ev                        
00003ddd  _ZN4aeo112adc_potmeterD0Ev                        
00003db9  _ZN4aeo112adc_potmeterD1Ev                        
00003db9  _ZN4aeo112adc_potmeterD2Ev                        
00002b69  _ZN4aeo114ssi_peripheral10InitializeEv            
00002e67  _ZN4aeo114ssi_peripheral10LoadTxFIFOEv            
00002cb1  _ZN4aeo114ssi_peripheral11OnInterruptEv           
00002e9d  _ZN4aeo114ssi_peripheral12UnloadRxFIFOEv          
00002e4f  _ZN4aeo114ssi_peripheral3GetEv                    
00002e3b  _ZN4aeo114ssi_peripheral3PutEj                    
00002d51  _ZN4aeo114ssi_peripheral4DiagEv                   
0000500d  _ZN4aeo114ssi_peripheral4OnRxEv                   
00005017  _ZN4aeo114ssi_peripheral4OnTxEv                   
00002ddf  _ZN4aeo114ssi_peripheral9TerminateEv              
00002a9d  _ZN4aeo114ssi_peripheralC1ENS0_9device_idEjb      
00002a9d  _ZN4aeo114ssi_peripheralC2ENS0_9device_idEjb      
00002b53  _ZN4aeo114ssi_peripheralD0Ev                      
00002b3f  _ZN4aeo114ssi_peripheralD1Ev                      
00002b3f  _ZN4aeo114ssi_peripheralD2Ev                      
20000aa4  _ZN4aeo118SSI0_SpecificationE                     
20000ad8  _ZN4aeo118SSI1_SpecificationE                     
20000b0c  _ZN4aeo118SSI2_SpecificationE                     
20000b40  _ZN4aeo118SSI3_SpecificationE                     
00002509  _ZN4aeo17drv871110InitializeEv                    
0000277d  _ZN4aeo17drv871110SetDefaultEv                    
00002747  _ZN4aeo17drv871111ClearFaultsEv                   
00002885  _ZN4aeo17drv871111PrintStatusEj                   
000027f7  _ZN4aeo17drv871116ReadAllRegistersEv              
00002829  _ZN4aeo17drv871117PrintAllRegistersEv             
00002587  _ZN4aeo17drv87113GetEPKcPci                       
000025f5  _ZN4aeo17drv87113SetEPKcS2_                       
000026f5  _ZN4aeo17drv87114DiagEv                           
00002559  _ZN4aeo17drv87114HaltEv                           
0000252d  _ZN4aeo17drv87114IdleEv                           
0000266b  _ZN4aeo17drv87114MoveEi                           
000026cb  _ZN4aeo17drv87114StopEb                           
0000275f  _ZN4aeo17drv87115ResetEv                          
0000271d  _ZN4aeo17drv87115SleepEb                          
000024bd  _ZN4aeo17drv8711C1Ev                              
000024bd  _ZN4aeo17drv8711C2Ev                              
000024f3  _ZN4aeo17drv8711D0Ev                              
000024db  _ZN4aeo17drv8711D1Ev                              
000024db  _ZN4aeo17drv8711D2Ev                              
000017d5  _ZN4aeo17esp826610InitializeEv                    
00001bf7  _ZN4aeo17esp826610OnTransmitEv                    
00001ba9  _ZN4aeo17esp826610SetBitrateEj                    
00001af7  _ZN4aeo17esp826611RxEndOfLineEv                   
00001b31  _ZN4aeo17esp826613ConfigureUARTEj                 
00001d21  _ZN4aeo17esp826616FillOutputBufferEPKc            
0000191d  _ZN4aeo17esp82664DiagEv                           
0000181d  _ZN4aeo17esp82665ResetEv                          
000018b7  _ZN4aeo17esp82665SetupEv                          
00001981  _ZN4aeo17esp82665WriteEPKc                        
00001dc5  _ZN4aeo17esp82666InvokeEPKcS2_S2_i                
0000194d  _ZN4aeo17esp82666OnUartEj                         
00001a69  _ZN4aeo17esp82668ReadLineEPci                     
00001c9f  _ZN4aeo17esp82669OnReceiveEv                      
00001783  _ZN4aeo17esp8266C1Ev                              
00001783  _ZN4aeo17esp8266C2Ev                              
000017bf  _ZN4aeo17esp8266D0Ev                              
000017b3  _ZN4aeo17esp8266D1Ev                              
000017b3  _ZN4aeo17esp8266D2Ev                              
000043bb  _ZNKSt9type_info4nameEv                           
000043eb  _ZNKSt9type_info6beforeERKS_                      
000043d5  _ZNKSt9type_infoeqERKS_                           
000043bf  _ZNKSt9type_infoneERKS_                           
000043b3  _ZNSt9type_infoD0Ev                               
000043b1  _ZNSt9type_infoD1Ev                               
000043b1  _ZNSt9type_infoD2Ev                               
200007ec  _ZSt16__dummy_typeinfo                            
000043a9  _ZSt21__gen_dummy_typeinfosv                      
00005f80  _ZTIN10__cxxabiv117__class_type_infoE             
00005f8c  _ZTIN10__cxxabiv117__pbase_type_infoE             
00005f98  _ZTIN10__cxxabiv119__pointer_type_infoE           
00005fa4  _ZTIN10__cxxabiv120__si_class_type_infoE          
00005fb0  _ZTIN10__cxxabiv123__fundamental_type_infoE       
00005fc8  _ZTIN4aeo111pwm_stepperE                          
00005fbc  _ZTIN4aeo111ssi_drv8711E                          
00005fd0  _ZTIN4aeo112adc_potmeterE                         
00005fd8  _ZTIN4aeo114ssi_peripheralE                       
00005fe0  _ZTIN4aeo17drv8711E                               
00005fe8  _ZTIN4aeo17esp8266E                               
00005ec0  _ZTIPKe                                           
00005ff0  _ZTISt9type_info                                  
00005ff8  _ZTIe                                             
00005ddd  _ZTSN10__cxxabiv117__class_type_infoE             
00005dff  _ZTSN10__cxxabiv117__pbase_type_infoE             
00005db9  _ZTSN10__cxxabiv119__pointer_type_infoE           
00005d94  _ZTSN10__cxxabiv120__si_class_type_infoE          
00005cf4  _ZTSN10__cxxabiv123__fundamental_type_infoE       
00005e6e  _ZTSN4aeo111pwm_stepperE                          
00005e83  _ZTSN4aeo111ssi_drv8711E                          
00005e58  _ZTSN4aeo112adc_potmeterE                         
00005e40  _ZTSN4aeo114ssi_peripheralE                       
00005ed0  _ZTSN4aeo17drv8711E                               
00005ee0  _ZTSN4aeo17esp8266E                               
00006000  _ZTSPKe                                           
00005f70  _ZTSSt9type_info                                  
000055ba  _ZTSe                                             
00005ef0  _ZTVN10__cxxabiv117__class_type_infoE             
00005f00  _ZTVN10__cxxabiv119__pointer_type_infoE           
00005f10  _ZTVN10__cxxabiv120__si_class_type_infoE          
00005f20  _ZTVN10__cxxabiv123__fundamental_type_infoE       
00005f30  _ZTVN4aeo111pwm_stepperE                          
00005d1c  _ZTVN4aeo111ssi_drv8711E                          
00005f40  _ZTVN4aeo112adc_potmeterE                         
00005d44  _ZTVN4aeo114ssi_peripheralE                       
00005f50  _ZTVN4aeo17drv8711E                               
00005f60  _ZTVN4aeo17esp8266E                               
00005039  _ZdlPv                                            
200009fc  __STACK_END                                       
00000200  __STACK_SIZE                                      
200009fc  __STACK_TOP                                       
00000008  __SYSMEM_SIZE                                     
000061a8  __TI_CINIT_Base                                   
000061b8  __TI_CINIT_Limit                                  
00006190  __TI_Handler_Table_Base                           
0000619c  __TI_Handler_Table_Limit                          
000046a1  __TI_auto_init                                    
20000bc0  __TI_cleanup_ptr                                  
00004f45  __TI_decompress_none                              
0000505f  __TI_decompress_rle24                             
20000bc4  __TI_dtors_ptr                                    
00000000  __TI_static_base__                                
00004f9b  __TI_zero_init                                    
0000430b  __aeabi_atexit                                    
000040af  __aeabi_idiv0                                     
00004627  __aeabi_memclr                                    
00004627  __aeabi_memclr4                                   
00004627  __aeabi_memclr8                                   
00004511  __aeabi_memcpy                                    
00004511  __aeabi_memcpy4                                   
00004511  __aeabi_memcpy8                                   
00004629  __aeabi_memset                                    
00004629  __aeabi_memset4                                   
00004629  __aeabi_memset8                                   
00004a65  __aeabi_uidiv                                     
00004a65  __aeabi_uidivmod                                  
ffffffff  __binit__                                         
ffffffff  __c_args__                                        
0000434f  __cxa_atexit                                      
000042b5  __cxa_finalize                                    
000042f7  __cxa_ia64_exit                                   
200007f0  __dso_handle                                      
200007fc  __stack                                           
000023d1  __sti___8_main_cpp_779587d3                       
00004d05  _args_main                                        
000048f5  _c_int00                                          
20000bb8  _lock                                             
00004dbf  _nop                                              
00004db7  _register_lock                                    
00004db1  _register_unlock                                  
20000be0  _sys_memory                                       
0000506d  _system_pre_init                                  
20000bbc  _unlock                                           
00004a25  abort                                             
000042fd  atexit                                            
ffffffff  binit                                             
000037ad  calloc                                            
00004945  copy_in                                           
00001751  esp8266_UARTIntHandler                            
00004a2d  exit                                              
000034fb  free                                              
20000618  g_oDrv8711                                        
20000400  g_oEsp8266                                        
00000000  g_pfnVectors                                      
200009fc  g_psCmdTable                                      
0000489f  ltoa                                              
000023c3  main                                              
20000bd8  main_func_sp                                      
00003493  malloc                                            
000036c9  memalign                                          
00004511  memcpy                                            
0000462f  memset                                            
00003405  minit                                             
000035bd  realloc                                           
00004d35  strchr                                            
00004d1d  strcmp                                            
00004dc5  strlen                                            
00004c19  strncmp                                           
00004b8d  strstr                                            
00000751  ulocaltime                                        
0000094f  umktime                                           
00000ec9  urand                                             
00000721  usnprintf                                         
000006ef  usprintf                                          
00000eb9  usrand                                            
00000e31  ustrcasecmp                                       
00000ea5  ustrcmp                                           
00000d35  ustrlen                                           
00000d8d  ustrncasecmp                                      
00000e45  ustrncmp                                          
0000026d  ustrncpy                                          
00000d57  ustrstr                                           
00000afd  ustrtof                                           
000009c5  ustrtoul                                          
000002c5  uvsnprintf                                        


GLOBAL SYMBOLS: SORTED BY Symbol Address 

address   name                                              
-------   ----                                              
00000000  __TI_static_base__                                
00000000  g_pfnVectors                                      
00000008  __SYSMEM_SIZE                                     
00000200  __STACK_SIZE                                      
0000026d  ustrncpy                                          
000002c5  uvsnprintf                                        
000006ef  usprintf                                          
00000721  usnprintf                                         
00000751  ulocaltime                                        
0000094f  umktime                                           
000009c5  ustrtoul                                          
00000afd  ustrtof                                           
00000d35  ustrlen                                           
00000d57  ustrstr                                           
00000d8d  ustrncasecmp                                      
00000e31  ustrcasecmp                                       
00000e45  ustrncmp                                          
00000ea5  ustrcmp                                           
00000eb9  usrand                                            
00000ec9  urand                                             
00000fdd  UARTStdioConfig                                   
00001063  UARTwrite                                         
00001103  UARTgets                                          
0000117f  UARTgetc                                          
000011d9  UARTvprintf                                       
000014d3  UARTprintf                                        
000014f7  UARTRxBytesAvail                                  
00001505  UARTTxBytesFree                                   
00001519  UARTPeek                                          
00001573  UARTFlushRx                                       
00001593  UARTFlushTx                                       
000015c9  UARTEchoSet                                       
000015f5  UARTStdioIntHandler                               
00001751  esp8266_UARTIntHandler                            
00001783  _ZN4aeo17esp8266C1Ev                              
00001783  _ZN4aeo17esp8266C2Ev                              
000017b3  _ZN4aeo17esp8266D1Ev                              
000017b3  _ZN4aeo17esp8266D2Ev                              
000017bf  _ZN4aeo17esp8266D0Ev                              
000017d5  _ZN4aeo17esp826610InitializeEv                    
0000181d  _ZN4aeo17esp82665ResetEv                          
000018b7  _ZN4aeo17esp82665SetupEv                          
0000191d  _ZN4aeo17esp82664DiagEv                           
0000194d  _ZN4aeo17esp82666OnUartEj                         
00001981  _ZN4aeo17esp82665WriteEPKc                        
00001a69  _ZN4aeo17esp82668ReadLineEPci                     
00001af7  _ZN4aeo17esp826611RxEndOfLineEv                   
00001b31  _ZN4aeo17esp826613ConfigureUARTEj                 
00001ba9  _ZN4aeo17esp826610SetBitrateEj                    
00001bf7  _ZN4aeo17esp826610OnTransmitEv                    
00001c9f  _ZN4aeo17esp82669OnReceiveEv                      
00001d21  _ZN4aeo17esp826616FillOutputBufferEPKc            
00001dc5  _ZN4aeo17esp82666InvokeEPKcS2_S2_i                
00001e91  _Z8CMD_idleiPPc                                   
00001ea1  _Z8CMD_haltiPPc                                   
00001eb1  _Z7CMD_getiPPc                                    
00001f13  _Z7CMD_setiPPc                                    
00001f93  _Z8CMD_moveiPPc                                   
00001fc1  _Z8CMD_stopiPPc                                   
00001fe3  _Z8CMD_diagiPPc                                   
00001ff9  _Z9CMD_sleepiPPc                                  
00002021  _Z10CMD_mresetiPPc                                
00002031  _Z10CMD_wresetiPPc                                
00002047  _Z9CMD_resetiPPc                                  
00002055  _Z9CMD_noerriPPc                                  
00002069  _Z8CMD_helpiPPc                                   
00002111  SysTickIntHandler                                 
00002361  _Z8MainLoopv                                      
000023c3  main                                              
000023d1  __sti___8_main_cpp_779587d3                       
000024bd  _ZN4aeo17drv8711C1Ev                              
000024bd  _ZN4aeo17drv8711C2Ev                              
000024db  _ZN4aeo17drv8711D1Ev                              
000024db  _ZN4aeo17drv8711D2Ev                              
000024f3  _ZN4aeo17drv8711D0Ev                              
00002509  _ZN4aeo17drv871110InitializeEv                    
0000252d  _ZN4aeo17drv87114IdleEv                           
00002559  _ZN4aeo17drv87114HaltEv                           
00002587  _ZN4aeo17drv87113GetEPKcPci                       
000025f5  _ZN4aeo17drv87113SetEPKcS2_                       
0000266b  _ZN4aeo17drv87114MoveEi                           
000026cb  _ZN4aeo17drv87114StopEb                           
000026f5  _ZN4aeo17drv87114DiagEv                           
0000271d  _ZN4aeo17drv87115SleepEb                          
00002747  _ZN4aeo17drv871111ClearFaultsEv                   
0000275f  _ZN4aeo17drv87115ResetEv                          
0000277d  _ZN4aeo17drv871110SetDefaultEv                    
000027f7  _ZN4aeo17drv871116ReadAllRegistersEv              
00002829  _ZN4aeo17drv871117PrintAllRegistersEv             
00002885  _ZN4aeo17drv871111PrintStatusEj                   
00002a35  OnSSI0Interrupt                                   
00002a4f  OnSSI1Interrupt                                   
00002a69  OnSSI2Interrupt                                   
00002a83  OnSSI3Interrupt                                   
00002a9d  _ZN4aeo114ssi_peripheralC1ENS0_9device_idEjb      
00002a9d  _ZN4aeo114ssi_peripheralC2ENS0_9device_idEjb      
00002b3f  _ZN4aeo114ssi_peripheralD1Ev                      
00002b3f  _ZN4aeo114ssi_peripheralD2Ev                      
00002b53  _ZN4aeo114ssi_peripheralD0Ev                      
00002b69  _ZN4aeo114ssi_peripheral10InitializeEv            
00002cb1  _ZN4aeo114ssi_peripheral11OnInterruptEv           
00002d51  _ZN4aeo114ssi_peripheral4DiagEv                   
00002ddf  _ZN4aeo114ssi_peripheral9TerminateEv              
00002e3b  _ZN4aeo114ssi_peripheral3PutEj                    
00002e4f  _ZN4aeo114ssi_peripheral3GetEv                    
00002e67  _ZN4aeo114ssi_peripheral10LoadTxFIFOEv            
00002e9d  _ZN4aeo114ssi_peripheral12UnloadRxFIFOEv          
00002f8d  OnPWM1Gen1Interrupt                               
00002fa9  _ZN4aeo111pwm_stepperC1Ev                         
00002fa9  _ZN4aeo111pwm_stepperC2Ev                         
00002feb  _ZN4aeo111pwm_stepperD1Ev                         
00002feb  _ZN4aeo111pwm_stepperD2Ev                         
00002ff7  _ZN4aeo111pwm_stepperD0Ev                         
0000300d  _ZN4aeo111pwm_stepper10InitializeEv               
0000307f  _ZN4aeo111pwm_stepper4DiagEv                      
000030cf  _ZN4aeo111pwm_stepper4MoveEj                      
00003109  _ZN4aeo111pwm_stepper4StopEb                      
00003141  _ZN4aeo111pwm_stepper11OnInterruptEv              
0000323d  _ZN4aeo111pwm_stepper3GetEPKcRj                   
0000338d  _ZN4aeo111pwm_stepper3SetEPKcj                    
00003405  minit                                             
00003493  malloc                                            
000034fb  free                                              
000035bd  realloc                                           
000036c9  memalign                                          
000037ad  calloc                                            
000037e1  OnGPIOBInterrupt                                  
000037fd  OnGPIOEInterrupt                                  
00003819  _ZN4aeo111ssi_drv8711C1Ev                         
00003819  _ZN4aeo111ssi_drv8711C2Ev                         
0000383f  _ZN4aeo111ssi_drv8711D1Ev                         
0000383f  _ZN4aeo111ssi_drv8711D2Ev                         
0000384d  _ZN4aeo111ssi_drv8711D0Ev                         
00003863  _ZN4aeo111ssi_drv871110InitializeEv               
0000392f  _ZN4aeo111ssi_drv87114DiagEv                      
00003941  _ZN4aeo111ssi_drv87115SleepEb                     
0000395f  _ZN4aeo111ssi_drv87115ResetEv                     
0000398d  _ZN4aeo111ssi_drv871115OnGpioInterruptENS0_5EventE
000039c1  _ZN4aeo111ssi_drv87114ReadEj                      
00003a23  _ZN4aeo111ssi_drv87115WriteEjj                    
00003a71  _ZN4aeo111ssi_drv871111GetRegisterEj              
00003b47  _Z23drv8711_registers_PrintiiPFbPKciS0_PvES1_     
00003c05  _Z35drv8711_registers_GetRegisterNumberPKc        
00003c59  _Z31drv8711_registers_GetFieldValuePKciRj         
00003ce1  _Z31drv8711_registers_SetFieldValuePKcRjS0_       
00003d89  OnADCInterrupt                                    
00003d9b  _ZN4aeo112adc_potmeterC1Ev                        
00003d9b  _ZN4aeo112adc_potmeterC2Ev                        
00003db9  _ZN4aeo112adc_potmeterD1Ev                        
00003db9  _ZN4aeo112adc_potmeterD2Ev                        
00003ddd  _ZN4aeo112adc_potmeterD0Ev                        
00003df3  _ZN4aeo112adc_potmeter10InitializeEv              
00003e53  _ZN4aeo112adc_potmeter9TerminateEv                
00003e6f  _ZN4aeo112adc_potmeter11OnInterruptEv             
00003eeb  _ZN4aeo112adc_potmeter7TriggerEv                  
00003ef9  _ZN4aeo112adc_potmeter8GetValueEv                 
00003f19  _ZN4aeo112adc_potmeter15GetErrorCounterEv         
00003f31  _ZN4aeo112adc_potmeter4DiagEv                     
00003f7d  GPIOPadConfigSet                                  
000040af  __aeabi_idiv0                                     
000040b1  SysCtlClockGet                                    
000041c1  SysCtlClockSet                                    
000042b5  __cxa_finalize                                    
000042f7  __cxa_ia64_exit                                   
000042fd  atexit                                            
0000430b  __aeabi_atexit                                    
0000434f  __cxa_atexit                                      
000043a9  _ZSt21__gen_dummy_typeinfosv                      
000043b1  _ZNSt9type_infoD1Ev                               
000043b1  _ZNSt9type_infoD2Ev                               
000043b3  _ZNSt9type_infoD0Ev                               
000043bb  _ZNKSt9type_info4nameEv                           
000043bf  _ZNKSt9type_infoneERKS_                           
000043d5  _ZNKSt9type_infoeqERKS_                           
000043eb  _ZNKSt9type_info6beforeERKS_                      
000043f9  _ZN10__cxxabiv129__pointer_to_member_type_infoD1Ev
000043f9  _ZN10__cxxabiv129__pointer_to_member_type_infoD2Ev
000043fb  _ZN10__cxxabiv129__pointer_to_member_type_infoD0Ev
00004403  _ZN10__cxxabiv123__fundamental_type_infoD1Ev      
00004403  _ZN10__cxxabiv123__fundamental_type_infoD2Ev      
00004405  _ZN10__cxxabiv123__fundamental_type_infoD0Ev      
0000440d  _ZN10__cxxabiv121__vmi_class_type_infoD1Ev        
0000440d  _ZN10__cxxabiv121__vmi_class_type_infoD2Ev        
0000440f  _ZN10__cxxabiv121__vmi_class_type_infoD0Ev        
00004417  _ZN10__cxxabiv120__si_class_type_infoD1Ev         
00004417  _ZN10__cxxabiv120__si_class_type_infoD2Ev         
00004419  _ZN10__cxxabiv120__si_class_type_infoD0Ev         
00004421  _ZN10__cxxabiv120__function_type_infoD1Ev         
00004421  _ZN10__cxxabiv120__function_type_infoD2Ev         
00004423  _ZN10__cxxabiv120__function_type_infoD0Ev         
0000442b  _ZN10__cxxabiv119__pointer_type_infoD1Ev          
0000442b  _ZN10__cxxabiv119__pointer_type_infoD2Ev          
0000442d  _ZN10__cxxabiv119__pointer_type_infoD0Ev          
00004435  _ZN10__cxxabiv117__pbase_type_infoD1Ev            
00004435  _ZN10__cxxabiv117__pbase_type_infoD2Ev            
00004437  _ZN10__cxxabiv117__pbase_type_infoD0Ev            
0000443f  _ZN10__cxxabiv117__class_type_infoD1Ev            
0000443f  _ZN10__cxxabiv117__class_type_infoD2Ev            
00004441  _ZN10__cxxabiv117__class_type_infoD0Ev            
00004449  _ZN10__cxxabiv117__array_type_infoD1Ev            
00004449  _ZN10__cxxabiv117__array_type_infoD2Ev            
0000444b  _ZN10__cxxabiv117__array_type_infoD0Ev            
00004453  _ZN10__cxxabiv116__enum_type_infoD1Ev             
00004453  _ZN10__cxxabiv116__enum_type_infoD2Ev             
00004455  _ZN10__cxxabiv116__enum_type_infoD0Ev             
00004465  CmdLineProcess                                    
00004511  __aeabi_memcpy                                    
00004511  __aeabi_memcpy4                                   
00004511  __aeabi_memcpy8                                   
00004511  memcpy                                            
000045ad  ADCSequenceStepConfigure                          
00004627  __aeabi_memclr                                    
00004627  __aeabi_memclr4                                   
00004627  __aeabi_memclr8                                   
00004629  __aeabi_memset                                    
00004629  __aeabi_memset4                                   
00004629  __aeabi_memset8                                   
0000462f  memset                                            
000046a1  __TI_auto_init                                    
00004779  IntDisable                                        
000047e1  IntEnable                                         
00004849  GPIOIntTypeSet                                    
0000489f  ltoa                                              
000048f5  _c_int00                                          
00004945  copy_in                                           
00004991  GPIOPinConfigure                                  
000049d9  UARTConfigSetExpClk                               
00004a21  C$$EXIT                                           
00004a25  abort                                             
00004a2d  exit                                              
00004a65  __aeabi_uidiv                                     
00004a65  __aeabi_uidivmod                                  
00004aa5  ADCSequenceConfigure                              
00004ae3  SSIConfigSetExpClk                                
00004b21  SysCtlPeripheralPresent                           
00004b59  SysCtlPeripheralEnable                            
00004b8d  strstr                                            
00004bc1  ADCIntStatus                                      
00004bef  GPIODirModeSet                                    
00004c19  strncmp                                           
00004c3f  PWMGenConfigure                                   
00004c61  UARTDisable                                       
00004c81  ADCSequenceDataGet                                
00004c9f  PWMPulseWidthSet                                  
00004cbd  ADCClockConfigSet                                 
00004cd5  ADCProcessorTrigger                               
00004ced  GPIOPinTypeGPIOOutput                             
00004d05  _args_main                                        
00004d1d  strcmp                                            
00004d35  strchr                                            
00004d4d  FPUStackingEnable                                 
00004d61  SysCtlPWMClockSet                                 
00004d75  SysTickEnable                                     
00004d89  SysTickIntEnable                                  
00004d9d  UARTEnable                                        
00004db1  _register_unlock                                  
00004db7  _register_lock                                    
00004dbf  _nop                                              
00004dc5  strlen                                            
00004dd9  GPIOPinTypeADC                                    
00004deb  GPIOPinTypeGPIOInput                              
00004dfd  GPIOPinTypePWM                                    
00004e0f  GPIOPinTypeSSI                                    
00004e21  GPIOPinTypeUART                                   
00004e33  PWMOutputState                                    
00004e45  SSIDataGetNonBlocking                             
00004e57  ADCIntEnable                                      
00004e69  FPUEnable                                         
00004e79  IntMasterDisable                                  
00004e89  IntMasterEnable                                   
00004e99  PWMGenPeriodSet                                   
00004ea9  SysTickPeriodSet                                  
00004eb9  ADCHardwareOversampleConfigure                    
00004ec7  ADCIntDisable                                     
00004ed5  ADCSequenceDisable                                
00004ee3  ADCSequenceEnable                                 
00004ef1  GPIOIntDisable                                    
00004eff  SSIDataPutNonBlocking                             
00004f0d  UARTCharGetNonBlocking                            
00004f1b  UARTCharPutNonBlocking                            
00004f29  UARTCharsAvail                                    
00004f37  UARTSpaceAvail                                    
00004f45  __TI_decompress_none                              
00004f53  CPUcpsid                                          
00004f5f  CPUcpsie                                          
00004f6b  GPIOIntEnable                                     
00004f77  PWMGenDisable                                     
00004f83  PWMGenEnable                                      
00004f8f  SSIDataGet                                        
00004f9b  __TI_zero_init                                    
00004fa7  ResetISR                                          
00004fb3  ADCIntClear                                       
00004fbd  PWMGenIntTrigEnable                               
00004fc7  SSIDataPut                                        
00004fd1  SSIDisable                                        
00004fdb  SSIEnable                                         
00004fe5  SSIIntDisable                                     
00004fef  SSIIntStatus                                      
00004ff9  UARTIntDisable                                    
00005003  UARTIntStatus                                     
0000500d  _ZN4aeo114ssi_peripheral4OnRxEv                   
00005017  _ZN4aeo114ssi_peripheral4OnTxEv                   
00005021  PWMIntEnable                                      
00005029  SSIIntEnable                                      
00005031  UARTIntEnable                                     
00005039  _ZdlPv                                            
00005041  GPIOPinWrite                                      
00005047  PWMGenIntClear                                    
0000504d  SysCtlDelay                                       
00005053  UARTClockSourceSet                                
00005059  UARTFIFOLevelSet                                  
0000505f  __TI_decompress_rle24                             
00005065  SSIIntClear                                       
00005069  UARTIntClear                                      
0000506d  _system_pre_init                                  
000055ba  _ZTSe                                             
00005cf4  _ZTSN10__cxxabiv123__fundamental_type_infoE       
00005d1c  _ZTVN4aeo111ssi_drv8711E                          
00005d44  _ZTVN4aeo114ssi_peripheralE                       
00005d94  _ZTSN10__cxxabiv120__si_class_type_infoE          
00005db9  _ZTSN10__cxxabiv119__pointer_type_infoE           
00005ddd  _ZTSN10__cxxabiv117__class_type_infoE             
00005dff  _ZTSN10__cxxabiv117__pbase_type_infoE             
00005e40  _ZTSN4aeo114ssi_peripheralE                       
00005e58  _ZTSN4aeo112adc_potmeterE                         
00005e6e  _ZTSN4aeo111pwm_stepperE                          
00005e83  _ZTSN4aeo111ssi_drv8711E                          
00005ec0  _ZTIPKe                                           
00005ed0  _ZTSN4aeo17drv8711E                               
00005ee0  _ZTSN4aeo17esp8266E                               
00005ef0  _ZTVN10__cxxabiv117__class_type_infoE             
00005f00  _ZTVN10__cxxabiv119__pointer_type_infoE           
00005f10  _ZTVN10__cxxabiv120__si_class_type_infoE          
00005f20  _ZTVN10__cxxabiv123__fundamental_type_infoE       
00005f30  _ZTVN4aeo111pwm_stepperE                          
00005f40  _ZTVN4aeo112adc_potmeterE                         
00005f50  _ZTVN4aeo17drv8711E                               
00005f60  _ZTVN4aeo17esp8266E                               
00005f70  _ZTSSt9type_info                                  
00005f80  _ZTIN10__cxxabiv117__class_type_infoE             
00005f8c  _ZTIN10__cxxabiv117__pbase_type_infoE             
00005f98  _ZTIN10__cxxabiv119__pointer_type_infoE           
00005fa4  _ZTIN10__cxxabiv120__si_class_type_infoE          
00005fb0  _ZTIN10__cxxabiv123__fundamental_type_infoE       
00005fbc  _ZTIN4aeo111ssi_drv8711E                          
00005fc8  _ZTIN4aeo111pwm_stepperE                          
00005fd0  _ZTIN4aeo112adc_potmeterE                         
00005fd8  _ZTIN4aeo114ssi_peripheralE                       
00005fe0  _ZTIN4aeo17drv8711E                               
00005fe8  _ZTIN4aeo17esp8266E                               
00005ff0  _ZTISt9type_info                                  
00005ff8  _ZTIe                                             
00006000  _ZTSPKe                                           
00006004  SHT$$INIT_ARRAY$$Base                             
00006008  SHT$$INIT_ARRAY$$Limit                            
00006190  __TI_Handler_Table_Base                           
0000619c  __TI_Handler_Table_Limit                          
000061a8  __TI_CINIT_Base                                   
000061b8  __TI_CINIT_Limit                                  
20000400  g_oEsp8266                                        
20000618  g_oDrv8711                                        
200007ec  _ZSt16__dummy_typeinfo                            
200007f0  __dso_handle                                      
200007fc  __stack                                           
200009fc  __STACK_END                                       
200009fc  __STACK_TOP                                       
200009fc  g_psCmdTable                                      
20000aa4  _ZN4aeo118SSI0_SpecificationE                     
20000ad8  _ZN4aeo118SSI1_SpecificationE                     
20000b0c  _ZN4aeo118SSI2_SpecificationE                     
20000b40  _ZN4aeo118SSI3_SpecificationE                     
20000b8c  _ZN4aeo112adc_potmeter10m_nCounterE               
20000b90  _ZN4aeo112adc_potmeter15m_nErrorCounterE          
20000b94  _ZN4aeo112adc_potmeter14m_nReadCounterE           
20000b98  _ZN4aeo112adc_potmeter16m_pTheOneAndOnlyE         
20000bb8  _lock                                             
20000bbc  _unlock                                           
20000bc0  __TI_cleanup_ptr                                  
20000bc4  __TI_dtors_ptr                                    
20000bd8  main_func_sp                                      
20000be0  _sys_memory                                       
ffffffff  __binit__                                         
ffffffff  __c_args__                                        
ffffffff  binit                                             

[384 symbols]
