<?xml version="1.0"?>
<link_info>
   <banner>TI ARM Linker PC v5.2.6</banner>
   <copyright>Copyright (c) 1996-2015 Texas Instruments Incorporated</copyright>
   <link_time>0x56b9d81c</link_time>
   <link_errors>0x0</link_errors>
   <output_file>solo_stepper.out</output_file>
   <entry_point>
      <name>_c_int00</name>
      <address>0x41b5</address>
   </entry_point>
   <input_file_list>
      <input_file id="fl-2">
         <path>.\src\</path>
         <kind>object</kind>
         <file>drv8711.obj</file>
         <name>drv8711.obj</name>
      </input_file>
      <input_file id="fl-3">
         <path>.\src\</path>
         <kind>object</kind>
         <file>drv8711_registers.obj</file>
         <name>drv8711_registers.obj</name>
      </input_file>
      <input_file id="fl-4">
         <path>.\src\</path>
         <kind>object</kind>
         <file>esp8266.obj</file>
         <name>esp8266.obj</name>
      </input_file>
      <input_file id="fl-5">
         <path>.\src\</path>
         <kind>object</kind>
         <file>main.obj</file>
         <name>main.obj</name>
      </input_file>
      <input_file id="fl-6">
         <path>.\src\</path>
         <kind>object</kind>
         <file>tm4c123gh6pm_startup_ccs.obj</file>
         <name>tm4c123gh6pm_startup_ccs.obj</name>
      </input_file>
      <input_file id="fl-12f">
         <path>C:\ti\ccsv6\tools\compiler\ti-cgt-arm_5.2.6\lib\</path>
         <kind>archive</kind>
         <file>rtsv7M4_T_le_v4SPD16_eabi.lib</file>
         <name>boot.obj</name>
      </input_file>
      <input_file id="fl-130">
         <path>C:\ti\ccsv6\tools\compiler\ti-cgt-arm_5.2.6\lib\</path>
         <kind>archive</kind>
         <file>rtsv7M4_T_le_v4SPD16_eabi.lib</file>
         <name>copy_decompress_none.obj</name>
      </input_file>
      <input_file id="fl-131">
         <path>C:\ti\ccsv6\tools\compiler\ti-cgt-arm_5.2.6\lib\</path>
         <kind>archive</kind>
         <file>rtsv7M4_T_le_v4SPD16_eabi.lib</file>
         <name>copy_decompress_rle.obj</name>
      </input_file>
      <input_file id="fl-132">
         <path>C:\ti\ccsv6\tools\compiler\ti-cgt-arm_5.2.6\lib\</path>
         <kind>archive</kind>
         <file>rtsv7M4_T_le_v4SPD16_eabi.lib</file>
         <name>copy_zero_init.obj</name>
      </input_file>
      <input_file id="fl-133">
         <path>C:\ti\ccsv6\tools\compiler\ti-cgt-arm_5.2.6\lib\</path>
         <kind>archive</kind>
         <file>rtsv7M4_T_le_v4SPD16_eabi.lib</file>
         <name>delete.obj</name>
      </input_file>
      <input_file id="fl-134">
         <path>C:\ti\ccsv6\tools\compiler\ti-cgt-arm_5.2.6\lib\</path>
         <kind>archive</kind>
         <file>rtsv7M4_T_le_v4SPD16_eabi.lib</file>
         <name>dtor_list.obj</name>
      </input_file>
      <input_file id="fl-135">
         <path>C:\ti\ccsv6\tools\compiler\ti-cgt-arm_5.2.6\lib\</path>
         <kind>archive</kind>
         <file>rtsv7M4_T_le_v4SPD16_eabi.lib</file>
         <name>exit.obj</name>
      </input_file>
      <input_file id="fl-136">
         <path>C:\ti\ccsv6\tools\compiler\ti-cgt-arm_5.2.6\lib\</path>
         <kind>archive</kind>
         <file>rtsv7M4_T_le_v4SPD16_eabi.lib</file>
         <name>ltoa.obj</name>
      </input_file>
      <input_file id="fl-137">
         <path>C:\ti\ccsv6\tools\compiler\ti-cgt-arm_5.2.6\lib\</path>
         <kind>archive</kind>
         <file>rtsv7M4_T_le_v4SPD16_eabi.lib</file>
         <name>memcpy_t2.obj</name>
      </input_file>
      <input_file id="fl-138">
         <path>C:\ti\ccsv6\tools\compiler\ti-cgt-arm_5.2.6\lib\</path>
         <kind>archive</kind>
         <file>rtsv7M4_T_le_v4SPD16_eabi.lib</file>
         <name>memory.obj</name>
      </input_file>
      <input_file id="fl-139">
         <path>C:\ti\ccsv6\tools\compiler\ti-cgt-arm_5.2.6\lib\</path>
         <kind>archive</kind>
         <file>rtsv7M4_T_le_v4SPD16_eabi.lib</file>
         <name>memset_t2.obj</name>
      </input_file>
      <input_file id="fl-13a">
         <path>C:\ti\ccsv6\tools\compiler\ti-cgt-arm_5.2.6\lib\</path>
         <kind>archive</kind>
         <file>rtsv7M4_T_le_v4SPD16_eabi.lib</file>
         <name>pre_init.obj</name>
      </input_file>
      <input_file id="fl-13b">
         <path>C:\ti\ccsv6\tools\compiler\ti-cgt-arm_5.2.6\lib\</path>
         <kind>archive</kind>
         <file>rtsv7M4_T_le_v4SPD16_eabi.lib</file>
         <name>stkdepth_vars.obj</name>
      </input_file>
      <input_file id="fl-13c">
         <path>C:\ti\ccsv6\tools\compiler\ti-cgt-arm_5.2.6\lib\</path>
         <kind>archive</kind>
         <file>rtsv7M4_T_le_v4SPD16_eabi.lib</file>
         <name>strchr.obj</name>
      </input_file>
      <input_file id="fl-13d">
         <path>C:\ti\ccsv6\tools\compiler\ti-cgt-arm_5.2.6\lib\</path>
         <kind>archive</kind>
         <file>rtsv7M4_T_le_v4SPD16_eabi.lib</file>
         <name>strlen.obj</name>
      </input_file>
      <input_file id="fl-13e">
         <path>C:\ti\ccsv6\tools\compiler\ti-cgt-arm_5.2.6\lib\</path>
         <kind>archive</kind>
         <file>rtsv7M4_T_le_v4SPD16_eabi.lib</file>
         <name>strstr.obj</name>
      </input_file>
      <input_file id="fl-13f">
         <path>C:\ti\ccsv6\tools\compiler\ti-cgt-arm_5.2.6\lib\</path>
         <kind>archive</kind>
         <file>rtsv7M4_T_le_v4SPD16_eabi.lib</file>
         <name>typeinfo_.obj</name>
      </input_file>
      <input_file id="fl-140">
         <path>C:\ti\ccsv6\tools\compiler\ti-cgt-arm_5.2.6\lib\</path>
         <kind>archive</kind>
         <file>rtsv7M4_T_le_v4SPD16_eabi.lib</file>
         <name>_lock.obj</name>
      </input_file>
      <input_file id="fl-141">
         <path>C:\ti\ccsv6\tools\compiler\ti-cgt-arm_5.2.6\lib\</path>
         <kind>archive</kind>
         <file>rtsv7M4_T_le_v4SPD16_eabi.lib</file>
         <name>args_main.obj</name>
      </input_file>
      <input_file id="fl-142">
         <path>C:\ti\ccsv6\tools\compiler\ti-cgt-arm_5.2.6\lib\</path>
         <kind>archive</kind>
         <file>rtsv7M4_T_le_v4SPD16_eabi.lib</file>
         <name>autoinit.obj</name>
      </input_file>
      <input_file id="fl-143">
         <path>C:\ti\ccsv6\tools\compiler\ti-cgt-arm_5.2.6\lib\</path>
         <kind>archive</kind>
         <file>rtsv7M4_T_le_v4SPD16_eabi.lib</file>
         <name>cpy_tbl.obj</name>
      </input_file>
      <input_file id="fl-144">
         <path>C:\Users\aeols\git\20150323\aeo1_drivers\Debug\</path>
         <kind>archive</kind>
         <file>aeo1_drivers.lib</file>
         <name>adc_potmeter.obj</name>
      </input_file>
      <input_file id="fl-145">
         <path>C:\Users\aeols\git\20150323\aeo1_drivers\Debug\</path>
         <kind>archive</kind>
         <file>aeo1_drivers.lib</file>
         <name>pwm_stepper.obj</name>
      </input_file>
      <input_file id="fl-146">
         <path>C:\Users\aeols\git\20150323\aeo1_drivers\Debug\</path>
         <kind>archive</kind>
         <file>aeo1_drivers.lib</file>
         <name>ssi_drv8711.obj</name>
      </input_file>
      <input_file id="fl-147">
         <path>C:\Users\aeols\git\20150323\aeo1_drivers\Debug\</path>
         <kind>archive</kind>
         <file>aeo1_drivers.lib</file>
         <name>ssi_peripheral.obj</name>
      </input_file>
      <input_file id="fl-148">
         <path>C:\Users\aeols\git\20150323\tiva_utils\Debug\</path>
         <kind>archive</kind>
         <file>tiva_utils.lib</file>
         <name>cmdline.obj</name>
      </input_file>
      <input_file id="fl-149">
         <path>C:\Users\aeols\git\20150323\tiva_utils\Debug\</path>
         <kind>archive</kind>
         <file>tiva_utils.lib</file>
         <name>uartstdio.obj</name>
      </input_file>
      <input_file id="fl-14a">
         <path>C:\Users\aeols\git\20150323\tiva_utils\Debug\</path>
         <kind>archive</kind>
         <file>tiva_utils.lib</file>
         <name>ustdlib.obj</name>
      </input_file>
      <input_file id="fl-14b">
         <path>C:\ti\TivaWare_C_Series-2.1.2.111\driverlib\ccs\Debug\</path>
         <kind>archive</kind>
         <file>driverlib.lib</file>
         <name>adc.obj</name>
      </input_file>
      <input_file id="fl-14c">
         <path>C:\ti\TivaWare_C_Series-2.1.2.111\driverlib\ccs\Debug\</path>
         <kind>archive</kind>
         <file>driverlib.lib</file>
         <name>fpu.obj</name>
      </input_file>
      <input_file id="fl-14d">
         <path>C:\ti\TivaWare_C_Series-2.1.2.111\driverlib\ccs\Debug\</path>
         <kind>archive</kind>
         <file>driverlib.lib</file>
         <name>gpio.obj</name>
      </input_file>
      <input_file id="fl-14e">
         <path>C:\ti\TivaWare_C_Series-2.1.2.111\driverlib\ccs\Debug\</path>
         <kind>archive</kind>
         <file>driverlib.lib</file>
         <name>interrupt.obj</name>
      </input_file>
      <input_file id="fl-14f">
         <path>C:\ti\TivaWare_C_Series-2.1.2.111\driverlib\ccs\Debug\</path>
         <kind>archive</kind>
         <file>driverlib.lib</file>
         <name>pwm.obj</name>
      </input_file>
      <input_file id="fl-150">
         <path>C:\ti\TivaWare_C_Series-2.1.2.111\driverlib\ccs\Debug\</path>
         <kind>archive</kind>
         <file>driverlib.lib</file>
         <name>ssi.obj</name>
      </input_file>
      <input_file id="fl-151">
         <path>C:\ti\TivaWare_C_Series-2.1.2.111\driverlib\ccs\Debug\</path>
         <kind>archive</kind>
         <file>driverlib.lib</file>
         <name>sysctl.obj</name>
      </input_file>
      <input_file id="fl-152">
         <path>C:\ti\TivaWare_C_Series-2.1.2.111\driverlib\ccs\Debug\</path>
         <kind>archive</kind>
         <file>driverlib.lib</file>
         <name>systick.obj</name>
      </input_file>
      <input_file id="fl-153">
         <path>C:\ti\TivaWare_C_Series-2.1.2.111\driverlib\ccs\Debug\</path>
         <kind>archive</kind>
         <file>driverlib.lib</file>
         <name>uart.obj</name>
      </input_file>
      <input_file id="fl-154">
         <path>C:\ti\TivaWare_C_Series-2.1.2.111\driverlib\ccs\Debug\</path>
         <kind>archive</kind>
         <file>driverlib.lib</file>
         <name>cpu.obj</name>
      </input_file>
      <input_file id="fl-155">
         <path>C:\ti\ccsv6\tools\compiler\ti-cgt-arm_5.2.6\lib\</path>
         <kind>archive</kind>
         <file>rtsv7M4_T_le_v4SPD16_eabi.lib</file>
         <name>strcmp.obj</name>
      </input_file>
      <input_file id="fl-156">
         <path>C:\ti\ccsv6\tools\compiler\ti-cgt-arm_5.2.6\lib\</path>
         <kind>archive</kind>
         <file>rtsv7M4_T_le_v4SPD16_eabi.lib</file>
         <name>u_divt2.obj</name>
      </input_file>
      <input_file id="fl-157">
         <path>C:\ti\ccsv6\tools\compiler\ti-cgt-arm_5.2.6\lib\</path>
         <kind>archive</kind>
         <file>rtsv7M4_T_le_v4SPD16_eabi.lib</file>
         <name>i_div0.obj</name>
      </input_file>
   </input_file_list>
   <object_component_list>
      <object_component id="oc-f">
         <name>.intvecs</name>
         <load_address>0x0</load_address>
         <run_address>0x0</run_address>
         <size>0x26c</size>
         <input_file_ref idref="fl-6"/>
      </object_component>
      <object_component id="oc-ad">
         <name>.text</name>
         <load_address>0x26c</load_address>
         <run_address>0x26c</run_address>
         <size>0xc84</size>
         <input_file_ref idref="fl-14a"/>
      </object_component>
      <object_component id="oc-40">
         <name>.text</name>
         <load_address>0xef0</load_address>
         <run_address>0xef0</run_address>
         <size>0x860</size>
         <input_file_ref idref="fl-149"/>
      </object_component>
      <object_component id="oc-46">
         <name>.text</name>
         <load_address>0x1750</load_address>
         <run_address>0x1750</run_address>
         <size>0x640</size>
         <input_file_ref idref="fl-4"/>
      </object_component>
      <object_component id="oc-4c">
         <name>.text</name>
         <load_address>0x1d90</load_address>
         <run_address>0x1d90</run_address>
         <size>0x558</size>
         <input_file_ref idref="fl-147"/>
      </object_component>
      <object_component id="oc-a7">
         <name>.text</name>
         <load_address>0x22e8</load_address>
         <run_address>0x22e8</run_address>
         <size>0x4c0</size>
         <input_file_ref idref="fl-2"/>
      </object_component>
      <object_component id="oc-3bb">
         <name>.text</name>
         <load_address>0x27a8</load_address>
         <run_address>0x27a8</run_address>
         <size>0x3dc</size>
         <input_file_ref idref="fl-138"/>
      </object_component>
      <object_component id="oc-34">
         <name>.text</name>
         <load_address>0x2b84</load_address>
         <run_address>0x2b84</run_address>
         <size>0x3c4</size>
         <input_file_ref idref="fl-5"/>
      </object_component>
      <object_component id="oc-58">
         <name>.text</name>
         <load_address>0x2f48</load_address>
         <run_address>0x2f48</run_address>
         <size>0x2f8</size>
         <input_file_ref idref="fl-145"/>
      </object_component>
      <object_component id="oc-3a">
         <name>.text</name>
         <load_address>0x3240</load_address>
         <run_address>0x3240</run_address>
         <size>0x2e8</size>
         <input_file_ref idref="fl-146"/>
      </object_component>
      <object_component id="oc-52">
         <name>.text</name>
         <load_address>0x3528</load_address>
         <run_address>0x3528</run_address>
         <size>0x1f4</size>
         <input_file_ref idref="fl-144"/>
      </object_component>
      <object_component id="oc-143">
         <name>.text:GPIOPadConfigSet</name>
         <load_address>0x371c</load_address>
         <run_address>0x371c</run_address>
         <size>0x132</size>
         <input_file_ref idref="fl-14d"/>
      </object_component>
      <object_component id="oc-446">
         <name>.text</name>
         <load_address>0x384e</load_address>
         <run_address>0x384e</run_address>
         <size>0x2</size>
         <input_file_ref idref="fl-157"/>
      </object_component>
      <object_component id="oc-366">
         <name>.text</name>
         <load_address>0x3850</load_address>
         <run_address>0x3850</run_address>
         <size>0x120</size>
         <input_file_ref idref="fl-3"/>
      </object_component>
      <object_component id="oc-dd">
         <name>.text:SysCtlClockGet</name>
         <load_address>0x3970</load_address>
         <run_address>0x3970</run_address>
         <size>0x110</size>
         <input_file_ref idref="fl-151"/>
      </object_component>
      <object_component id="oc-d7">
         <name>.text:SysCtlClockSet</name>
         <load_address>0x3a80</load_address>
         <run_address>0x3a80</run_address>
         <size>0xf4</size>
         <input_file_ref idref="fl-151"/>
      </object_component>
      <object_component id="oc-112">
         <name>.text</name>
         <load_address>0x3b74</load_address>
         <run_address>0x3b74</run_address>
         <size>0xf4</size>
         <input_file_ref idref="fl-134"/>
      </object_component>
      <object_component id="oc-58c">
         <name>.text</name>
         <load_address>0x3c68</load_address>
         <run_address>0x3c68</run_address>
         <size>0xbc</size>
         <input_file_ref idref="fl-13f"/>
      </object_component>
      <object_component id="oc-10a">
         <name>.text</name>
         <load_address>0x3d24</load_address>
         <run_address>0x3d24</run_address>
         <size>0xac</size>
         <input_file_ref idref="fl-148"/>
      </object_component>
      <object_component id="oc-61">
         <name>.text</name>
         <load_address>0x3dd0</load_address>
         <run_address>0x3dd0</run_address>
         <size>0x9c</size>
         <input_file_ref idref="fl-137"/>
      </object_component>
      <object_component id="oc-288">
         <name>.text:ADCSequenceStepConfigure</name>
         <load_address>0x3e6c</load_address>
         <run_address>0x3e6c</run_address>
         <size>0x7a</size>
         <input_file_ref idref="fl-14b"/>
      </object_component>
      <object_component id="oc-7a">
         <name>.text</name>
         <load_address>0x3ee6</load_address>
         <run_address>0x3ee6</run_address>
         <size>0x7a</size>
         <input_file_ref idref="fl-139"/>
      </object_component>
      <object_component id="oc-8c">
         <name>.text</name>
         <load_address>0x3f60</load_address>
         <run_address>0x3f60</run_address>
         <size>0x6c</size>
         <input_file_ref idref="fl-142"/>
      </object_component>
      <object_component id="oc-6d">
         <name>.text</name>
         <load_address>0x3fcc</load_address>
         <run_address>0x3fcc</run_address>
         <size>0x6a</size>
         <input_file_ref idref="fl-131"/>
      </object_component>
      <object_component id="oc-177">
         <name>.text:IntDisable</name>
         <load_address>0x4038</load_address>
         <run_address>0x4038</run_address>
         <size>0x68</size>
         <input_file_ref idref="fl-14e"/>
      </object_component>
      <object_component id="oc-161">
         <name>.text:IntEnable</name>
         <load_address>0x40a0</load_address>
         <run_address>0x40a0</run_address>
         <size>0x68</size>
         <input_file_ref idref="fl-14e"/>
      </object_component>
      <object_component id="oc-155">
         <name>.text:GPIOIntTypeSet</name>
         <load_address>0x4108</load_address>
         <run_address>0x4108</run_address>
         <size>0x56</size>
         <input_file_ref idref="fl-14d"/>
      </object_component>
      <object_component id="oc-1f3">
         <name>.text</name>
         <load_address>0x415e</load_address>
         <run_address>0x415e</run_address>
         <size>0x56</size>
         <input_file_ref idref="fl-136"/>
      </object_component>
      <object_component id="oc-24">
         <name>.text</name>
         <load_address>0x41b4</load_address>
         <run_address>0x41b4</run_address>
         <size>0x50</size>
         <input_file_ref idref="fl-12f"/>
      </object_component>
      <object_component id="oc-340">
         <name>.text</name>
         <load_address>0x4204</load_address>
         <run_address>0x4204</run_address>
         <size>0x4c</size>
         <input_file_ref idref="fl-143"/>
      </object_component>
      <object_component id="oc-b9">
         <name>.text:GPIOPinConfigure</name>
         <load_address>0x4250</load_address>
         <run_address>0x4250</run_address>
         <size>0x48</size>
         <input_file_ref idref="fl-14d"/>
      </object_component>
      <object_component id="oc-18f">
         <name>.text:UARTConfigSetExpClk</name>
         <load_address>0x4298</load_address>
         <run_address>0x4298</run_address>
         <size>0x46</size>
         <input_file_ref idref="fl-153"/>
      </object_component>
      <object_component id="oc-98">
         <name>.text</name>
         <load_address>0x42e0</load_address>
         <run_address>0x42e0</run_address>
         <size>0x44</size>
         <input_file_ref idref="fl-135"/>
      </object_component>
      <object_component id="oc-1bd">
         <name>.text</name>
         <load_address>0x4324</load_address>
         <run_address>0x4324</run_address>
         <size>0x40</size>
         <input_file_ref idref="fl-156"/>
      </object_component>
      <object_component id="oc-282">
         <name>.text:ADCSequenceConfigure</name>
         <load_address>0x4364</load_address>
         <run_address>0x4364</run_address>
         <size>0x3e</size>
         <input_file_ref idref="fl-14b"/>
      </object_component>
      <object_component id="oc-212">
         <name>.text:SSIConfigSetExpClk</name>
         <load_address>0x43a2</load_address>
         <run_address>0x43a2</run_address>
         <size>0x3c</size>
         <input_file_ref idref="fl-150"/>
      </object_component>
      <object_component id="oc-189">
         <name>.text:SysCtlPeripheralPresent</name>
         <load_address>0x43e0</load_address>
         <run_address>0x43e0</run_address>
         <size>0x38</size>
         <input_file_ref idref="fl-151"/>
      </object_component>
      <object_component id="oc-b3">
         <name>.text:SysCtlPeripheralEnable</name>
         <load_address>0x4418</load_address>
         <run_address>0x4418</run_address>
         <size>0x34</size>
         <input_file_ref idref="fl-151"/>
      </object_component>
      <object_component id="oc-fb">
         <name>.text</name>
         <load_address>0x444c</load_address>
         <run_address>0x444c</run_address>
         <size>0x34</size>
         <input_file_ref idref="fl-13e"/>
      </object_component>
      <object_component id="oc-2a6">
         <name>.text:ADCIntStatus</name>
         <load_address>0x4480</load_address>
         <run_address>0x4480</run_address>
         <size>0x2e</size>
         <input_file_ref idref="fl-14b"/>
      </object_component>
      <object_component id="oc-1e7">
         <name>.text:GPIODirModeSet</name>
         <load_address>0x44ae</load_address>
         <run_address>0x44ae</run_address>
         <size>0x2a</size>
         <input_file_ref idref="fl-14d"/>
      </object_component>
      <object_component id="oc-2e0">
         <name>.text:PWMGenConfigure</name>
         <load_address>0x44d8</load_address>
         <run_address>0x44d8</run_address>
         <size>0x22</size>
         <input_file_ref idref="fl-14f"/>
      </object_component>
      <object_component id="oc-430">
         <name>.text:UARTDisable</name>
         <load_address>0x44fc</load_address>
         <run_address>0x44fc</run_address>
         <size>0x20</size>
         <input_file_ref idref="fl-153"/>
      </object_component>
      <object_component id="oc-2b2">
         <name>.text:ADCSequenceDataGet</name>
         <load_address>0x451c</load_address>
         <run_address>0x451c</run_address>
         <size>0x1e</size>
         <input_file_ref idref="fl-14b"/>
      </object_component>
      <object_component id="oc-2ec">
         <name>.text:PWMPulseWidthSet</name>
         <load_address>0x453a</load_address>
         <run_address>0x453a</run_address>
         <size>0x1e</size>
         <input_file_ref idref="fl-14f"/>
      </object_component>
      <object_component id="oc-276">
         <name>.text:ADCClockConfigSet</name>
         <load_address>0x4558</load_address>
         <run_address>0x4558</run_address>
         <size>0x18</size>
         <input_file_ref idref="fl-14b"/>
      </object_component>
      <object_component id="oc-2b8">
         <name>.text:ADCProcessorTrigger</name>
         <load_address>0x4570</load_address>
         <run_address>0x4570</run_address>
         <size>0x18</size>
         <input_file_ref idref="fl-14b"/>
      </object_component>
      <object_component id="oc-13d">
         <name>.text:GPIOPinTypeGPIOOutput</name>
         <load_address>0x4588</load_address>
         <run_address>0x4588</run_address>
         <size>0x18</size>
         <input_file_ref idref="fl-14d"/>
      </object_component>
      <object_component id="oc-92">
         <name>.text</name>
         <load_address>0x45a0</load_address>
         <run_address>0x45a0</run_address>
         <size>0x18</size>
         <input_file_ref idref="fl-141"/>
      </object_component>
      <object_component id="oc-3af">
         <name>.text</name>
         <load_address>0x45b8</load_address>
         <run_address>0x45b8</run_address>
         <size>0x18</size>
         <input_file_ref idref="fl-155"/>
      </object_component>
      <object_component id="oc-101">
         <name>.text</name>
         <load_address>0x45d0</load_address>
         <run_address>0x45d0</run_address>
         <size>0x16</size>
         <input_file_ref idref="fl-13c"/>
      </object_component>
      <object_component id="oc-d1">
         <name>.text:FPUStackingEnable</name>
         <load_address>0x45e8</load_address>
         <run_address>0x45e8</run_address>
         <size>0x14</size>
         <input_file_ref idref="fl-14c"/>
      </object_component>
      <object_component id="oc-2d4">
         <name>.text:SysCtlPWMClockSet</name>
         <load_address>0x45fc</load_address>
         <run_address>0x45fc</run_address>
         <size>0x14</size>
         <input_file_ref idref="fl-151"/>
      </object_component>
      <object_component id="oc-e9">
         <name>.text:SysTickEnable</name>
         <load_address>0x4610</load_address>
         <run_address>0x4610</run_address>
         <size>0x14</size>
         <input_file_ref idref="fl-152"/>
      </object_component>
      <object_component id="oc-ef">
         <name>.text:SysTickIntEnable</name>
         <load_address>0x4624</load_address>
         <run_address>0x4624</run_address>
         <size>0x14</size>
         <input_file_ref idref="fl-152"/>
      </object_component>
      <object_component id="oc-1a7">
         <name>.text:UARTEnable</name>
         <load_address>0x4638</load_address>
         <run_address>0x4638</run_address>
         <size>0x14</size>
         <input_file_ref idref="fl-153"/>
      </object_component>
      <object_component id="oc-4d8">
         <name>.text</name>
         <load_address>0x464c</load_address>
         <run_address>0x464c</run_address>
         <size>0x14</size>
         <input_file_ref idref="fl-140"/>
      </object_component>
      <object_component id="oc-1ed">
         <name>.text</name>
         <load_address>0x4660</load_address>
         <run_address>0x4660</run_address>
         <size>0x14</size>
         <input_file_ref idref="fl-13d"/>
      </object_component>
      <object_component id="oc-270">
         <name>.text:GPIOPinTypeADC</name>
         <load_address>0x4674</load_address>
         <run_address>0x4674</run_address>
         <size>0x12</size>
         <input_file_ref idref="fl-14d"/>
      </object_component>
      <object_component id="oc-14f">
         <name>.text:GPIOPinTypeGPIOInput</name>
         <load_address>0x4686</load_address>
         <run_address>0x4686</run_address>
         <size>0x12</size>
         <input_file_ref idref="fl-14d"/>
      </object_component>
      <object_component id="oc-2da">
         <name>.text:GPIOPinTypePWM</name>
         <load_address>0x4698</load_address>
         <run_address>0x4698</run_address>
         <size>0x12</size>
         <input_file_ref idref="fl-14d"/>
      </object_component>
      <object_component id="oc-20c">
         <name>.text:GPIOPinTypeSSI</name>
         <load_address>0x46aa</load_address>
         <run_address>0x46aa</run_address>
         <size>0x12</size>
         <input_file_ref idref="fl-14d"/>
      </object_component>
      <object_component id="oc-bf">
         <name>.text:GPIOPinTypeUART</name>
         <load_address>0x46bc</load_address>
         <run_address>0x46bc</run_address>
         <size>0x12</size>
         <input_file_ref idref="fl-14d"/>
      </object_component>
      <object_component id="oc-2fe">
         <name>.text:PWMOutputState</name>
         <load_address>0x46ce</load_address>
         <run_address>0x46ce</run_address>
         <size>0x12</size>
         <input_file_ref idref="fl-14f"/>
      </object_component>
      <object_component id="oc-21e">
         <name>.text:SSIDataGetNonBlocking</name>
         <load_address>0x46e0</load_address>
         <run_address>0x46e0</run_address>
         <size>0x12</size>
         <input_file_ref idref="fl-150"/>
      </object_component>
      <object_component id="oc-294">
         <name>.text:ADCIntEnable</name>
         <load_address>0x46f2</load_address>
         <run_address>0x46f2</run_address>
         <size>0x10</size>
         <input_file_ref idref="fl-14b"/>
      </object_component>
      <object_component id="oc-cb">
         <name>.text:FPUEnable</name>
         <load_address>0x4704</load_address>
         <run_address>0x4704</run_address>
         <size>0x10</size>
         <input_file_ref idref="fl-14c"/>
      </object_component>
      <object_component id="oc-1c2">
         <name>.text:IntMasterDisable</name>
         <load_address>0x4714</load_address>
         <run_address>0x4714</run_address>
         <size>0x10</size>
         <input_file_ref idref="fl-14e"/>
      </object_component>
      <object_component id="oc-f5">
         <name>.text:IntMasterEnable</name>
         <load_address>0x4724</load_address>
         <run_address>0x4724</run_address>
         <size>0x10</size>
         <input_file_ref idref="fl-14e"/>
      </object_component>
      <object_component id="oc-2e6">
         <name>.text:PWMGenPeriodSet</name>
         <load_address>0x4734</load_address>
         <run_address>0x4734</run_address>
         <size>0x10</size>
         <input_file_ref idref="fl-14f"/>
      </object_component>
      <object_component id="oc-e3">
         <name>.text:SysTickPeriodSet</name>
         <load_address>0x4744</load_address>
         <run_address>0x4744</run_address>
         <size>0x10</size>
         <input_file_ref idref="fl-152"/>
      </object_component>
      <object_component id="oc-27c">
         <name>.text:ADCHardwareOversampleConfigure</name>
         <load_address>0x4754</load_address>
         <run_address>0x4754</run_address>
         <size>0xe</size>
         <input_file_ref idref="fl-14b"/>
      </object_component>
      <object_component id="oc-2a0">
         <name>.text:ADCIntDisable</name>
         <load_address>0x4762</load_address>
         <run_address>0x4762</run_address>
         <size>0xe</size>
         <input_file_ref idref="fl-14b"/>
      </object_component>
      <object_component id="oc-29a">
         <name>.text:ADCSequenceDisable</name>
         <load_address>0x4770</load_address>
         <run_address>0x4770</run_address>
         <size>0xe</size>
         <input_file_ref idref="fl-14b"/>
      </object_component>
      <object_component id="oc-28e">
         <name>.text:ADCSequenceEnable</name>
         <load_address>0x477e</load_address>
         <run_address>0x477e</run_address>
         <size>0xe</size>
         <input_file_ref idref="fl-14b"/>
      </object_component>
      <object_component id="oc-131">
         <name>.text:GPIOIntDisable</name>
         <load_address>0x478c</load_address>
         <run_address>0x478c</run_address>
         <size>0xe</size>
         <input_file_ref idref="fl-14d"/>
      </object_component>
      <object_component id="oc-262">
         <name>.text:SSIDataPutNonBlocking</name>
         <load_address>0x479a</load_address>
         <run_address>0x479a</run_address>
         <size>0xe</size>
         <input_file_ref idref="fl-150"/>
      </object_component>
      <object_component id="oc-1d4">
         <name>.text:UARTCharGetNonBlocking</name>
         <load_address>0x47a8</load_address>
         <run_address>0x47a8</run_address>
         <size>0xe</size>
         <input_file_ref idref="fl-153"/>
      </object_component>
      <object_component id="oc-17d">
         <name>.text:UARTCharPutNonBlocking</name>
         <load_address>0x47b6</load_address>
         <run_address>0x47b6</run_address>
         <size>0xe</size>
         <input_file_ref idref="fl-153"/>
      </object_component>
      <object_component id="oc-1da">
         <name>.text:UARTCharsAvail</name>
         <load_address>0x47c4</load_address>
         <run_address>0x47c4</run_address>
         <size>0xe</size>
         <input_file_ref idref="fl-153"/>
      </object_component>
      <object_component id="oc-183">
         <name>.text:UARTSpaceAvail</name>
         <load_address>0x47d2</load_address>
         <run_address>0x47d2</run_address>
         <size>0xe</size>
         <input_file_ref idref="fl-153"/>
      </object_component>
      <object_component id="oc-12">
         <name>.text:decompress:none</name>
         <load_address>0x47e0</load_address>
         <run_address>0x47e0</run_address>
         <size>0xe</size>
         <input_file_ref idref="fl-130"/>
      </object_component>
      <object_component id="oc-44d">
         <name>.text:CPUcpsid</name>
         <load_address>0x47ee</load_address>
         <run_address>0x47ee</run_address>
         <size>0xc</size>
         <input_file_ref idref="fl-154"/>
      </object_component>
      <object_component id="oc-39d">
         <name>.text:CPUcpsie</name>
         <load_address>0x47fa</load_address>
         <run_address>0x47fa</run_address>
         <size>0xc</size>
         <input_file_ref idref="fl-154"/>
      </object_component>
      <object_component id="oc-15b">
         <name>.text:GPIOIntEnable</name>
         <load_address>0x4806</load_address>
         <run_address>0x4806</run_address>
         <size>0xc</size>
         <input_file_ref idref="fl-14d"/>
      </object_component>
      <object_component id="oc-30a">
         <name>.text:PWMGenDisable</name>
         <load_address>0x4812</load_address>
         <run_address>0x4812</run_address>
         <size>0xc</size>
         <input_file_ref idref="fl-14f"/>
      </object_component>
      <object_component id="oc-304">
         <name>.text:PWMGenEnable</name>
         <load_address>0x481e</load_address>
         <run_address>0x481e</run_address>
         <size>0xc</size>
         <input_file_ref idref="fl-14f"/>
      </object_component>
      <object_component id="oc-25c">
         <name>.text:SSIDataGet</name>
         <load_address>0x482a</load_address>
         <run_address>0x482a</run_address>
         <size>0xc</size>
         <input_file_ref idref="fl-150"/>
      </object_component>
      <object_component id="oc-1e">
         <name>.text:decompress:ZI</name>
         <load_address>0x4836</load_address>
         <run_address>0x4836</run_address>
         <size>0xc</size>
         <input_file_ref idref="fl-132"/>
      </object_component>
      <object_component id="oc-2e">
         <name>.text</name>
         <load_address>0x4842</load_address>
         <run_address>0x4842</run_address>
         <size>0xc</size>
         <input_file_ref idref="fl-6"/>
      </object_component>
      <object_component id="oc-2ac">
         <name>.text:ADCIntClear</name>
         <load_address>0x484e</load_address>
         <run_address>0x484e</run_address>
         <size>0xa</size>
         <input_file_ref idref="fl-14b"/>
      </object_component>
      <object_component id="oc-2f8">
         <name>.text:PWMGenIntTrigEnable</name>
         <load_address>0x4858</load_address>
         <run_address>0x4858</run_address>
         <size>0xa</size>
         <input_file_ref idref="fl-14f"/>
      </object_component>
      <object_component id="oc-256">
         <name>.text:SSIDataPut</name>
         <load_address>0x4862</load_address>
         <run_address>0x4862</run_address>
         <size>0xa</size>
         <input_file_ref idref="fl-150"/>
      </object_component>
      <object_component id="oc-250">
         <name>.text:SSIDisable</name>
         <load_address>0x486c</load_address>
         <run_address>0x486c</run_address>
         <size>0xa</size>
         <input_file_ref idref="fl-150"/>
      </object_component>
      <object_component id="oc-218">
         <name>.text:SSIEnable</name>
         <load_address>0x4876</load_address>
         <run_address>0x4876</run_address>
         <size>0xa</size>
         <input_file_ref idref="fl-150"/>
      </object_component>
      <object_component id="oc-224">
         <name>.text:SSIIntDisable</name>
         <load_address>0x4880</load_address>
         <run_address>0x4880</run_address>
         <size>0xa</size>
         <input_file_ref idref="fl-150"/>
      </object_component>
      <object_component id="oc-239">
         <name>.text:SSIIntStatus</name>
         <load_address>0x488a</load_address>
         <run_address>0x488a</run_address>
         <size>0xa</size>
         <input_file_ref idref="fl-150"/>
      </object_component>
      <object_component id="oc-19b">
         <name>.text:UARTIntDisable</name>
         <load_address>0x4894</load_address>
         <run_address>0x4894</run_address>
         <size>0xa</size>
         <input_file_ref idref="fl-153"/>
      </object_component>
      <object_component id="oc-1c8">
         <name>.text:UARTIntStatus</name>
         <load_address>0x489e</load_address>
         <run_address>0x489e</run_address>
         <size>0xa</size>
         <input_file_ref idref="fl-153"/>
      </object_component>
      <object_component id="oc-417">
         <name>.text:_ZN4aeo114ssi_peripheral4OnRxEv</name>
         <load_address>0x48a8</load_address>
         <run_address>0x48a8</run_address>
         <size>0xa</size>
         <input_file_ref idref="fl-146"/>
      </object_component>
      <object_component id="oc-41e">
         <name>.text:_ZN4aeo114ssi_peripheral4OnTxEv</name>
         <load_address>0x48b2</load_address>
         <run_address>0x48b2</run_address>
         <size>0xa</size>
         <input_file_ref idref="fl-146"/>
      </object_component>
      <object_component id="oc-2f2">
         <name>.text:PWMIntEnable</name>
         <load_address>0x48bc</load_address>
         <run_address>0x48bc</run_address>
         <size>0x8</size>
         <input_file_ref idref="fl-14f"/>
      </object_component>
      <object_component id="oc-230">
         <name>.text:SSIIntEnable</name>
         <load_address>0x48c4</load_address>
         <run_address>0x48c4</run_address>
         <size>0x8</size>
         <input_file_ref idref="fl-150"/>
      </object_component>
      <object_component id="oc-1a1">
         <name>.text:UARTIntEnable</name>
         <load_address>0x48cc</load_address>
         <run_address>0x48cc</run_address>
         <size>0x8</size>
         <input_file_ref idref="fl-153"/>
      </object_component>
      <object_component id="oc-137">
         <name>.text</name>
         <load_address>0x48d4</load_address>
         <run_address>0x48d4</run_address>
         <size>0x8</size>
         <input_file_ref idref="fl-133"/>
      </object_component>
      <object_component id="oc-149">
         <name>.text:GPIOPinWrite</name>
         <load_address>0x48dc</load_address>
         <run_address>0x48dc</run_address>
         <size>0x6</size>
         <input_file_ref idref="fl-14d"/>
      </object_component>
      <object_component id="oc-2ce">
         <name>.text:PWMGenIntClear</name>
         <load_address>0x48e2</load_address>
         <run_address>0x48e2</run_address>
         <size>0x6</size>
         <input_file_ref idref="fl-14f"/>
      </object_component>
      <object_component id="oc-110">
         <name>.text:SysCtlDelay</name>
         <load_address>0x48e8</load_address>
         <run_address>0x48e8</run_address>
         <size>0x6</size>
         <input_file_ref idref="fl-151"/>
      </object_component>
      <object_component id="oc-c5">
         <name>.text:UARTClockSourceSet</name>
         <load_address>0x48ee</load_address>
         <run_address>0x48ee</run_address>
         <size>0x6</size>
         <input_file_ref idref="fl-153"/>
      </object_component>
      <object_component id="oc-195">
         <name>.text:UARTFIFOLevelSet</name>
         <load_address>0x48f4</load_address>
         <run_address>0x48f4</run_address>
         <size>0x6</size>
         <input_file_ref idref="fl-153"/>
      </object_component>
      <object_component id="oc-18">
         <name>.text:decompress:rle24</name>
         <load_address>0x48fa</load_address>
         <run_address>0x48fa</run_address>
         <size>0x6</size>
         <input_file_ref idref="fl-131"/>
      </object_component>
      <object_component id="oc-22a">
         <name>.text:SSIIntClear</name>
         <load_address>0x4900</load_address>
         <run_address>0x4900</run_address>
         <size>0x4</size>
         <input_file_ref idref="fl-150"/>
      </object_component>
      <object_component id="oc-1ce">
         <name>.text:UARTIntClear</name>
         <load_address>0x4904</load_address>
         <run_address>0x4904</run_address>
         <size>0x4</size>
         <input_file_ref idref="fl-153"/>
      </object_component>
      <object_component id="oc-86">
         <name>.text</name>
         <load_address>0x4908</load_address>
         <run_address>0x4908</run_address>
         <size>0x4</size>
         <input_file_ref idref="fl-13a"/>
      </object_component>
      <object_component id="oc-579">
         <name>.const:.string</name>
         <load_address>0x490c</load_address>
         <run_address>0x490c</run_address>
         <size>0x54a</size>
         <input_file_ref idref="fl-3"/>
      </object_component>
      <object_component id="oc-5df">
         <name>.const:.typeinfo:_ZTSe</name>
         <load_address>0x4e56</load_address>
         <run_address>0x4e56</run_address>
         <size>0x2</size>
         <input_file_ref idref="fl-13f"/>
      </object_component>
      <object_component id="oc-4ee">
         <name>.const:DRV8711_Fields</name>
         <load_address>0x4e58</load_address>
         <run_address>0x4e58</run_address>
         <size>0x294</size>
         <input_file_ref idref="fl-3"/>
      </object_component>
      <object_component id="oc-3d1">
         <name>.const:.string</name>
         <load_address>0x50ec</load_address>
         <run_address>0x50ec</run_address>
         <size>0x160</size>
         <input_file_ref idref="fl-5"/>
      </object_component>
      <object_component id="oc-38a">
         <name>.const:g_pui32GPIOBaseAddrs</name>
         <load_address>0x524c</load_address>
         <run_address>0x524c</run_address>
         <size>0x90</size>
         <input_file_ref idref="fl-14d"/>
      </object_component>
      <object_component id="oc-40b">
         <name>.const</name>
         <load_address>0x52dc</load_address>
         <run_address>0x52dc</run_address>
         <size>0x70</size>
         <input_file_ref idref="fl-14e"/>
      </object_component>
      <object_component id="oc-395">
         <name>.const:g_pui32Xtals</name>
         <load_address>0x534c</load_address>
         <run_address>0x534c</run_address>
         <size>0x6c</size>
         <input_file_ref idref="fl-151"/>
      </object_component>
      <object_component id="oc-464">
         <name>.const:.string</name>
         <load_address>0x53b8</load_address>
         <run_address>0x53b8</run_address>
         <size>0x5e</size>
         <input_file_ref idref="fl-4"/>
      </object_component>
      <object_component id="oc-36c">
         <name>.const:$P$T0$1</name>
         <load_address>0x5418</load_address>
         <run_address>0x5418</run_address>
         <size>0x48</size>
         <input_file_ref idref="fl-2"/>
      </object_component>
      <object_component id="oc-201">
         <name>.const:_ZN4aeo122InitializationCommandsE</name>
         <load_address>0x5460</load_address>
         <run_address>0x5460</run_address>
         <size>0x38</size>
         <input_file_ref idref="fl-4"/>
      </object_component>
      <object_component id="oc-4eb">
         <name>.const:$P$T0$1</name>
         <load_address>0x5498</load_address>
         <run_address>0x5498</run_address>
         <size>0x30</size>
         <input_file_ref idref="fl-3"/>
      </object_component>
      <object_component id="oc-37a">
         <name>.const:g_psDaysToMonth</name>
         <load_address>0x54c8</load_address>
         <run_address>0x54c8</run_address>
         <size>0x30</size>
         <input_file_ref idref="fl-14a"/>
      </object_component>
      <object_component id="oc-5f8">
         <name>.const:.typeinfo:_ZTSN10__cxxabiv123__fundamental_type_infoE</name>
         <load_address>0x54f8</load_address>
         <run_address>0x54f8</run_address>
         <size>0x28</size>
         <input_file_ref idref="fl-13f"/>
      </object_component>
      <object_component id="oc-16a">
         <name>.const:_ZTVN4aeo111ssi_drv8711E</name>
         <load_address>0x5520</load_address>
         <run_address>0x5520</run_address>
         <size>0x28</size>
         <input_file_ref idref="fl-146"/>
      </object_component>
      <object_component id="oc-23f">
         <name>.const:_ZTVN4aeo114ssi_peripheralE</name>
         <load_address>0x5548</load_address>
         <run_address>0x5548</run_address>
         <size>0x28</size>
         <input_file_ref idref="fl-147"/>
      </object_component>
      <object_component id="oc-1b0">
         <name>.const</name>
         <load_address>0x5570</load_address>
         <run_address>0x5570</run_address>
         <size>0x28</size>
         <input_file_ref idref="fl-149"/>
      </object_component>
      <object_component id="oc-59a">
         <name>.const:.typeinfo:_ZTSN10__cxxabiv120__si_class_type_infoE</name>
         <load_address>0x5598</load_address>
         <run_address>0x5598</run_address>
         <size>0x25</size>
         <input_file_ref idref="fl-13f"/>
      </object_component>
      <object_component id="oc-5e4">
         <name>.const:.typeinfo:_ZTSN10__cxxabiv119__pointer_type_infoE</name>
         <load_address>0x55bd</load_address>
         <run_address>0x55bd</run_address>
         <size>0x24</size>
         <input_file_ref idref="fl-13f"/>
      </object_component>
      <object_component id="oc-5b7">
         <name>.const:.typeinfo:_ZTSN10__cxxabiv117__class_type_infoE</name>
         <load_address>0x55e1</load_address>
         <run_address>0x55e1</run_address>
         <size>0x22</size>
         <input_file_ref idref="fl-13f"/>
      </object_component>
      <object_component id="oc-5f3">
         <name>.const:.typeinfo:_ZTSN10__cxxabiv117__pbase_type_infoE</name>
         <load_address>0x5603</load_address>
         <run_address>0x5603</run_address>
         <size>0x22</size>
         <input_file_ref idref="fl-13f"/>
      </object_component>
      <object_component id="oc-377">
         <name>.const</name>
         <load_address>0x5628</load_address>
         <run_address>0x5628</run_address>
         <size>0x1c</size>
         <input_file_ref idref="fl-14a"/>
      </object_component>
      <object_component id="oc-555">
         <name>.const:.typeinfo:_ZTSN4aeo114ssi_peripheralE</name>
         <load_address>0x5644</load_address>
         <run_address>0x5644</run_address>
         <size>0x18</size>
         <input_file_ref idref="fl-147"/>
      </object_component>
      <object_component id="oc-55c">
         <name>.const:.typeinfo:_ZTSN4aeo112adc_potmeterE</name>
         <load_address>0x565c</load_address>
         <run_address>0x565c</run_address>
         <size>0x16</size>
         <input_file_ref idref="fl-144"/>
      </object_component>
      <object_component id="oc-563">
         <name>.const:.typeinfo:_ZTSN4aeo111pwm_stepperE</name>
         <load_address>0x5672</load_address>
         <run_address>0x5672</run_address>
         <size>0x15</size>
         <input_file_ref idref="fl-145"/>
      </object_component>
      <object_component id="oc-53d">
         <name>.const:.typeinfo:_ZTSN4aeo111ssi_drv8711E</name>
         <load_address>0x5687</load_address>
         <run_address>0x5687</run_address>
         <size>0x15</size>
         <input_file_ref idref="fl-146"/>
      </object_component>
      <object_component id="oc-43d">
         <name>.const:.string</name>
         <load_address>0x569c</load_address>
         <run_address>0x569c</run_address>
         <size>0x12</size>
         <input_file_ref idref="fl-149"/>
      </object_component>
      <object_component id="oc-507">
         <name>.const:.string</name>
         <load_address>0x56b0</load_address>
         <run_address>0x56b0</run_address>
         <size>0x12</size>
         <input_file_ref idref="fl-14a"/>
      </object_component>
      <object_component id="oc-5a0">
         <name>.const:.typeinfo:_ZTIPKe</name>
         <load_address>0x56c4</load_address>
         <run_address>0x56c4</run_address>
         <size>0x10</size>
         <input_file_ref idref="fl-13f"/>
      </object_component>
      <object_component id="oc-572">
         <name>.const:.typeinfo:_ZTSN4aeo17drv8711E</name>
         <load_address>0x56d4</load_address>
         <run_address>0x56d4</run_address>
         <size>0x10</size>
         <input_file_ref idref="fl-2"/>
      </object_component>
      <object_component id="oc-54e">
         <name>.const:.typeinfo:_ZTSN4aeo17esp8266E</name>
         <load_address>0x56e4</load_address>
         <run_address>0x56e4</run_address>
         <size>0x10</size>
         <input_file_ref idref="fl-4"/>
      </object_component>
      <object_component id="oc-549">
         <name>.const:_ZTVN10__cxxabiv117__class_type_infoE</name>
         <load_address>0x56f4</load_address>
         <run_address>0x56f4</run_address>
         <size>0x10</size>
         <input_file_ref idref="fl-13f"/>
      </object_component>
      <object_component id="oc-5c1">
         <name>.const:_ZTVN10__cxxabiv119__pointer_type_infoE</name>
         <load_address>0x5704</load_address>
         <run_address>0x5704</run_address>
         <size>0x10</size>
         <input_file_ref idref="fl-13f"/>
      </object_component>
      <object_component id="oc-538">
         <name>.const:_ZTVN10__cxxabiv120__si_class_type_infoE</name>
         <load_address>0x5714</load_address>
         <run_address>0x5714</run_address>
         <size>0x10</size>
         <input_file_ref idref="fl-13f"/>
      </object_component>
      <object_component id="oc-5da">
         <name>.const:_ZTVN10__cxxabiv123__fundamental_type_infoE</name>
         <load_address>0x5724</load_address>
         <run_address>0x5724</run_address>
         <size>0x10</size>
         <input_file_ref idref="fl-13f"/>
      </object_component>
      <object_component id="oc-313">
         <name>.const:_ZTVN4aeo111pwm_stepperE</name>
         <load_address>0x5734</load_address>
         <run_address>0x5734</run_address>
         <size>0x10</size>
         <input_file_ref idref="fl-145"/>
      </object_component>
      <object_component id="oc-2c1">
         <name>.const:_ZTVN4aeo112adc_potmeterE</name>
         <load_address>0x5744</load_address>
         <run_address>0x5744</run_address>
         <size>0x10</size>
         <input_file_ref idref="fl-144"/>
      </object_component>
      <object_component id="oc-361">
         <name>.const:_ZTVN4aeo17drv8711E</name>
         <load_address>0x5754</load_address>
         <run_address>0x5754</run_address>
         <size>0x10</size>
         <input_file_ref idref="fl-2"/>
      </object_component>
      <object_component id="oc-1fc">
         <name>.const:_ZTVN4aeo17esp8266E</name>
         <load_address>0x5764</load_address>
         <run_address>0x5764</run_address>
         <size>0x10</size>
         <input_file_ref idref="fl-4"/>
      </object_component>
      <object_component id="oc-5d0">
         <name>.const:.typeinfo:_ZTSSt9type_info</name>
         <load_address>0x5774</load_address>
         <run_address>0x5774</run_address>
         <size>0xd</size>
         <input_file_ref idref="fl-13f"/>
      </object_component>
      <object_component id="oc-595">
         <name>.const:.typeinfo:_ZTIN10__cxxabiv117__class_type_infoE</name>
         <load_address>0x5784</load_address>
         <run_address>0x5784</run_address>
         <size>0xc</size>
         <input_file_ref idref="fl-13f"/>
      </object_component>
      <object_component id="oc-5e9">
         <name>.const:.typeinfo:_ZTIN10__cxxabiv117__pbase_type_infoE</name>
         <load_address>0x5790</load_address>
         <run_address>0x5790</run_address>
         <size>0xc</size>
         <input_file_ref idref="fl-13f"/>
      </object_component>
      <object_component id="oc-5d5">
         <name>.const:.typeinfo:_ZTIN10__cxxabiv119__pointer_type_infoE</name>
         <load_address>0x579c</load_address>
         <run_address>0x579c</run_address>
         <size>0xc</size>
         <input_file_ref idref="fl-13f"/>
      </object_component>
      <object_component id="oc-587">
         <name>.const:.typeinfo:_ZTIN10__cxxabiv120__si_class_type_infoE</name>
         <load_address>0x57a8</load_address>
         <run_address>0x57a8</run_address>
         <size>0xc</size>
         <input_file_ref idref="fl-13f"/>
      </object_component>
      <object_component id="oc-5ee">
         <name>.const:.typeinfo:_ZTIN10__cxxabiv123__fundamental_type_infoE</name>
         <load_address>0x57b4</load_address>
         <run_address>0x57b4</run_address>
         <size>0xc</size>
         <input_file_ref idref="fl-13f"/>
      </object_component>
      <object_component id="oc-412">
         <name>.const:.typeinfo:_ZTIN4aeo111ssi_drv8711E</name>
         <load_address>0x57c0</load_address>
         <run_address>0x57c0</run_address>
         <size>0xc</size>
         <input_file_ref idref="fl-146"/>
      </object_component>
      <object_component id="oc-4bc">
         <name>.const:.typeinfo:_ZTIN4aeo111pwm_stepperE</name>
         <load_address>0x57cc</load_address>
         <run_address>0x57cc</run_address>
         <size>0x8</size>
         <input_file_ref idref="fl-145"/>
      </object_component>
      <object_component id="oc-4a7">
         <name>.const:.typeinfo:_ZTIN4aeo112adc_potmeterE</name>
         <load_address>0x57d4</load_address>
         <run_address>0x57d4</run_address>
         <size>0x8</size>
         <input_file_ref idref="fl-144"/>
      </object_component>
      <object_component id="oc-483">
         <name>.const:.typeinfo:_ZTIN4aeo114ssi_peripheralE</name>
         <load_address>0x57dc</load_address>
         <run_address>0x57dc</run_address>
         <size>0x8</size>
         <input_file_ref idref="fl-147"/>
      </object_component>
      <object_component id="oc-4e6">
         <name>.const:.typeinfo:_ZTIN4aeo17drv8711E</name>
         <load_address>0x57e4</load_address>
         <run_address>0x57e4</run_address>
         <size>0x8</size>
         <input_file_ref idref="fl-2"/>
      </object_component>
      <object_component id="oc-45f">
         <name>.const:.typeinfo:_ZTIN4aeo17esp8266E</name>
         <load_address>0x57ec</load_address>
         <run_address>0x57ec</run_address>
         <size>0x8</size>
         <input_file_ref idref="fl-4"/>
      </object_component>
      <object_component id="oc-5bc">
         <name>.const:.typeinfo:_ZTISt9type_info</name>
         <load_address>0x57f4</load_address>
         <run_address>0x57f4</run_address>
         <size>0x8</size>
         <input_file_ref idref="fl-13f"/>
      </object_component>
      <object_component id="oc-5cb">
         <name>.const:.typeinfo:_ZTIe</name>
         <load_address>0x57fc</load_address>
         <run_address>0x57fc</run_address>
         <size>0x8</size>
         <input_file_ref idref="fl-13f"/>
      </object_component>
      <object_component id="oc-5c6">
         <name>.const:.typeinfo:_ZTSPKe</name>
         <load_address>0x5804</load_address>
         <run_address>0x5804</run_address>
         <size>0x4</size>
         <input_file_ref idref="fl-13f"/>
      </object_component>
      <object_component id="oc-620">
         <name>.cinit..data.load</name>
         <load_address>0x5810</load_address>
         <run_address>0x5810</run_address>
         <size>0x170</size>
      </object_component>
      <object_component id="oc-61e">
         <name>__TI_handler_table</name>
         <load_address>0x5980</load_address>
         <run_address>0x5980</run_address>
         <size>0xc</size>
      </object_component>
      <object_component id="oc-621">
         <name>.cinit..bss.load</name>
         <load_address>0x5990</load_address>
         <run_address>0x5990</run_address>
         <size>0x8</size>
      </object_component>
      <object_component id="oc-61f">
         <name>__TI_cinit_table</name>
         <load_address>0x5998</load_address>
         <run_address>0x5998</run_address>
         <size>0x10</size>
      </object_component>
      <object_component id="oc-29">
         <name>.init_array</name>
         <load_address>0x5808</load_address>
         <run_address>0x5808</run_address>
         <size>0x4</size>
         <input_file_ref idref="fl-5"/>
      </object_component>
      <object_component id="oc-2b">
         <name>.sysmem</name>
         <uninitialized>true</uninitialized>
         <run_address>0x20000b48</run_address>
         <size>0x8</size>
         <input_file_ref idref="fl-138"/>
      </object_component>
      <object_component id="oc-623">
         <name>.sysmem</name>
         <uninitialized>true</uninitialized>
         <run_address>0x20000b48</run_address>
         <size>0x0</size>
      </object_component>
      <object_component id="oc-2a">
         <name>.stack</name>
         <uninitialized>true</uninitialized>
         <run_address>0x20000778</run_address>
         <size>0x0</size>
         <input_file_ref idref="fl-12f"/>
      </object_component>
      <object_component id="oc-622">
         <name>.stack</name>
         <uninitialized>true</uninitialized>
         <run_address>0x20000778</run_address>
         <size>0x0</size>
      </object_component>
      <object_component id="oc-107">
         <name>.bss:g_oDrv8711</name>
         <uninitialized>true</uninitialized>
         <run_address>0x20000598</run_address>
         <size>0xac</size>
         <input_file_ref idref="fl-5"/>
      </object_component>
      <object_component id="oc-118">
         <name>.bss:g_oEsp8266</name>
         <uninitialized>true</uninitialized>
         <run_address>0x20000400</run_address>
         <size>0x198</size>
         <input_file_ref idref="fl-5"/>
      </object_component>
      <object_component id="oc-11e">
         <name>.bss:g_zInput</name>
         <uninitialized>true</uninitialized>
         <run_address>0x200006c4</run_address>
         <size>0x80</size>
         <input_file_ref idref="fl-5"/>
      </object_component>
      <object_component id="oc-3b5">
         <name>.bss:g_ppcArgv</name>
         <uninitialized>true</uninitialized>
         <run_address>0x20000744</run_address>
         <size>0x24</size>
         <input_file_ref idref="fl-148"/>
      </object_component>
      <object_component id="oc-1b7">
         <name>.bss:g_pcUARTTxBuffer</name>
         <uninitialized>true</uninitialized>
         <run_address>0x20000000</run_address>
         <size>0x400</size>
         <input_file_ref idref="fl-149"/>
      </object_component>
      <object_component id="oc-1ba">
         <name>.bss:g_pcUARTRxBuffer</name>
         <uninitialized>true</uninitialized>
         <run_address>0x20000644</run_address>
         <size>0x80</size>
         <input_file_ref idref="fl-149"/>
      </object_component>
      <object_component id="oc-121">
         <name>.common:__dso_handle</name>
         <uninitialized>true</uninitialized>
         <run_address>0x2000076c</run_address>
         <size>0x4</size>
      </object_component>
      <object_component id="oc-59f">
         <name>.common:_ZSt16__dummy_typeinfo</name>
         <uninitialized>true</uninitialized>
         <run_address>0x20000768</run_address>
         <size>0x4</size>
      </object_component>
      <object_component id="oc-1e0">
         <name>.common:g_bDisableEcho</name>
         <uninitialized>true</uninitialized>
         <run_address>0x20000774</run_address>
         <size>0x1</size>
      </object_component>
      <object_component id="oc-1b3">
         <name>.common:g_ui32PortNum</name>
         <uninitialized>true</uninitialized>
         <run_address>0x20000770</run_address>
         <size>0x4</size>
      </object_component>
      <object_component id="oc-1f9">
         <name>.data</name>
         <load_address>0x20000b34</load_address>
         <run_address>0x20000b34</run_address>
         <size>0x4</size>
         <input_file_ref idref="fl-4"/>
      </object_component>
      <object_component id="oc-11b">
         <name>.data:g_psCmdTable</name>
         <load_address>0x20000978</load_address>
         <run_address>0x20000978</run_address>
         <size>0x90</size>
         <input_file_ref idref="fl-5"/>
      </object_component>
      <object_component id="oc-111">
         <name>.data</name>
         <load_address>0x20000aed</load_address>
         <run_address>0x20000aed</run_address>
         <size>0x1</size>
         <input_file_ref idref="fl-5"/>
      </object_component>
      <object_component id="oc-3c1">
         <name>.data</name>
         <load_address>0x20000b38</load_address>
         <run_address>0x20000b38</run_address>
         <size>0x4</size>
         <input_file_ref idref="fl-134"/>
      </object_component>
      <object_component id="oc-34d">
         <name>.data</name>
         <load_address>0x20000b24</load_address>
         <run_address>0x20000b24</run_address>
         <size>0x8</size>
         <input_file_ref idref="fl-135"/>
      </object_component>
      <object_component id="oc-52c">
         <name>.data</name>
         <load_address>0x20000b10</load_address>
         <run_address>0x20000b10</run_address>
         <size>0xc</size>
         <input_file_ref idref="fl-138"/>
      </object_component>
      <object_component id="oc-9e">
         <name>.data</name>
         <load_address>0x20000b3c</load_address>
         <run_address>0x20000b3c</run_address>
         <size>0x4</size>
         <input_file_ref idref="fl-13b"/>
      </object_component>
      <object_component id="oc-34a">
         <name>.data</name>
         <load_address>0x20000b1c</load_address>
         <run_address>0x20000b1c</run_address>
         <size>0x8</size>
         <input_file_ref idref="fl-140"/>
      </object_component>
      <object_component id="oc-2be">
         <name>.data</name>
         <load_address>0x20000af0</load_address>
         <run_address>0x20000af0</run_address>
         <size>0x10</size>
         <input_file_ref idref="fl-144"/>
      </object_component>
      <object_component id="oc-310">
         <name>.data</name>
         <load_address>0x20000b2c</load_address>
         <run_address>0x20000b2c</run_address>
         <size>0x4</size>
         <input_file_ref idref="fl-145"/>
      </object_component>
      <object_component id="oc-167">
         <name>.data</name>
         <load_address>0x20000b30</load_address>
         <run_address>0x20000b30</run_address>
         <size>0x4</size>
         <input_file_ref idref="fl-146"/>
      </object_component>
      <object_component id="oc-236">
         <name>.data</name>
         <load_address>0x20000b00</load_address>
         <run_address>0x20000b00</run_address>
         <size>0x10</size>
         <input_file_ref idref="fl-147"/>
      </object_component>
      <object_component id="oc-244">
         <name>.data:_ZN4aeo118SSI0_SpecificationE</name>
         <load_address>0x20000a08</load_address>
         <run_address>0x20000a08</run_address>
         <size>0x34</size>
         <input_file_ref idref="fl-147"/>
      </object_component>
      <object_component id="oc-247">
         <name>.data:_ZN4aeo118SSI1_SpecificationE</name>
         <load_address>0x20000a3c</load_address>
         <run_address>0x20000a3c</run_address>
         <size>0x34</size>
         <input_file_ref idref="fl-147"/>
      </object_component>
      <object_component id="oc-24a">
         <name>.data:_ZN4aeo118SSI2_SpecificationE</name>
         <load_address>0x20000a70</load_address>
         <run_address>0x20000a70</run_address>
         <size>0x34</size>
         <input_file_ref idref="fl-147"/>
      </object_component>
      <object_component id="oc-24d">
         <name>.data:_ZN4aeo118SSI3_SpecificationE</name>
         <load_address>0x20000aa4</load_address>
         <run_address>0x20000aa4</run_address>
         <size>0x34</size>
         <input_file_ref idref="fl-147"/>
      </object_component>
      <object_component id="oc-1ad">
         <name>.data</name>
         <load_address>0x20000ad8</load_address>
         <run_address>0x20000ad8</run_address>
         <size>0x15</size>
         <input_file_ref idref="fl-149"/>
      </object_component>
      <object_component id="oc-37d">
         <name>.data</name>
         <load_address>0x20000b40</load_address>
         <run_address>0x20000b40</run_address>
         <size>0x4</size>
         <input_file_ref idref="fl-14a"/>
      </object_component>
      <object_component id="oc-375">
         <name>.debug_info</name>
         <load_address>0x0</load_address>
         <run_address>0x0</run_address>
         <size>0xc1d</size>
         <input_file_ref idref="fl-2"/>
      </object_component>
      <object_component id="oc-362">
         <name>.debug_info</name>
         <load_address>0xc1d</load_address>
         <run_address>0xc1d</run_address>
         <size>0xfa</size>
         <input_file_ref idref="fl-2"/>
      </object_component>
      <object_component id="oc-4e7">
         <name>.debug_info</name>
         <load_address>0xd17</load_address>
         <run_address>0xd17</run_address>
         <size>0xec</size>
         <input_file_ref idref="fl-2"/>
      </object_component>
      <object_component id="oc-573">
         <name>.debug_info</name>
         <load_address>0xe03</load_address>
         <run_address>0xe03</run_address>
         <size>0xf1</size>
         <input_file_ref idref="fl-2"/>
      </object_component>
      <object_component id="oc-36d">
         <name>.debug_info</name>
         <load_address>0xef4</load_address>
         <run_address>0xef4</run_address>
         <size>0xcc</size>
         <input_file_ref idref="fl-2"/>
      </object_component>
      <object_component id="oc-a8">
         <name>.debug_info</name>
         <load_address>0xfc0</load_address>
         <run_address>0xfc0</run_address>
         <size>0x1426</size>
         <input_file_ref idref="fl-2"/>
      </object_component>
      <object_component id="oc-26b">
         <name>.debug_info</name>
         <load_address>0x23e6</load_address>
         <run_address>0x23e6</run_address>
         <size>0x3b4</size>
         <input_file_ref idref="fl-2"/>
      </object_component>
      <object_component id="oc-4fb">
         <name>.debug_info</name>
         <load_address>0x279a</load_address>
         <run_address>0x279a</run_address>
         <size>0x18f</size>
         <input_file_ref idref="fl-2"/>
      </object_component>
      <object_component id="oc-31b">
         <name>.debug_info</name>
         <load_address>0x2929</load_address>
         <run_address>0x2929</run_address>
         <size>0x253</size>
         <input_file_ref idref="fl-2"/>
      </object_component>
      <object_component id="oc-502">
         <name>.debug_info</name>
         <load_address>0x2b7c</load_address>
         <run_address>0x2b7c</run_address>
         <size>0x55</size>
         <input_file_ref idref="fl-2"/>
      </object_component>
      <object_component id="oc-3ee">
         <name>.debug_info</name>
         <load_address>0x2bd1</load_address>
         <run_address>0x2bd1</run_address>
         <size>0x165</size>
         <input_file_ref idref="fl-2"/>
      </object_component>
      <object_component id="oc-125">
         <name>.debug_info</name>
         <load_address>0x2d36</load_address>
         <run_address>0x2d36</run_address>
         <size>0x8b</size>
         <input_file_ref idref="fl-2"/>
      </object_component>
      <object_component id="oc-4f4">
         <name>.debug_info</name>
         <load_address>0x2dc1</load_address>
         <run_address>0x2dc1</run_address>
         <size>0x2c</size>
         <input_file_ref idref="fl-2"/>
      </object_component>
      <object_component id="oc-12c">
         <name>.debug_info</name>
         <load_address>0x2ded</load_address>
         <run_address>0x2ded</run_address>
         <size>0x18b</size>
         <input_file_ref idref="fl-2"/>
      </object_component>
      <object_component id="oc-427">
         <name>.debug_info</name>
         <load_address>0x2f78</load_address>
         <run_address>0x2f78</run_address>
         <size>0x2c</size>
         <input_file_ref idref="fl-2"/>
      </object_component>
      <object_component id="oc-1e2">
         <name>.debug_info</name>
         <load_address>0x2fa4</load_address>
         <run_address>0x2fa4</run_address>
         <size>0x67</size>
         <input_file_ref idref="fl-2"/>
      </object_component>
      <object_component id="oc-370">
         <name>.debug_info</name>
         <load_address>0x300b</load_address>
         <run_address>0x300b</run_address>
         <size>0x17e</size>
         <input_file_ref idref="fl-2"/>
      </object_component>
      <object_component id="oc-4f2">
         <name>.debug_info</name>
         <load_address>0x3189</load_address>
         <run_address>0x3189</run_address>
         <size>0x15b</size>
         <input_file_ref idref="fl-3"/>
      </object_component>
      <object_component id="oc-4ef">
         <name>.debug_info</name>
         <load_address>0x32e4</load_address>
         <run_address>0x32e4</run_address>
         <size>0xe4</size>
         <input_file_ref idref="fl-3"/>
      </object_component>
      <object_component id="oc-4ec">
         <name>.debug_info</name>
         <load_address>0x33c8</load_address>
         <run_address>0x33c8</run_address>
         <size>0xd6</size>
         <input_file_ref idref="fl-3"/>
      </object_component>
      <object_component id="oc-368">
         <name>.debug_info</name>
         <load_address>0x349e</load_address>
         <run_address>0x349e</run_address>
         <size>0x429</size>
         <input_file_ref idref="fl-3"/>
      </object_component>
      <object_component id="oc-57e">
         <name>.debug_info</name>
         <load_address>0x38c7</load_address>
         <run_address>0x38c7</run_address>
         <size>0xaa</size>
         <input_file_ref idref="fl-3"/>
      </object_component>
      <object_component id="oc-20a">
         <name>.debug_info</name>
         <load_address>0x3971</load_address>
         <run_address>0x3971</run_address>
         <size>0x988</size>
         <input_file_ref idref="fl-4"/>
      </object_component>
      <object_component id="oc-1fd">
         <name>.debug_info</name>
         <load_address>0x42f9</load_address>
         <run_address>0x42f9</run_address>
         <size>0xfa</size>
         <input_file_ref idref="fl-4"/>
      </object_component>
      <object_component id="oc-460">
         <name>.debug_info</name>
         <load_address>0x43f3</load_address>
         <run_address>0x43f3</run_address>
         <size>0xec</size>
         <input_file_ref idref="fl-4"/>
      </object_component>
      <object_component id="oc-54f">
         <name>.debug_info</name>
         <load_address>0x44df</load_address>
         <run_address>0x44df</run_address>
         <size>0xf1</size>
         <input_file_ref idref="fl-4"/>
      </object_component>
      <object_component id="oc-202">
         <name>.debug_info</name>
         <load_address>0x45d0</load_address>
         <run_address>0x45d0</run_address>
         <size>0xfb</size>
         <input_file_ref idref="fl-4"/>
      </object_component>
      <object_component id="oc-1fa">
         <name>.debug_info</name>
         <load_address>0x46cb</load_address>
         <run_address>0x46cb</run_address>
         <size>0xf9</size>
         <input_file_ref idref="fl-4"/>
      </object_component>
      <object_component id="oc-49">
         <name>.debug_info</name>
         <load_address>0x47c4</load_address>
         <run_address>0x47c4</run_address>
         <size>0x13a2</size>
         <input_file_ref idref="fl-4"/>
      </object_component>
      <object_component id="oc-205">
         <name>.debug_info</name>
         <load_address>0x5b66</load_address>
         <run_address>0x5b66</run_address>
         <size>0x234</size>
         <input_file_ref idref="fl-4"/>
      </object_component>
      <object_component id="oc-469">
         <name>.debug_info</name>
         <load_address>0x5d9a</load_address>
         <run_address>0x5d9a</run_address>
         <size>0x8e</size>
         <input_file_ref idref="fl-4"/>
      </object_component>
      <object_component id="oc-46e">
         <name>.debug_info</name>
         <load_address>0x5e28</load_address>
         <run_address>0x5e28</run_address>
         <size>0xe5</size>
         <input_file_ref idref="fl-4"/>
      </object_component>
      <object_component id="oc-473">
         <name>.debug_info</name>
         <load_address>0x5f0d</load_address>
         <run_address>0x5f0d</run_address>
         <size>0x14d</size>
         <input_file_ref idref="fl-4"/>
      </object_component>
      <object_component id="oc-12a">
         <name>.debug_info</name>
         <load_address>0x605a</load_address>
         <run_address>0x605a</run_address>
         <size>0xd2b</size>
         <input_file_ref idref="fl-5"/>
      </object_component>
      <object_component id="oc-108">
         <name>.debug_info</name>
         <load_address>0x6d85</load_address>
         <run_address>0x6d85</run_address>
         <size>0xd0</size>
         <input_file_ref idref="fl-5"/>
      </object_component>
      <object_component id="oc-119">
         <name>.debug_info</name>
         <load_address>0x6e55</load_address>
         <run_address>0x6e55</run_address>
         <size>0xd0</size>
         <input_file_ref idref="fl-5"/>
      </object_component>
      <object_component id="oc-11f">
         <name>.debug_info</name>
         <load_address>0x6f25</load_address>
         <run_address>0x6f25</run_address>
         <size>0xcb</size>
         <input_file_ref idref="fl-5"/>
      </object_component>
      <object_component id="oc-11c">
         <name>.debug_info</name>
         <load_address>0x6ff0</load_address>
         <run_address>0x6ff0</run_address>
         <size>0xd4</size>
         <input_file_ref idref="fl-5"/>
      </object_component>
      <object_component id="oc-35">
         <name>.debug_info</name>
         <load_address>0x70c4</load_address>
         <run_address>0x70c4</run_address>
         <size>0x1167</size>
         <input_file_ref idref="fl-5"/>
      </object_component>
      <object_component id="oc-172">
         <name>.debug_info</name>
         <load_address>0x822b</load_address>
         <run_address>0x822b</run_address>
         <size>0x18f</size>
         <input_file_ref idref="fl-5"/>
      </object_component>
      <object_component id="oc-3df">
         <name>.debug_info</name>
         <load_address>0x83ba</load_address>
         <run_address>0x83ba</run_address>
         <size>0x17a</size>
         <input_file_ref idref="fl-5"/>
      </object_component>
      <object_component id="oc-3e4">
         <name>.debug_info</name>
         <load_address>0x8534</load_address>
         <run_address>0x8534</run_address>
         <size>0x198</size>
         <input_file_ref idref="fl-5"/>
      </object_component>
      <object_component id="oc-3e9">
         <name>.debug_info</name>
         <load_address>0x86cc</load_address>
         <run_address>0x86cc</run_address>
         <size>0xbd</size>
         <input_file_ref idref="fl-5"/>
      </object_component>
      <object_component id="oc-3f3">
         <name>.debug_info</name>
         <load_address>0x8789</load_address>
         <run_address>0x8789</run_address>
         <size>0x1cf</size>
         <input_file_ref idref="fl-5"/>
      </object_component>
      <object_component id="oc-3f8">
         <name>.debug_info</name>
         <load_address>0x8958</load_address>
         <run_address>0x8958</run_address>
         <size>0x162</size>
         <input_file_ref idref="fl-5"/>
      </object_component>
      <object_component id="oc-3fd">
         <name>.debug_info</name>
         <load_address>0x8aba</load_address>
         <run_address>0x8aba</run_address>
         <size>0x9c</size>
         <input_file_ref idref="fl-5"/>
      </object_component>
      <object_component id="oc-3aa">
         <name>.debug_info</name>
         <load_address>0x8b56</load_address>
         <run_address>0x8b56</run_address>
         <size>0x17e</size>
         <input_file_ref idref="fl-5"/>
      </object_component>
      <object_component id="oc-60">
         <name>.debug_info</name>
         <load_address>0x8cd4</load_address>
         <run_address>0x8cd4</run_address>
         <size>0x2c7</size>
         <input_file_ref idref="fl-6"/>
      </object_component>
      <object_component id="oc-10">
         <name>.debug_info</name>
         <load_address>0x8f9b</load_address>
         <run_address>0x8f9b</run_address>
         <size>0xe6</size>
         <input_file_ref idref="fl-6"/>
      </object_component>
      <object_component id="oc-30">
         <name>.debug_info</name>
         <load_address>0x9081</load_address>
         <run_address>0x9081</run_address>
         <size>0x283</size>
         <input_file_ref idref="fl-6"/>
      </object_component>
      <object_component id="oc-322">
         <name>.debug_info</name>
         <load_address>0x9304</load_address>
         <run_address>0x9304</run_address>
         <size>0x84</size>
         <input_file_ref idref="fl-6"/>
      </object_component>
      <object_component id="oc-327">
         <name>.debug_info</name>
         <load_address>0x9388</load_address>
         <run_address>0x9388</run_address>
         <size>0x18b</size>
         <input_file_ref idref="fl-6"/>
      </object_component>
      <object_component id="oc-25">
         <name>.debug_info</name>
         <load_address>0x9513</load_address>
         <run_address>0x9513</run_address>
         <size>0x134</size>
         <input_file_ref idref="fl-12f"/>
      </object_component>
      <object_component id="oc-6c">
         <name>.debug_info</name>
         <load_address>0x9647</load_address>
         <run_address>0x9647</run_address>
         <size>0x121</size>
[...]
         <object_component_ref idref="oc-24d"/>
      </symbol>
      <symbol id="sm-7ed">
         <name>_ZN4aeo114ssi_peripheral3GetEv</name>
         <value>0x21ab</value>
         <object_component_ref idref="oc-4c"/>
      </symbol>
      <symbol id="sm-7ee">
         <name>_ZN4aeo114ssi_peripheralD1Ev</name>
         <value>0x1e9b</value>
         <object_component_ref idref="oc-4c"/>
      </symbol>
      <symbol id="sm-7ef">
         <name>_ZN4aeo118SSI0_SpecificationE</name>
         <value>0x20000a08</value>
         <object_component_ref idref="oc-244"/>
      </symbol>
      <symbol id="sm-7f0">
         <name>_ZN4aeo114ssi_peripheral4DiagEv</name>
         <value>0x20ad</value>
         <object_component_ref idref="oc-4c"/>
      </symbol>
      <symbol id="sm-7f1">
         <name>_ZN4aeo118SSI1_SpecificationE</name>
         <value>0x20000a3c</value>
         <object_component_ref idref="oc-247"/>
      </symbol>
      <symbol id="sm-7f2">
         <name>_ZN4aeo114ssi_peripheralD2Ev</name>
         <value>0x1e9b</value>
         <object_component_ref idref="oc-4c"/>
      </symbol>
      <symbol id="sm-7f3">
         <name>_ZN4aeo114ssi_peripheralC1ENS0_9device_idEjb</name>
         <value>0x1df9</value>
         <object_component_ref idref="oc-4c"/>
      </symbol>
      <symbol id="sm-7f4">
         <name>_ZN4aeo114ssi_peripheral11OnInterruptEv</name>
         <value>0x200d</value>
         <object_component_ref idref="oc-4c"/>
      </symbol>
      <symbol id="sm-7f5">
         <name>OnSSI3Interrupt</name>
         <value>0x1ddf</value>
         <object_component_ref idref="oc-4c"/>
      </symbol>
      <symbol id="sm-7f6">
         <name>OnSSI1Interrupt</name>
         <value>0x1dab</value>
         <object_component_ref idref="oc-4c"/>
      </symbol>
      <symbol id="sm-7f7">
         <name>_ZN4aeo114ssi_peripheral12UnloadRxFIFOEv</name>
         <value>0x21f9</value>
         <object_component_ref idref="oc-4c"/>
      </symbol>
      <symbol id="sm-818">
         <name>CmdLineProcess</name>
         <value>0x3d25</value>
         <object_component_ref idref="oc-10a"/>
      </symbol>
      <symbol id="sm-8d4">
         <name>UARTTxBytesFree</name>
         <value>0x1505</value>
         <object_component_ref idref="oc-40"/>
      </symbol>
      <symbol id="sm-8d5">
         <name>UARTFlushRx</name>
         <value>0x1573</value>
         <object_component_ref idref="oc-40"/>
      </symbol>
      <symbol id="sm-8d6">
         <name>UARTgetc</name>
         <value>0x117f</value>
         <object_component_ref idref="oc-40"/>
      </symbol>
      <symbol id="sm-8d7">
         <name>UARTgets</name>
         <value>0x1103</value>
         <object_component_ref idref="oc-40"/>
      </symbol>
      <symbol id="sm-8d8">
         <name>UARTFlushTx</name>
         <value>0x1593</value>
         <object_component_ref idref="oc-40"/>
      </symbol>
      <symbol id="sm-8d9">
         <name>UARTStdioConfig</name>
         <value>0xfdd</value>
         <object_component_ref idref="oc-40"/>
      </symbol>
      <symbol id="sm-8da">
         <name>UARTStdioIntHandler</name>
         <value>0x15f5</value>
         <object_component_ref idref="oc-40"/>
      </symbol>
      <symbol id="sm-8db">
         <name>UARTRxBytesAvail</name>
         <value>0x14f7</value>
         <object_component_ref idref="oc-40"/>
      </symbol>
      <symbol id="sm-8dc">
         <name>UARTwrite</name>
         <value>0x1063</value>
         <object_component_ref idref="oc-40"/>
      </symbol>
      <symbol id="sm-8dd">
         <name>UARTPeek</name>
         <value>0x1519</value>
         <object_component_ref idref="oc-40"/>
      </symbol>
      <symbol id="sm-8de">
         <name>UARTEchoSet</name>
         <value>0x15c9</value>
         <object_component_ref idref="oc-40"/>
      </symbol>
      <symbol id="sm-8df">
         <name>UARTprintf</name>
         <value>0x14d3</value>
         <object_component_ref idref="oc-40"/>
      </symbol>
      <symbol id="sm-8e0">
         <name>UARTvprintf</name>
         <value>0x11d9</value>
         <object_component_ref idref="oc-40"/>
      </symbol>
      <symbol id="sm-9c1">
         <name>uvsnprintf</name>
         <value>0x2c5</value>
         <object_component_ref idref="oc-ad"/>
      </symbol>
      <symbol id="sm-9c2">
         <name>ustrncasecmp</name>
         <value>0xd8d</value>
         <object_component_ref idref="oc-ad"/>
      </symbol>
      <symbol id="sm-9c3">
         <name>ustrncpy</name>
         <value>0x26d</value>
         <object_component_ref idref="oc-ad"/>
      </symbol>
      <symbol id="sm-9c4">
         <name>ustrlen</name>
         <value>0xd35</value>
         <object_component_ref idref="oc-ad"/>
      </symbol>
      <symbol id="sm-9c5">
         <name>ulocaltime</name>
         <value>0x751</value>
         <object_component_ref idref="oc-ad"/>
      </symbol>
      <symbol id="sm-9c6">
         <name>ustrtof</name>
         <value>0xafd</value>
         <object_component_ref idref="oc-ad"/>
      </symbol>
      <symbol id="sm-9c7">
         <name>ustrstr</name>
         <value>0xd57</value>
         <object_component_ref idref="oc-ad"/>
      </symbol>
      <symbol id="sm-9c8">
         <name>ustrcmp</name>
         <value>0xea5</value>
         <object_component_ref idref="oc-ad"/>
      </symbol>
      <symbol id="sm-9c9">
         <name>usprintf</name>
         <value>0x6ef</value>
         <object_component_ref idref="oc-ad"/>
      </symbol>
      <symbol id="sm-9ca">
         <name>usnprintf</name>
         <value>0x721</value>
         <object_component_ref idref="oc-ad"/>
      </symbol>
      <symbol id="sm-9cb">
         <name>ustrtoul</name>
         <value>0x9c5</value>
         <object_component_ref idref="oc-ad"/>
      </symbol>
      <symbol id="sm-9cc">
         <name>ustrcasecmp</name>
         <value>0xe31</value>
         <object_component_ref idref="oc-ad"/>
      </symbol>
      <symbol id="sm-9cd">
         <name>umktime</name>
         <value>0x94f</value>
         <object_component_ref idref="oc-ad"/>
      </symbol>
      <symbol id="sm-9ce">
         <name>usrand</name>
         <value>0xeb9</value>
         <object_component_ref idref="oc-ad"/>
      </symbol>
      <symbol id="sm-9cf">
         <name>ustrncmp</name>
         <value>0xe45</value>
         <object_component_ref idref="oc-ad"/>
      </symbol>
      <symbol id="sm-9d0">
         <name>urand</name>
         <value>0xec9</value>
         <object_component_ref idref="oc-ad"/>
      </symbol>
      <symbol id="sm-a3f">
         <name>ADCProcessorTrigger</name>
         <value>0x4571</value>
         <object_component_ref idref="oc-2b8"/>
      </symbol>
      <symbol id="sm-a40">
         <name>ADCSequenceEnable</name>
         <value>0x477f</value>
         <object_component_ref idref="oc-28e"/>
      </symbol>
      <symbol id="sm-a41">
         <name>ADCIntDisable</name>
         <value>0x4763</value>
         <object_component_ref idref="oc-2a0"/>
      </symbol>
      <symbol id="sm-a42">
         <name>ADCSequenceConfigure</name>
         <value>0x4365</value>
         <object_component_ref idref="oc-282"/>
      </symbol>
      <symbol id="sm-a43">
         <name>ADCIntEnable</name>
         <value>0x46f3</value>
         <object_component_ref idref="oc-294"/>
      </symbol>
      <symbol id="sm-a44">
         <name>ADCSequenceStepConfigure</name>
         <value>0x3e6d</value>
         <object_component_ref idref="oc-288"/>
      </symbol>
      <symbol id="sm-a45">
         <name>ADCIntClear</name>
         <value>0x484f</value>
         <object_component_ref idref="oc-2ac"/>
      </symbol>
      <symbol id="sm-a46">
         <name>ADCHardwareOversampleConfigure</name>
         <value>0x4755</value>
         <object_component_ref idref="oc-27c"/>
      </symbol>
      <symbol id="sm-a47">
         <name>ADCIntStatus</name>
         <value>0x4481</value>
         <object_component_ref idref="oc-2a6"/>
      </symbol>
      <symbol id="sm-a48">
         <name>ADCSequenceDisable</name>
         <value>0x4771</value>
         <object_component_ref idref="oc-29a"/>
      </symbol>
      <symbol id="sm-a49">
         <name>ADCClockConfigSet</name>
         <value>0x4559</value>
         <object_component_ref idref="oc-276"/>
      </symbol>
      <symbol id="sm-a4a">
         <name>ADCSequenceDataGet</name>
         <value>0x451d</value>
         <object_component_ref idref="oc-2b2"/>
      </symbol>
      <symbol id="sm-a60">
         <name>FPUStackingEnable</name>
         <value>0x45e9</value>
         <object_component_ref idref="oc-d1"/>
      </symbol>
      <symbol id="sm-a61">
         <name>FPUEnable</name>
         <value>0x4705</value>
         <object_component_ref idref="oc-cb"/>
      </symbol>
      <symbol id="sm-adb">
         <name>GPIOPinTypePWM</name>
         <value>0x4699</value>
         <object_component_ref idref="oc-2da"/>
      </symbol>
      <symbol id="sm-adc">
         <name>GPIOPinConfigure</name>
         <value>0x4251</value>
         <object_component_ref idref="oc-b9"/>
      </symbol>
      <symbol id="sm-add">
         <name>GPIOIntDisable</name>
         <value>0x478d</value>
         <object_component_ref idref="oc-131"/>
      </symbol>
      <symbol id="sm-ade">
         <name>GPIOIntEnable</name>
         <value>0x4807</value>
         <object_component_ref idref="oc-15b"/>
      </symbol>
      <symbol id="sm-adf">
         <name>GPIOIntTypeSet</name>
         <value>0x4109</value>
         <object_component_ref idref="oc-155"/>
      </symbol>
      <symbol id="sm-ae0">
         <name>GPIOPinTypeADC</name>
         <value>0x4675</value>
         <object_component_ref idref="oc-270"/>
      </symbol>
      <symbol id="sm-ae1">
         <name>GPIOPinTypeGPIOInput</name>
         <value>0x4687</value>
         <object_component_ref idref="oc-14f"/>
      </symbol>
      <symbol id="sm-ae2">
         <name>GPIOPinTypeUART</name>
         <value>0x46bd</value>
         <object_component_ref idref="oc-bf"/>
      </symbol>
      <symbol id="sm-ae3">
         <name>GPIOPinTypeGPIOOutput</name>
         <value>0x4589</value>
         <object_component_ref idref="oc-13d"/>
      </symbol>
      <symbol id="sm-ae4">
         <name>GPIODirModeSet</name>
         <value>0x44af</value>
         <object_component_ref idref="oc-1e7"/>
      </symbol>
      <symbol id="sm-ae5">
         <name>GPIOPinWrite</name>
         <value>0x48dd</value>
         <object_component_ref idref="oc-149"/>
      </symbol>
      <symbol id="sm-ae6">
         <name>GPIOPadConfigSet</name>
         <value>0x371d</value>
         <object_component_ref idref="oc-143"/>
      </symbol>
      <symbol id="sm-ae7">
         <name>GPIOPinTypeSSI</name>
         <value>0x46ab</value>
         <object_component_ref idref="oc-20c"/>
      </symbol>
      <symbol id="sm-b33">
         <name>IntEnable</name>
         <value>0x40a1</value>
         <object_component_ref idref="oc-161"/>
      </symbol>
      <symbol id="sm-b34">
         <name>IntDisable</name>
         <value>0x4039</value>
         <object_component_ref idref="oc-177"/>
      </symbol>
      <symbol id="sm-b35">
         <name>IntMasterDisable</name>
         <value>0x4715</value>
         <object_component_ref idref="oc-1c2"/>
      </symbol>
      <symbol id="sm-b36">
         <name>IntMasterEnable</name>
         <value>0x4725</value>
         <object_component_ref idref="oc-f5"/>
      </symbol>
      <symbol id="sm-b83">
         <name>PWMGenPeriodSet</name>
         <value>0x4735</value>
         <object_component_ref idref="oc-2e6"/>
      </symbol>
      <symbol id="sm-b84">
         <name>PWMGenIntTrigEnable</name>
         <value>0x4859</value>
         <object_component_ref idref="oc-2f8"/>
      </symbol>
      <symbol id="sm-b85">
         <name>PWMGenDisable</name>
         <value>0x4813</value>
         <object_component_ref idref="oc-30a"/>
      </symbol>
      <symbol id="sm-b86">
         <name>PWMPulseWidthSet</name>
         <value>0x453b</value>
         <object_component_ref idref="oc-2ec"/>
      </symbol>
      <symbol id="sm-b87">
         <name>PWMGenIntClear</name>
         <value>0x48e3</value>
         <object_component_ref idref="oc-2ce"/>
      </symbol>
      <symbol id="sm-b88">
         <name>PWMOutputState</name>
         <value>0x46cf</value>
         <object_component_ref idref="oc-2fe"/>
      </symbol>
      <symbol id="sm-b89">
         <name>PWMGenEnable</name>
         <value>0x481f</value>
         <object_component_ref idref="oc-304"/>
      </symbol>
      <symbol id="sm-b8a">
         <name>PWMIntEnable</name>
         <value>0x48bd</value>
         <object_component_ref idref="oc-2f2"/>
      </symbol>
      <symbol id="sm-b8b">
         <name>PWMGenConfigure</name>
         <value>0x44d9</value>
         <object_component_ref idref="oc-2e0"/>
      </symbol>
      <symbol id="sm-bec">
         <name>SSIDataPut</name>
         <value>0x4863</value>
         <object_component_ref idref="oc-256"/>
      </symbol>
      <symbol id="sm-bed">
         <name>SSIDataGet</name>
         <value>0x482b</value>
         <object_component_ref idref="oc-25c"/>
      </symbol>
      <symbol id="sm-bee">
         <name>SSIIntDisable</name>
         <value>0x4881</value>
         <object_component_ref idref="oc-224"/>
      </symbol>
      <symbol id="sm-bef">
         <name>SSIDataGetNonBlocking</name>
         <value>0x46e1</value>
         <object_component_ref idref="oc-21e"/>
      </symbol>
      <symbol id="sm-bf0">
         <name>SSIIntClear</name>
         <value>0x4901</value>
         <object_component_ref idref="oc-22a"/>
      </symbol>
      <symbol id="sm-bf1">
         <name>SSIDataPutNonBlocking</name>
         <value>0x479b</value>
         <object_component_ref idref="oc-262"/>
      </symbol>
      <symbol id="sm-bf2">
         <name>SSIIntStatus</name>
         <value>0x488b</value>
         <object_component_ref idref="oc-239"/>
      </symbol>
      <symbol id="sm-bf3">
         <name>SSIConfigSetExpClk</name>
         <value>0x43a3</value>
         <object_component_ref idref="oc-212"/>
      </symbol>
      <symbol id="sm-bf4">
         <name>SSIIntEnable</name>
         <value>0x48c5</value>
         <object_component_ref idref="oc-230"/>
      </symbol>
      <symbol id="sm-bf5">
         <name>SSIEnable</name>
         <value>0x4877</value>
         <object_component_ref idref="oc-218"/>
      </symbol>
      <symbol id="sm-bf6">
         <name>SSIDisable</name>
         <value>0x486d</value>
         <object_component_ref idref="oc-250"/>
      </symbol>
      <symbol id="sm-c5d">
         <name>SysCtlPeripheralPresent</name>
         <value>0x43e1</value>
         <object_component_ref idref="oc-189"/>
      </symbol>
      <symbol id="sm-c5e">
         <name>SysCtlClockSet</name>
         <value>0x3a81</value>
         <object_component_ref idref="oc-d7"/>
      </symbol>
      <symbol id="sm-c5f">
         <name>SysCtlDelay</name>
         <value>0x48e9</value>
         <object_component_ref idref="oc-110"/>
      </symbol>
      <symbol id="sm-c60">
         <name>SysCtlPeripheralEnable</name>
         <value>0x4419</value>
         <object_component_ref idref="oc-b3"/>
      </symbol>
      <symbol id="sm-c61">
         <name>SysCtlClockGet</name>
         <value>0x3971</value>
         <object_component_ref idref="oc-dd"/>
      </symbol>
      <symbol id="sm-c62">
         <name>SysCtlPWMClockSet</name>
         <value>0x45fd</value>
         <object_component_ref idref="oc-2d4"/>
      </symbol>
      <symbol id="sm-c85">
         <name>SysTickEnable</name>
         <value>0x4611</value>
         <object_component_ref idref="oc-e9"/>
      </symbol>
      <symbol id="sm-c86">
         <name>SysTickIntEnable</name>
         <value>0x4625</value>
         <object_component_ref idref="oc-ef"/>
      </symbol>
      <symbol id="sm-c87">
         <name>SysTickPeriodSet</name>
         <value>0x4745</value>
         <object_component_ref idref="oc-e3"/>
      </symbol>
      <symbol id="sm-cf8">
         <name>UARTCharPutNonBlocking</name>
         <value>0x47b7</value>
         <object_component_ref idref="oc-17d"/>
      </symbol>
      <symbol id="sm-cf9">
         <name>UARTConfigSetExpClk</name>
         <value>0x4299</value>
         <object_component_ref idref="oc-18f"/>
      </symbol>
      <symbol id="sm-cfa">
         <name>UARTDisable</name>
         <value>0x44fd</value>
         <object_component_ref idref="oc-430"/>
      </symbol>
      <symbol id="sm-cfb">
         <name>UARTIntEnable</name>
         <value>0x48cd</value>
         <object_component_ref idref="oc-1a1"/>
      </symbol>
      <symbol id="sm-cfc">
         <name>UARTCharsAvail</name>
         <value>0x47c5</value>
         <object_component_ref idref="oc-1da"/>
      </symbol>
      <symbol id="sm-cfd">
         <name>UARTCharGetNonBlocking</name>
         <value>0x47a9</value>
         <object_component_ref idref="oc-1d4"/>
      </symbol>
      <symbol id="sm-cfe">
         <name>UARTClockSourceSet</name>
         <value>0x48ef</value>
         <object_component_ref idref="oc-c5"/>
      </symbol>
      <symbol id="sm-cff">
         <name>UARTIntDisable</name>
         <value>0x4895</value>
         <object_component_ref idref="oc-19b"/>
      </symbol>
      <symbol id="sm-d00">
         <name>UARTEnable</name>
         <value>0x4639</value>
         <object_component_ref idref="oc-1a7"/>
      </symbol>
      <symbol id="sm-d01">
         <name>UARTIntClear</name>
         <value>0x4905</value>
         <object_component_ref idref="oc-1ce"/>
      </symbol>
      <symbol id="sm-d02">
         <name>UARTIntStatus</name>
         <value>0x489f</value>
         <object_component_ref idref="oc-1c8"/>
      </symbol>
      <symbol id="sm-d03">
         <name>UARTSpaceAvail</name>
         <value>0x47d3</value>
         <object_component_ref idref="oc-183"/>
      </symbol>
      <symbol id="sm-d04">
         <name>UARTFIFOLevelSet</name>
         <value>0x48f5</value>
         <object_component_ref idref="oc-195"/>
      </symbol>
      <symbol id="sm-d16">
         <name>CPUcpsie</name>
         <value>0x47fb</value>
         <object_component_ref idref="oc-39d"/>
      </symbol>
      <symbol id="sm-d17">
         <name>CPUcpsid</name>
         <value>0x47ef</value>
         <object_component_ref idref="oc-44d"/>
      </symbol>
      <symbol id="sm-d26">
         <name>strcmp</name>
         <value>0x45b9</value>
         <object_component_ref idref="oc-3af"/>
      </symbol>
      <symbol id="sm-d38">
         <name>__aeabi_uidivmod</name>
         <value>0x4325</value>
         <object_component_ref idref="oc-1bd"/>
      </symbol>
      <symbol id="sm-d39">
         <name>__aeabi_uidiv</name>
         <value>0x4325</value>
         <object_component_ref idref="oc-1bd"/>
      </symbol>
      <symbol id="sm-d43">
         <name>__aeabi_idiv0</name>
         <value>0x384f</value>
         <object_component_ref idref="oc-446"/>
      </symbol>
      <symbol id="sm-d44">
         <name>__TI_static_base__</name>
         <value>0x0</value>
      </symbol>
   </symbol_table>
   <title>Link successful</title>
</link_info>
