******************************************************************************
                  TI ARM Linker PC v5.2.7                      
******************************************************************************
>> Linked Tue Apr 26 11:31:59 2016

OUTPUT FILE NAME:   <solo_stepper.out>
ENTRY POINT SYMBOL: "_c_int00"  address: 00004b79


MEMORY CONFIGURATION

         name            origin    length      used     unused   attr    fill
----------------------  --------  ---------  --------  --------  ----  --------
  FLASH                 00000000   00040000  00006480  00039b80  R  X
  SRAM                  20000000   00008000  00000be5  0000741b  RW X


SEGMENT ALLOCATION MAP

run origin  load origin   length   init length attrs members
----------  ----------- ---------- ----------- ----- -------
00000000    00000000    00006480   00006480    r-x
  00000000    00000000    0000026c   0000026c    r-- .intvecs
  0000026c    0000026c    00005088   00005088    r-x .text
  000052f4    000052f4    00000fd8   00000fd8    r-- .const
  000062cc    000062cc    00000004   00000004    r-- .init_array
  000062d0    000062d0    000001b0   000001b0    r-- .cinit
20000000    20000000    00000be8   00000000    rw-
  20000000    20000000    000007f9   00000000    rw- .bss
  200007fc    200007fc    00000200   00000000    rw- .stack
  200009fc    200009fc    000001e4   00000000    rw- .data
  20000be0    20000be0    00000008   00000000    rw- .sysmem


SECTION ALLOCATION MAP

 output                                  attributes/
section   page    origin      length       input sections
--------  ----  ----------  ----------   ----------------
.intvecs   0    00000000    0000026c     
                  00000000    0000026c     tm4c123gh6pm_startup_ccs.obj (.intvecs)

.text      0    0000026c    00005088     
                  0000026c    00000c84     tiva_utils.lib : ustdlib.obj (.text)
                  00000ef0    00000860                    : uartstdio.obj (.text)
                  00001750    00000740     esp8266.obj (.text)
                  00001e90    000006b4     drv8711.obj (.text)
                  00002544    0000066c     main.obj (.text)
                  00002bb0    00000558     aeo1_drivers.lib : ssi_peripheral.obj (.text)
                  00003108    00000498                      : pwm_stepper.obj (.text)
                  000035a0    000003dc     rtsv7M4_T_le_v4SPD16_eabi.lib : memory.obj (.text)
                  0000397c    000003a7     drv8711_registers.obj (.text)
                  00003d23    00000001     --HOLE-- [fill = 0]
                  00003d24    000002e8     aeo1_drivers.lib : ssi_drv8711.obj (.text)
                  0000400c    000001f4                      : adc_potmeter.obj (.text)
                  00004200    00000132     driverlib.lib : gpio.obj (.text:GPIOPadConfigSet)
                  00004332    00000002     rtsv7M4_T_le_v4SPD16_eabi.lib : i_div0.obj (.text)
                  00004334    00000110     driverlib.lib : sysctl.obj (.text:SysCtlClockGet)
                  00004444    000000f4                   : sysctl.obj (.text:SysCtlClockSet)
                  00004538    000000f4     rtsv7M4_T_le_v4SPD16_eabi.lib : dtor_list.obj (.text)
                  0000462c    000000bc                                   : typeinfo_.obj (.text)
                  000046e8    000000ac     tiva_utils.lib : cmdline.obj (.text)
                  00004794    0000009c     rtsv7M4_T_le_v4SPD16_eabi.lib : memcpy_t2.obj (.text)
                  00004830    0000007a     driverlib.lib : adc.obj (.text:ADCSequenceStepConfigure)
                  000048aa    0000007a     rtsv7M4_T_le_v4SPD16_eabi.lib : memset_t2.obj (.text)
                  00004924    0000006c                                   : autoinit.obj (.text)
                  00004990    0000006a                                   : copy_decompress_rle.obj (.text)
                  000049fa    00000002     --HOLE-- [fill = 0]
                  000049fc    00000068     driverlib.lib : interrupt.obj (.text:IntDisable)
                  00004a64    00000068                   : interrupt.obj (.text:IntEnable)
                  00004acc    00000056                   : gpio.obj (.text:GPIOIntTypeSet)
                  00004b22    00000056     rtsv7M4_T_le_v4SPD16_eabi.lib : ltoa.obj (.text)
                  00004b78    00000050                                   : boot.obj (.text)
                  00004bc8    0000004c                                   : cpy_tbl.obj (.text)
                  00004c14    00000048     driverlib.lib : gpio.obj (.text:GPIOPinConfigure)
                  00004c5c    00000046                   : uart.obj (.text:UARTConfigSetExpClk)
                  00004ca2    00000002     --HOLE-- [fill = 0]
                  00004ca4    00000044     rtsv7M4_T_le_v4SPD16_eabi.lib : exit.obj (.text)
                  00004ce8    00000040                                   : u_divt2.obj (.text)
                  00004d28    0000003e     driverlib.lib : adc.obj (.text:ADCSequenceConfigure)
                  00004d66    0000003c                   : ssi.obj (.text:SSIConfigSetExpClk)
                  00004da2    00000002     --HOLE-- [fill = 0]
                  00004da4    00000038                   : sysctl.obj (.text:SysCtlPeripheralPresent)
                  00004ddc    00000034                   : sysctl.obj (.text:SysCtlPeripheralEnable)
                  00004e10    00000034     rtsv7M4_T_le_v4SPD16_eabi.lib : strstr.obj (.text)
                  00004e44    0000002e     driverlib.lib : adc.obj (.text:ADCIntStatus)
                  00004e72    0000002a                   : gpio.obj (.text:GPIODirModeSet)
                  00004e9c    00000026     rtsv7M4_T_le_v4SPD16_eabi.lib : strncmp.obj (.text)
                  00004ec2    00000022     driverlib.lib : pwm.obj (.text:PWMGenConfigure)
                  00004ee4    00000020                   : uart.obj (.text:UARTDisable)
                  00004f04    0000001e                   : adc.obj (.text:ADCSequenceDataGet)
                  00004f22    0000001e                   : pwm.obj (.text:PWMPulseWidthSet)
                  00004f40    00000018                   : adc.obj (.text:ADCClockConfigSet)
                  00004f58    00000018                   : adc.obj (.text:ADCProcessorTrigger)
                  00004f70    00000018                   : gpio.obj (.text:GPIOPinTypeGPIOOutput)
                  00004f88    00000018     rtsv7M4_T_le_v4SPD16_eabi.lib : args_main.obj (.text)
                  00004fa0    00000018                                   : strcmp.obj (.text)
                  00004fb8    00000016                                   : strchr.obj (.text)
                  00004fce    00000002     --HOLE-- [fill = 0]
                  00004fd0    00000014     driverlib.lib : fpu.obj (.text:FPUStackingEnable)
                  00004fe4    00000014                   : sysctl.obj (.text:SysCtlPWMClockSet)
                  00004ff8    00000014                   : systick.obj (.text:SysTickEnable)
                  0000500c    00000014                   : systick.obj (.text:SysTickIntEnable)
                  00005020    00000014                   : uart.obj (.text:UARTEnable)
                  00005034    00000014     rtsv7M4_T_le_v4SPD16_eabi.lib : _lock.obj (.text)
                  00005048    00000014                                   : strlen.obj (.text)
                  0000505c    00000012     driverlib.lib : gpio.obj (.text:GPIOPinTypeADC)
                  0000506e    00000012                   : gpio.obj (.text:GPIOPinTypeGPIOInput)
                  00005080    00000012                   : gpio.obj (.text:GPIOPinTypePWM)
                  00005092    00000012                   : gpio.obj (.text:GPIOPinTypeSSI)
                  000050a4    00000012                   : gpio.obj (.text:GPIOPinTypeUART)
                  000050b6    00000012                   : pwm.obj (.text:PWMOutputState)
                  000050c8    00000012                   : ssi.obj (.text:SSIDataGetNonBlocking)
                  000050da    00000010                   : adc.obj (.text:ADCIntEnable)
                  000050ea    00000002     --HOLE-- [fill = 0]
                  000050ec    00000010                   : fpu.obj (.text:FPUEnable)
                  000050fc    00000010                   : interrupt.obj (.text:IntMasterDisable)
                  0000510c    00000010                   : interrupt.obj (.text:IntMasterEnable)
                  0000511c    00000010                   : pwm.obj (.text:PWMGenPeriodSet)
                  0000512c    00000010                   : systick.obj (.text:SysTickPeriodSet)
                  0000513c    0000000e                   : adc.obj (.text:ADCHardwareOversampleConfigure)
                  0000514a    0000000e                   : adc.obj (.text:ADCIntDisable)
                  00005158    0000000e                   : adc.obj (.text:ADCSequenceDisable)
                  00005166    0000000e                   : adc.obj (.text:ADCSequenceEnable)
                  00005174    0000000e                   : gpio.obj (.text:GPIOIntDisable)
                  00005182    0000000e                   : ssi.obj (.text:SSIDataPutNonBlocking)
                  00005190    0000000e                   : uart.obj (.text:UARTCharGetNonBlocking)
                  0000519e    0000000e                   : uart.obj (.text:UARTCharPutNonBlocking)
                  000051ac    0000000e                   : uart.obj (.text:UARTCharsAvail)
                  000051ba    0000000e                   : uart.obj (.text:UARTSpaceAvail)
                  000051c8    0000000e     rtsv7M4_T_le_v4SPD16_eabi.lib : copy_decompress_none.obj (.text:decompress:none)
                  000051d6    0000000c     driverlib.lib : cpu.obj (.text:CPUcpsid)
                  000051e2    0000000c                   : cpu.obj (.text:CPUcpsie)
                  000051ee    0000000c                   : gpio.obj (.text:GPIOIntEnable)
                  000051fa    0000000c                   : pwm.obj (.text:PWMGenDisable)
                  00005206    0000000c                   : pwm.obj (.text:PWMGenEnable)
                  00005212    0000000c                   : ssi.obj (.text:SSIDataGet)
                  0000521e    0000000c     rtsv7M4_T_le_v4SPD16_eabi.lib : copy_zero_init.obj (.text:decompress:ZI)
                  0000522a    0000000c     tm4c123gh6pm_startup_ccs.obj (.text)
                  00005236    0000000a     driverlib.lib : adc.obj (.text:ADCIntClear)
                  00005240    0000000a                   : pwm.obj (.text:PWMGenIntTrigEnable)
                  0000524a    0000000a                   : ssi.obj (.text:SSIDataPut)
                  00005254    0000000a                   : ssi.obj (.text:SSIDisable)
                  0000525e    0000000a                   : ssi.obj (.text:SSIEnable)
                  00005268    0000000a                   : ssi.obj (.text:SSIIntDisable)
                  00005272    0000000a                   : ssi.obj (.text:SSIIntStatus)
                  0000527c    0000000a                   : uart.obj (.text:UARTIntDisable)
                  00005286    0000000a                   : uart.obj (.text:UARTIntStatus)
                  00005290    0000000a     aeo1_drivers.lib : ssi_drv8711.obj (.text:_ZN4aeo114ssi_peripheral4OnRxEv)
                  0000529a    0000000a                      : ssi_drv8711.obj (.text:_ZN4aeo114ssi_peripheral4OnTxEv)
                  000052a4    00000008     driverlib.lib : pwm.obj (.text:PWMIntEnable)
                  000052ac    00000008                   : ssi.obj (.text:SSIIntEnable)
                  000052b4    00000008                   : uart.obj (.text:UARTIntEnable)
                  000052bc    00000008     rtsv7M4_T_le_v4SPD16_eabi.lib : delete.obj (.text)
                  000052c4    00000006     driverlib.lib : gpio.obj (.text:GPIOPinWrite)
                  000052ca    00000006                   : pwm.obj (.text:PWMGenIntClear)
                  000052d0    00000006                   : sysctl.obj (.text:SysCtlDelay)
                  000052d6    00000006                   : uart.obj (.text:UARTClockSourceSet)
                  000052dc    00000006                   : uart.obj (.text:UARTFIFOLevelSet)
                  000052e2    00000006     rtsv7M4_T_le_v4SPD16_eabi.lib : copy_decompress_rle.obj (.text:decompress:rle24)
                  000052e8    00000004     driverlib.lib : ssi.obj (.text:SSIIntClear)
                  000052ec    00000004                   : uart.obj (.text:UARTIntClear)
                  000052f0    00000004     rtsv7M4_T_le_v4SPD16_eabi.lib : pre_init.obj (.text)

.const     0    000052f4    00000fd8     
                  000052f4    0000054a     drv8711_registers.obj (.const:.string)
                  0000583e    00000002     rtsv7M4_T_le_v4SPD16_eabi.lib : typeinfo_.obj (.const:.typeinfo:_ZTSe)
                  00005840    00000294     drv8711_registers.obj (.const:DRV8711_Fields)
                  00005ad4    000001bc     main.obj (.const:.string)
                  00005c90    00000090     driverlib.lib : gpio.obj (.const:g_pui32GPIOBaseAddrs)
                  00005d20    00000080     esp8266.obj (.const:_ZN4aeo112InitCommandsE)
                  00005da0    00000076     esp8266.obj (.const:.string)
                  00005e16    00000002     --HOLE-- [fill = 0]
                  00005e18    00000070     driverlib.lib : interrupt.obj (.const)
                  00005e88    0000006c                   : sysctl.obj (.const:g_pui32Xtals)
                  00005ef4    00000048     drv8711.obj (.const:$P$T0$1)
                  00005f3c    00000030     drv8711_registers.obj (.const:DRV8711_Masks)
                  00005f6c    00000030     tiva_utils.lib : ustdlib.obj (.const:g_psDaysToMonth)
                  00005f9c    00000028     rtsv7M4_T_le_v4SPD16_eabi.lib : typeinfo_.obj (.const:.typeinfo:_ZTSN10__cxxabiv123__fundamental_type_infoE)
                  00005fc4    00000028     aeo1_drivers.lib : ssi_drv8711.obj (.const:_ZTVN4aeo111ssi_drv8711E)
                  00005fec    00000028                      : ssi_peripheral.obj (.const:_ZTVN4aeo114ssi_peripheralE)
                  00006014    00000028     tiva_utils.lib : uartstdio.obj (.const)
                  0000603c    00000025     rtsv7M4_T_le_v4SPD16_eabi.lib : typeinfo_.obj (.const:.typeinfo:_ZTSN10__cxxabiv120__si_class_type_infoE)
                  00006061    00000024                                   : typeinfo_.obj (.const:.typeinfo:_ZTSN10__cxxabiv119__pointer_type_infoE)
                  00006085    00000022                                   : typeinfo_.obj (.const:.typeinfo:_ZTSN10__cxxabiv117__class_type_infoE)
                  000060a7    00000022                                   : typeinfo_.obj (.const:.typeinfo:_ZTSN10__cxxabiv117__pbase_type_infoE)
                  000060c9    00000003     --HOLE-- [fill = 0]
                  000060cc    00000020     drv8711.obj (.const)
                  000060ec    0000001c     tiva_utils.lib : ustdlib.obj (.const)
                  00006108    00000018     aeo1_drivers.lib : ssi_peripheral.obj (.const:.typeinfo:_ZTSN4aeo114ssi_peripheralE)
                  00006120    00000016                      : adc_potmeter.obj (.const:.typeinfo:_ZTSN4aeo112adc_potmeterE)
                  00006136    00000015                      : pwm_stepper.obj (.const:.typeinfo:_ZTSN4aeo111pwm_stepperE)
                  0000614b    00000015                      : ssi_drv8711.obj (.const:.typeinfo:_ZTSN4aeo111ssi_drv8711E)
                  00006160    00000012     tiva_utils.lib : uartstdio.obj (.const:.string)
                  00006172    00000002     --HOLE-- [fill = 0]
                  00006174    00000012                    : ustdlib.obj (.const:.string)
                  00006186    00000002     --HOLE-- [fill = 0]
                  00006188    00000010     rtsv7M4_T_le_v4SPD16_eabi.lib : typeinfo_.obj (.const:.typeinfo:_ZTIPKe)
                  00006198    00000010     drv8711.obj (.const:.typeinfo:_ZTSN4aeo17drv8711E)
                  000061a8    00000010     esp8266.obj (.const:.typeinfo:_ZTSN4aeo17esp8266E)
                  000061b8    00000010     rtsv7M4_T_le_v4SPD16_eabi.lib : typeinfo_.obj (.const:_ZTVN10__cxxabiv117__class_type_infoE)
                  000061c8    00000010                                   : typeinfo_.obj (.const:_ZTVN10__cxxabiv119__pointer_type_infoE)
                  000061d8    00000010                                   : typeinfo_.obj (.const:_ZTVN10__cxxabiv120__si_class_type_infoE)
                  000061e8    00000010                                   : typeinfo_.obj (.const:_ZTVN10__cxxabiv123__fundamental_type_infoE)
                  000061f8    00000010     aeo1_drivers.lib : pwm_stepper.obj (.const:_ZTVN4aeo111pwm_stepperE)
                  00006208    00000010                      : adc_potmeter.obj (.const:_ZTVN4aeo112adc_potmeterE)
                  00006218    00000010     drv8711.obj (.const:_ZTVN4aeo17drv8711E)
                  00006228    00000010     esp8266.obj (.const:_ZTVN4aeo17esp8266E)
                  00006238    0000000d     rtsv7M4_T_le_v4SPD16_eabi.lib : typeinfo_.obj (.const:.typeinfo:_ZTSSt9type_info)
                  00006245    00000003     --HOLE-- [fill = 0]
                  00006248    0000000c                                   : typeinfo_.obj (.const:.typeinfo:_ZTIN10__cxxabiv117__class_type_infoE)
                  00006254    0000000c                                   : typeinfo_.obj (.const:.typeinfo:_ZTIN10__cxxabiv117__pbase_type_infoE)
                  00006260    0000000c                                   : typeinfo_.obj (.const:.typeinfo:_ZTIN10__cxxabiv119__pointer_type_infoE)
                  0000626c    0000000c                                   : typeinfo_.obj (.const:.typeinfo:_ZTIN10__cxxabiv120__si_class_type_infoE)
                  00006278    0000000c                                   : typeinfo_.obj (.const:.typeinfo:_ZTIN10__cxxabiv123__fundamental_type_infoE)
                  00006284    0000000c     aeo1_drivers.lib : ssi_drv8711.obj (.const:.typeinfo:_ZTIN4aeo111ssi_drv8711E)
                  00006290    00000008                      : pwm_stepper.obj (.const:.typeinfo:_ZTIN4aeo111pwm_stepperE)
                  00006298    00000008                      : adc_potmeter.obj (.const:.typeinfo:_ZTIN4aeo112adc_potmeterE)
                  000062a0    00000008                      : ssi_peripheral.obj (.const:.typeinfo:_ZTIN4aeo114ssi_peripheralE)
                  000062a8    00000008     drv8711.obj (.const:.typeinfo:_ZTIN4aeo17drv8711E)
                  000062b0    00000008     esp8266.obj (.const:.typeinfo:_ZTIN4aeo17esp8266E)
                  000062b8    00000008     rtsv7M4_T_le_v4SPD16_eabi.lib : typeinfo_.obj (.const:.typeinfo:_ZTISt9type_info)
                  000062c0    00000008                                   : typeinfo_.obj (.const:.typeinfo:_ZTIe)
                  000062c8    00000004                                   : typeinfo_.obj (.const:.typeinfo:_ZTSPKe)

.init_array 
*          0    000062cc    00000004     
                  000062cc    00000004     main.obj (.init_array)

.cinit     0    000062d0    000001b0     
                  000062d0    00000188     (.cinit..data.load) [load image, compression = rle]
                  00006458    0000000c     (__TI_handler_table)
                  00006464    00000004     --HOLE-- [fill = 0]
                  00006468    00000008     (.cinit..bss.load) [load image, compression = zero_init]
                  00006470    00000010     (__TI_cinit_table)

.bss       0    20000000    000007f9     UNINITIALIZED
                  20000000    00000400     tiva_utils.lib : uartstdio.obj (.bss:g_pcUARTTxBuffer)
                  20000400    00000218     main.obj (.bss:g_oEsp8266)
                  20000618    000000b0     main.obj (.bss:g_oDrv8711)
                  200006c8    00000080     tiva_utils.lib : uartstdio.obj (.bss:g_pcUARTRxBuffer)
                  20000748    00000080     main.obj (.bss:g_zInput)
                  200007c8    00000024     tiva_utils.lib : cmdline.obj (.bss:g_ppcArgv)
                  200007ec    00000004     (.common:_ZSt16__dummy_typeinfo)
                  200007f0    00000004     (.common:__dso_handle)
                  200007f4    00000004     (.common:g_ui32PortNum)
                  200007f8    00000001     (.common:g_bDisableEcho)

.TI.noinit 
*          0    20000000    00000000     UNINITIALIZED

.stack     0    200007fc    00000200     UNINITIALIZED
                  200007fc    00000200     --HOLE--

.data      0    200009fc    000001e4     UNINITIALIZED
                  200009fc    000000a8     main.obj (.data:g_psCmdTable)
                  20000aa4    00000034     aeo1_drivers.lib : ssi_peripheral.obj (.data:_ZN4aeo118SSI0_SpecificationE)
                  20000ad8    00000034                      : ssi_peripheral.obj (.data:_ZN4aeo118SSI1_SpecificationE)
                  20000b0c    00000034                      : ssi_peripheral.obj (.data:_ZN4aeo118SSI2_SpecificationE)
                  20000b40    00000034                      : ssi_peripheral.obj (.data:_ZN4aeo118SSI3_SpecificationE)
                  20000b74    00000015     tiva_utils.lib : uartstdio.obj (.data)
                  20000b89    00000001     main.obj (.data)
                  20000b8a    00000002     --HOLE--
                  20000b8c    00000010     aeo1_drivers.lib : adc_potmeter.obj (.data)
                  20000b9c    00000010                      : ssi_peripheral.obj (.data)
                  20000bac    0000000c     rtsv7M4_T_le_v4SPD16_eabi.lib : memory.obj (.data)
                  20000bb8    00000008                                   : _lock.obj (.data)
                  20000bc0    00000008                                   : exit.obj (.data)
                  20000bc8    00000004     aeo1_drivers.lib : pwm_stepper.obj (.data)
                  20000bcc    00000004                      : ssi_drv8711.obj (.data)
                  20000bd0    00000004     esp8266.obj (.data)
                  20000bd4    00000004     rtsv7M4_T_le_v4SPD16_eabi.lib : dtor_list.obj (.data)
                  20000bd8    00000004                                   : stkdepth_vars.obj (.data)
                  20000bdc    00000004     tiva_utils.lib : ustdlib.obj (.data)

.TI.persistent 
*          0    200009fc    00000000     UNINITIALIZED

.sysmem    0    20000be0    00000008     UNINITIALIZED
                  20000be0    00000008     rtsv7M4_T_le_v4SPD16_eabi.lib : memory.obj (.sysmem)


LINKER GENERATED COPY TABLES

__TI_cinit_table @ 00006470 records: 2, size/record: 8, table size: 16
	.data: load addr=000062d0, load size=00000188 bytes, run addr=200009fc, run size=000001e4 bytes, compression=rle
	.bss: load addr=00006468, load size=00000008 bytes, run addr=20000000, run size=000007f9 bytes, compression=zero_init


LINKER GENERATED HANDLER TABLE

__TI_handler_table @ 00006458 records: 3, size/record: 4, table size: 12
	index: 0, handler: __TI_decompress_rle24
	index: 1, handler: __TI_decompress_none
	index: 2, handler: __TI_zero_init


GLOBAL SYMBOLS: SORTED ALPHABETICALLY BY Name 

address   name                                              
-------   ----                                              
00004f41  ADCClockConfigSet                                 
0000513d  ADCHardwareOversampleConfigure                    
00005237  ADCIntClear                                       
0000514b  ADCIntDisable                                     
000050db  ADCIntEnable                                      
00004e45  ADCIntStatus                                      
00004f59  ADCProcessorTrigger                               
00004d29  ADCSequenceConfigure                              
00004f05  ADCSequenceDataGet                                
00005159  ADCSequenceDisable                                
00005167  ADCSequenceEnable                                 
00004831  ADCSequenceStepConfigure                          
00004ca5  C$$EXIT                                           
000051d7  CPUcpsid                                          
000051e3  CPUcpsie                                          
000046e9  CmdLineProcess                                    
000050ed  FPUEnable                                         
00004fd1  FPUStackingEnable                                 
00004e73  GPIODirModeSet                                    
00005175  GPIOIntDisable                                    
000051ef  GPIOIntEnable                                     
00004acd  GPIOIntTypeSet                                    
00004201  GPIOPadConfigSet                                  
00004c15  GPIOPinConfigure                                  
0000505d  GPIOPinTypeADC                                    
0000506f  GPIOPinTypeGPIOInput                              
00004f71  GPIOPinTypeGPIOOutput                             
00005081  GPIOPinTypePWM                                    
00005093  GPIOPinTypeSSI                                    
000050a5  GPIOPinTypeUART                                   
000052c5  GPIOPinWrite                                      
000049fd  IntDisable                                        
00004a65  IntEnable                                         
000050fd  IntMasterDisable                                  
0000510d  IntMasterEnable                                   
0000400d  OnADCInterrupt                                    
00003d25  OnGPIOBInterrupt                                  
00003d41  OnGPIOEInterrupt                                  
00003109  OnPWM1Gen1Interrupt                               
00002bb1  OnSSI0Interrupt                                   
00002bcb  OnSSI1Interrupt                                   
00002be5  OnSSI2Interrupt                                   
00002bff  OnSSI3Interrupt                                   
00004ec3  PWMGenConfigure                                   
000051fb  PWMGenDisable                                     
00005207  PWMGenEnable                                      
000052cb  PWMGenIntClear                                    
00005241  PWMGenIntTrigEnable                               
0000511d  PWMGenPeriodSet                                   
000052a5  PWMIntEnable                                      
000050b7  PWMOutputState                                    
00004f23  PWMPulseWidthSet                                  
0000522b  ResetISR                                          
000062cc  SHT$$INIT_ARRAY$$Base                             
000062d0  SHT$$INIT_ARRAY$$Limit                            
00004d67  SSIConfigSetExpClk                                
00005213  SSIDataGet                                        
000050c9  SSIDataGetNonBlocking                             
0000524b  SSIDataPut                                        
00005183  SSIDataPutNonBlocking                             
00005255  SSIDisable                                        
0000525f  SSIEnable                                         
000052e9  SSIIntClear                                       
00005269  SSIIntDisable                                     
000052ad  SSIIntEnable                                      
00005273  SSIIntStatus                                      
00004335  SysCtlClockGet                                    
00004445  SysCtlClockSet                                    
000052d1  SysCtlDelay                                       
00004fe5  SysCtlPWMClockSet                                 
00004ddd  SysCtlPeripheralEnable                            
00004da5  SysCtlPeripheralPresent                           
00004ff9  SysTickEnable                                     
0000500d  SysTickIntEnable                                  
00002805  SysTickIntHandler                                 
0000512d  SysTickPeriodSet                                  
00005191  UARTCharGetNonBlocking                            
0000519f  UARTCharPutNonBlocking                            
000051ad  UARTCharsAvail                                    
000052d7  UARTClockSourceSet                                
00004c5d  UARTConfigSetExpClk                               
00004ee5  UARTDisable                                       
000015c9  UARTEchoSet                                       
00005021  UARTEnable                                        
000052dd  UARTFIFOLevelSet                                  
00001573  UARTFlushRx                                       
00001593  UARTFlushTx                                       
000052ed  UARTIntClear                                      
0000527d  UARTIntDisable                                    
000052b5  UARTIntEnable                                     
00005287  UARTIntStatus                                     
00001519  UARTPeek                                          
000014f7  UARTRxBytesAvail                                  
000051bb  UARTSpaceAvail                                    
00000fdd  UARTStdioConfig                                   
000015f5  UARTStdioIntHandler                               
00001505  UARTTxBytesFree                                   
0000117f  UARTgetc                                          
00001103  UARTgets                                          
000014d3  UARTprintf                                        
000011d9  UARTvprintf                                       
00001063  UARTwrite                                         
00002713  _Z10CMD_mresetiPPc                                
00002723  _Z10CMD_wresetiPPc                                
000039fb  _Z23drv8711_registers_PrintiiPFbPKciS0_PvES1_     
00003c31  _Z26drv8711_registers_GetValuePKci                
00003ba5  _Z31drv8711_registers_GetFieldValuePKciRj         
00003b0d  _Z31drv8711_registers_SetFieldValuePKcRjS0_       
00003ab9  _Z35drv8711_registers_GetRegisterNumberPKc        
00002565  _Z7CMD_getiPPc                                    
000025c7  _Z7CMD_setiPPc                                    
00002697  _Z8CMD_diagiPPc                                   
00002555  _Z8CMD_haltiPPc                                   
0000275d  _Z8CMD_helpiPPc                                   
00002545  _Z8CMD_idleiPPc                                   
00002647  _Z8CMD_moveiPPc                                   
00002675  _Z8CMD_stopiPPc                                   
00002a55  _Z8MainLoopv                                      
00002747  _Z9CMD_noerriPPc                                  
00002739  _Z9CMD_resetiPPc                                  
000026eb  _Z9CMD_sleepiPPc                                  
000046d9  _ZN10__cxxabiv116__enum_type_infoD0Ev             
000046d7  _ZN10__cxxabiv116__enum_type_infoD1Ev             
000046d7  _ZN10__cxxabiv116__enum_type_infoD2Ev             
000046cf  _ZN10__cxxabiv117__array_type_infoD0Ev            
000046cd  _ZN10__cxxabiv117__array_type_infoD1Ev            
000046cd  _ZN10__cxxabiv117__array_type_infoD2Ev            
000046c5  _ZN10__cxxabiv117__class_type_infoD0Ev            
000046c3  _ZN10__cxxabiv117__class_type_infoD1Ev            
000046c3  _ZN10__cxxabiv117__class_type_infoD2Ev            
000046bb  _ZN10__cxxabiv117__pbase_type_infoD0Ev            
000046b9  _ZN10__cxxabiv117__pbase_type_infoD1Ev            
000046b9  _ZN10__cxxabiv117__pbase_type_infoD2Ev            
000046b1  _ZN10__cxxabiv119__pointer_type_infoD0Ev          
000046af  _ZN10__cxxabiv119__pointer_type_infoD1Ev          
000046af  _ZN10__cxxabiv119__pointer_type_infoD2Ev          
000046a7  _ZN10__cxxabiv120__function_type_infoD0Ev         
000046a5  _ZN10__cxxabiv120__function_type_infoD1Ev         
000046a5  _ZN10__cxxabiv120__function_type_infoD2Ev         
0000469d  _ZN10__cxxabiv120__si_class_type_infoD0Ev         
0000469b  _ZN10__cxxabiv120__si_class_type_infoD1Ev         
0000469b  _ZN10__cxxabiv120__si_class_type_infoD2Ev         
00004693  _ZN10__cxxabiv121__vmi_class_type_infoD0Ev        
00004691  _ZN10__cxxabiv121__vmi_class_type_infoD1Ev        
00004691  _ZN10__cxxabiv121__vmi_class_type_infoD2Ev        
00004689  _ZN10__cxxabiv123__fundamental_type_infoD0Ev      
00004687  _ZN10__cxxabiv123__fundamental_type_infoD1Ev      
00004687  _ZN10__cxxabiv123__fundamental_type_infoD2Ev      
0000467f  _ZN10__cxxabiv129__pointer_to_member_type_infoD0Ev
0000467d  _ZN10__cxxabiv129__pointer_to_member_type_infoD1Ev
0000467d  _ZN10__cxxabiv129__pointer_to_member_type_infoD2Ev
00003189  _ZN4aeo111pwm_stepper10InitializeEv               
000032bd  _ZN4aeo111pwm_stepper11OnInterruptEv              
000033b9  _ZN4aeo111pwm_stepper3GetEPKc                     
0000340d  _ZN4aeo111pwm_stepper3GetEPKcRj                   
00003519  _ZN4aeo111pwm_stepper3SetEPKcj                    
000031fb  _ZN4aeo111pwm_stepper4DiagEv                      
0000324b  _ZN4aeo111pwm_stepper4MoveEj                      
00003285  _ZN4aeo111pwm_stepper4StopEb                      
00003125  _ZN4aeo111pwm_stepperC1Ev                         
00003125  _ZN4aeo111pwm_stepperC2Ev                         
00003173  _ZN4aeo111pwm_stepperD0Ev                         
00003167  _ZN4aeo111pwm_stepperD1Ev                         
00003167  _ZN4aeo111pwm_stepperD2Ev                         
00003da7  _ZN4aeo111ssi_drv871110InitializeEv               
00003fb5  _ZN4aeo111ssi_drv871111GetRegisterEj              
00003ed1  _ZN4aeo111ssi_drv871115OnGpioInterruptENS0_5EventE
00003e73  _ZN4aeo111ssi_drv87114DiagEv                      
00003f05  _ZN4aeo111ssi_drv87114ReadEj                      
00003ea3  _ZN4aeo111ssi_drv87115ResetEv                     
00003e85  _ZN4aeo111ssi_drv87115SleepEb                     
00003f67  _ZN4aeo111ssi_drv87115WriteEjj                    
00003d5d  _ZN4aeo111ssi_drv8711C1Ev                         
00003d5d  _ZN4aeo111ssi_drv8711C2Ev                         
00003d91  _ZN4aeo111ssi_drv8711D0Ev                         
00003d83  _ZN4aeo111ssi_drv8711D1Ev                         
00003d83  _ZN4aeo111ssi_drv8711D2Ev                         
00004077  _ZN4aeo112adc_potmeter10InitializeEv              
20000b8c  _ZN4aeo112adc_potmeter10m_nCounterE               
000040f3  _ZN4aeo112adc_potmeter11OnInterruptEv             
20000b94  _ZN4aeo112adc_potmeter14m_nReadCounterE           
0000419d  _ZN4aeo112adc_potmeter15GetErrorCounterEv         
20000b90  _ZN4aeo112adc_potmeter15m_nErrorCounterE          
20000b98  _ZN4aeo112adc_potmeter16m_pTheOneAndOnlyE         
000041b5  _ZN4aeo112adc_potmeter4DiagEv                     
0000416f  _ZN4aeo112adc_potmeter7TriggerEv                  
0000417d  _ZN4aeo112adc_potmeter8GetValueEv                 
000040d7  _ZN4aeo112adc_potmeter9TerminateEv                
0000401f  _ZN4aeo112adc_potmeterC1Ev                        
0000401f  _ZN4aeo112adc_potmeterC2Ev                        
00004061  _ZN4aeo112adc_potmeterD0Ev                        
0000403d  _ZN4aeo112adc_potmeterD1Ev                        
0000403d  _ZN4aeo112adc_potmeterD2Ev                        
00002ce5  _ZN4aeo114ssi_peripheral10InitializeEv            
00002fe3  _ZN4aeo114ssi_peripheral10LoadTxFIFOEv            
00002e2d  _ZN4aeo114ssi_peripheral11OnInterruptEv           
00003019  _ZN4aeo114ssi_peripheral12UnloadRxFIFOEv          
00002fcb  _ZN4aeo114ssi_peripheral3GetEv                    
00002fb7  _ZN4aeo114ssi_peripheral3PutEj                    
00002ecd  _ZN4aeo114ssi_peripheral4DiagEv                   
00005291  _ZN4aeo114ssi_peripheral4OnRxEv                   
0000529b  _ZN4aeo114ssi_peripheral4OnTxEv                   
00002f5b  _ZN4aeo114ssi_peripheral9TerminateEv              
00002c19  _ZN4aeo114ssi_peripheralC1ENS0_9device_idEjb      
00002c19  _ZN4aeo114ssi_peripheralC2ENS0_9device_idEjb      
00002ccf  _ZN4aeo114ssi_peripheralD0Ev                      
00002cbb  _ZN4aeo114ssi_peripheralD1Ev                      
00002cbb  _ZN4aeo114ssi_peripheralD2Ev                      
20000aa4  _ZN4aeo118SSI0_SpecificationE                     
20000ad8  _ZN4aeo118SSI1_SpecificationE                     
20000b0c  _ZN4aeo118SSI2_SpecificationE                     
20000b40  _ZN4aeo118SSI3_SpecificationE                     
00001edd  _ZN4aeo17drv871110InitializeEv                    
00002221  _ZN4aeo17drv871110SetDefaultEv                    
0000211b  _ZN4aeo17drv871111ClearFaultsEv                   
00002349  _ZN4aeo17drv871111PrintStatusEj                   
00002273  _ZN4aeo17drv871116ReadAllRegistersEv              
00002299  _ZN4aeo17drv871117PrintAllRegistersEv             
00001f5b  _ZN4aeo17drv87113GetEPKcPci                       
00001fc9  _ZN4aeo17drv87113SetEPKcS2_                       
000020c9  _ZN4aeo17drv87114DiagEv                           
00001f2d  _ZN4aeo17drv87114HaltEv                           
00001f01  _ZN4aeo17drv87114IdleEv                           
0000203f  _ZN4aeo17drv87114MoveEi                           
0000209f  _ZN4aeo17drv87114StopEb                           
00002133  _ZN4aeo17drv87115ResetEv                          
000020f1  _ZN4aeo17drv87115SleepEb                          
00002165  _ZN4aeo17drv87119DiagExtraEv                      
00001e91  _ZN4aeo17drv8711C1Ev                              
00001e91  _ZN4aeo17drv8711C2Ev                              
00001ec7  _ZN4aeo17drv8711D0Ev                              
00001eaf  _ZN4aeo17drv8711D1Ev                              
00001eaf  _ZN4aeo17drv8711D2Ev                              
000017d5  _ZN4aeo17esp826610InitializeEv                    
00001bf7  _ZN4aeo17esp826610OnTransmitEv                    
00001ba9  _ZN4aeo17esp826610SetBitrateEj                    
00001af7  _ZN4aeo17esp826611RxEndOfLineEv                   
00001b31  _ZN4aeo17esp826613ConfigureUARTEj                 
00001d21  _ZN4aeo17esp826616FillOutputBufferEPKc            
0000191d  _ZN4aeo17esp82664DiagEv                           
0000181d  _ZN4aeo17esp82665ResetEv                          
000018b7  _ZN4aeo17esp82665SetupEv                          
00001981  _ZN4aeo17esp82665WriteEPKc                        
00001dc5  _ZN4aeo17esp82666InvokeEPKcS2_S2_i                
0000194d  _ZN4aeo17esp82666OnUartEj                         
00001a69  _ZN4aeo17esp82668ReadLineEPci                     
00001c9f  _ZN4aeo17esp82669OnReceiveEv                      
00001783  _ZN4aeo17esp8266C1Ev                              
00001783  _ZN4aeo17esp8266C2Ev                              
000017bf  _ZN4aeo17esp8266D0Ev                              
000017b3  _ZN4aeo17esp8266D1Ev                              
000017b3  _ZN4aeo17esp8266D2Ev                              
0000463f  _ZNKSt9type_info4nameEv                           
0000466f  _ZNKSt9type_info6beforeERKS_                      
00004659  _ZNKSt9type_infoeqERKS_                           
00004643  _ZNKSt9type_infoneERKS_                           
00004637  _ZNSt9type_infoD0Ev                               
00004635  _ZNSt9type_infoD1Ev                               
00004635  _ZNSt9type_infoD2Ev                               
200007ec  _ZSt16__dummy_typeinfo                            
0000462d  _ZSt21__gen_dummy_typeinfosv                      
00006248  _ZTIN10__cxxabiv117__class_type_infoE             
00006254  _ZTIN10__cxxabiv117__pbase_type_infoE             
00006260  _ZTIN10__cxxabiv119__pointer_type_infoE           
0000626c  _ZTIN10__cxxabiv120__si_class_type_infoE          
00006278  _ZTIN10__cxxabiv123__fundamental_type_infoE       
00006290  _ZTIN4aeo111pwm_stepperE                          
00006284  _ZTIN4aeo111ssi_drv8711E                          
00006298  _ZTIN4aeo112adc_potmeterE                         
000062a0  _ZTIN4aeo114ssi_peripheralE                       
000062a8  _ZTIN4aeo17drv8711E                               
000062b0  _ZTIN4aeo17esp8266E                               
00006188  _ZTIPKe                                           
000062b8  _ZTISt9type_info                                  
000062c0  _ZTIe                                             
00006085  _ZTSN10__cxxabiv117__class_type_infoE             
000060a7  _ZTSN10__cxxabiv117__pbase_type_infoE             
00006061  _ZTSN10__cxxabiv119__pointer_type_infoE           
0000603c  _ZTSN10__cxxabiv120__si_class_type_infoE          
00005f9c  _ZTSN10__cxxabiv123__fundamental_type_infoE       
00006136  _ZTSN4aeo111pwm_stepperE                          
0000614b  _ZTSN4aeo111ssi_drv8711E                          
00006120  _ZTSN4aeo112adc_potmeterE                         
00006108  _ZTSN4aeo114ssi_peripheralE                       
00006198  _ZTSN4aeo17drv8711E                               
000061a8  _ZTSN4aeo17esp8266E                               
000062c8  _ZTSPKe                                           
00006238  _ZTSSt9type_info                                  
0000583e  _ZTSe                                             
000061b8  _ZTVN10__cxxabiv117__class_type_infoE             
000061c8  _ZTVN10__cxxabiv119__pointer_type_infoE           
000061d8  _ZTVN10__cxxabiv120__si_class_type_infoE          
000061e8  _ZTVN10__cxxabiv123__fundamental_type_infoE       
000061f8  _ZTVN4aeo111pwm_stepperE                          
00005fc4  _ZTVN4aeo111ssi_drv8711E                          
00006208  _ZTVN4aeo112adc_potmeterE                         
00005fec  _ZTVN4aeo114ssi_peripheralE                       
00006218  _ZTVN4aeo17drv8711E                               
00006228  _ZTVN4aeo17esp8266E                               
000052bd  _ZdlPv                                            
200009fc  __STACK_END                                       
00000200  __STACK_SIZE                                      
200009fc  __STACK_TOP                                       
00000008  __SYSMEM_SIZE                                     
00006470  __TI_CINIT_Base                                   
00006480  __TI_CINIT_Limit                                  
00006458  __TI_Handler_Table_Base                           
00006464  __TI_Handler_Table_Limit                          
00004925  __TI_auto_init                                    
20000bc0  __TI_cleanup_ptr                                  
000051c9  __TI_decompress_none                              
000052e3  __TI_decompress_rle24                             
20000bc4  __TI_dtors_ptr                                    
00000000  __TI_static_base__                                
0000521f  __TI_zero_init                                    
0000458f  __aeabi_atexit                                    
00004333  __aeabi_idiv0                                     
000048ab  __aeabi_memclr                                    
000048ab  __aeabi_memclr4                                   
000048ab  __aeabi_memclr8                                   
00004795  __aeabi_memcpy                                    
00004795  __aeabi_memcpy4                                   
00004795  __aeabi_memcpy8                                   
000048ad  __aeabi_memset                                    
000048ad  __aeabi_memset4                                   
000048ad  __aeabi_memset8                                   
00004ce9  __aeabi_uidiv                                     
00004ce9  __aeabi_uidivmod                                  
ffffffff  __binit__                                         
ffffffff  __c_args__                                        
000045d3  __cxa_atexit                                      
00004539  __cxa_finalize                                    
0000457b  __cxa_ia64_exit                                   
200007f0  __dso_handle                                      
200007fc  __stack                                           
00002ac5  __sti___8_main_cpp_779587d3                       
00004f89  _args_main                                        
00004b79  _c_int00                                          
20000bb8  _lock                                             
00005043  _nop                                              
0000503b  _register_lock                                    
00005035  _register_unlock                                  
20000be0  _sys_memory                                       
000052f1  _system_pre_init                                  
20000bbc  _unlock                                           
00004ca9  abort                                             
00004581  atexit                                            
ffffffff  binit                                             
00003949  calloc                                            
00004bc9  copy_in                                           
00001751  esp8266_UARTIntHandler                            
00004cb1  exit                                              
00003697  free                                              
20000618  g_oDrv8711                                        
20000400  g_oEsp8266                                        
00000000  g_pfnVectors                                      
200009fc  g_psCmdTable                                      
00004b23  ltoa                                              
00002ab7  main                                              
20000bd8  main_func_sp                                      
0000362f  malloc                                            
00003865  memalign                                          
00004795  memcpy                                            
000048b3  memset                                            
000035a1  minit                                             
00003759  realloc                                           
00004fb9  strchr                                            
00004fa1  strcmp                                            
00005049  strlen                                            
00004e9d  strncmp                                           
00004e11  strstr                                            
00000751  ulocaltime                                        
0000094f  umktime                                           
00000ec9  urand                                             
00000721  usnprintf                                         
000006ef  usprintf                                          
00000eb9  usrand                                            
00000e31  ustrcasecmp                                       
00000ea5  ustrcmp                                           
00000d35  ustrlen                                           
00000d8d  ustrncasecmp                                      
00000e45  ustrncmp                                          
0000026d  ustrncpy                                          
00000d57  ustrstr                                           
00000afd  ustrtof                                           
000009c5  ustrtoul                                          
000002c5  uvsnprintf                                        


GLOBAL SYMBOLS: SORTED BY Symbol Address 

address   name                                              
-------   ----                                              
00000000  __TI_static_base__                                
00000000  g_pfnVectors                                      
00000008  __SYSMEM_SIZE                                     
00000200  __STACK_SIZE                                      
0000026d  ustrncpy                                          
000002c5  uvsnprintf                                        
000006ef  usprintf                                          
00000721  usnprintf                                         
00000751  ulocaltime                                        
0000094f  umktime                                           
000009c5  ustrtoul                                          
00000afd  ustrtof                                           
00000d35  ustrlen                                           
00000d57  ustrstr                                           
00000d8d  ustrncasecmp                                      
00000e31  ustrcasecmp                                       
00000e45  ustrncmp                                          
00000ea5  ustrcmp                                           
00000eb9  usrand                                            
00000ec9  urand                                             
00000fdd  UARTStdioConfig                                   
00001063  UARTwrite                                         
00001103  UARTgets                                          
0000117f  UARTgetc                                          
000011d9  UARTvprintf                                       
000014d3  UARTprintf                                        
000014f7  UARTRxBytesAvail                                  
00001505  UARTTxBytesFree                                   
00001519  UARTPeek                                          
00001573  UARTFlushRx                                       
00001593  UARTFlushTx                                       
000015c9  UARTEchoSet                                       
000015f5  UARTStdioIntHandler                               
00001751  esp8266_UARTIntHandler                            
00001783  _ZN4aeo17esp8266C1Ev                              
00001783  _ZN4aeo17esp8266C2Ev                              
000017b3  _ZN4aeo17esp8266D1Ev                              
000017b3  _ZN4aeo17esp8266D2Ev                              
000017bf  _ZN4aeo17esp8266D0Ev                              
000017d5  _ZN4aeo17esp826610InitializeEv                    
0000181d  _ZN4aeo17esp82665ResetEv                          
000018b7  _ZN4aeo17esp82665SetupEv                          
0000191d  _ZN4aeo17esp82664DiagEv                           
0000194d  _ZN4aeo17esp82666OnUartEj                         
00001981  _ZN4aeo17esp82665WriteEPKc                        
00001a69  _ZN4aeo17esp82668ReadLineEPci                     
00001af7  _ZN4aeo17esp826611RxEndOfLineEv                   
00001b31  _ZN4aeo17esp826613ConfigureUARTEj                 
00001ba9  _ZN4aeo17esp826610SetBitrateEj                    
00001bf7  _ZN4aeo17esp826610OnTransmitEv                    
00001c9f  _ZN4aeo17esp82669OnReceiveEv                      
00001d21  _ZN4aeo17esp826616FillOutputBufferEPKc            
00001dc5  _ZN4aeo17esp82666InvokeEPKcS2_S2_i                
00001e91  _ZN4aeo17drv8711C1Ev                              
00001e91  _ZN4aeo17drv8711C2Ev                              
00001eaf  _ZN4aeo17drv8711D1Ev                              
00001eaf  _ZN4aeo17drv8711D2Ev                              
00001ec7  _ZN4aeo17drv8711D0Ev                              
00001edd  _ZN4aeo17drv871110InitializeEv                    
00001f01  _ZN4aeo17drv87114IdleEv                           
00001f2d  _ZN4aeo17drv87114HaltEv                           
00001f5b  _ZN4aeo17drv87113GetEPKcPci                       
00001fc9  _ZN4aeo17drv87113SetEPKcS2_                       
0000203f  _ZN4aeo17drv87114MoveEi                           
0000209f  _ZN4aeo17drv87114StopEb                           
000020c9  _ZN4aeo17drv87114DiagEv                           
000020f1  _ZN4aeo17drv87115SleepEb                          
0000211b  _ZN4aeo17drv871111ClearFaultsEv                   
00002133  _ZN4aeo17drv87115ResetEv                          
00002165  _ZN4aeo17drv87119DiagExtraEv                      
00002221  _ZN4aeo17drv871110SetDefaultEv                    
00002273  _ZN4aeo17drv871116ReadAllRegistersEv              
00002299  _ZN4aeo17drv871117PrintAllRegistersEv             
00002349  _ZN4aeo17drv871111PrintStatusEj                   
00002545  _Z8CMD_idleiPPc                                   
00002555  _Z8CMD_haltiPPc                                   
00002565  _Z7CMD_getiPPc                                    
000025c7  _Z7CMD_setiPPc                                    
00002647  _Z8CMD_moveiPPc                                   
00002675  _Z8CMD_stopiPPc                                   
00002697  _Z8CMD_diagiPPc                                   
000026eb  _Z9CMD_sleepiPPc                                  
00002713  _Z10CMD_mresetiPPc                                
00002723  _Z10CMD_wresetiPPc                                
00002739  _Z9CMD_resetiPPc                                  
00002747  _Z9CMD_noerriPPc                                  
0000275d  _Z8CMD_helpiPPc                                   
00002805  SysTickIntHandler                                 
00002a55  _Z8MainLoopv                                      
00002ab7  main                                              
00002ac5  __sti___8_main_cpp_779587d3                       
00002bb1  OnSSI0Interrupt                                   
00002bcb  OnSSI1Interrupt                                   
00002be5  OnSSI2Interrupt                                   
00002bff  OnSSI3Interrupt                                   
00002c19  _ZN4aeo114ssi_peripheralC1ENS0_9device_idEjb      
00002c19  _ZN4aeo114ssi_peripheralC2ENS0_9device_idEjb      
00002cbb  _ZN4aeo114ssi_peripheralD1Ev                      
00002cbb  _ZN4aeo114ssi_peripheralD2Ev                      
00002ccf  _ZN4aeo114ssi_peripheralD0Ev                      
00002ce5  _ZN4aeo114ssi_peripheral10InitializeEv            
00002e2d  _ZN4aeo114ssi_peripheral11OnInterruptEv           
00002ecd  _ZN4aeo114ssi_peripheral4DiagEv                   
00002f5b  _ZN4aeo114ssi_peripheral9TerminateEv              
00002fb7  _ZN4aeo114ssi_peripheral3PutEj                    
00002fcb  _ZN4aeo114ssi_peripheral3GetEv                    
00002fe3  _ZN4aeo114ssi_peripheral10LoadTxFIFOEv            
00003019  _ZN4aeo114ssi_peripheral12UnloadRxFIFOEv          
00003109  OnPWM1Gen1Interrupt                               
00003125  _ZN4aeo111pwm_stepperC1Ev                         
00003125  _ZN4aeo111pwm_stepperC2Ev                         
00003167  _ZN4aeo111pwm_stepperD1Ev                         
00003167  _ZN4aeo111pwm_stepperD2Ev                         
00003173  _ZN4aeo111pwm_stepperD0Ev                         
00003189  _ZN4aeo111pwm_stepper10InitializeEv               
000031fb  _ZN4aeo111pwm_stepper4DiagEv                      
0000324b  _ZN4aeo111pwm_stepper4MoveEj                      
00003285  _ZN4aeo111pwm_stepper4StopEb                      
000032bd  _ZN4aeo111pwm_stepper11OnInterruptEv              
000033b9  _ZN4aeo111pwm_stepper3GetEPKc                     
0000340d  _ZN4aeo111pwm_stepper3GetEPKcRj                   
00003519  _ZN4aeo111pwm_stepper3SetEPKcj                    
000035a1  minit                                             
0000362f  malloc                                            
00003697  free                                              
00003759  realloc                                           
00003865  memalign                                          
00003949  calloc                                            
000039fb  _Z23drv8711_registers_PrintiiPFbPKciS0_PvES1_     
00003ab9  _Z35drv8711_registers_GetRegisterNumberPKc        
00003b0d  _Z31drv8711_registers_SetFieldValuePKcRjS0_       
00003ba5  _Z31drv8711_registers_GetFieldValuePKciRj         
00003c31  _Z26drv8711_registers_GetValuePKci                
00003d25  OnGPIOBInterrupt                                  
00003d41  OnGPIOEInterrupt                                  
00003d5d  _ZN4aeo111ssi_drv8711C1Ev                         
00003d5d  _ZN4aeo111ssi_drv8711C2Ev                         
00003d83  _ZN4aeo111ssi_drv8711D1Ev                         
00003d83  _ZN4aeo111ssi_drv8711D2Ev                         
00003d91  _ZN4aeo111ssi_drv8711D0Ev                         
00003da7  _ZN4aeo111ssi_drv871110InitializeEv               
00003e73  _ZN4aeo111ssi_drv87114DiagEv                      
00003e85  _ZN4aeo111ssi_drv87115SleepEb                     
00003ea3  _ZN4aeo111ssi_drv87115ResetEv                     
00003ed1  _ZN4aeo111ssi_drv871115OnGpioInterruptENS0_5EventE
00003f05  _ZN4aeo111ssi_drv87114ReadEj                      
00003f67  _ZN4aeo111ssi_drv87115WriteEjj                    
00003fb5  _ZN4aeo111ssi_drv871111GetRegisterEj              
0000400d  OnADCInterrupt                                    
0000401f  _ZN4aeo112adc_potmeterC1Ev                        
0000401f  _ZN4aeo112adc_potmeterC2Ev                        
0000403d  _ZN4aeo112adc_potmeterD1Ev                        
0000403d  _ZN4aeo112adc_potmeterD2Ev                        
00004061  _ZN4aeo112adc_potmeterD0Ev                        
00004077  _ZN4aeo112adc_potmeter10InitializeEv              
000040d7  _ZN4aeo112adc_potmeter9TerminateEv                
000040f3  _ZN4aeo112adc_potmeter11OnInterruptEv             
0000416f  _ZN4aeo112adc_potmeter7TriggerEv                  
0000417d  _ZN4aeo112adc_potmeter8GetValueEv                 
0000419d  _ZN4aeo112adc_potmeter15GetErrorCounterEv         
000041b5  _ZN4aeo112adc_potmeter4DiagEv                     
00004201  GPIOPadConfigSet                                  
00004333  __aeabi_idiv0                                     
00004335  SysCtlClockGet                                    
00004445  SysCtlClockSet                                    
00004539  __cxa_finalize                                    
0000457b  __cxa_ia64_exit                                   
00004581  atexit                                            
0000458f  __aeabi_atexit                                    
000045d3  __cxa_atexit                                      
0000462d  _ZSt21__gen_dummy_typeinfosv                      
00004635  _ZNSt9type_infoD1Ev                               
00004635  _ZNSt9type_infoD2Ev                               
00004637  _ZNSt9type_infoD0Ev                               
0000463f  _ZNKSt9type_info4nameEv                           
00004643  _ZNKSt9type_infoneERKS_                           
00004659  _ZNKSt9type_infoeqERKS_                           
0000466f  _ZNKSt9type_info6beforeERKS_                      
0000467d  _ZN10__cxxabiv129__pointer_to_member_type_infoD1Ev
0000467d  _ZN10__cxxabiv129__pointer_to_member_type_infoD2Ev
0000467f  _ZN10__cxxabiv129__pointer_to_member_type_infoD0Ev
00004687  _ZN10__cxxabiv123__fundamental_type_infoD1Ev      
00004687  _ZN10__cxxabiv123__fundamental_type_infoD2Ev      
00004689  _ZN10__cxxabiv123__fundamental_type_infoD0Ev      
00004691  _ZN10__cxxabiv121__vmi_class_type_infoD1Ev        
00004691  _ZN10__cxxabiv121__vmi_class_type_infoD2Ev        
00004693  _ZN10__cxxabiv121__vmi_class_type_infoD0Ev        
0000469b  _ZN10__cxxabiv120__si_class_type_infoD1Ev         
0000469b  _ZN10__cxxabiv120__si_class_type_infoD2Ev         
0000469d  _ZN10__cxxabiv120__si_class_type_infoD0Ev         
000046a5  _ZN10__cxxabiv120__function_type_infoD1Ev         
000046a5  _ZN10__cxxabiv120__function_type_infoD2Ev         
000046a7  _ZN10__cxxabiv120__function_type_infoD0Ev         
000046af  _ZN10__cxxabiv119__pointer_type_infoD1Ev          
000046af  _ZN10__cxxabiv119__pointer_type_infoD2Ev          
000046b1  _ZN10__cxxabiv119__pointer_type_infoD0Ev          
000046b9  _ZN10__cxxabiv117__pbase_type_infoD1Ev            
000046b9  _ZN10__cxxabiv117__pbase_type_infoD2Ev            
000046bb  _ZN10__cxxabiv117__pbase_type_infoD0Ev            
000046c3  _ZN10__cxxabiv117__class_type_infoD1Ev            
000046c3  _ZN10__cxxabiv117__class_type_infoD2Ev            
000046c5  _ZN10__cxxabiv117__class_type_infoD0Ev            
000046cd  _ZN10__cxxabiv117__array_type_infoD1Ev            
000046cd  _ZN10__cxxabiv117__array_type_infoD2Ev            
000046cf  _ZN10__cxxabiv117__array_type_infoD0Ev            
000046d7  _ZN10__cxxabiv116__enum_type_infoD1Ev             
000046d7  _ZN10__cxxabiv116__enum_type_infoD2Ev             
000046d9  _ZN10__cxxabiv116__enum_type_infoD0Ev             
000046e9  CmdLineProcess                                    
00004795  __aeabi_memcpy                                    
00004795  __aeabi_memcpy4                                   
00004795  __aeabi_memcpy8                                   
00004795  memcpy                                            
00004831  ADCSequenceStepConfigure                          
000048ab  __aeabi_memclr                                    
000048ab  __aeabi_memclr4                                   
000048ab  __aeabi_memclr8                                   
000048ad  __aeabi_memset                                    
000048ad  __aeabi_memset4                                   
000048ad  __aeabi_memset8                                   
000048b3  memset                                            
00004925  __TI_auto_init                                    
000049fd  IntDisable                                        
00004a65  IntEnable                                         
00004acd  GPIOIntTypeSet                                    
00004b23  ltoa                                              
00004b79  _c_int00                                          
00004bc9  copy_in                                           
00004c15  GPIOPinConfigure                                  
00004c5d  UARTConfigSetExpClk                               
00004ca5  C$$EXIT                                           
00004ca9  abort                                             
00004cb1  exit                                              
00004ce9  __aeabi_uidiv                                     
00004ce9  __aeabi_uidivmod                                  
00004d29  ADCSequenceConfigure                              
00004d67  SSIConfigSetExpClk                                
00004da5  SysCtlPeripheralPresent                           
00004ddd  SysCtlPeripheralEnable                            
00004e11  strstr                                            
00004e45  ADCIntStatus                                      
00004e73  GPIODirModeSet                                    
00004e9d  strncmp                                           
00004ec3  PWMGenConfigure                                   
00004ee5  UARTDisable                                       
00004f05  ADCSequenceDataGet                                
00004f23  PWMPulseWidthSet                                  
00004f41  ADCClockConfigSet                                 
00004f59  ADCProcessorTrigger                               
00004f71  GPIOPinTypeGPIOOutput                             
00004f89  _args_main                                        
00004fa1  strcmp                                            
00004fb9  strchr                                            
00004fd1  FPUStackingEnable                                 
00004fe5  SysCtlPWMClockSet                                 
00004ff9  SysTickEnable                                     
0000500d  SysTickIntEnable                                  
00005021  UARTEnable                                        
00005035  _register_unlock                                  
0000503b  _register_lock                                    
00005043  _nop                                              
00005049  strlen                                            
0000505d  GPIOPinTypeADC                                    
0000506f  GPIOPinTypeGPIOInput                              
00005081  GPIOPinTypePWM                                    
00005093  GPIOPinTypeSSI                                    
000050a5  GPIOPinTypeUART                                   
000050b7  PWMOutputState                                    
000050c9  SSIDataGetNonBlocking                             
000050db  ADCIntEnable                                      
000050ed  FPUEnable                                         
000050fd  IntMasterDisable                                  
0000510d  IntMasterEnable                                   
0000511d  PWMGenPeriodSet                                   
0000512d  SysTickPeriodSet                                  
0000513d  ADCHardwareOversampleConfigure                    
0000514b  ADCIntDisable                                     
00005159  ADCSequenceDisable                                
00005167  ADCSequenceEnable                                 
00005175  GPIOIntDisable                                    
00005183  SSIDataPutNonBlocking                             
00005191  UARTCharGetNonBlocking                            
0000519f  UARTCharPutNonBlocking                            
000051ad  UARTCharsAvail                                    
000051bb  UARTSpaceAvail                                    
000051c9  __TI_decompress_none                              
000051d7  CPUcpsid                                          
000051e3  CPUcpsie                                          
000051ef  GPIOIntEnable                                     
000051fb  PWMGenDisable                                     
00005207  PWMGenEnable                                      
00005213  SSIDataGet                                        
0000521f  __TI_zero_init                                    
0000522b  ResetISR                                          
00005237  ADCIntClear                                       
00005241  PWMGenIntTrigEnable                               
0000524b  SSIDataPut                                        
00005255  SSIDisable                                        
0000525f  SSIEnable                                         
00005269  SSIIntDisable                                     
00005273  SSIIntStatus                                      
0000527d  UARTIntDisable                                    
00005287  UARTIntStatus                                     
00005291  _ZN4aeo114ssi_peripheral4OnRxEv                   
0000529b  _ZN4aeo114ssi_peripheral4OnTxEv                   
000052a5  PWMIntEnable                                      
000052ad  SSIIntEnable                                      
000052b5  UARTIntEnable                                     
000052bd  _ZdlPv                                            
000052c5  GPIOPinWrite                                      
000052cb  PWMGenIntClear                                    
000052d1  SysCtlDelay                                       
000052d7  UARTClockSourceSet                                
000052dd  UARTFIFOLevelSet                                  
000052e3  __TI_decompress_rle24                             
000052e9  SSIIntClear                                       
000052ed  UARTIntClear                                      
000052f1  _system_pre_init                                  
0000583e  _ZTSe                                             
00005f9c  _ZTSN10__cxxabiv123__fundamental_type_infoE       
00005fc4  _ZTVN4aeo111ssi_drv8711E                          
00005fec  _ZTVN4aeo114ssi_peripheralE                       
0000603c  _ZTSN10__cxxabiv120__si_class_type_infoE          
00006061  _ZTSN10__cxxabiv119__pointer_type_infoE           
00006085  _ZTSN10__cxxabiv117__class_type_infoE             
000060a7  _ZTSN10__cxxabiv117__pbase_type_infoE             
00006108  _ZTSN4aeo114ssi_peripheralE                       
00006120  _ZTSN4aeo112adc_potmeterE                         
00006136  _ZTSN4aeo111pwm_stepperE                          
0000614b  _ZTSN4aeo111ssi_drv8711E                          
00006188  _ZTIPKe                                           
00006198  _ZTSN4aeo17drv8711E                               
000061a8  _ZTSN4aeo17esp8266E                               
000061b8  _ZTVN10__cxxabiv117__class_type_infoE             
000061c8  _ZTVN10__cxxabiv119__pointer_type_infoE           
000061d8  _ZTVN10__cxxabiv120__si_class_type_infoE          
000061e8  _ZTVN10__cxxabiv123__fundamental_type_infoE       
000061f8  _ZTVN4aeo111pwm_stepperE                          
00006208  _ZTVN4aeo112adc_potmeterE                         
00006218  _ZTVN4aeo17drv8711E                               
00006228  _ZTVN4aeo17esp8266E                               
00006238  _ZTSSt9type_info                                  
00006248  _ZTIN10__cxxabiv117__class_type_infoE             
00006254  _ZTIN10__cxxabiv117__pbase_type_infoE             
00006260  _ZTIN10__cxxabiv119__pointer_type_infoE           
0000626c  _ZTIN10__cxxabiv120__si_class_type_infoE          
00006278  _ZTIN10__cxxabiv123__fundamental_type_infoE       
00006284  _ZTIN4aeo111ssi_drv8711E                          
00006290  _ZTIN4aeo111pwm_stepperE                          
00006298  _ZTIN4aeo112adc_potmeterE                         
000062a0  _ZTIN4aeo114ssi_peripheralE                       
000062a8  _ZTIN4aeo17drv8711E                               
000062b0  _ZTIN4aeo17esp8266E                               
000062b8  _ZTISt9type_info                                  
000062c0  _ZTIe                                             
000062c8  _ZTSPKe                                           
000062cc  SHT$$INIT_ARRAY$$Base                             
000062d0  SHT$$INIT_ARRAY$$Limit                            
00006458  __TI_Handler_Table_Base                           
00006464  __TI_Handler_Table_Limit                          
00006470  __TI_CINIT_Base                                   
00006480  __TI_CINIT_Limit                                  
20000400  g_oEsp8266                                        
20000618  g_oDrv8711                                        
200007ec  _ZSt16__dummy_typeinfo                            
200007f0  __dso_handle                                      
200007fc  __stack                                           
200009fc  __STACK_END                                       
200009fc  __STACK_TOP                                       
200009fc  g_psCmdTable                                      
20000aa4  _ZN4aeo118SSI0_SpecificationE                     
20000ad8  _ZN4aeo118SSI1_SpecificationE                     
20000b0c  _ZN4aeo118SSI2_SpecificationE                     
20000b40  _ZN4aeo118SSI3_SpecificationE                     
20000b8c  _ZN4aeo112adc_potmeter10m_nCounterE               
20000b90  _ZN4aeo112adc_potmeter15m_nErrorCounterE          
20000b94  _ZN4aeo112adc_potmeter14m_nReadCounterE           
20000b98  _ZN4aeo112adc_potmeter16m_pTheOneAndOnlyE         
20000bb8  _lock                                             
20000bbc  _unlock                                           
20000bc0  __TI_cleanup_ptr                                  
20000bc4  __TI_dtors_ptr                                    
20000bd8  main_func_sp                                      
20000be0  _sys_memory                                       
ffffffff  __binit__                                         
ffffffff  __c_args__                                        
ffffffff  binit                                             

[387 symbols]
