******************************************************************************
                  TI ARM Linker PC v5.2.6                      
******************************************************************************
>> Linked Tue Feb 09 13:01:48 2016

OUTPUT FILE NAME:   <solo_stepper.out>
ENTRY POINT SYMBOL: "_c_int00"  address: 000041a1


MEMORY CONFIGURATION

         name            origin    length      used     unused   attr    fill
----------------------  --------  ---------  --------  --------  ----  --------
  FLASH                 00000000   00040000  00005990  0003a670  R  X
  SRAM                  20000000   00008000  00000b49  000074b7  RW X


SEGMENT ALLOCATION MAP

run origin  load origin   length   init length attrs members
----------  ----------- ---------- ----------- ----- -------
00000000    00000000    00005990   00005990    r-x
  00000000    00000000    0000026c   0000026c    r-- .intvecs
  0000026c    0000026c    0000468c   0000468c    r-x .text
  000048f8    000048f8    00000efc   00000efc    r-- .const
  000057f4    000057f4    00000004   00000004    r-- .init_array
  000057f8    000057f8    00000198   00000198    r-- .cinit
20000000    20000000    00000b50   00000000    rw-
  20000000    20000000    00000775   00000000    rw- .bss
  20000778    20000778    00000200   00000000    rw- .stack
  20000978    20000978    000001cc   00000000    rw- .data
  20000b48    20000b48    00000008   00000000    rw- .sysmem


SECTION ALLOCATION MAP

 output                                  attributes/
section   page    origin      length       input sections
--------  ----  ----------  ----------   ----------------
.intvecs   0    00000000    0000026c     
                  00000000    0000026c     tm4c123gh6pm_startup_ccs.obj (.intvecs)

.text      0    0000026c    0000468c     
                  0000026c    00000c84     tiva_utils.lib : ustdlib.obj (.text)
                  00000ef0    00000860                    : uartstdio.obj (.text)
                  00001750    00000640     esp8266.obj (.text)
                  00001d90    00000558     aeo1_drivers.lib : ssi_peripheral.obj (.text)
                  000022e8    000004ac     drv8711.obj (.text)
                  00002794    000003dc     rtsv7M4_T_le_v4SPD16_eabi.lib : memory.obj (.text)
                  00002b70    000003c4     main.obj (.text)
                  00002f34    000002f8     aeo1_drivers.lib : pwm_stepper.obj (.text)
                  0000322c    000002e8                      : ssi_drv8711.obj (.text)
                  00003514    000001f4                      : adc_potmeter.obj (.text)
                  00003708    00000132     driverlib.lib : gpio.obj (.text:GPIOPadConfigSet)
                  0000383a    00000002     rtsv7M4_T_le_v4SPD16_eabi.lib : i_div0.obj (.text)
                  0000383c    00000120     drv8711_registers.obj (.text)
                  0000395c    00000110     driverlib.lib : sysctl.obj (.text:SysCtlClockGet)
                  00003a6c    000000f4                   : sysctl.obj (.text:SysCtlClockSet)
                  00003b60    000000f4     rtsv7M4_T_le_v4SPD16_eabi.lib : dtor_list.obj (.text)
                  00003c54    000000bc                                   : typeinfo_.obj (.text)
                  00003d10    000000ac     tiva_utils.lib : cmdline.obj (.text)
                  00003dbc    0000009c     rtsv7M4_T_le_v4SPD16_eabi.lib : memcpy_t2.obj (.text)
                  00003e58    0000007a     driverlib.lib : adc.obj (.text:ADCSequenceStepConfigure)
                  00003ed2    0000007a     rtsv7M4_T_le_v4SPD16_eabi.lib : memset_t2.obj (.text)
                  00003f4c    0000006c                                   : autoinit.obj (.text)
                  00003fb8    0000006a                                   : copy_decompress_rle.obj (.text)
                  00004022    00000002     --HOLE-- [fill = 0]
                  00004024    00000068     driverlib.lib : interrupt.obj (.text:IntDisable)
                  0000408c    00000068                   : interrupt.obj (.text:IntEnable)
                  000040f4    00000056                   : gpio.obj (.text:GPIOIntTypeSet)
                  0000414a    00000056     rtsv7M4_T_le_v4SPD16_eabi.lib : ltoa.obj (.text)
                  000041a0    00000050                                   : boot.obj (.text)
                  000041f0    0000004c                                   : cpy_tbl.obj (.text)
                  0000423c    00000048     driverlib.lib : gpio.obj (.text:GPIOPinConfigure)
                  00004284    00000046                   : uart.obj (.text:UARTConfigSetExpClk)
                  000042ca    00000002     --HOLE-- [fill = 0]
                  000042cc    00000044     rtsv7M4_T_le_v4SPD16_eabi.lib : exit.obj (.text)
                  00004310    00000040                                   : u_divt2.obj (.text)
                  00004350    0000003e     driverlib.lib : adc.obj (.text:ADCSequenceConfigure)
                  0000438e    0000003c                   : ssi.obj (.text:SSIConfigSetExpClk)
                  000043ca    00000002     --HOLE-- [fill = 0]
                  000043cc    00000038                   : sysctl.obj (.text:SysCtlPeripheralPresent)
                  00004404    00000034                   : sysctl.obj (.text:SysCtlPeripheralEnable)
                  00004438    00000034     rtsv7M4_T_le_v4SPD16_eabi.lib : strstr.obj (.text)
                  0000446c    0000002e     driverlib.lib : adc.obj (.text:ADCIntStatus)
                  0000449a    0000002a                   : gpio.obj (.text:GPIODirModeSet)
                  000044c4    00000022                   : pwm.obj (.text:PWMGenConfigure)
                  000044e6    00000002     --HOLE-- [fill = 0]
                  000044e8    00000020                   : uart.obj (.text:UARTDisable)
                  00004508    0000001e                   : adc.obj (.text:ADCSequenceDataGet)
                  00004526    0000001e                   : pwm.obj (.text:PWMPulseWidthSet)
                  00004544    00000018                   : adc.obj (.text:ADCClockConfigSet)
                  0000455c    00000018                   : adc.obj (.text:ADCProcessorTrigger)
                  00004574    00000018                   : gpio.obj (.text:GPIOPinTypeGPIOOutput)
                  0000458c    00000018     rtsv7M4_T_le_v4SPD16_eabi.lib : args_main.obj (.text)
                  000045a4    00000018                                   : strcmp.obj (.text)
                  000045bc    00000016                                   : strchr.obj (.text)
                  000045d2    00000002     --HOLE-- [fill = 0]
                  000045d4    00000014     driverlib.lib : fpu.obj (.text:FPUStackingEnable)
                  000045e8    00000014                   : sysctl.obj (.text:SysCtlPWMClockSet)
                  000045fc    00000014                   : systick.obj (.text:SysTickEnable)
                  00004610    00000014                   : systick.obj (.text:SysTickIntEnable)
                  00004624    00000014                   : uart.obj (.text:UARTEnable)
                  00004638    00000014     rtsv7M4_T_le_v4SPD16_eabi.lib : _lock.obj (.text)
                  0000464c    00000014                                   : strlen.obj (.text)
                  00004660    00000012     driverlib.lib : gpio.obj (.text:GPIOPinTypeADC)
                  00004672    00000012                   : gpio.obj (.text:GPIOPinTypeGPIOInput)
                  00004684    00000012                   : gpio.obj (.text:GPIOPinTypePWM)
                  00004696    00000012                   : gpio.obj (.text:GPIOPinTypeSSI)
                  000046a8    00000012                   : gpio.obj (.text:GPIOPinTypeUART)
                  000046ba    00000012                   : pwm.obj (.text:PWMOutputState)
                  000046cc    00000012                   : ssi.obj (.text:SSIDataGetNonBlocking)
                  000046de    00000010                   : adc.obj (.text:ADCIntEnable)
                  000046ee    00000002     --HOLE-- [fill = 0]
                  000046f0    00000010                   : fpu.obj (.text:FPUEnable)
                  00004700    00000010                   : interrupt.obj (.text:IntMasterDisable)
                  00004710    00000010                   : interrupt.obj (.text:IntMasterEnable)
                  00004720    00000010                   : pwm.obj (.text:PWMGenPeriodSet)
                  00004730    00000010                   : systick.obj (.text:SysTickPeriodSet)
                  00004740    0000000e                   : adc.obj (.text:ADCHardwareOversampleConfigure)
                  0000474e    0000000e                   : adc.obj (.text:ADCIntDisable)
                  0000475c    0000000e                   : adc.obj (.text:ADCSequenceDisable)
                  0000476a    0000000e                   : adc.obj (.text:ADCSequenceEnable)
                  00004778    0000000e                   : gpio.obj (.text:GPIOIntDisable)
                  00004786    0000000e                   : ssi.obj (.text:SSIDataPutNonBlocking)
                  00004794    0000000e                   : uart.obj (.text:UARTCharGetNonBlocking)
                  000047a2    0000000e                   : uart.obj (.text:UARTCharPutNonBlocking)
                  000047b0    0000000e                   : uart.obj (.text:UARTCharsAvail)
                  000047be    0000000e                   : uart.obj (.text:UARTSpaceAvail)
                  000047cc    0000000e     rtsv7M4_T_le_v4SPD16_eabi.lib : copy_decompress_none.obj (.text:decompress:none)
                  000047da    0000000c     driverlib.lib : cpu.obj (.text:CPUcpsid)
                  000047e6    0000000c                   : cpu.obj (.text:CPUcpsie)
                  000047f2    0000000c                   : gpio.obj (.text:GPIOIntEnable)
                  000047fe    0000000c                   : pwm.obj (.text:PWMGenDisable)
                  0000480a    0000000c                   : pwm.obj (.text:PWMGenEnable)
                  00004816    0000000c                   : ssi.obj (.text:SSIDataGet)
                  00004822    0000000c     rtsv7M4_T_le_v4SPD16_eabi.lib : copy_zero_init.obj (.text:decompress:ZI)
                  0000482e    0000000c     tm4c123gh6pm_startup_ccs.obj (.text)
                  0000483a    0000000a     driverlib.lib : adc.obj (.text:ADCIntClear)
                  00004844    0000000a                   : pwm.obj (.text:PWMGenIntTrigEnable)
                  0000484e    0000000a                   : ssi.obj (.text:SSIDataPut)
                  00004858    0000000a                   : ssi.obj (.text:SSIDisable)
                  00004862    0000000a                   : ssi.obj (.text:SSIEnable)
                  0000486c    0000000a                   : ssi.obj (.text:SSIIntDisable)
                  00004876    0000000a                   : ssi.obj (.text:SSIIntStatus)
                  00004880    0000000a                   : uart.obj (.text:UARTIntDisable)
                  0000488a    0000000a                   : uart.obj (.text:UARTIntStatus)
                  00004894    0000000a     aeo1_drivers.lib : ssi_drv8711.obj (.text:_ZN4aeo114ssi_peripheral4OnRxEv)
                  0000489e    0000000a                      : ssi_drv8711.obj (.text:_ZN4aeo114ssi_peripheral4OnTxEv)
                  000048a8    00000008     driverlib.lib : pwm.obj (.text:PWMIntEnable)
                  000048b0    00000008                   : ssi.obj (.text:SSIIntEnable)
                  000048b8    00000008                   : uart.obj (.text:UARTIntEnable)
                  000048c0    00000008     rtsv7M4_T_le_v4SPD16_eabi.lib : delete.obj (.text)
                  000048c8    00000006     driverlib.lib : gpio.obj (.text:GPIOPinWrite)
                  000048ce    00000006                   : pwm.obj (.text:PWMGenIntClear)
                  000048d4    00000006                   : sysctl.obj (.text:SysCtlDelay)
                  000048da    00000006                   : uart.obj (.text:UARTClockSourceSet)
                  000048e0    00000006                   : uart.obj (.text:UARTFIFOLevelSet)
                  000048e6    00000006     rtsv7M4_T_le_v4SPD16_eabi.lib : copy_decompress_rle.obj (.text:decompress:rle24)
                  000048ec    00000004     driverlib.lib : ssi.obj (.text:SSIIntClear)
                  000048f0    00000004                   : uart.obj (.text:UARTIntClear)
                  000048f4    00000004     rtsv7M4_T_le_v4SPD16_eabi.lib : pre_init.obj (.text)

.const     0    000048f8    00000efc     
                  000048f8    0000054a     drv8711_registers.obj (.const:.string)
                  00004e42    00000002     rtsv7M4_T_le_v4SPD16_eabi.lib : typeinfo_.obj (.const:.typeinfo:_ZTSe)
                  00004e44    00000294     drv8711_registers.obj (.const:DRV8711_Fields)
                  000050d8    00000160     main.obj (.const:.string)
                  00005238    00000090     driverlib.lib : gpio.obj (.const:g_pui32GPIOBaseAddrs)
                  000052c8    00000070                   : interrupt.obj (.const)
                  00005338    0000006c                   : sysctl.obj (.const:g_pui32Xtals)
                  000053a4    0000005e     esp8266.obj (.const:.string)
                  00005402    00000002     --HOLE-- [fill = 0]
                  00005404    00000048     drv8711.obj (.const:$P$T0$1)
                  0000544c    00000038     esp8266.obj (.const:_ZN4aeo122InitializationCommandsE)
                  00005484    00000030     drv8711_registers.obj (.const:$P$T0$1)
                  000054b4    00000030     tiva_utils.lib : ustdlib.obj (.const:g_psDaysToMonth)
                  000054e4    00000028     rtsv7M4_T_le_v4SPD16_eabi.lib : typeinfo_.obj (.const:.typeinfo:_ZTSN10__cxxabiv123__fundamental_type_infoE)
                  0000550c    00000028     aeo1_drivers.lib : ssi_drv8711.obj (.const:_ZTVN4aeo111ssi_drv8711E)
                  00005534    00000028                      : ssi_peripheral.obj (.const:_ZTVN4aeo114ssi_peripheralE)
                  0000555c    00000028     tiva_utils.lib : uartstdio.obj (.const)
                  00005584    00000025     rtsv7M4_T_le_v4SPD16_eabi.lib : typeinfo_.obj (.const:.typeinfo:_ZTSN10__cxxabiv120__si_class_type_infoE)
                  000055a9    00000024                                   : typeinfo_.obj (.const:.typeinfo:_ZTSN10__cxxabiv119__pointer_type_infoE)
                  000055cd    00000022                                   : typeinfo_.obj (.const:.typeinfo:_ZTSN10__cxxabiv117__class_type_infoE)
                  000055ef    00000022                                   : typeinfo_.obj (.const:.typeinfo:_ZTSN10__cxxabiv117__pbase_type_infoE)
                  00005611    00000003     --HOLE-- [fill = 0]
                  00005614    0000001c     tiva_utils.lib : ustdlib.obj (.const)
                  00005630    00000018     aeo1_drivers.lib : ssi_peripheral.obj (.const:.typeinfo:_ZTSN4aeo114ssi_peripheralE)
                  00005648    00000016                      : adc_potmeter.obj (.const:.typeinfo:_ZTSN4aeo112adc_potmeterE)
                  0000565e    00000015                      : pwm_stepper.obj (.const:.typeinfo:_ZTSN4aeo111pwm_stepperE)
                  00005673    00000015                      : ssi_drv8711.obj (.const:.typeinfo:_ZTSN4aeo111ssi_drv8711E)
                  00005688    00000012     tiva_utils.lib : uartstdio.obj (.const:.string)
                  0000569a    00000002     --HOLE-- [fill = 0]
                  0000569c    00000012                    : ustdlib.obj (.const:.string)
                  000056ae    00000002     --HOLE-- [fill = 0]
                  000056b0    00000010     rtsv7M4_T_le_v4SPD16_eabi.lib : typeinfo_.obj (.const:.typeinfo:_ZTIPKe)
                  000056c0    00000010     drv8711.obj (.const:.typeinfo:_ZTSN4aeo17drv8711E)
                  000056d0    00000010     esp8266.obj (.const:.typeinfo:_ZTSN4aeo17esp8266E)
                  000056e0    00000010     rtsv7M4_T_le_v4SPD16_eabi.lib : typeinfo_.obj (.const:_ZTVN10__cxxabiv117__class_type_infoE)
                  000056f0    00000010                                   : typeinfo_.obj (.const:_ZTVN10__cxxabiv119__pointer_type_infoE)
                  00005700    00000010                                   : typeinfo_.obj (.const:_ZTVN10__cxxabiv120__si_class_type_infoE)
                  00005710    00000010                                   : typeinfo_.obj (.const:_ZTVN10__cxxabiv123__fundamental_type_infoE)
                  00005720    00000010     aeo1_drivers.lib : pwm_stepper.obj (.const:_ZTVN4aeo111pwm_stepperE)
                  00005730    00000010                      : adc_potmeter.obj (.const:_ZTVN4aeo112adc_potmeterE)
                  00005740    00000010     drv8711.obj (.const:_ZTVN4aeo17drv8711E)
                  00005750    00000010     esp8266.obj (.const:_ZTVN4aeo17esp8266E)
                  00005760    0000000d     rtsv7M4_T_le_v4SPD16_eabi.lib : typeinfo_.obj (.const:.typeinfo:_ZTSSt9type_info)
                  0000576d    00000003     --HOLE-- [fill = 0]
                  00005770    0000000c                                   : typeinfo_.obj (.const:.typeinfo:_ZTIN10__cxxabiv117__class_type_infoE)
                  0000577c    0000000c                                   : typeinfo_.obj (.const:.typeinfo:_ZTIN10__cxxabiv117__pbase_type_infoE)
                  00005788    0000000c                                   : typeinfo_.obj (.const:.typeinfo:_ZTIN10__cxxabiv119__pointer_type_infoE)
                  00005794    0000000c                                   : typeinfo_.obj (.const:.typeinfo:_ZTIN10__cxxabiv120__si_class_type_infoE)
                  000057a0    0000000c                                   : typeinfo_.obj (.const:.typeinfo:_ZTIN10__cxxabiv123__fundamental_type_infoE)
                  000057ac    0000000c     aeo1_drivers.lib : ssi_drv8711.obj (.const:.typeinfo:_ZTIN4aeo111ssi_drv8711E)
                  000057b8    00000008                      : pwm_stepper.obj (.const:.typeinfo:_ZTIN4aeo111pwm_stepperE)
                  000057c0    00000008                      : adc_potmeter.obj (.const:.typeinfo:_ZTIN4aeo112adc_potmeterE)
                  000057c8    00000008                      : ssi_peripheral.obj (.const:.typeinfo:_ZTIN4aeo114ssi_peripheralE)
                  000057d0    00000008     drv8711.obj (.const:.typeinfo:_ZTIN4aeo17drv8711E)
                  000057d8    00000008     esp8266.obj (.const:.typeinfo:_ZTIN4aeo17esp8266E)
                  000057e0    00000008     rtsv7M4_T_le_v4SPD16_eabi.lib : typeinfo_.obj (.const:.typeinfo:_ZTISt9type_info)
                  000057e8    00000008                                   : typeinfo_.obj (.const:.typeinfo:_ZTIe)
                  000057f0    00000004                                   : typeinfo_.obj (.const:.typeinfo:_ZTSPKe)

.init_array 
*          0    000057f4    00000004     
                  000057f4    00000004     main.obj (.init_array)

.cinit     0    000057f8    00000198     
                  000057f8    00000170     (.cinit..data.load) [load image, compression = rle]
                  00005968    0000000c     (__TI_handler_table)
                  00005974    00000004     --HOLE-- [fill = 0]
                  00005978    00000008     (.cinit..bss.load) [load image, compression = zero_init]
                  00005980    00000010     (__TI_cinit_table)

.bss       0    20000000    00000775     UNINITIALIZED
                  20000000    00000400     tiva_utils.lib : uartstdio.obj (.bss:g_pcUARTTxBuffer)
                  20000400    00000198     main.obj (.bss:g_oEsp8266)
                  20000598    000000ac     main.obj (.bss:g_oDrv8711)
                  20000644    00000080     tiva_utils.lib : uartstdio.obj (.bss:g_pcUARTRxBuffer)
                  200006c4    00000080     main.obj (.bss:g_zInput)
                  20000744    00000024     tiva_utils.lib : cmdline.obj (.bss:g_ppcArgv)
                  20000768    00000004     (.common:_ZSt16__dummy_typeinfo)
                  2000076c    00000004     (.common:__dso_handle)
                  20000770    00000004     (.common:g_ui32PortNum)
                  20000774    00000001     (.common:g_bDisableEcho)

.TI.noinit 
*          0    20000000    00000000     UNINITIALIZED

.stack     0    20000778    00000200     UNINITIALIZED
                  20000778    00000200     --HOLE--

.data      0    20000978    000001cc     UNINITIALIZED
                  20000978    00000090     main.obj (.data:g_psCmdTable)
                  20000a08    00000034     aeo1_drivers.lib : ssi_peripheral.obj (.data:_ZN4aeo118SSI0_SpecificationE)
                  20000a3c    00000034                      : ssi_peripheral.obj (.data:_ZN4aeo118SSI1_SpecificationE)
                  20000a70    00000034                      : ssi_peripheral.obj (.data:_ZN4aeo118SSI2_SpecificationE)
                  20000aa4    00000034                      : ssi_peripheral.obj (.data:_ZN4aeo118SSI3_SpecificationE)
                  20000ad8    00000015     tiva_utils.lib : uartstdio.obj (.data)
                  20000aed    00000001     main.obj (.data)
                  20000aee    00000002     --HOLE--
                  20000af0    00000010     aeo1_drivers.lib : adc_potmeter.obj (.data)
                  20000b00    00000010                      : ssi_peripheral.obj (.data)
                  20000b10    0000000c     rtsv7M4_T_le_v4SPD16_eabi.lib : memory.obj (.data)
                  20000b1c    00000008                                   : _lock.obj (.data)
                  20000b24    00000008                                   : exit.obj (.data)
                  20000b2c    00000004     aeo1_drivers.lib : pwm_stepper.obj (.data)
                  20000b30    00000004                      : ssi_drv8711.obj (.data)
                  20000b34    00000004     esp8266.obj (.data)
                  20000b38    00000004     rtsv7M4_T_le_v4SPD16_eabi.lib : dtor_list.obj (.data)
                  20000b3c    00000004                                   : stkdepth_vars.obj (.data)
                  20000b40    00000004     tiva_utils.lib : ustdlib.obj (.data)

.TI.persistent 
*          0    20000978    00000000     UNINITIALIZED

.sysmem    0    20000b48    00000008     UNINITIALIZED
                  20000b48    00000008     rtsv7M4_T_le_v4SPD16_eabi.lib : memory.obj (.sysmem)


LINKER GENERATED COPY TABLES

__TI_cinit_table @ 00005980 records: 2, size/record: 8, table size: 16
	.data: load addr=000057f8, load size=00000170 bytes, run addr=20000978, run size=000001cc bytes, compression=rle
	.bss: load addr=00005978, load size=00000008 bytes, run addr=20000000, run size=00000775 bytes, compression=zero_init


LINKER GENERATED HANDLER TABLE

__TI_handler_table @ 00005968 records: 3, size/record: 4, table size: 12
	index: 0, handler: __TI_decompress_rle24
	index: 1, handler: __TI_decompress_none
	index: 2, handler: __TI_zero_init


GLOBAL SYMBOLS: SORTED ALPHABETICALLY BY Name 

address   name                                              
-------   ----                                              
00004545  ADCClockConfigSet                                 
00004741  ADCHardwareOversampleConfigure                    
0000483b  ADCIntClear                                       
0000474f  ADCIntDisable                                     
000046df  ADCIntEnable                                      
0000446d  ADCIntStatus                                      
0000455d  ADCProcessorTrigger                               
00004351  ADCSequenceConfigure                              
00004509  ADCSequenceDataGet                                
0000475d  ADCSequenceDisable                                
0000476b  ADCSequenceEnable                                 
00003e59  ADCSequenceStepConfigure                          
000042cd  C$$EXIT                                           
000047db  CPUcpsid                                          
000047e7  CPUcpsie                                          
00003d11  CmdLineProcess                                    
000046f1  FPUEnable                                         
000045d5  FPUStackingEnable                                 
0000449b  GPIODirModeSet                                    
00004779  GPIOIntDisable                                    
000047f3  GPIOIntEnable                                     
000040f5  GPIOIntTypeSet                                    
00003709  GPIOPadConfigSet                                  
0000423d  GPIOPinConfigure                                  
00004661  GPIOPinTypeADC                                    
00004673  GPIOPinTypeGPIOInput                              
00004575  GPIOPinTypeGPIOOutput                             
00004685  GPIOPinTypePWM                                    
00004697  GPIOPinTypeSSI                                    
000046a9  GPIOPinTypeUART                                   
000048c9  GPIOPinWrite                                      
00004025  IntDisable                                        
0000408d  IntEnable                                         
00004701  IntMasterDisable                                  
00004711  IntMasterEnable                                   
00003515  OnADCInterrupt                                    
0000322d  OnGPIOBInterrupt                                  
00003249  OnGPIOEInterrupt                                  
00002f35  OnPWM1Gen1Interrupt                               
00001d91  OnSSI0Interrupt                                   
00001dab  OnSSI1Interrupt                                   
00001dc5  OnSSI2Interrupt                                   
00001ddf  OnSSI3Interrupt                                   
000044c5  PWMGenConfigure                                   
000047ff  PWMGenDisable                                     
0000480b  PWMGenEnable                                      
000048cf  PWMGenIntClear                                    
00004845  PWMGenIntTrigEnable                               
00004721  PWMGenPeriodSet                                   
000048a9  PWMIntEnable                                      
000046bb  PWMOutputState                                    
00004527  PWMPulseWidthSet                                  
0000482f  ResetISR                                          
000057f4  SHT$$INIT_ARRAY$$Base                             
000057f8  SHT$$INIT_ARRAY$$Limit                            
0000438f  SSIConfigSetExpClk                                
00004817  SSIDataGet                                        
000046cd  SSIDataGetNonBlocking                             
0000484f  SSIDataPut                                        
00004787  SSIDataPutNonBlocking                             
00004859  SSIDisable                                        
00004863  SSIEnable                                         
000048ed  SSIIntClear                                       
0000486d  SSIIntDisable                                     
000048b1  SSIIntEnable                                      
00004877  SSIIntStatus                                      
0000395d  SysCtlClockGet                                    
00003a6d  SysCtlClockSet                                    
000048d5  SysCtlDelay                                       
000045e9  SysCtlPWMClockSet                                 
00004405  SysCtlPeripheralEnable                            
000043cd  SysCtlPeripheralPresent                           
000045fd  SysTickEnable                                     
00004611  SysTickIntEnable                                  
00002ce9  SysTickIntHandler                                 
00004731  SysTickPeriodSet                                  
00004795  UARTCharGetNonBlocking                            
000047a3  UARTCharPutNonBlocking                            
000047b1  UARTCharsAvail                                    
000048db  UARTClockSourceSet                                
00004285  UARTConfigSetExpClk                               
000044e9  UARTDisable                                       
000015c9  UARTEchoSet                                       
00004625  UARTEnable                                        
000048e1  UARTFIFOLevelSet                                  
00001573  UARTFlushRx                                       
00001593  UARTFlushTx                                       
000048f1  UARTIntClear                                      
00004881  UARTIntDisable                                    
000048b9  UARTIntEnable                                     
0000488b  UARTIntStatus                                     
00001519  UARTPeek                                          
000014f7  UARTRxBytesAvail                                  
000047bf  UARTSpaceAvail                                    
00000fdd  UARTStdioConfig                                   
000015f5  UARTStdioIntHandler                               
00001505  UARTTxBytesFree                                   
0000117f  UARTgetc                                          
00001103  UARTgets                                          
000014d3  UARTprintf                                        
000011d9  UARTvprintf                                       
00001063  UARTwrite                                         
00002c1f  _Z10CMD_mresetiPPc                                
00002c2f  _Z10CMD_wresetiPPc                                
00003885  _Z23drv8711_registers_PrintiiPFbPKciS0_PvES1_     
00002be1  _Z8CMD_diagiPPc                                   
00002b81  _Z8CMD_haltiPPc                                   
00002c5d  _Z8CMD_helpiPPc                                   
00002b71  _Z8CMD_idleiPPc                                   
00002b91  _Z8CMD_moveiPPc                                   
00002bbf  _Z8CMD_stopiPPc                                   
00002db3  _Z8MainLoopv                                      
00002c4d  _Z9CMD_noerriPPc                                  
00002c3f  _Z9CMD_resetiPPc                                  
00002bf7  _Z9CMD_sleepiPPc                                  
00003d01  _ZN10__cxxabiv116__enum_type_infoD0Ev             
00003cff  _ZN10__cxxabiv116__enum_type_infoD1Ev             
00003cff  _ZN10__cxxabiv116__enum_type_infoD2Ev             
00003cf7  _ZN10__cxxabiv117__array_type_infoD0Ev            
00003cf5  _ZN10__cxxabiv117__array_type_infoD1Ev            
00003cf5  _ZN10__cxxabiv117__array_type_infoD2Ev            
00003ced  _ZN10__cxxabiv117__class_type_infoD0Ev            
00003ceb  _ZN10__cxxabiv117__class_type_infoD1Ev            
00003ceb  _ZN10__cxxabiv117__class_type_infoD2Ev            
00003ce3  _ZN10__cxxabiv117__pbase_type_infoD0Ev            
00003ce1  _ZN10__cxxabiv117__pbase_type_infoD1Ev            
00003ce1  _ZN10__cxxabiv117__pbase_type_infoD2Ev            
00003cd9  _ZN10__cxxabiv119__pointer_type_infoD0Ev          
00003cd7  _ZN10__cxxabiv119__pointer_type_infoD1Ev          
00003cd7  _ZN10__cxxabiv119__pointer_type_infoD2Ev          
00003ccf  _ZN10__cxxabiv120__function_type_infoD0Ev         
00003ccd  _ZN10__cxxabiv120__function_type_infoD1Ev         
00003ccd  _ZN10__cxxabiv120__function_type_infoD2Ev         
00003cc5  _ZN10__cxxabiv120__si_class_type_infoD0Ev         
00003cc3  _ZN10__cxxabiv120__si_class_type_infoD1Ev         
00003cc3  _ZN10__cxxabiv120__si_class_type_infoD2Ev         
00003cbb  _ZN10__cxxabiv121__vmi_class_type_infoD0Ev        
00003cb9  _ZN10__cxxabiv121__vmi_class_type_infoD1Ev        
00003cb9  _ZN10__cxxabiv121__vmi_class_type_infoD2Ev        
00003cb1  _ZN10__cxxabiv123__fundamental_type_infoD0Ev      
00003caf  _ZN10__cxxabiv123__fundamental_type_infoD1Ev      
00003caf  _ZN10__cxxabiv123__fundamental_type_infoD2Ev      
00003ca7  _ZN10__cxxabiv129__pointer_to_member_type_infoD0Ev
00003ca5  _ZN10__cxxabiv129__pointer_to_member_type_infoD1Ev
00003ca5  _ZN10__cxxabiv129__pointer_to_member_type_infoD2Ev
00002fab  _ZN4aeo111pwm_stepper10InitializeEv               
000030c5  _ZN4aeo111pwm_stepper11OnInterruptEv              
0000301d  _ZN4aeo111pwm_stepper4DiagEv                      
00003049  _ZN4aeo111pwm_stepper4MoveEj                      
00003097  _ZN4aeo111pwm_stepper4StopEb                      
00002f51  _ZN4aeo111pwm_stepperC1Ev                         
00002f51  _ZN4aeo111pwm_stepperC2Ev                         
00002f95  _ZN4aeo111pwm_stepperD0Ev                         
00002f89  _ZN4aeo111pwm_stepperD1Ev                         
00002f89  _ZN4aeo111pwm_stepperD2Ev                         
000032af  _ZN4aeo111ssi_drv871110InitializeEv               
000034bd  _ZN4aeo111ssi_drv871111GetRegisterEj              
000033d9  _ZN4aeo111ssi_drv871115OnGpioInterruptENS0_5EventE
0000337b  _ZN4aeo111ssi_drv87114DiagEv                      
0000340d  _ZN4aeo111ssi_drv87114ReadEj                      
000033ab  _ZN4aeo111ssi_drv87115ResetEv                     
0000338d  _ZN4aeo111ssi_drv87115SleepEb                     
0000346f  _ZN4aeo111ssi_drv87115WriteEjj                    
00003265  _ZN4aeo111ssi_drv8711C1Ev                         
00003265  _ZN4aeo111ssi_drv8711C2Ev                         
00003299  _ZN4aeo111ssi_drv8711D0Ev                         
0000328b  _ZN4aeo111ssi_drv8711D1Ev                         
0000328b  _ZN4aeo111ssi_drv8711D2Ev                         
0000357f  _ZN4aeo112adc_potmeter10InitializeEv              
20000af0  _ZN4aeo112adc_potmeter10m_nCounterE               
000035fb  _ZN4aeo112adc_potmeter11OnInterruptEv             
20000af8  _ZN4aeo112adc_potmeter14m_nReadCounterE           
000036a5  _ZN4aeo112adc_potmeter15GetErrorCounterEv         
20000af4  _ZN4aeo112adc_potmeter15m_nErrorCounterE          
20000afc  _ZN4aeo112adc_potmeter16m_pTheOneAndOnlyE         
000036bd  _ZN4aeo112adc_potmeter4DiagEv                     
00003677  _ZN4aeo112adc_potmeter7TriggerEv                  
00003685  _ZN4aeo112adc_potmeter8GetValueEv                 
000035df  _ZN4aeo112adc_potmeter9TerminateEv                
00003527  _ZN4aeo112adc_potmeterC1Ev                        
00003527  _ZN4aeo112adc_potmeterC2Ev                        
00003569  _ZN4aeo112adc_potmeterD0Ev                        
00003545  _ZN4aeo112adc_potmeterD1Ev                        
00003545  _ZN4aeo112adc_potmeterD2Ev                        
00001ec5  _ZN4aeo114ssi_peripheral10InitializeEv            
000021c3  _ZN4aeo114ssi_peripheral10LoadTxFIFOEv            
0000200d  _ZN4aeo114ssi_peripheral11OnInterruptEv           
000021f9  _ZN4aeo114ssi_peripheral12UnloadRxFIFOEv          
000021ab  _ZN4aeo114ssi_peripheral3GetEv                    
00002197  _ZN4aeo114ssi_peripheral3PutEj                    
000020ad  _ZN4aeo114ssi_peripheral4DiagEv                   
00004895  _ZN4aeo114ssi_peripheral4OnRxEv                   
0000489f  _ZN4aeo114ssi_peripheral4OnTxEv                   
0000213b  _ZN4aeo114ssi_peripheral9TerminateEv              
00001df9  _ZN4aeo114ssi_peripheralC1ENS0_9device_idEjb      
00001df9  _ZN4aeo114ssi_peripheralC2ENS0_9device_idEjb      
00001eaf  _ZN4aeo114ssi_peripheralD0Ev                      
00001e9b  _ZN4aeo114ssi_peripheralD1Ev                      
00001e9b  _ZN4aeo114ssi_peripheralD2Ev                      
20000a08  _ZN4aeo118SSI0_SpecificationE                     
20000a3c  _ZN4aeo118SSI1_SpecificationE                     
20000a70  _ZN4aeo118SSI2_SpecificationE                     
20000aa4  _ZN4aeo118SSI3_SpecificationE                     
00002335  _ZN4aeo17drv871110InitializeEv                    
00002441  _ZN4aeo17drv871110SetDefaultEv                    
0000252b  _ZN4aeo17drv871111ClearFaultsEv                   
000025f3  _ZN4aeo17drv871111PrintStatusEj                   
00002563  _ZN4aeo17drv871116ReadAllRegistersEv              
0000258d  _ZN4aeo17drv871117PrintAllRegistersEv             
000024df  _ZN4aeo17drv87114DiagEv                           
00002385  _ZN4aeo17drv87114HaltEv                           
00002359  _ZN4aeo17drv87114IdleEv                           
000023b3  _ZN4aeo17drv87114MoveEi                           
000024b5  _ZN4aeo17drv87114StopEb                           
00002549  _ZN4aeo17drv87115ResetEv                          
00002501  _ZN4aeo17drv87115SleepEb                          
00002413  _ZN4aeo17drv87119SetTorqueEj                      
000022e9  _ZN4aeo17drv8711C1Ev                              
000022e9  _ZN4aeo17drv8711C2Ev                              
0000231f  _ZN4aeo17drv8711D0Ev                              
00002307  _ZN4aeo17drv8711D1Ev                              
00002307  _ZN4aeo17drv8711D2Ev                              
000017d5  _ZN4aeo17esp826610InitializeEv                    
00001afd  _ZN4aeo17esp826610OnTransmitEv                    
00001add  _ZN4aeo17esp826610SetBitrateEj                    
00001a29  _ZN4aeo17esp826611RxEndOfLineEv                   
00001a59  _ZN4aeo17esp826613ConfigureUARTEj                 
00001c3d  _ZN4aeo17esp826616FillOutputBufferEPKc            
000018f1  _ZN4aeo17esp82664DiagEv                           
0000185d  _ZN4aeo17esp82665ResetEv                          
00001933  _ZN4aeo17esp82665WriteEPKc                        
00001cd5  _ZN4aeo17esp82666InvokeEPKcS2_                    
00001911  _ZN4aeo17esp82666OnUartEj                         
00001999  _ZN4aeo17esp82668ReadLineEPci                     
00001baf  _ZN4aeo17esp82669OnReceiveEv                      
00001783  _ZN4aeo17esp8266C1Ev                              
00001783  _ZN4aeo17esp8266C2Ev                              
000017bf  _ZN4aeo17esp8266D0Ev                              
000017b3  _ZN4aeo17esp8266D1Ev                              
000017b3  _ZN4aeo17esp8266D2Ev                              
00003c67  _ZNKSt9type_info4nameEv                           
00003c97  _ZNKSt9type_info6beforeERKS_                      
00003c81  _ZNKSt9type_infoeqERKS_                           
00003c6b  _ZNKSt9type_infoneERKS_                           
00003c5f  _ZNSt9type_infoD0Ev                               
00003c5d  _ZNSt9type_infoD1Ev                               
00003c5d  _ZNSt9type_infoD2Ev                               
20000768  _ZSt16__dummy_typeinfo                            
00003c55  _ZSt21__gen_dummy_typeinfosv                      
00005770  _ZTIN10__cxxabiv117__class_type_infoE             
0000577c  _ZTIN10__cxxabiv117__pbase_type_infoE             
00005788  _ZTIN10__cxxabiv119__pointer_type_infoE           
00005794  _ZTIN10__cxxabiv120__si_class_type_infoE          
000057a0  _ZTIN10__cxxabiv123__fundamental_type_infoE       
000057b8  _ZTIN4aeo111pwm_stepperE                          
000057ac  _ZTIN4aeo111ssi_drv8711E                          
000057c0  _ZTIN4aeo112adc_potmeterE                         
000057c8  _ZTIN4aeo114ssi_peripheralE                       
000057d0  _ZTIN4aeo17drv8711E                               
000057d8  _ZTIN4aeo17esp8266E                               
000056b0  _ZTIPKe                                           
000057e0  _ZTISt9type_info                                  
000057e8  _ZTIe                                             
000055cd  _ZTSN10__cxxabiv117__class_type_infoE             
000055ef  _ZTSN10__cxxabiv117__pbase_type_infoE             
000055a9  _ZTSN10__cxxabiv119__pointer_type_infoE           
00005584  _ZTSN10__cxxabiv120__si_class_type_infoE          
000054e4  _ZTSN10__cxxabiv123__fundamental_type_infoE       
0000565e  _ZTSN4aeo111pwm_stepperE                          
00005673  _ZTSN4aeo111ssi_drv8711E                          
00005648  _ZTSN4aeo112adc_potmeterE                         
00005630  _ZTSN4aeo114ssi_peripheralE                       
000056c0  _ZTSN4aeo17drv8711E                               
000056d0  _ZTSN4aeo17esp8266E                               
000057f0  _ZTSPKe                                           
00005760  _ZTSSt9type_info                                  
00004e42  _ZTSe                                             
000056e0  _ZTVN10__cxxabiv117__class_type_infoE             
000056f0  _ZTVN10__cxxabiv119__pointer_type_infoE           
00005700  _ZTVN10__cxxabiv120__si_class_type_infoE          
00005710  _ZTVN10__cxxabiv123__fundamental_type_infoE       
00005720  _ZTVN4aeo111pwm_stepperE                          
0000550c  _ZTVN4aeo111ssi_drv8711E                          
00005730  _ZTVN4aeo112adc_potmeterE                         
00005534  _ZTVN4aeo114ssi_peripheralE                       
00005740  _ZTVN4aeo17drv8711E                               
00005750  _ZTVN4aeo17esp8266E                               
000048c1  _ZdlPv                                            
20000978  __STACK_END                                       
00000200  __STACK_SIZE                                      
20000978  __STACK_TOP                                       
00000008  __SYSMEM_SIZE                                     
00005980  __TI_CINIT_Base                                   
00005990  __TI_CINIT_Limit                                  
00005968  __TI_Handler_Table_Base                           
00005974  __TI_Handler_Table_Limit                          
00003f4d  __TI_auto_init                                    
20000b24  __TI_cleanup_ptr                                  
000047cd  __TI_decompress_none                              
000048e7  __TI_decompress_rle24                             
20000b28  __TI_dtors_ptr                                    
00000000  __TI_static_base__                                
00004823  __TI_zero_init                                    
00003bb7  __aeabi_atexit                                    
0000383b  __aeabi_idiv0                                     
00003ed3  __aeabi_memclr                                    
00003ed3  __aeabi_memclr4                                   
00003ed3  __aeabi_memclr8                                   
00003dbd  __aeabi_memcpy                                    
00003dbd  __aeabi_memcpy4                                   
00003dbd  __aeabi_memcpy8                                   
00003ed5  __aeabi_memset                                    
00003ed5  __aeabi_memset4                                   
00003ed5  __aeabi_memset8                                   
00004311  __aeabi_uidiv                                     
00004311  __aeabi_uidivmod                                  
ffffffff  __binit__                                         
ffffffff  __c_args__                                        
00003bfb  __cxa_atexit                                      
00003b61  __cxa_finalize                                    
00003ba3  __cxa_ia64_exit                                   
2000076c  __dso_handle                                      
20000778  __stack                                           
00002e21  __sti___8_main_cpp_779587d3                       
0000458d  _args_main                                        
000041a1  _c_int00                                          
20000b1c  _lock                                             
00004647  _nop                                              
0000463f  _register_lock                                    
00004639  _register_unlock                                  
20000b48  _sys_memory                                       
000048f5  _system_pre_init                                  
20000b20  _unlock                                           
000042d1  abort                                             
00003ba9  atexit                                            
ffffffff  binit                                             
00002b3d  calloc                                            
000041f1  copy_in                                           
00001751  esp8266_UARTIntHandler                            
000042d9  exit                                              
0000288b  free                                              
20000598  g_oDrv8711                                        
20000400  g_oEsp8266                                        
00000000  g_pfnVectors                                      
20000978  g_psCmdTable                                      
0000414b  ltoa                                              
00002e0b  main                                              
20000b3c  main_func_sp                                      
00002823  malloc                                            
00002a59  memalign                                          
00003dbd  memcpy                                            
00003edb  memset                                            
00002795  minit                                             
0000294d  realloc                                           
000045bd  strchr                                            
000045a5  strcmp                                            
0000464d  strlen                                            
00004439  strstr                                            
00000751  ulocaltime                                        
0000094f  umktime                                           
00000ec9  urand                                             
00000721  usnprintf                                         
000006ef  usprintf                                          
00000eb9  usrand                                            
00000e31  ustrcasecmp                                       
00000ea5  ustrcmp                                           
00000d35  ustrlen                                           
00000d8d  ustrncasecmp                                      
00000e45  ustrncmp                                          
0000026d  ustrncpy                                          
00000d57  ustrstr                                           
00000afd  ustrtof                                           
000009c5  ustrtoul                                          
000002c5  uvsnprintf                                        


GLOBAL SYMBOLS: SORTED BY Symbol Address 

address   name                                              
-------   ----                                              
00000000  __TI_static_base__                                
00000000  g_pfnVectors                                      
00000008  __SYSMEM_SIZE                                     
00000200  __STACK_SIZE                                      
0000026d  ustrncpy                                          
000002c5  uvsnprintf                                        
000006ef  usprintf                                          
00000721  usnprintf                                         
00000751  ulocaltime                                        
0000094f  umktime                                           
000009c5  ustrtoul                                          
00000afd  ustrtof                                           
00000d35  ustrlen                                           
00000d57  ustrstr                                           
00000d8d  ustrncasecmp                                      
00000e31  ustrcasecmp                                       
00000e45  ustrncmp                                          
00000ea5  ustrcmp                                           
00000eb9  usrand                                            
00000ec9  urand                                             
00000fdd  UARTStdioConfig                                   
00001063  UARTwrite                                         
00001103  UARTgets                                          
0000117f  UARTgetc                                          
000011d9  UARTvprintf                                       
000014d3  UARTprintf                                        
000014f7  UARTRxBytesAvail                                  
00001505  UARTTxBytesFree                                   
00001519  UARTPeek                                          
00001573  UARTFlushRx                                       
00001593  UARTFlushTx                                       
000015c9  UARTEchoSet                                       
000015f5  UARTStdioIntHandler                               
00001751  esp8266_UARTIntHandler                            
00001783  _ZN4aeo17esp8266C1Ev                              
00001783  _ZN4aeo17esp8266C2Ev                              
000017b3  _ZN4aeo17esp8266D1Ev                              
000017b3  _ZN4aeo17esp8266D2Ev                              
000017bf  _ZN4aeo17esp8266D0Ev                              
000017d5  _ZN4aeo17esp826610InitializeEv                    
0000185d  _ZN4aeo17esp82665ResetEv                          
000018f1  _ZN4aeo17esp82664DiagEv                           
00001911  _ZN4aeo17esp82666OnUartEj                         
00001933  _ZN4aeo17esp82665WriteEPKc                        
00001999  _ZN4aeo17esp82668ReadLineEPci                     
00001a29  _ZN4aeo17esp826611RxEndOfLineEv                   
00001a59  _ZN4aeo17esp826613ConfigureUARTEj                 
00001add  _ZN4aeo17esp826610SetBitrateEj                    
00001afd  _ZN4aeo17esp826610OnTransmitEv                    
00001baf  _ZN4aeo17esp82669OnReceiveEv                      
00001c3d  _ZN4aeo17esp826616FillOutputBufferEPKc            
00001cd5  _ZN4aeo17esp82666InvokeEPKcS2_                    
00001d91  OnSSI0Interrupt                                   
00001dab  OnSSI1Interrupt                                   
00001dc5  OnSSI2Interrupt                                   
00001ddf  OnSSI3Interrupt                                   
00001df9  _ZN4aeo114ssi_peripheralC1ENS0_9device_idEjb      
00001df9  _ZN4aeo114ssi_peripheralC2ENS0_9device_idEjb      
00001e9b  _ZN4aeo114ssi_peripheralD1Ev                      
00001e9b  _ZN4aeo114ssi_peripheralD2Ev                      
00001eaf  _ZN4aeo114ssi_peripheralD0Ev                      
00001ec5  _ZN4aeo114ssi_peripheral10InitializeEv            
0000200d  _ZN4aeo114ssi_peripheral11OnInterruptEv           
000020ad  _ZN4aeo114ssi_peripheral4DiagEv                   
0000213b  _ZN4aeo114ssi_peripheral9TerminateEv              
00002197  _ZN4aeo114ssi_peripheral3PutEj                    
000021ab  _ZN4aeo114ssi_peripheral3GetEv                    
000021c3  _ZN4aeo114ssi_peripheral10LoadTxFIFOEv            
000021f9  _ZN4aeo114ssi_peripheral12UnloadRxFIFOEv          
000022e9  _ZN4aeo17drv8711C1Ev                              
000022e9  _ZN4aeo17drv8711C2Ev                              
00002307  _ZN4aeo17drv8711D1Ev                              
00002307  _ZN4aeo17drv8711D2Ev                              
0000231f  _ZN4aeo17drv8711D0Ev                              
00002335  _ZN4aeo17drv871110InitializeEv                    
00002359  _ZN4aeo17drv87114IdleEv                           
00002385  _ZN4aeo17drv87114HaltEv                           
000023b3  _ZN4aeo17drv87114MoveEi                           
00002413  _ZN4aeo17drv87119SetTorqueEj                      
00002441  _ZN4aeo17drv871110SetDefaultEv                    
000024b5  _ZN4aeo17drv87114StopEb                           
000024df  _ZN4aeo17drv87114DiagEv                           
00002501  _ZN4aeo17drv87115SleepEb                          
0000252b  _ZN4aeo17drv871111ClearFaultsEv                   
00002549  _ZN4aeo17drv87115ResetEv                          
00002563  _ZN4aeo17drv871116ReadAllRegistersEv              
0000258d  _ZN4aeo17drv871117PrintAllRegistersEv             
000025f3  _ZN4aeo17drv871111PrintStatusEj                   
00002795  minit                                             
00002823  malloc                                            
0000288b  free                                              
0000294d  realloc                                           
00002a59  memalign                                          
00002b3d  calloc                                            
00002b71  _Z8CMD_idleiPPc                                   
00002b81  _Z8CMD_haltiPPc                                   
00002b91  _Z8CMD_moveiPPc                                   
00002bbf  _Z8CMD_stopiPPc                                   
00002be1  _Z8CMD_diagiPPc                                   
00002bf7  _Z9CMD_sleepiPPc                                  
00002c1f  _Z10CMD_mresetiPPc                                
00002c2f  _Z10CMD_wresetiPPc                                
00002c3f  _Z9CMD_resetiPPc                                  
00002c4d  _Z9CMD_noerriPPc                                  
00002c5d  _Z8CMD_helpiPPc                                   
00002ce9  SysTickIntHandler                                 
00002db3  _Z8MainLoopv                                      
00002e0b  main                                              
00002e21  __sti___8_main_cpp_779587d3                       
00002f35  OnPWM1Gen1Interrupt                               
00002f51  _ZN4aeo111pwm_stepperC1Ev                         
00002f51  _ZN4aeo111pwm_stepperC2Ev                         
00002f89  _ZN4aeo111pwm_stepperD1Ev                         
00002f89  _ZN4aeo111pwm_stepperD2Ev                         
00002f95  _ZN4aeo111pwm_stepperD0Ev                         
00002fab  _ZN4aeo111pwm_stepper10InitializeEv               
0000301d  _ZN4aeo111pwm_stepper4DiagEv                      
00003049  _ZN4aeo111pwm_stepper4MoveEj                      
00003097  _ZN4aeo111pwm_stepper4StopEb                      
000030c5  _ZN4aeo111pwm_stepper11OnInterruptEv              
0000322d  OnGPIOBInterrupt                                  
00003249  OnGPIOEInterrupt                                  
00003265  _ZN4aeo111ssi_drv8711C1Ev                         
00003265  _ZN4aeo111ssi_drv8711C2Ev                         
0000328b  _ZN4aeo111ssi_drv8711D1Ev                         
0000328b  _ZN4aeo111ssi_drv8711D2Ev                         
00003299  _ZN4aeo111ssi_drv8711D0Ev                         
000032af  _ZN4aeo111ssi_drv871110InitializeEv               
0000337b  _ZN4aeo111ssi_drv87114DiagEv                      
0000338d  _ZN4aeo111ssi_drv87115SleepEb                     
000033ab  _ZN4aeo111ssi_drv87115ResetEv                     
000033d9  _ZN4aeo111ssi_drv871115OnGpioInterruptENS0_5EventE
0000340d  _ZN4aeo111ssi_drv87114ReadEj                      
0000346f  _ZN4aeo111ssi_drv87115WriteEjj                    
000034bd  _ZN4aeo111ssi_drv871111GetRegisterEj              
00003515  OnADCInterrupt                                    
00003527  _ZN4aeo112adc_potmeterC1Ev                        
00003527  _ZN4aeo112adc_potmeterC2Ev                        
00003545  _ZN4aeo112adc_potmeterD1Ev                        
00003545  _ZN4aeo112adc_potmeterD2Ev                        
00003569  _ZN4aeo112adc_potmeterD0Ev                        
0000357f  _ZN4aeo112adc_potmeter10InitializeEv              
000035df  _ZN4aeo112adc_potmeter9TerminateEv                
000035fb  _ZN4aeo112adc_potmeter11OnInterruptEv             
00003677  _ZN4aeo112adc_potmeter7TriggerEv                  
00003685  _ZN4aeo112adc_potmeter8GetValueEv                 
000036a5  _ZN4aeo112adc_potmeter15GetErrorCounterEv         
000036bd  _ZN4aeo112adc_potmeter4DiagEv                     
00003709  GPIOPadConfigSet                                  
0000383b  __aeabi_idiv0                                     
00003885  _Z23drv8711_registers_PrintiiPFbPKciS0_PvES1_     
0000395d  SysCtlClockGet                                    
00003a6d  SysCtlClockSet                                    
00003b61  __cxa_finalize                                    
00003ba3  __cxa_ia64_exit                                   
00003ba9  atexit                                            
00003bb7  __aeabi_atexit                                    
00003bfb  __cxa_atexit                                      
00003c55  _ZSt21__gen_dummy_typeinfosv                      
00003c5d  _ZNSt9type_infoD1Ev                               
00003c5d  _ZNSt9type_infoD2Ev                               
00003c5f  _ZNSt9type_infoD0Ev                               
00003c67  _ZNKSt9type_info4nameEv                           
00003c6b  _ZNKSt9type_infoneERKS_                           
00003c81  _ZNKSt9type_infoeqERKS_                           
00003c97  _ZNKSt9type_info6beforeERKS_                      
00003ca5  _ZN10__cxxabiv129__pointer_to_member_type_infoD1Ev
00003ca5  _ZN10__cxxabiv129__pointer_to_member_type_infoD2Ev
00003ca7  _ZN10__cxxabiv129__pointer_to_member_type_infoD0Ev
00003caf  _ZN10__cxxabiv123__fundamental_type_infoD1Ev      
00003caf  _ZN10__cxxabiv123__fundamental_type_infoD2Ev      
00003cb1  _ZN10__cxxabiv123__fundamental_type_infoD0Ev      
00003cb9  _ZN10__cxxabiv121__vmi_class_type_infoD1Ev        
00003cb9  _ZN10__cxxabiv121__vmi_class_type_infoD2Ev        
00003cbb  _ZN10__cxxabiv121__vmi_class_type_infoD0Ev        
00003cc3  _ZN10__cxxabiv120__si_class_type_infoD1Ev         
00003cc3  _ZN10__cxxabiv120__si_class_type_infoD2Ev         
00003cc5  _ZN10__cxxabiv120__si_class_type_infoD0Ev         
00003ccd  _ZN10__cxxabiv120__function_type_infoD1Ev         
00003ccd  _ZN10__cxxabiv120__function_type_infoD2Ev         
00003ccf  _ZN10__cxxabiv120__function_type_infoD0Ev         
00003cd7  _ZN10__cxxabiv119__pointer_type_infoD1Ev          
00003cd7  _ZN10__cxxabiv119__pointer_type_infoD2Ev          
00003cd9  _ZN10__cxxabiv119__pointer_type_infoD0Ev          
00003ce1  _ZN10__cxxabiv117__pbase_type_infoD1Ev            
00003ce1  _ZN10__cxxabiv117__pbase_type_infoD2Ev            
00003ce3  _ZN10__cxxabiv117__pbase_type_infoD0Ev            
00003ceb  _ZN10__cxxabiv117__class_type_infoD1Ev            
00003ceb  _ZN10__cxxabiv117__class_type_infoD2Ev            
00003ced  _ZN10__cxxabiv117__class_type_infoD0Ev            
00003cf5  _ZN10__cxxabiv117__array_type_infoD1Ev            
00003cf5  _ZN10__cxxabiv117__array_type_infoD2Ev            
00003cf7  _ZN10__cxxabiv117__array_type_infoD0Ev            
00003cff  _ZN10__cxxabiv116__enum_type_infoD1Ev             
00003cff  _ZN10__cxxabiv116__enum_type_infoD2Ev             
00003d01  _ZN10__cxxabiv116__enum_type_infoD0Ev             
00003d11  CmdLineProcess                                    
00003dbd  __aeabi_memcpy                                    
00003dbd  __aeabi_memcpy4                                   
00003dbd  __aeabi_memcpy8                                   
00003dbd  memcpy                                            
00003e59  ADCSequenceStepConfigure                          
00003ed3  __aeabi_memclr                                    
00003ed3  __aeabi_memclr4                                   
00003ed3  __aeabi_memclr8                                   
00003ed5  __aeabi_memset                                    
00003ed5  __aeabi_memset4                                   
00003ed5  __aeabi_memset8                                   
00003edb  memset                                            
00003f4d  __TI_auto_init                                    
00004025  IntDisable                                        
0000408d  IntEnable                                         
000040f5  GPIOIntTypeSet                                    
0000414b  ltoa                                              
000041a1  _c_int00                                          
000041f1  copy_in                                           
0000423d  GPIOPinConfigure                                  
00004285  UARTConfigSetExpClk                               
000042cd  C$$EXIT                                           
000042d1  abort                                             
000042d9  exit                                              
00004311  __aeabi_uidiv                                     
00004311  __aeabi_uidivmod                                  
00004351  ADCSequenceConfigure                              
0000438f  SSIConfigSetExpClk                                
000043cd  SysCtlPeripheralPresent                           
00004405  SysCtlPeripheralEnable                            
00004439  strstr                                            
0000446d  ADCIntStatus                                      
0000449b  GPIODirModeSet                                    
000044c5  PWMGenConfigure                                   
000044e9  UARTDisable                                       
00004509  ADCSequenceDataGet                                
00004527  PWMPulseWidthSet                                  
00004545  ADCClockConfigSet                                 
0000455d  ADCProcessorTrigger                               
00004575  GPIOPinTypeGPIOOutput                             
0000458d  _args_main                                        
000045a5  strcmp                                            
000045bd  strchr                                            
000045d5  FPUStackingEnable                                 
000045e9  SysCtlPWMClockSet                                 
000045fd  SysTickEnable                                     
00004611  SysTickIntEnable                                  
00004625  UARTEnable                                        
00004639  _register_unlock                                  
0000463f  _register_lock                                    
00004647  _nop                                              
0000464d  strlen                                            
00004661  GPIOPinTypeADC                                    
00004673  GPIOPinTypeGPIOInput                              
00004685  GPIOPinTypePWM                                    
00004697  GPIOPinTypeSSI                                    
000046a9  GPIOPinTypeUART                                   
000046bb  PWMOutputState                                    
000046cd  SSIDataGetNonBlocking                             
000046df  ADCIntEnable                                      
000046f1  FPUEnable                                         
00004701  IntMasterDisable                                  
00004711  IntMasterEnable                                   
00004721  PWMGenPeriodSet                                   
00004731  SysTickPeriodSet                                  
00004741  ADCHardwareOversampleConfigure                    
0000474f  ADCIntDisable                                     
0000475d  ADCSequenceDisable                                
0000476b  ADCSequenceEnable                                 
00004779  GPIOIntDisable                                    
00004787  SSIDataPutNonBlocking                             
00004795  UARTCharGetNonBlocking                            
000047a3  UARTCharPutNonBlocking                            
000047b1  UARTCharsAvail                                    
000047bf  UARTSpaceAvail                                    
000047cd  __TI_decompress_none                              
000047db  CPUcpsid                                          
000047e7  CPUcpsie                                          
000047f3  GPIOIntEnable                                     
000047ff  PWMGenDisable                                     
0000480b  PWMGenEnable                                      
00004817  SSIDataGet                                        
00004823  __TI_zero_init                                    
0000482f  ResetISR                                          
0000483b  ADCIntClear                                       
00004845  PWMGenIntTrigEnable                               
0000484f  SSIDataPut                                        
00004859  SSIDisable                                        
00004863  SSIEnable                                         
0000486d  SSIIntDisable                                     
00004877  SSIIntStatus                                      
00004881  UARTIntDisable                                    
0000488b  UARTIntStatus                                     
00004895  _ZN4aeo114ssi_peripheral4OnRxEv                   
0000489f  _ZN4aeo114ssi_peripheral4OnTxEv                   
000048a9  PWMIntEnable                                      
000048b1  SSIIntEnable                                      
000048b9  UARTIntEnable                                     
000048c1  _ZdlPv                                            
000048c9  GPIOPinWrite                                      
000048cf  PWMGenIntClear                                    
000048d5  SysCtlDelay                                       
000048db  UARTClockSourceSet                                
000048e1  UARTFIFOLevelSet                                  
000048e7  __TI_decompress_rle24                             
000048ed  SSIIntClear                                       
000048f1  UARTIntClear                                      
000048f5  _system_pre_init                                  
00004e42  _ZTSe                                             
000054e4  _ZTSN10__cxxabiv123__fundamental_type_infoE       
0000550c  _ZTVN4aeo111ssi_drv8711E                          
00005534  _ZTVN4aeo114ssi_peripheralE                       
00005584  _ZTSN10__cxxabiv120__si_class_type_infoE          
000055a9  _ZTSN10__cxxabiv119__pointer_type_infoE           
000055cd  _ZTSN10__cxxabiv117__class_type_infoE             
000055ef  _ZTSN10__cxxabiv117__pbase_type_infoE             
00005630  _ZTSN4aeo114ssi_peripheralE                       
00005648  _ZTSN4aeo112adc_potmeterE                         
0000565e  _ZTSN4aeo111pwm_stepperE                          
00005673  _ZTSN4aeo111ssi_drv8711E                          
000056b0  _ZTIPKe                                           
000056c0  _ZTSN4aeo17drv8711E                               
000056d0  _ZTSN4aeo17esp8266E                               
000056e0  _ZTVN10__cxxabiv117__class_type_infoE             
000056f0  _ZTVN10__cxxabiv119__pointer_type_infoE           
00005700  _ZTVN10__cxxabiv120__si_class_type_infoE          
00005710  _ZTVN10__cxxabiv123__fundamental_type_infoE       
00005720  _ZTVN4aeo111pwm_stepperE                          
00005730  _ZTVN4aeo112adc_potmeterE                         
00005740  _ZTVN4aeo17drv8711E                               
00005750  _ZTVN4aeo17esp8266E                               
00005760  _ZTSSt9type_info                                  
00005770  _ZTIN10__cxxabiv117__class_type_infoE             
0000577c  _ZTIN10__cxxabiv117__pbase_type_infoE             
00005788  _ZTIN10__cxxabiv119__pointer_type_infoE           
00005794  _ZTIN10__cxxabiv120__si_class_type_infoE          
000057a0  _ZTIN10__cxxabiv123__fundamental_type_infoE       
000057ac  _ZTIN4aeo111ssi_drv8711E                          
000057b8  _ZTIN4aeo111pwm_stepperE                          
000057c0  _ZTIN4aeo112adc_potmeterE                         
000057c8  _ZTIN4aeo114ssi_peripheralE                       
000057d0  _ZTIN4aeo17drv8711E                               
000057d8  _ZTIN4aeo17esp8266E                               
000057e0  _ZTISt9type_info                                  
000057e8  _ZTIe                                             
000057f0  _ZTSPKe                                           
000057f4  SHT$$INIT_ARRAY$$Base                             
000057f8  SHT$$INIT_ARRAY$$Limit                            
00005968  __TI_Handler_Table_Base                           
00005974  __TI_Handler_Table_Limit                          
00005980  __TI_CINIT_Base                                   
00005990  __TI_CINIT_Limit                                  
20000400  g_oEsp8266                                        
20000598  g_oDrv8711                                        
20000768  _ZSt16__dummy_typeinfo                            
2000076c  __dso_handle                                      
20000778  __stack                                           
20000978  __STACK_END                                       
20000978  __STACK_TOP                                       
20000978  g_psCmdTable                                      
20000a08  _ZN4aeo118SSI0_SpecificationE                     
20000a3c  _ZN4aeo118SSI1_SpecificationE                     
20000a70  _ZN4aeo118SSI2_SpecificationE                     
20000aa4  _ZN4aeo118SSI3_SpecificationE                     
20000af0  _ZN4aeo112adc_potmeter10m_nCounterE               
20000af4  _ZN4aeo112adc_potmeter15m_nErrorCounterE          
20000af8  _ZN4aeo112adc_potmeter14m_nReadCounterE           
20000afc  _ZN4aeo112adc_potmeter16m_pTheOneAndOnlyE         
20000b1c  _lock                                             
20000b20  _unlock                                           
20000b24  __TI_cleanup_ptr                                  
20000b28  __TI_dtors_ptr                                    
20000b3c  main_func_sp                                      
20000b48  _sys_memory                                       
ffffffff  __binit__                                         
ffffffff  __c_args__                                        
ffffffff  binit                                             

[374 symbols]
