******************************************************************************
                  TI ARM Linker PC v5.1.9                      
******************************************************************************
>> Linked Thu Dec 11 19:43:55 2014

OUTPUT FILE NAME:   <can.out>
ENTRY POINT SYMBOL: "_c_int00"  address: 00001bcd


MEMORY CONFIGURATION

         name            origin    length      used     unused   attr    fill
----------------------  --------  ---------  --------  --------  ----  --------
  FLASH                 00000000   00040000  000026fa  0003d906  R  X
  SRAM                  20000000   00008000  0000029a  00007d66  RW X


SEGMENT ALLOCATION MAP

run origin  load origin   length   init length attrs members
----------  ----------- ---------- ----------- ----- -------
00000000    00000000    00002700   00002700    r-x
  00000000    00000000    0000026c   0000026c    r-- .intvecs
  0000026c    0000026c    00001e8a   00001e8a    r-x .text
  000020f8    000020f8    000005b4   000005b4    r-- .const
  000026b0    000026b0    00000050   00000050    r-- .cinit
20000000    20000000    0000029c   00000000    rw-
  20000000    20000000    00000200   00000000    rw- .stack
  20000200    20000200    0000005a   00000000    rw- .bss
  2000025c    2000025c    00000040   00000000    rw- .data


SECTION ALLOCATION MAP

 output                                  attributes/
section   page    origin      length       input sections
--------  ----  ----------  ----------   ----------------
.init_array 
*          0    00000000    00000000     UNINITIALIZED

.intvecs   0    00000000    0000026c     
                  00000000    0000026c     startup_ccs.obj (.intvecs)

.text      0    0000026c    00001e8a     
                  0000026c    00000266     grlib.lib : string.obj (.text:GrFontGlyphRender)
                  000004d2    00000002     cfal96x64x16.obj (.text:CFAL96x64x16Flush)
                  000004d4    0000024c     can.obj (.text:main)
                  00000720    000001ea     uartstdio.obj (.text:UARTvprintf)
                  0000090a    00000002     startup_ccs.obj (.text:FaultISR)
                  0000090c    00000184     cfal96x64x16.obj (.text:CFAL96x64x16Init)
                  00000a90    0000013c     driverlib.lib : can.obj (.text:CANMessageSet)
                  00000bcc    0000013c     cfal96x64x16.obj (.text:CFAL96x64x16PixelDrawMultiple)
                  00000d08    00000130     driverlib.lib : gpio.obj (.text:GPIOPadConfigSet)
                  00000e38    00000118     can.obj (.text:CANErrorHandler)
                  00000f50    00000118     driverlib.lib : sysctl.obj (.text:SysCtlClockGet)
                  00001068    00000110                   : can.obj (.text:CANMessageGet)
                  00001178    000000ca     grlib.lib : string.obj (.text:GrDefaultStringRenderer)
                  00001242    00000002     startup_ccs.obj (.text:IntDefaultHandler)
                  00001244    000000c4     can.obj (.text:InitGraphics)
                  00001308    000000a8     can.obj (.text:InitCAN0)
                  000013b0    0000009c     rtsv7M4_T_le_v4SPD16_eabi.lib : memcpy_t2.obj (.text)
                  0000144c    00000094                                   : auto_init.obj (.text)
                  000014e0    0000008e     cfal96x64x16.obj (.text:CFAL96x64x16LineDrawV)
                  0000156e    00000086     grlib.lib : rectangle.obj (.text:GrRectFill)
                  000015f4    00000070     can.obj (.text:CAN0IntHandler)
                  00001664    0000006c     cfal96x64x16.obj (.text:CFAL96x64x16LineDrawH)
                  000016d0    0000006a     grlib.lib : string.obj (.text:GrStringWidthGet)
                  0000173a    00000002     startup_ccs.obj (.text:NmiSR)
                  0000173c    00000068     driverlib.lib : can.obj (.text:CANBitRateSet)
                  000017a4    00000066     grlib.lib : rectangle.obj (.text:GrRectDraw)
                  0000180a    00000002     --HOLE-- [fill = 0]
                  0000180c    00000064     can.obj (.text:ConfigureUART)
                  00001870    00000064     grlib.lib : context.obj (.text:GrContextInit)
                  000018d4    00000060     driverlib.lib : interrupt.obj (.text:IntEnable)
                  00001934    00000060     uartstdio.obj (.text:UARTStdioConfig)
                  00001994    0000005e     rtsv7M4_T_le_v4SPD16_eabi.lib : copy_decompress_rle.obj (.text)
                  000019f2    0000005c     grlib.lib : string.obj (.text:FontWideGlyphDataGet)
                  00001a4e    00000002     --HOLE-- [fill = 0]
                  00001a50    00000050     cfal96x64x16.obj (.text:CFAL96x64x16WriteCommand)
                  00001aa0    00000050     cfal96x64x16.obj (.text:CFAL96x64x16WriteData)
                  00001af0    0000004a     grlib.lib : string.obj (.text:UpdateContextCharMapping)
                  00001b3a    00000002     --HOLE-- [fill = 0]
                  00001b3c    00000048     driverlib.lib : gpio.obj (.text:GPIOPinConfigure)
                  00001b84    00000048     uartstdio.obj (.text:UARTwrite)
                  00001bcc    00000048     rtsv7M4_T_le_v4SPD16_eabi.lib : boot.obj (.text)
                  00001c14    00000046     grlib.lib : line.obj (.text:GrLineDrawH)
                  00001c5a    00000046               : line.obj (.text:GrLineDrawV)
                  00001ca0    00000044     rtsv7M4_T_le_v4SPD16_eabi.lib : cpy_tbl.obj (.text)
                  00001ce4    00000044                                   : exit.obj (.text)
                  00001d28    00000042                                   : u_divt2.obj (.text)
                  00001d6a    00000040     driverlib.lib : can.obj (.text:CANStatusGet)
                  00001daa    0000003a                   : can.obj (.text:CANInit)
                  00001de4    0000003a     grlib.lib : string.obj (.text:FontGlyphDataGet)
                  00001e1e    00000002     --HOLE-- [fill = 0]
                  00001e20    00000034     driverlib.lib : sysctl.obj (.text:SysCtlPeripheralEnable)
                  00001e54    00000032     cfal96x64x16.obj (.text:CFAL96x64x16PixelDraw)
                  00001e86    0000002a     cfal96x64x16.obj (.text:CFAL96x64x16RectFill)
                  00001eb0    0000002a     driverlib.lib : gpio.obj (.text:GPIODirModeSet)
                  00001eda    0000002a     grlib.lib : string.obj (.text:GrFontBaselineGet)
                  00001f04    0000002a               : string.obj (.text:GrStringNextCharGet)
                  00001f2e    0000002a     driverlib.lib : can.obj (.text:_CANDataRegRead)
                  00001f58    00000026     grlib.lib : string.obj (.text:GrFontInfoGet)
                  00001f7e    00000024     driverlib.lib : can.obj (.text:_CANDataRegWrite)
                  00001fa2    00000022                   : can.obj (.text:CANIntClear)
                  00001fc4    00000022     grlib.lib : string.obj (.text:GrFontGlyphDataGet)
                  00001fe6    0000001e     driverlib.lib : can.obj (.text:CANIntStatus)
                  00002004    0000001e     grlib.lib : string.obj (.text:GrFontCodepageGet)
                  00002022    0000001a     uartstdio.obj (.text:UARTprintf)
                  0000203c    00000018     rtsv7M4_T_le_v4SPD16_eabi.lib : args_main.obj (.text)
                  00002054    00000016     cfal96x64x16.obj (.text:CFAL96x64x16ColorTranslate)
                  0000206a    00000002     --HOLE-- [fill = 0]
                  0000206c    00000014     rtsv7M4_T_le_v4SPD16_eabi.lib : _lock.obj (.text)
                  00002080    00000012     driverlib.lib : gpio.obj (.text:GPIOPinTypeCAN)
                  00002092    00000012     grlib.lib : string.obj (.text:GrStringDraw)
                  000020a4    00000012     rtsv7M4_T_le_v4SPD16_eabi.lib : copy_zero_init.obj (.text:decompress:ZI)
                  000020b6    0000000e                                   : copy_decompress_none.obj (.text:decompress:none)
                  000020c4    0000000a     driverlib.lib : can.obj (.text:CANEnable)
                  000020ce    00000008                   : can.obj (.text:CANIntEnable)
                  000020d6    00000008     grlib.lib : charmap.obj (.text:GrMapISO8859_1_Unicode)
                  000020de    00000006               : string.obj (.text:GrContextFontSet)
                  000020e4    00000006     startup_ccs.obj (.text:ResetISR)
                  000020ea    00000006     driverlib.lib : uart.obj (.text:UARTClockSourceSet)
                  000020f0    00000006     rtsv7M4_T_le_v4SPD16_eabi.lib : copy_decompress_rle.obj (.text:decompress:rle24)

.const     0    000020f8    000005b4     
                  000020f8    000002f8     grlib.lib : fontfixed6x8.obj (.const:.string:g_pui8FontFixed6x8Data)
                  000023f0    000000c8               : fontfixed6x8.obj (.const:g_sFontFixed6x8)
                  000024b8    00000090     driverlib.lib : gpio.obj (.const:g_pui32GPIOBaseAddrs)
                  00002548    00000070                   : interrupt.obj (.const)
                  000025b8    0000006c                   : sysctl.obj (.const:g_pui32Xtals)
                  00002624    00000028     cfal96x64x16.obj (.const:g_sCFAL96x64x16)
                  0000264c    00000020     driverlib.lib : can.obj (.const)
                  0000266c    0000001c     uartstdio.obj (.const)
                  00002688    00000012     uartstdio.obj (.const:.string)
                  0000269a    00000002     --HOLE-- [fill = 0]
                  0000269c    00000010     grlib.lib : context.obj (.const)

.cinit     0    000026b0    00000050     
                  000026b0    0000002b     (.cinit..data.load) [load image, compression = rle]
                  000026db    00000001     --HOLE-- [fill = 0]
                  000026dc    0000000c     (__TI_handler_table)
                  000026e8    00000008     (.cinit..bss.load) [load image, compression = zero_init]
                  000026f0    00000010     (__TI_cinit_table)

.stack     0    20000000    00000200     UNINITIALIZED
                  20000000    00000200     --HOLE--

.bss       0    20000200    0000005a     UNINITIALIZED
                  20000200    0000002c     can.obj (.bss:g_sContext)
                  2000022c    00000014     (.common:g_sCAN0RxMessage)
                  20000240    00000014     (.common:g_sCAN0TxMessage)
                  20000254    00000004     grlib.lib : context.obj (.bss)
                  20000258    00000001     (.common:g_ui8RXMsgData)
                  20000259    00000001     (.common:g_ui8TXMsgData)

.data      0    2000025c    00000040     UNINITIALIZED
                  2000025c    00000013     cfal96x64x16.obj (.data)
                  2000026f    00000001     --HOLE--
                  20000270    00000010     can.obj (.data)
                  20000280    00000008     rtsv7M4_T_le_v4SPD16_eabi.lib : _lock.obj (.data)
                  20000288    00000008                                   : exit.obj (.data)
                  20000290    00000005     uartstdio.obj (.data)
                  20000295    00000003     --HOLE--
                  20000298    00000004     rtsv7M4_T_le_v4SPD16_eabi.lib : stkdepth_vars.obj (.data)


LINKER GENERATED COPY TABLES

__TI_cinit_table @ 000026f0 records: 2, size/record: 8, table size: 16
	.data: load addr=000026b0, load size=0000002b bytes, run addr=2000025c, run size=00000040 bytes, compression=rle
	.bss: load addr=000026e8, load size=00000008 bytes, run addr=20000200, run size=0000005a bytes, compression=zero_init


LINKER GENERATED HANDLER TABLE

__TI_handler_table @ 000026dc records: 3, size/record: 4, table size: 12
	index: 0, handler: __TI_decompress_rle24
	index: 1, handler: __TI_decompress_none
	index: 2, handler: __TI_zero_init


GLOBAL SYMBOLS: SORTED ALPHABETICALLY BY Name 

address    name
--------   ----
00001ce5   C$$EXIT
000015f5   CAN0IntHandler
0000173d   CANBitRateSet
000020c5   CANEnable
00000e39   CANErrorHandler
00001dab   CANInit
00001fa3   CANIntClear
000020cf   CANIntEnable
00001fe7   CANIntStatus
00001069   CANMessageGet
00000a91   CANMessageSet
00001d6b   CANStatusGet
0000090d   CFAL96x64x16Init
0000180d   ConfigureUART
00001eb1   GPIODirModeSet
00000d09   GPIOPadConfigSet
00001b3d   GPIOPinConfigure
00002081   GPIOPinTypeCAN
000020df   GrContextFontSet
00001871   GrContextInit
00001179   GrDefaultStringRenderer
00001edb   GrFontBaselineGet
00002005   GrFontCodepageGet
00001fc5   GrFontGlyphDataGet
0000026d   GrFontGlyphRender
00001f59   GrFontInfoGet
00001c15   GrLineDrawH
00001c5b   GrLineDrawV
000020d7   GrMapISO8859_1_Unicode
000017a5   GrRectDraw
0000156f   GrRectFill
00002093   GrStringDraw
00001f05   GrStringNextCharGet
000016d1   GrStringWidthGet
00001309   InitCAN0
00001245   InitGraphics
000018d5   IntEnable
000020e5   ResetISR
UNDEFED    SHT$$INIT_ARRAY$$Base
UNDEFED    SHT$$INIT_ARRAY$$Limit
00000f51   SysCtlClockGet
00001e21   SysCtlPeripheralEnable
000020eb   UARTClockSourceSet
00001935   UARTStdioConfig
00002023   UARTprintf
00000721   UARTvprintf
00001b85   UARTwrite
20000200   __STACK_END
00000200   __STACK_SIZE
20000200   __STACK_TOP
000026f0   __TI_CINIT_Base
00002700   __TI_CINIT_Limit
000026dc   __TI_Handler_Table_Base
000026e8   __TI_Handler_Table_Limit
00000001   __TI_args_main
0000144d   __TI_auto_init
20000288   __TI_cleanup_ptr
000020b7   __TI_decompress_none
000020f1   __TI_decompress_rle24
2000028c   __TI_dtors_ptr
000026b0   __TI_static_base__
000020a5   __TI_zero_init
000013b1   __aeabi_memcpy
000013b1   __aeabi_memcpy4
000013b1   __aeabi_memcpy8
00001d29   __aeabi_uidiv
00001d29   __aeabi_uidivmod
ffffffff   __binit__
ffffffff   __c_args__
20000000   __stack
0000203d   _args_main
00001bcd   _c_int00
20000280   _lock
0000207b   _nop
00002073   _register_lock
0000206d   _register_unlock
20000284   _unlock
00001ce9   abort
ffffffff   binit
00001ca1   copy_in
00001cf1   exit
20000278   g_bRXFlag
00000000   g_pfnVectors
0000269c   g_psDefaultCodePointMapTable
2000022c   g_sCAN0RxMessage
20000240   g_sCAN0TxMessage
00002624   g_sCFAL96x64x16
20000200   g_sContext
000023f0   g_sFontFixed6x8
2000027c   g_ui32ErrFlag
20000270   g_ui32RXMsgCount
20000274   g_ui32TXMsgCount
20000258   g_ui8RXMsgData
20000259   g_ui8TXMsgData
000004d5   main
20000298   main_func_sp
000013b1   memcpy


GLOBAL SYMBOLS: SORTED BY Symbol Address 

address    name
--------   ----
00000000   g_pfnVectors
00000001   __TI_args_main
00000200   __STACK_SIZE
0000026d   GrFontGlyphRender
000004d5   main
00000721   UARTvprintf
0000090d   CFAL96x64x16Init
00000a91   CANMessageSet
00000d09   GPIOPadConfigSet
00000e39   CANErrorHandler
00000f51   SysCtlClockGet
00001069   CANMessageGet
00001179   GrDefaultStringRenderer
00001245   InitGraphics
00001309   InitCAN0
000013b1   __aeabi_memcpy
000013b1   __aeabi_memcpy4
000013b1   __aeabi_memcpy8
000013b1   memcpy
0000144d   __TI_auto_init
0000156f   GrRectFill
000015f5   CAN0IntHandler
000016d1   GrStringWidthGet
0000173d   CANBitRateSet
000017a5   GrRectDraw
0000180d   ConfigureUART
00001871   GrContextInit
000018d5   IntEnable
00001935   UARTStdioConfig
00001b3d   GPIOPinConfigure
00001b85   UARTwrite
00001bcd   _c_int00
00001c15   GrLineDrawH
00001c5b   GrLineDrawV
00001ca1   copy_in
00001ce5   C$$EXIT
00001ce9   abort
00001cf1   exit
00001d29   __aeabi_uidiv
00001d29   __aeabi_uidivmod
00001d6b   CANStatusGet
00001dab   CANInit
00001e21   SysCtlPeripheralEnable
00001eb1   GPIODirModeSet
00001edb   GrFontBaselineGet
00001f05   GrStringNextCharGet
00001f59   GrFontInfoGet
00001fa3   CANIntClear
00001fc5   GrFontGlyphDataGet
00001fe7   CANIntStatus
00002005   GrFontCodepageGet
00002023   UARTprintf
0000203d   _args_main
0000206d   _register_unlock
00002073   _register_lock
0000207b   _nop
00002081   GPIOPinTypeCAN
00002093   GrStringDraw
000020a5   __TI_zero_init
000020b7   __TI_decompress_none
000020c5   CANEnable
000020cf   CANIntEnable
000020d7   GrMapISO8859_1_Unicode
000020df   GrContextFontSet
000020e5   ResetISR
000020eb   UARTClockSourceSet
000020f1   __TI_decompress_rle24
000023f0   g_sFontFixed6x8
00002624   g_sCFAL96x64x16
0000269c   g_psDefaultCodePointMapTable
000026b0   __TI_static_base__
000026dc   __TI_Handler_Table_Base
000026e8   __TI_Handler_Table_Limit
000026f0   __TI_CINIT_Base
00002700   __TI_CINIT_Limit
20000000   __stack
20000200   __STACK_END
20000200   __STACK_TOP
20000200   g_sContext
2000022c   g_sCAN0RxMessage
20000240   g_sCAN0TxMessage
20000258   g_ui8RXMsgData
20000259   g_ui8TXMsgData
20000270   g_ui32RXMsgCount
20000274   g_ui32TXMsgCount
20000278   g_bRXFlag
2000027c   g_ui32ErrFlag
20000280   _lock
20000284   _unlock
20000288   __TI_cleanup_ptr
2000028c   __TI_dtors_ptr
20000298   main_func_sp
ffffffff   __binit__
ffffffff   __c_args__
ffffffff   binit
UNDEFED    SHT$$INIT_ARRAY$$Base
UNDEFED    SHT$$INIT_ARRAY$$Limit

[97 symbols]
