******************************************************************************
                  TI ARM Linker PC v5.1.8                      
******************************************************************************
>> Linked Thu Jul 23 23:21:30 2015

OUTPUT FILE NAME:   <test_adc.out>
ENTRY POINT SYMBOL: "_c_int00"  address: 00002b99


MEMORY CONFIGURATION

         name            origin    length      used     unused   attr    fill
----------------------  --------  ---------  --------  --------  ----  --------
  FLASH                 00000000   00040000  0000353a  0003cac6  R  X
  SRAM                  20000000   00008000  00000540  00007ac0  RW X


SEGMENT ALLOCATION MAP

run origin  load origin   length   init length attrs members
----------  ----------- ---------- ----------- ----- -------
00000000    00000000    00003540   00003540    r-x
  00000000    00000000    0000026c   0000026c    r-- .intvecs
  0000026c    0000026c    00002e40   00002e40    r-x .text
  000030ac    000030ac    000003f6   000003f6    r-- .const
  000034a8    000034a8    00000098   00000098    r-- .cinit
20000000    20000000    00000540   00000000    rw-
  20000000    20000000    00000400   00000000    rw- .stack
  20000400    20000400    00000124   00000000    rw- .data
  20000524    20000524    00000014   00000000    rw- .bss
  20000538    20000538    00000008   00000000    rw- .sysmem


SECTION ALLOCATION MAP

 output                                  attributes/
section   page    origin      length       input sections
--------  ----  ----------  ----------   ----------------
.intvecs   0    00000000    0000026c     
                  00000000    0000026c     tm4c1233h6pm_startup_ccs.obj (.intvecs)

.init_array 
*          0    00000000    00000000     UNINITIALIZED

.text      0    0000026c    00002e40     
                  0000026c    00000ec0     rtsv7M4_T_le_v4SPD16_eabi.lib : _printfi.obj (.text)
                  0000112c    000003dc                                   : memory.obj (.text)
                  00001508    00000354     rgb.obj (.text)
                  0000185c    00000250     main.obj (.text)
                  00001aac    000001f4     rtsv7M4_T_le_v4SPD16_eabi.lib : ull_div_t2.obj (.text)
                  00001ca0    000001b8     ain7.obj (.text)
                  00001e58    000001b6     rtsv7M4_T_le_v4SPD16_eabi.lib : fd_add_t2.obj (.text)
                  0000200e    00000136                                   : fd_div_t2.obj (.text)
                  00002144    00000130     driverlib.lib : gpio.obj (.text:GPIOPadConfigSet)
                  00002274    00000118                   : sysctl.obj (.text:SysCtlClockGet)
                  0000238c    000000fc     rtsv7M4_T_le_v4SPD16_eabi.lib : fd_mul_t2.obj (.text)
                  00002488    000000bc                                   : typeinfo_.obj (.text)
                  00002544    0000009c                                   : memcpy_t2.obj (.text)
                  000025e0    00000094                                   : auto_init.obj (.text)
                  00002674    00000086                                   : fd_cmp_t2.obj (.text:__aeabi_cdcmple)
                  000026fa    00000086                                   : fd_cmp_t2.obj (.text:__aeabi_cdrcmple)
                  00002780    00000080     driverlib.lib : adc.obj (.text:ADCSequenceStepConfigure)
                  00002800    0000007a     rtsv7M4_T_le_v4SPD16_eabi.lib : memset_t2.obj (.text)
                  0000287a    00000002     --HOLE-- [fill = 0]
                  0000287c    00000060     driverlib.lib : interrupt.obj (.text:IntDisable)
                  000028dc    00000060                   : interrupt.obj (.text:IntEnable)
                  0000293c    00000060     rtsv7M4_T_le_v4SPD16_eabi.lib : sprintf.obj (.text)
                  0000299c    0000005e                                   : copy_decompress_rle.obj (.text)
                  000029fa    00000002     --HOLE-- [fill = 0]
                  000029fc    0000005c     driverlib.lib : timer.obj (.text:TimerConfigure)
                  00002a58    0000005a     rtsv7M4_T_le_v4SPD16_eabi.lib : ltoa.obj (.text)
                  00002ab2    00000050                                   : fs_toull_t2.obj (.text)
                  00002b02    00000002     --HOLE-- [fill = 0]
                  00002b04    0000004c                                   : atoi.obj (.text)
                  00002b50    00000048     driverlib.lib : gpio.obj (.text:GPIOPinConfigure)
                  00002b98    00000048     rtsv7M4_T_le_v4SPD16_eabi.lib : boot.obj (.text)
                  00002be0    00000048                                   : fd_toi_t2.obj (.text)
                  00002c28    00000044                                   : cpy_tbl.obj (.text)
                  00002c6c    00000044                                   : exit.obj (.text)
                  00002cb0    00000044                                   : xdtest.obj (.text)
                  00002cf4    00000040     driverlib.lib : uart.obj (.text:UARTConfigSetExpClk)
                  00002d34    0000003e                   : adc.obj (.text:ADCSequenceConfigure)
                  00002d72    00000002     --HOLE-- [fill = 0]
                  00002d74    00000034                   : sysctl.obj (.text:SysCtlPeripheralEnable)
                  00002da8    0000002e                   : adc.obj (.text:ADCIntStatus)
                  00002dd6    0000002e     rtsv7M4_T_le_v4SPD16_eabi.lib : i_tofd_t2.obj (.text)
                  00002e04    0000002a     driverlib.lib : gpio.obj (.text:GPIODirModeSet)
                  00002e2e    0000001e                   : adc.obj (.text:ADCSequenceDataGet)
                  00002e4c    0000001c                   : uart.obj (.text:UARTDisable)
                  00002e68    0000001c     rtsv7M4_T_le_v4SPD16_eabi.lib : memccpy.obj (.text)
                  00002e84    00000018     driverlib.lib : adc.obj (.text:ADCClockConfigSet)
                  00002e9c    00000018     rtsv7M4_T_le_v4SPD16_eabi.lib : args_main.obj (.text)
                  00002eb4    00000018                                   : ll_mul_t2.obj (.text)
                  00002ecc    00000016     driverlib.lib : adc.obj (.text:ADCProcessorTrigger)
                  00002ee2    00000002     --HOLE-- [fill = 0]
                  00002ee4    00000014                   : timer.obj (.text:TimerDisable)
                  00002ef8    00000014                   : uart.obj (.text:UARTEnable)
                  00002f0c    00000014     rtsv7M4_T_le_v4SPD16_eabi.lib : _lock.obj (.text)
                  00002f20    00000014                                   : strlen.obj (.text)
                  00002f34    00000012     driverlib.lib : adc.obj (.text:ADCHardwareOversampleConfigure)
                  00002f46    00000012                   : gpio.obj (.text:GPIOPinTypeADC)
                  00002f58    00000012                   : gpio.obj (.text:GPIOPinTypeGPIOInput)
                  00002f6a    00000012                   : gpio.obj (.text:GPIOPinTypeTimer)
                  00002f7c    00000012                   : gpio.obj (.text:GPIOPinTypeUART)
                  00002f8e    00000012                   : timer.obj (.text:TimerLoadSet)
                  00002fa0    00000012                   : timer.obj (.text:TimerMatchSet)
                  00002fb2    00000012     rtsv7M4_T_le_v4SPD16_eabi.lib : copy_zero_init.obj (.text:decompress:ZI)
                  00002fc4    00000012                                   : xdclass.obj (.text)
                  00002fd6    00000010     driverlib.lib : adc.obj (.text:ADCIntEnable)
                  00002fe6    0000000e                   : adc.obj (.text:ADCIntDisable)
                  00002ff4    0000000e                   : adc.obj (.text:ADCSequenceDisable)
                  00003002    0000000e                   : adc.obj (.text:ADCSequenceEnable)
                  00003010    0000000e                   : timer.obj (.text:TimerEnable)
                  0000301e    0000000e                   : uart.obj (.text:UARTCharGetNonBlocking)
                  0000302c    0000000e     main.obj (.text:_ZNK4ain79IsUpdatedEv)
                  0000303a    0000000e     rtsv7M4_T_le_v4SPD16_eabi.lib : copy_decompress_none.obj (.text:decompress:none)
                  00003048    0000000c     driverlib.lib : uart.obj (.text:UARTCharsAvail)
                  00003054    0000000c     tm4c1233h6pm_startup_ccs.obj (.text)
                  00003060    0000000a     driverlib.lib : adc.obj (.text:ADCIntClear)
                  0000306a    0000000a                   : uart.obj (.text:UARTCharPut)
                  00003074    0000000a                   : uart.obj (.text:UARTIntStatus)
                  0000307e    00000008                   : timer.obj (.text:TimerIntEnable)
                  00003086    00000008                   : timer.obj (.text:TimerLoadSet64)
                  0000308e    00000008                   : uart.obj (.text:UARTIntEnable)
                  00003096    00000008     rtsv7M4_T_le_v4SPD16_eabi.lib : delete.obj (.text)
                  0000309e    00000006                                   : copy_decompress_rle.obj (.text:decompress:rle24)
                  000030a4    00000004     driverlib.lib : timer.obj (.text:TimerIntClear)
                  000030a8    00000004                   : uart.obj (.text:UARTIntClear)

.const     0    000030ac    000003f6     
                  000030ac    00000102     rtsv7M4_T_le_v4SPD16_eabi.lib : ctype.obj (.const:.string:_ctypes_)
                  000031ae    00000002                                   : typeinfo_.obj (.const:.typeinfo:_ZTSe)
                  000031b0    00000090     driverlib.lib : gpio.obj (.const:g_pui32GPIOBaseAddrs)
                  00003240    00000070                   : interrupt.obj (.const)
                  000032b0    0000006c                   : sysctl.obj (.const:g_pui32Xtals)
                  0000331c    00000028     rtsv7M4_T_le_v4SPD16_eabi.lib : typeinfo_.obj (.const:.typeinfo:_ZTSN10__cxxabiv123__fundamental_type_infoE)
                  00003344    00000025                                   : typeinfo_.obj (.const:.typeinfo:_ZTSN10__cxxabiv120__si_class_type_infoE)
                  00003369    00000024                                   : typeinfo_.obj (.const:.typeinfo:_ZTSN10__cxxabiv119__pointer_type_infoE)
                  0000338d    00000022                                   : typeinfo_.obj (.const:.typeinfo:_ZTSN10__cxxabiv117__class_type_infoE)
                  000033af    00000022                                   : typeinfo_.obj (.const:.typeinfo:_ZTSN10__cxxabiv117__pbase_type_infoE)
                  000033d1    00000003     --HOLE-- [fill = 0]
                  000033d4    00000010                                   : typeinfo_.obj (.const:.typeinfo:_ZTIPKe)
                  000033e4    00000010     ain7.obj (.const:_ZTV4ain7)
                  000033f4    00000010     rtsv7M4_T_le_v4SPD16_eabi.lib : typeinfo_.obj (.const:_ZTVN10__cxxabiv117__class_type_infoE)
                  00003404    00000010                                   : typeinfo_.obj (.const:_ZTVN10__cxxabiv119__pointer_type_infoE)
                  00003414    00000010                                   : typeinfo_.obj (.const:_ZTVN10__cxxabiv120__si_class_type_infoE)
                  00003424    00000010                                   : typeinfo_.obj (.const:_ZTVN10__cxxabiv123__fundamental_type_infoE)
                  00003434    0000000d                                   : typeinfo_.obj (.const:.typeinfo:_ZTSSt9type_info)
                  00003441    00000003     --HOLE-- [fill = 0]
                  00003444    0000000c                                   : typeinfo_.obj (.const:.typeinfo:_ZTIN10__cxxabiv117__class_type_infoE)
                  00003450    0000000c                                   : typeinfo_.obj (.const:.typeinfo:_ZTIN10__cxxabiv117__pbase_type_infoE)
                  0000345c    0000000c                                   : typeinfo_.obj (.const:.typeinfo:_ZTIN10__cxxabiv119__pointer_type_infoE)
                  00003468    0000000c                                   : typeinfo_.obj (.const:.typeinfo:_ZTIN10__cxxabiv120__si_class_type_infoE)
                  00003474    0000000c                                   : typeinfo_.obj (.const:.typeinfo:_ZTIN10__cxxabiv123__fundamental_type_infoE)
                  00003480    00000008     ain7.obj (.const:.typeinfo:_ZTI4ain7)
                  00003488    00000008     rtsv7M4_T_le_v4SPD16_eabi.lib : typeinfo_.obj (.const:.typeinfo:_ZTISt9type_info)
                  00003490    00000008                                   : typeinfo_.obj (.const:.typeinfo:_ZTIe)
                  00003498    00000006     ain7.obj (.const:.typeinfo:_ZTS4ain7)
                  0000349e    00000004     rtsv7M4_T_le_v4SPD16_eabi.lib : typeinfo_.obj (.const:.typeinfo:_ZTSPKe)

.cinit     0    000034a8    00000098     
                  000034a8    00000071     (.cinit..data.load) [load image, compression = rle]
                  00003519    00000003     --HOLE-- [fill = 0]
                  0000351c    0000000c     (__TI_handler_table)
                  00003528    00000008     (.cinit..bss.load) [load image, compression = zero_init]
                  00003530    00000010     (__TI_cinit_table)

.stack     0    20000000    00000400     UNINITIALIZED
                  20000000    00000400     --HOLE--

.data      0    20000400    00000124     UNINITIALIZED
                  20000400    00000080     main.obj (.data:m_zString)
                  20000480    00000078     main.obj (.data:oColorTable)
                  200004f8    0000000c     rtsv7M4_T_le_v4SPD16_eabi.lib : memory.obj (.data)
                  20000504    00000008                                   : _lock.obj (.data)
                  2000050c    00000008                                   : exit.obj (.data)
                  20000514    00000004     ain7.obj (.data)
                  20000518    00000004     main.obj (.data)
                  2000051c    00000004     rgb.obj (.data)
                  20000520    00000004     rtsv7M4_T_le_v4SPD16_eabi.lib : stkdepth_vars.obj (.data)

.bss       0    20000524    00000014     UNINITIALIZED
                  20000524    0000000c     (.common:g_ui32Colors)
                  20000530    00000004     (.common:_ZSt16__dummy_typeinfo)
                  20000534    00000004     (.common:ulFlags$1)

.sysmem    0    20000538    00000008     UNINITIALIZED
                  20000538    00000008     rtsv7M4_T_le_v4SPD16_eabi.lib : memory.obj (.sysmem)


LINKER GENERATED COPY TABLES

__TI_cinit_table @ 00003530 records: 2, size/record: 8, table size: 16
	.data: load addr=000034a8, load size=00000071 bytes, run addr=20000400, run size=00000124 bytes, compression=rle
	.bss: load addr=00003528, load size=00000008 bytes, run addr=20000524, run size=00000014 bytes, compression=zero_init


LINKER GENERATED HANDLER TABLE

__TI_handler_table @ 0000351c records: 3, size/record: 4, table size: 12
	index: 0, handler: __TI_decompress_rle24
	index: 1, handler: __TI_decompress_none
	index: 2, handler: __TI_zero_init


GLOBAL SYMBOLS: SORTED ALPHABETICALLY BY Name 

address    name
--------   ----
00002e85   ADCClockConfigSet
00002f35   ADCHardwareOversampleConfigure
00003061   ADCIntClear
00002fe7   ADCIntDisable
00002fd7   ADCIntEnable
00002da9   ADCIntStatus
00002ecd   ADCProcessorTrigger
00002d35   ADCSequenceConfigure
00002e2f   ADCSequenceDataGet
00002ff5   ADCSequenceDisable
00003003   ADCSequenceEnable
00002781   ADCSequenceStepConfigure
00002c6d   C$$EXIT
00002e05   GPIODirModeSet
00002145   GPIOPadConfigSet
00002b51   GPIOPinConfigure
00002f47   GPIOPinTypeADC
00002f59   GPIOPinTypeGPIOInput
00002f6b   GPIOPinTypeTimer
00002f7d   GPIOPinTypeUART
0000287d   IntDisable
000028dd   IntEnable
00001ca1   OnADCInterrupt
000018b3   OnConsoleInterrupt
0000175b   RGBBlinkRateSet
000016a9   RGBColorSet
00001657   RGBDisable
000015e7   RGBEnable
00001531   RGBInit
00001747   RGBIntensitySet
00001691   RGBSet
00003055   ResetISR
UNDEFED    SHT$$INIT_ARRAY$$Base
UNDEFED    SHT$$INIT_ARRAY$$Limit
00002275   SysCtlClockGet
00002d75   SysCtlPeripheralEnable
000029fd   TimerConfigure
00002ee5   TimerDisable
00003011   TimerEnable
000030a5   TimerIntClear
0000307f   TimerIntEnable
00002f8f   TimerLoadSet
00003087   TimerLoadSet64
00002fa1   TimerMatchSet
0000301f   UARTCharGetNonBlocking
0000306b   UARTCharPut
00003049   UARTCharsAvail
00002cf5   UARTConfigSetExpClk
00002e4d   UARTDisable
00002ef9   UARTEnable
000030a9   UARTIntClear
0000308f   UARTIntEnable
00003075   UARTIntStatus
00002fc5   _Dclass
00002cb1   _Dtest
000017c7   _Z11RGBColorGetPj
00001509   _Z18RGBBlinkIntHandlerv
000019b1   _Z8MainLoopv
00002535   _ZN10__cxxabiv116__enum_type_infoD0Ev
00002533   _ZN10__cxxabiv116__enum_type_infoD1Ev
00002533   _ZN10__cxxabiv116__enum_type_infoD2Ev
0000252b   _ZN10__cxxabiv117__array_type_infoD0Ev
00002529   _ZN10__cxxabiv117__array_type_infoD1Ev
00002529   _ZN10__cxxabiv117__array_type_infoD2Ev
00002521   _ZN10__cxxabiv117__class_type_infoD0Ev
0000251f   _ZN10__cxxabiv117__class_type_infoD1Ev
0000251f   _ZN10__cxxabiv117__class_type_infoD2Ev
00002517   _ZN10__cxxabiv117__pbase_type_infoD0Ev
00002515   _ZN10__cxxabiv117__pbase_type_infoD1Ev
00002515   _ZN10__cxxabiv117__pbase_type_infoD2Ev
0000250d   _ZN10__cxxabiv119__pointer_type_infoD0Ev
0000250b   _ZN10__cxxabiv119__pointer_type_infoD1Ev
0000250b   _ZN10__cxxabiv119__pointer_type_infoD2Ev
00002503   _ZN10__cxxabiv120__function_type_infoD0Ev
00002501   _ZN10__cxxabiv120__function_type_infoD1Ev
00002501   _ZN10__cxxabiv120__function_type_infoD2Ev
000024f9   _ZN10__cxxabiv120__si_class_type_infoD0Ev
000024f7   _ZN10__cxxabiv120__si_class_type_infoD1Ev
000024f7   _ZN10__cxxabiv120__si_class_type_infoD2Ev
000024ef   _ZN10__cxxabiv121__vmi_class_type_infoD0Ev
000024ed   _ZN10__cxxabiv121__vmi_class_type_infoD1Ev
000024ed   _ZN10__cxxabiv121__vmi_class_type_infoD2Ev
000024e5   _ZN10__cxxabiv123__fundamental_type_infoD0Ev
000024e3   _ZN10__cxxabiv123__fundamental_type_infoD1Ev
000024e3   _ZN10__cxxabiv123__fundamental_type_infoD2Ev
000024db   _ZN10__cxxabiv129__pointer_to_member_type_infoD0Ev
000024d9   _ZN10__cxxabiv129__pointer_to_member_type_infoD1Ev
000024d9   _ZN10__cxxabiv129__pointer_to_member_type_infoD2Ev
00001d11   _ZN4ain710InitializeEv
00001dcb   _ZN4ain711OnInterruptEv
00001db3   _ZN4ain715GetErrorCounterEv
20000514   _ZN4ain716m_pTheOneAndOnlyE
00001d8d   _ZN4ain77TriggerEv
00001d9b   _ZN4ain78GetValueEv
00001d71   _ZN4ain79TerminateEv
00001cb3   _ZN4ain7C1Ev
00001cb3   _ZN4ain7C2Ev
00001cfb   _ZN4ain7D0Ev
00001cd7   _ZN4ain7D1Ev
00001cd7   _ZN4ain7D2Ev
0000302d   _ZNK4ain79IsUpdatedEv
0000249b   _ZNKSt9type_info4nameEv
000024cb   _ZNKSt9type_info6beforeERKS_
000024b5   _ZNKSt9type_infoeqERKS_
0000249f   _ZNKSt9type_infoneERKS_
00002493   _ZNSt9type_infoD0Ev
00002491   _ZNSt9type_infoD1Ev
00002491   _ZNSt9type_infoD2Ev
20000530   _ZSt16__dummy_typeinfo
00002489   _ZSt21__gen_dummy_typeinfosv
00003480   _ZTI4ain7
00003444   _ZTIN10__cxxabiv117__class_type_infoE
00003450   _ZTIN10__cxxabiv117__pbase_type_infoE
0000345c   _ZTIN10__cxxabiv119__pointer_type_infoE
00003468   _ZTIN10__cxxabiv120__si_class_type_infoE
00003474   _ZTIN10__cxxabiv123__fundamental_type_infoE
000033d4   _ZTIPKe
00003488   _ZTISt9type_info
00003490   _ZTIe
00003498   _ZTS4ain7
0000338d   _ZTSN10__cxxabiv117__class_type_infoE
000033af   _ZTSN10__cxxabiv117__pbase_type_infoE
00003369   _ZTSN10__cxxabiv119__pointer_type_infoE
00003344   _ZTSN10__cxxabiv120__si_class_type_infoE
0000331c   _ZTSN10__cxxabiv123__fundamental_type_infoE
0000349e   _ZTSPKe
00003434   _ZTSSt9type_info
000031ae   _ZTSe
000033e4   _ZTV4ain7
000033f4   _ZTVN10__cxxabiv117__class_type_infoE
00003404   _ZTVN10__cxxabiv119__pointer_type_infoE
00003414   _ZTVN10__cxxabiv120__si_class_type_infoE
00003424   _ZTVN10__cxxabiv123__fundamental_type_infoE
00003097   _ZdlPv
20000400   __STACK_END
00000400   __STACK_SIZE
20000200   __STACK_TOP
00000008   __SYSMEM_SIZE
00003530   __TI_CINIT_Base
00003540   __TI_CINIT_Limit
0000351c   __TI_Handler_Table_Base
00003528   __TI_Handler_Table_Limit
00000001   __TI_args_main
000025e1   __TI_auto_init
2000050c   __TI_cleanup_ptr
0000303b   __TI_decompress_none
0000309f   __TI_decompress_rle24
20000510   __TI_dtors_ptr
00000e23   __TI_printfi
00000000   __TI_static_base__
00002fb3   __TI_zero_init
00002675   __aeabi_cdcmpeq
00002675   __aeabi_cdcmple
000026fb   __aeabi_cdrcmple
00002be1   __aeabi_d2iz
00001e63   __aeabi_dadd
0000200f   __aeabi_ddiv
0000238d   __aeabi_dmul
00001e59   __aeabi_dsub
00002ab3   __aeabi_f2ulz
00002dd7   __aeabi_i2d
00002eb5   __aeabi_lmul
00002801   __aeabi_memclr
00002801   __aeabi_memclr4
00002801   __aeabi_memclr8
00002545   __aeabi_memcpy
00002545   __aeabi_memcpy4
00002545   __aeabi_memcpy8
00002803   __aeabi_memset
00002803   __aeabi_memset4
00002803   __aeabi_memset8
00001aad   __aeabi_uldivmod
ffffffff   __binit__
ffffffff   __c_args__
20000000   __stack
00002e9d   _args_main
00002b99   _c_int00
000030ac   _ctypes_
20000504   _lock
00002f1b   _nop
00002f13   _register_lock
00002f0d   _register_unlock
20000538   _sys_memory
20000508   _unlock
00002c71   abort
00002b05   atoi
ffffffff   binit
000014d1   calloc
00002c29   copy_in
00002c79   exit
00001221   free
00000000   g_pfnVectors
00002a59   ltoa
00001a35   main
20000520   main_func_sp
000011b9   malloc
000013ed   memalign
00002e69   memccpy
00002545   memcpy
00002809   memset
0000112d   minit
000012e1   realloc
0000293d   sprintf
00002f21   strlen


GLOBAL SYMBOLS: SORTED BY Symbol Address 

address    name
--------   ----
00000000   __TI_static_base__
00000000   g_pfnVectors
00000001   __TI_args_main
00000008   __SYSMEM_SIZE
00000400   __STACK_SIZE
00000e23   __TI_printfi
0000112d   minit
000011b9   malloc
00001221   free
000012e1   realloc
000013ed   memalign
000014d1   calloc
00001509   _Z18RGBBlinkIntHandlerv
00001531   RGBInit
000015e7   RGBEnable
00001657   RGBDisable
00001691   RGBSet
000016a9   RGBColorSet
00001747   RGBIntensitySet
0000175b   RGBBlinkRateSet
000017c7   _Z11RGBColorGetPj
000018b3   OnConsoleInterrupt
000019b1   _Z8MainLoopv
00001a35   main
00001aad   __aeabi_uldivmod
00001ca1   OnADCInterrupt
00001cb3   _ZN4ain7C1Ev
00001cb3   _ZN4ain7C2Ev
00001cd7   _ZN4ain7D1Ev
00001cd7   _ZN4ain7D2Ev
00001cfb   _ZN4ain7D0Ev
00001d11   _ZN4ain710InitializeEv
00001d71   _ZN4ain79TerminateEv
00001d8d   _ZN4ain77TriggerEv
00001d9b   _ZN4ain78GetValueEv
00001db3   _ZN4ain715GetErrorCounterEv
00001dcb   _ZN4ain711OnInterruptEv
00001e59   __aeabi_dsub
00001e63   __aeabi_dadd
0000200f   __aeabi_ddiv
00002145   GPIOPadConfigSet
00002275   SysCtlClockGet
0000238d   __aeabi_dmul
00002489   _ZSt21__gen_dummy_typeinfosv
00002491   _ZNSt9type_infoD1Ev
00002491   _ZNSt9type_infoD2Ev
00002493   _ZNSt9type_infoD0Ev
0000249b   _ZNKSt9type_info4nameEv
0000249f   _ZNKSt9type_infoneERKS_
000024b5   _ZNKSt9type_infoeqERKS_
000024cb   _ZNKSt9type_info6beforeERKS_
000024d9   _ZN10__cxxabiv129__pointer_to_member_type_infoD1Ev
000024d9   _ZN10__cxxabiv129__pointer_to_member_type_infoD2Ev
000024db   _ZN10__cxxabiv129__pointer_to_member_type_infoD0Ev
000024e3   _ZN10__cxxabiv123__fundamental_type_infoD1Ev
000024e3   _ZN10__cxxabiv123__fundamental_type_infoD2Ev
000024e5   _ZN10__cxxabiv123__fundamental_type_infoD0Ev
000024ed   _ZN10__cxxabiv121__vmi_class_type_infoD1Ev
000024ed   _ZN10__cxxabiv121__vmi_class_type_infoD2Ev
000024ef   _ZN10__cxxabiv121__vmi_class_type_infoD0Ev
000024f7   _ZN10__cxxabiv120__si_class_type_infoD1Ev
000024f7   _ZN10__cxxabiv120__si_class_type_infoD2Ev
000024f9   _ZN10__cxxabiv120__si_class_type_infoD0Ev
00002501   _ZN10__cxxabiv120__function_type_infoD1Ev
00002501   _ZN10__cxxabiv120__function_type_infoD2Ev
00002503   _ZN10__cxxabiv120__function_type_infoD0Ev
0000250b   _ZN10__cxxabiv119__pointer_type_infoD1Ev
0000250b   _ZN10__cxxabiv119__pointer_type_infoD2Ev
0000250d   _ZN10__cxxabiv119__pointer_type_infoD0Ev
00002515   _ZN10__cxxabiv117__pbase_type_infoD1Ev
00002515   _ZN10__cxxabiv117__pbase_type_infoD2Ev
00002517   _ZN10__cxxabiv117__pbase_type_infoD0Ev
0000251f   _ZN10__cxxabiv117__class_type_infoD1Ev
0000251f   _ZN10__cxxabiv117__class_type_infoD2Ev
00002521   _ZN10__cxxabiv117__class_type_infoD0Ev
00002529   _ZN10__cxxabiv117__array_type_infoD1Ev
00002529   _ZN10__cxxabiv117__array_type_infoD2Ev
0000252b   _ZN10__cxxabiv117__array_type_infoD0Ev
00002533   _ZN10__cxxabiv116__enum_type_infoD1Ev
00002533   _ZN10__cxxabiv116__enum_type_infoD2Ev
00002535   _ZN10__cxxabiv116__enum_type_infoD0Ev
00002545   __aeabi_memcpy
00002545   __aeabi_memcpy4
00002545   __aeabi_memcpy8
00002545   memcpy
000025e1   __TI_auto_init
00002675   __aeabi_cdcmpeq
00002675   __aeabi_cdcmple
000026fb   __aeabi_cdrcmple
00002781   ADCSequenceStepConfigure
00002801   __aeabi_memclr
00002801   __aeabi_memclr4
00002801   __aeabi_memclr8
00002803   __aeabi_memset
00002803   __aeabi_memset4
00002803   __aeabi_memset8
00002809   memset
0000287d   IntDisable
000028dd   IntEnable
0000293d   sprintf
000029fd   TimerConfigure
00002a59   ltoa
00002ab3   __aeabi_f2ulz
00002b05   atoi
00002b51   GPIOPinConfigure
00002b99   _c_int00
00002be1   __aeabi_d2iz
00002c29   copy_in
00002c6d   C$$EXIT
00002c71   abort
00002c79   exit
00002cb1   _Dtest
00002cf5   UARTConfigSetExpClk
00002d35   ADCSequenceConfigure
00002d75   SysCtlPeripheralEnable
00002da9   ADCIntStatus
00002dd7   __aeabi_i2d
00002e05   GPIODirModeSet
00002e2f   ADCSequenceDataGet
00002e4d   UARTDisable
00002e69   memccpy
00002e85   ADCClockConfigSet
00002e9d   _args_main
00002eb5   __aeabi_lmul
00002ecd   ADCProcessorTrigger
00002ee5   TimerDisable
00002ef9   UARTEnable
00002f0d   _register_unlock
00002f13   _register_lock
00002f1b   _nop
00002f21   strlen
00002f35   ADCHardwareOversampleConfigure
00002f47   GPIOPinTypeADC
00002f59   GPIOPinTypeGPIOInput
00002f6b   GPIOPinTypeTimer
00002f7d   GPIOPinTypeUART
00002f8f   TimerLoadSet
00002fa1   TimerMatchSet
00002fb3   __TI_zero_init
00002fc5   _Dclass
00002fd7   ADCIntEnable
00002fe7   ADCIntDisable
00002ff5   ADCSequenceDisable
00003003   ADCSequenceEnable
00003011   TimerEnable
0000301f   UARTCharGetNonBlocking
0000302d   _ZNK4ain79IsUpdatedEv
0000303b   __TI_decompress_none
00003049   UARTCharsAvail
00003055   ResetISR
00003061   ADCIntClear
0000306b   UARTCharPut
00003075   UARTIntStatus
0000307f   TimerIntEnable
00003087   TimerLoadSet64
0000308f   UARTIntEnable
00003097   _ZdlPv
0000309f   __TI_decompress_rle24
000030a5   TimerIntClear
000030a9   UARTIntClear
000030ac   _ctypes_
000031ae   _ZTSe
0000331c   _ZTSN10__cxxabiv123__fundamental_type_infoE
00003344   _ZTSN10__cxxabiv120__si_class_type_infoE
00003369   _ZTSN10__cxxabiv119__pointer_type_infoE
0000338d   _ZTSN10__cxxabiv117__class_type_infoE
000033af   _ZTSN10__cxxabiv117__pbase_type_infoE
000033d4   _ZTIPKe
000033e4   _ZTV4ain7
000033f4   _ZTVN10__cxxabiv117__class_type_infoE
00003404   _ZTVN10__cxxabiv119__pointer_type_infoE
00003414   _ZTVN10__cxxabiv120__si_class_type_infoE
00003424   _ZTVN10__cxxabiv123__fundamental_type_infoE
00003434   _ZTSSt9type_info
00003444   _ZTIN10__cxxabiv117__class_type_infoE
00003450   _ZTIN10__cxxabiv117__pbase_type_infoE
0000345c   _ZTIN10__cxxabiv119__pointer_type_infoE
00003468   _ZTIN10__cxxabiv120__si_class_type_infoE
00003474   _ZTIN10__cxxabiv123__fundamental_type_infoE
00003480   _ZTI4ain7
00003488   _ZTISt9type_info
00003490   _ZTIe
00003498   _ZTS4ain7
0000349e   _ZTSPKe
0000351c   __TI_Handler_Table_Base
00003528   __TI_Handler_Table_Limit
00003530   __TI_CINIT_Base
00003540   __TI_CINIT_Limit
20000000   __stack
20000200   __STACK_TOP
20000400   __STACK_END
20000504   _lock
20000508   _unlock
2000050c   __TI_cleanup_ptr
20000510   __TI_dtors_ptr
20000514   _ZN4ain716m_pTheOneAndOnlyE
20000520   main_func_sp
20000530   _ZSt16__dummy_typeinfo
20000538   _sys_memory
ffffffff   __binit__
ffffffff   __c_args__
ffffffff   binit
UNDEFED    SHT$$INIT_ARRAY$$Base
UNDEFED    SHT$$INIT_ARRAY$$Limit

[204 symbols]
