******************************************************************************
                  TI ARM Linker PC v5.1.11                     
******************************************************************************
>> Linked Fri Apr 03 16:03:24 2015

OUTPUT FILE NAME:   <test_drv8711.out>
ENTRY POINT SYMBOL: "_c_int00"  address: 00003f8d


MEMORY CONFIGURATION

         name            origin    length      used     unused   attr    fill
----------------------  --------  ---------  --------  --------  ----  --------
  FLASH                 00000000   00040000  00004fd4  0003b02c  R  X
  SRAM                  20000000   00008000  00000b79  00007487  RW X


SEGMENT ALLOCATION MAP

run origin  load origin   length   init length attrs members
----------  ----------- ---------- ----------- ----- -------
00000000    00000000    00004fd8   00004fd8    r-x
  00000000    00000000    0000026c   0000026c    r-- .intvecs
  0000026c    0000026c    00004320   00004320    r-x .text
  0000458c    0000458c    00000804   00000804    r-- .const
  00004d90    00004d90    00000004   00000004    r-- .init_array
  00004d98    00004d98    00000240   00000240    r-- .cinit
20000000    20000000    00000b80   00000000    rw-
  20000000    20000000    000006e9   00000000    rw- .bss
  200006ec    200006ec    00000288   00000000    rw- .data
  20000974    20000974    00000200   00000000    rw- .stack
  20000b78    20000b78    00000008   00000000    rw- .sysmem


SECTION ALLOCATION MAP

 output                                  attributes/
section   page    origin      length       input sections
--------  ----  ----------  ----------   ----------------
.intvecs   0    00000000    0000026c     
                  00000000    0000026c     tm4c123gh6pm_startup_ccs.obj (.intvecs)

.text      0    0000026c    00004320     
                  0000026c    00000c84     tiva_utils.lib : ustdlib.obj (.text)
                  00000ef0    00000860                    : uartstdio.obj (.text)
                  00001750    00000700     main.obj (.text)
                  00001e50    00000570     aeo1_drivers.lib : ssi_peripheral.obj (.text)
                  000023c0    0000042c                      : ssi_drv8711.obj (.text)
                  000027ec    000003dc     rtsv7M4_T_le_v4SPD16_eabi.lib : memory.obj (.text)
                  00002bc8    00000354     drv8711.obj (.text)
                  00002f1c    000002c8     aeo1_drivers.lib : qei_sensor.obj (.text)
                  000031e4    00000264                      : ssi_display.obj (.text)
                  00003448    000001f4                      : adc_potmeter.obj (.text)
                  0000363c    00000130     driverlib.lib : gpio.obj (.text:GPIOPadConfigSet)
                  0000376c    00000118                   : sysctl.obj (.text:SysCtlClockGet)
                  00003884    000000f4     rtsv7M4_T_le_v4SPD16_eabi.lib : dtor_list.obj (.text)
                  00003978    000000bc                                   : typeinfo_.obj (.text)
                  00003a34    000000ac     tiva_utils.lib : cmdline.obj (.text)
                  00003ae0    0000009c     rtsv7M4_T_le_v4SPD16_eabi.lib : memcpy_t2.obj (.text)
                  00003b7c    00000094                                   : auto_init.obj (.text)
                  00003c10    00000080     driverlib.lib : adc.obj (.text:ADCSequenceStepConfigure)
                  00003c90    0000007a     rtsv7M4_T_le_v4SPD16_eabi.lib : memset_t2.obj (.text)
                  00003d0a    00000002                                   : i_div0.obj (.text)
                  00003d0c    00000064     aeo1_drivers.lib : alpha7segment.obj (.text)
                  00003d70    00000060     driverlib.lib : interrupt.obj (.text:IntDisable)
                  00003dd0    00000060                   : interrupt.obj (.text:IntEnable)
                  00003e30    00000060     aeo1_drivers.lib : pwm_stepper.obj (.text)
                  00003e90    0000005e     rtsv7M4_T_le_v4SPD16_eabi.lib : copy_decompress_rle.obj (.text)
                  00003eee    00000056     driverlib.lib : gpio.obj (.text:GPIOIntTypeSet)
                  00003f44    00000048                   : gpio.obj (.text:GPIOPinConfigure)
                  00003f8c    00000048     rtsv7M4_T_le_v4SPD16_eabi.lib : boot.obj (.text)
                  00003fd4    00000044                                   : cpy_tbl.obj (.text)
                  00004018    00000044                                   : exit.obj (.text)
                  0000405c    00000042     driverlib.lib : ssi.obj (.text:SSIConfigSetExpClk)
                  0000409e    00000040                   : uart.obj (.text:UARTConfigSetExpClk)
                  000040de    00000040     rtsv7M4_T_le_v4SPD16_eabi.lib : u_divt2.obj (.text)
                  0000411e    0000003e     driverlib.lib : adc.obj (.text:ADCSequenceConfigure)
                  0000415c    00000034                   : sysctl.obj (.text:SysCtlPeripheralEnable)
                  00004190    00000034                   : sysctl.obj (.text:SysCtlPeripheralPresent)
                  000041c4    0000002e                   : adc.obj (.text:ADCIntStatus)
                  000041f2    0000002a                   : gpio.obj (.text:GPIODirModeSet)
                  0000421c    0000001e                   : adc.obj (.text:ADCSequenceDataGet)
                  0000423a    00000002     --HOLE-- [fill = 0]
                  0000423c    0000001c                   : uart.obj (.text:UARTDisable)
                  00004258    00000018                   : adc.obj (.text:ADCClockConfigSet)
                  00004270    00000018                   : gpio.obj (.text:GPIOPinTypeGPIOOutput)
                  00004288    00000018     rtsv7M4_T_le_v4SPD16_eabi.lib : args_main.obj (.text)
                  000042a0    00000018                                   : strcmp.obj (.text)
                  000042b8    00000016     driverlib.lib : adc.obj (.text:ADCProcessorTrigger)
                  000042ce    00000002     --HOLE-- [fill = 0]
                  000042d0    00000014                   : systick.obj (.text:SysTickEnable)
                  000042e4    00000014                   : systick.obj (.text:SysTickIntEnable)
                  000042f8    00000014                   : uart.obj (.text:UARTEnable)
                  0000430c    00000014     rtsv7M4_T_le_v4SPD16_eabi.lib : _lock.obj (.text)
                  00004320    00000012     driverlib.lib : adc.obj (.text:ADCHardwareOversampleConfigure)
                  00004332    00000012                   : gpio.obj (.text:GPIOPinTypeADC)
                  00004344    00000012                   : gpio.obj (.text:GPIOPinTypeGPIOInput)
                  00004356    00000012                   : gpio.obj (.text:GPIOPinTypeQEI)
                  00004368    00000012                   : gpio.obj (.text:GPIOPinTypeSSI)
                  0000437a    00000012                   : gpio.obj (.text:GPIOPinTypeUART)
                  0000438c    00000012                   : ssi.obj (.text:SSIDataGetNonBlocking)
                  0000439e    00000012     rtsv7M4_T_le_v4SPD16_eabi.lib : copy_zero_init.obj (.text:decompress:ZI)
                  000043b0    00000010     driverlib.lib : adc.obj (.text:ADCIntEnable)
                  000043c0    00000010                   : systick.obj (.text:SysTickPeriodSet)
                  000043d0    00000010     aeo1_drivers.lib : ssi_display.obj (.text:_ZNK4aeo114ssi_peripheral7IsEmptyEv)
                  000043e0    0000000e     driverlib.lib : adc.obj (.text:ADCIntDisable)
                  000043ee    0000000e                   : adc.obj (.text:ADCSequenceDisable)
                  000043fc    0000000e                   : adc.obj (.text:ADCSequenceEnable)
                  0000440a    0000000e                   : gpio.obj (.text:GPIOIntDisable)
                  00004418    0000000e                   : qei.obj (.text:QEIConfigure)
                  00004426    0000000e                   : ssi.obj (.text:SSIDataPutNonBlocking)
                  00004434    0000000e                   : uart.obj (.text:UARTCharGetNonBlocking)
                  00004442    0000000e                   : uart.obj (.text:UARTCharPutNonBlocking)
                  00004450    0000000e     rtsv7M4_T_le_v4SPD16_eabi.lib : copy_decompress_none.obj (.text:decompress:none)
                  0000445e    0000000c     driverlib.lib : cpu.obj (.text:CPUcpsid)
                  0000446a    0000000c                   : cpu.obj (.text:CPUcpsie)
                  00004476    0000000c                   : gpio.obj (.text:GPIOIntEnable)
                  00004482    0000000c                   : ssi.obj (.text:SSIDataGet)
                  0000448e    0000000c                   : uart.obj (.text:UARTCharsAvail)
                  0000449a    0000000c                   : uart.obj (.text:UARTSpaceAvail)
                  000044a6    0000000c     aeo1_drivers.lib : ssi_display.obj (.text:_ZN4aeo111ssi_display4OnTxEv)
                  000044b2    0000000c     tm4c123gh6pm_startup_ccs.obj (.text)
                  000044be    0000000a     driverlib.lib : adc.obj (.text:ADCIntClear)
                  000044c8    0000000a                   : interrupt.obj (.text:IntMasterDisable)
                  000044d2    0000000a                   : interrupt.obj (.text:IntMasterEnable)
                  000044dc    0000000a                   : qei.obj (.text:QEIEnable)
                  000044e6    0000000a                   : ssi.obj (.text:SSIDataPut)
                  000044f0    0000000a                   : ssi.obj (.text:SSIDisable)
                  000044fa    0000000a                   : ssi.obj (.text:SSIEnable)
                  00004504    0000000a                   : ssi.obj (.text:SSIIntDisable)
                  0000450e    0000000a                   : ssi.obj (.text:SSIIntStatus)
                  00004518    0000000a                   : uart.obj (.text:UARTIntDisable)
                  00004522    0000000a                   : uart.obj (.text:UARTIntStatus)
                  0000452c    0000000a     aeo1_drivers.lib : ssi_display.obj (.text:_ZN4aeo114ssi_peripheral4OnRxEv)
                  00004536    0000000a                      : ssi_drv8711.obj (.text:_ZN4aeo114ssi_peripheral4OnTxEv)
                  00004540    00000008     driverlib.lib : ssi.obj (.text:SSIIntEnable)
                  00004548    00000008                   : uart.obj (.text:UARTIntEnable)
                  00004550    00000008     rtsv7M4_T_le_v4SPD16_eabi.lib : delete.obj (.text)
                  00004558    00000006     driverlib.lib : gpio.obj (.text:GPIOPinRead)
                  0000455e    00000006                   : gpio.obj (.text:GPIOPinWrite)
                  00004564    00000006                   : sysctl.obj (.text:SysCtlDelay)
                  0000456a    00000006                   : uart.obj (.text:UARTClockSourceSet)
                  00004570    00000006                   : uart.obj (.text:UARTFIFOLevelSet)
                  00004576    00000006     rtsv7M4_T_le_v4SPD16_eabi.lib : copy_decompress_rle.obj (.text:decompress:rle24)
                  0000457c    00000004     driverlib.lib : qei.obj (.text:QEIPositionGet)
                  00004580    00000004                   : qei.obj (.text:QEIPositionSet)
                  00004584    00000004                   : ssi.obj (.text:SSIIntClear)
                  00004588    00000004                   : uart.obj (.text:UARTIntClear)

.const     0    0000458c    00000804     
                  0000458c    0000021e     main.obj (.const:.string)
                  000047aa    00000002     rtsv7M4_T_le_v4SPD16_eabi.lib : typeinfo_.obj (.const:.typeinfo:_ZTSe)
                  000047ac    00000090     driverlib.lib : gpio.obj (.const:g_pui32GPIOBaseAddrs)
                  0000483c    0000008e     aeo1_drivers.lib : alpha7segment.obj (.const:_ZN4aeo119alpha7segment_tableE)
                  000048ca    00000002     --HOLE-- [fill = 0]
                  000048cc    00000070     driverlib.lib : interrupt.obj (.const)
                  0000493c    0000006c                   : sysctl.obj (.const:g_pui32Xtals)
                  000049a8    00000048     aeo1_drivers.lib : ssi_drv8711.obj (.const:$P$T0$1)
                  000049f0    00000030     tiva_utils.lib : ustdlib.obj (.const:g_psDaysToMonth)
                  00004a20    00000028     rtsv7M4_T_le_v4SPD16_eabi.lib : typeinfo_.obj (.const:.typeinfo:_ZTSN10__cxxabiv123__fundamental_type_infoE)
                  00004a48    00000028     aeo1_drivers.lib : ssi_display.obj (.const:_ZTVN4aeo111ssi_displayE)
                  00004a70    00000028                      : ssi_drv8711.obj (.const:_ZTVN4aeo111ssi_drv8711E)
                  00004a98    00000028                      : ssi_peripheral.obj (.const:_ZTVN4aeo114ssi_peripheralE)
                  00004ac0    00000028     tiva_utils.lib : uartstdio.obj (.const)
                  00004ae8    00000025     rtsv7M4_T_le_v4SPD16_eabi.lib : typeinfo_.obj (.const:.typeinfo:_ZTSN10__cxxabiv120__si_class_type_infoE)
                  00004b0d    00000024                                   : typeinfo_.obj (.const:.typeinfo:_ZTSN10__cxxabiv119__pointer_type_infoE)
                  00004b31    00000022                                   : typeinfo_.obj (.const:.typeinfo:_ZTSN10__cxxabiv117__class_type_infoE)
                  00004b53    00000022                                   : typeinfo_.obj (.const:.typeinfo:_ZTSN10__cxxabiv117__pbase_type_infoE)
                  00004b75    00000003     --HOLE-- [fill = 0]
                  00004b78    0000001c     tiva_utils.lib : ustdlib.obj (.const)
                  00004b94    00000018     aeo1_drivers.lib : ssi_peripheral.obj (.const:.typeinfo:_ZTSN4aeo114ssi_peripheralE)
                  00004bac    00000016                      : adc_potmeter.obj (.const:.typeinfo:_ZTSN4aeo112adc_potmeterE)
                  00004bc2    00000015                      : pwm_stepper.obj (.const:.typeinfo:_ZTSN4aeo111pwm_stepperE)
                  00004bd7    00000015                      : ssi_display.obj (.const:.typeinfo:_ZTSN4aeo111ssi_displayE)
                  00004bec    00000015                      : ssi_drv8711.obj (.const:.typeinfo:_ZTSN4aeo111ssi_drv8711E)
                  00004c01    00000014                      : qei_sensor.obj (.const:.typeinfo:_ZTSN4aeo110qei_sensorE)
                  00004c15    00000012                      : ssi_display.obj (.const:.string)
                  00004c27    00000001     --HOLE-- [fill = 0]
                  00004c28    00000012     tiva_utils.lib : uartstdio.obj (.const:.string)
                  00004c3a    00000002     --HOLE-- [fill = 0]
                  00004c3c    00000012                    : ustdlib.obj (.const:.string)
                  00004c4e    00000002     --HOLE-- [fill = 0]
                  00004c50    00000010     rtsv7M4_T_le_v4SPD16_eabi.lib : typeinfo_.obj (.const:.typeinfo:_ZTIPKe)
                  00004c60    00000010     drv8711.obj (.const:.typeinfo:_ZTSN4aeo17drv8711E)
                  00004c70    00000010     rtsv7M4_T_le_v4SPD16_eabi.lib : typeinfo_.obj (.const:_ZTVN10__cxxabiv117__class_type_infoE)
                  00004c80    00000010                                   : typeinfo_.obj (.const:_ZTVN10__cxxabiv119__pointer_type_infoE)
                  00004c90    00000010                                   : typeinfo_.obj (.const:_ZTVN10__cxxabiv120__si_class_type_infoE)
                  00004ca0    00000010                                   : typeinfo_.obj (.const:_ZTVN10__cxxabiv123__fundamental_type_infoE)
                  00004cb0    00000010     aeo1_drivers.lib : qei_sensor.obj (.const:_ZTVN4aeo110qei_sensorE)
                  00004cc0    00000010                      : pwm_stepper.obj (.const:_ZTVN4aeo111pwm_stepperE)
                  00004cd0    00000010                      : adc_potmeter.obj (.const:_ZTVN4aeo112adc_potmeterE)
                  00004ce0    00000010     drv8711.obj (.const:_ZTVN4aeo17drv8711E)
                  00004cf0    0000000d     rtsv7M4_T_le_v4SPD16_eabi.lib : typeinfo_.obj (.const:.typeinfo:_ZTSSt9type_info)
                  00004cfd    00000003     --HOLE-- [fill = 0]
                  00004d00    0000000c                                   : typeinfo_.obj (.const:.typeinfo:_ZTIN10__cxxabiv117__class_type_infoE)
                  00004d0c    0000000c                                   : typeinfo_.obj (.const:.typeinfo:_ZTIN10__cxxabiv117__pbase_type_infoE)
                  00004d18    0000000c                                   : typeinfo_.obj (.const:.typeinfo:_ZTIN10__cxxabiv119__pointer_type_infoE)
                  00004d24    0000000c                                   : typeinfo_.obj (.const:.typeinfo:_ZTIN10__cxxabiv120__si_class_type_infoE)
                  00004d30    0000000c                                   : typeinfo_.obj (.const:.typeinfo:_ZTIN10__cxxabiv123__fundamental_type_infoE)
                  00004d3c    0000000c     aeo1_drivers.lib : ssi_display.obj (.const:.typeinfo:_ZTIN4aeo111ssi_displayE)
                  00004d48    0000000c                      : ssi_drv8711.obj (.const:.typeinfo:_ZTIN4aeo111ssi_drv8711E)
                  00004d54    00000008                      : qei_sensor.obj (.const:.typeinfo:_ZTIN4aeo110qei_sensorE)
                  00004d5c    00000008                      : pwm_stepper.obj (.const:.typeinfo:_ZTIN4aeo111pwm_stepperE)
                  00004d64    00000008                      : adc_potmeter.obj (.const:.typeinfo:_ZTIN4aeo112adc_potmeterE)
                  00004d6c    00000008                      : ssi_peripheral.obj (.const:.typeinfo:_ZTIN4aeo114ssi_peripheralE)
                  00004d74    00000008     drv8711.obj (.const:.typeinfo:_ZTIN4aeo17drv8711E)
                  00004d7c    00000008     rtsv7M4_T_le_v4SPD16_eabi.lib : typeinfo_.obj (.const:.typeinfo:_ZTISt9type_info)
                  00004d84    00000008                                   : typeinfo_.obj (.const:.typeinfo:_ZTIe)
                  00004d8c    00000004                                   : typeinfo_.obj (.const:.typeinfo:_ZTSPKe)

.init_array 
*          0    00004d90    00000004     
                  00004d90    00000004     main.obj (.init_array)

.cinit     0    00004d98    00000240     
                  00004d98    00000216     (.cinit..data.load) [load image, compression = rle]
                  00004fae    00000002     --HOLE-- [fill = 0]
                  00004fb0    0000000c     (__TI_handler_table)
                  00004fbc    00000004     --HOLE-- [fill = 0]
                  00004fc0    00000008     (.cinit..bss.load) [load image, compression = zero_init]
                  00004fc8    00000010     (__TI_cinit_table)

.bss       0    20000000    000006e9     UNINITIALIZED
                  20000000    00000400     tiva_utils.lib : uartstdio.obj (.bss:g_pcUARTTxBuffer)
                  20000400    000000a0     main.obj (.bss:g_oDrv8711)
                  200004a0    00000080     tiva_utils.lib : uartstdio.obj (.bss:g_pcUARTRxBuffer)
                  20000520    00000080     main.obj (.bss:g_zInput)
                  200005a0    0000007c     main.obj (.bss:g_oDialerDisplay)
                  2000061c    0000007c     main.obj (.bss:g_oScaleDisplay)
                  20000698    00000024     tiva_utils.lib : cmdline.obj (.bss:g_ppcArgv)
                  200006bc    00000020     main.obj (.bss)
                  200006dc    00000004     (.common:_ZSt16__dummy_typeinfo)
                  200006e0    00000004     (.common:__dso_handle)
                  200006e4    00000004     (.common:g_ui32PortNum)
                  200006e8    00000001     (.common:g_bDisableEcho)

.data      0    200006ec    00000288     UNINITIALIZED
                  200006ec    000000b4     main.obj (.data:g_psCmdTable)
                  200007a0    000000a8     main.obj (.data:g_psRotaryMenu)
                  20000848    0000002c     aeo1_drivers.lib : ssi_peripheral.obj (.data:_ZN4aeo118SSI0_SpecificationE)
                  20000874    0000002c                      : ssi_peripheral.obj (.data:_ZN4aeo118SSI1_SpecificationE)
                  200008a0    0000002c                      : ssi_peripheral.obj (.data:_ZN4aeo118SSI2_SpecificationE)
                  200008cc    0000002c                      : ssi_peripheral.obj (.data:_ZN4aeo118SSI3_SpecificationE)
                  200008f8    00000015     main.obj (.data)
                  2000090d    00000003     --HOLE--
                  20000910    00000015     tiva_utils.lib : uartstdio.obj (.data)
                  20000925    00000003     --HOLE--
                  20000928    00000010     aeo1_drivers.lib : adc_potmeter.obj (.data)
                  20000938    00000010                      : ssi_peripheral.obj (.data)
                  20000948    0000000c     rtsv7M4_T_le_v4SPD16_eabi.lib : memory.obj (.data)
                  20000954    00000008                                   : _lock.obj (.data)
                  2000095c    00000008                                   : exit.obj (.data)
                  20000964    00000004     aeo1_drivers.lib : ssi_drv8711.obj (.data)
                  20000968    00000004     rtsv7M4_T_le_v4SPD16_eabi.lib : dtor_list.obj (.data)
                  2000096c    00000004                                   : stkdepth_vars.obj (.data)
                  20000970    00000004     tiva_utils.lib : ustdlib.obj (.data)

.stack     0    20000974    00000200     UNINITIALIZED
                  20000974    00000200     --HOLE--

.sysmem    0    20000b78    00000008     UNINITIALIZED
                  20000b78    00000008     rtsv7M4_T_le_v4SPD16_eabi.lib : memory.obj (.sysmem)


LINKER GENERATED COPY TABLES

__TI_cinit_table @ 00004fc8 records: 2, size/record: 8, table size: 16
	.data: load addr=00004d98, load size=00000216 bytes, run addr=200006ec, run size=00000288 bytes, compression=rle
	.bss: load addr=00004fc0, load size=00000008 bytes, run addr=20000000, run size=000006e9 bytes, compression=zero_init


LINKER GENERATED HANDLER TABLE

__TI_handler_table @ 00004fb0 records: 3, size/record: 4, table size: 12
	index: 0, handler: __TI_decompress_rle24
	index: 1, handler: __TI_decompress_none
	index: 2, handler: __TI_zero_init


GLOBAL SYMBOLS: SORTED ALPHABETICALLY BY Name 

address    name
--------   ----
00004259   ADCClockConfigSet
00004321   ADCHardwareOversampleConfigure
000044bf   ADCIntClear
000043e1   ADCIntDisable
000043b1   ADCIntEnable
000041c5   ADCIntStatus
000042b9   ADCProcessorTrigger
0000411f   ADCSequenceConfigure
0000421d   ADCSequenceDataGet
000043ef   ADCSequenceDisable
000043fd   ADCSequenceEnable
00003c11   ADCSequenceStepConfigure
00004019   C$$EXIT
0000445f   CPUcpsid
0000446b   CPUcpsie
00003a35   CmdLineProcess
000041f3   GPIODirModeSet
0000440b   GPIOIntDisable
00004477   GPIOIntEnable
00003eef   GPIOIntTypeSet
0000363d   GPIOPadConfigSet
00003f45   GPIOPinConfigure
00004559   GPIOPinRead
00004333   GPIOPinTypeADC
00004345   GPIOPinTypeGPIOInput
00004271   GPIOPinTypeGPIOOutput
00004357   GPIOPinTypeQEI
00004369   GPIOPinTypeSSI
0000437b   GPIOPinTypeUART
0000455f   GPIOPinWrite
00003d71   IntDisable
00003dd1   IntEnable
000044c9   IntMasterDisable
000044d3   IntMasterEnable
00003449   OnADCInterrupt
000023c1   OnGPIOBInterrupt
000023dd   OnGPIOEInterrupt
00001e51   OnSSI0Interrupt
00001e6b   OnSSI1Interrupt
00001e85   OnSSI2Interrupt
00001e9f   OnSSI3Interrupt
00004419   QEIConfigure
000044dd   QEIEnable
0000457d   QEIPositionGet
00004581   QEIPositionSet
000044b3   ResetISR
00004d90   SHT$$INIT_ARRAY$$Base
00004d94   SHT$$INIT_ARRAY$$Limit
0000405d   SSIConfigSetExpClk
00004483   SSIDataGet
0000438d   SSIDataGetNonBlocking
000044e7   SSIDataPut
00004427   SSIDataPutNonBlocking
000044f1   SSIDisable
000044fb   SSIEnable
00004585   SSIIntClear
00004505   SSIIntDisable
00004541   SSIIntEnable
0000450f   SSIIntStatus
0000376d   SysCtlClockGet
00004565   SysCtlDelay
0000415d   SysCtlPeripheralEnable
00004191   SysCtlPeripheralPresent
000042d1   SysTickEnable
000042e5   SysTickIntEnable
00001b9d   SysTickIntHandler
000043c1   SysTickPeriodSet
00004435   UARTCharGetNonBlocking
00004443   UARTCharPutNonBlocking
0000448f   UARTCharsAvail
0000456b   UARTClockSourceSet
0000409f   UARTConfigSetExpClk
0000423d   UARTDisable
000015c9   UARTEchoSet
000042f9   UARTEnable
00004571   UARTFIFOLevelSet
00001573   UARTFlushRx
00001593   UARTFlushTx
00004589   UARTIntClear
00004519   UARTIntDisable
00004549   UARTIntEnable
00004523   UARTIntStatus
00001519   UARTPeek
000014f7   UARTRxBytesAvail
0000449b   UARTSpaceAvail
00000fdd   UARTStdioConfig
000015f5   UARTStdioIntHandler
00001505   UARTTxBytesFree
0000117f   UARTgetc
00001103   UARTgets
000014d3   UARTprintf
000011d9   UARTvprintf
00001063   UARTwrite
00001c39   _Z10Initializev
00001981   _Z12OnMenuDialeri
00001b19   _Z13ConfigureUARTv
00001a0f   _Z14OnNumberDialeri
00001a39   _Z6OnFeedi
0000176b   _Z7CMD_setiPPc
00001929   _Z7MNU_setiPPc
00001827   _Z8CMD_diagiPPc
000017b1   _Z8CMD_feediPPc
000017a1   _Z8CMD_haltiPPc
000018d7   _Z8CMD_helpiPPc
00001791   _Z8CMD_idleiPPc
000017d7   _Z8CMD_moveiPPc
00001897   _Z8CMD_stepiPPc
000017fd   _Z8CMD_stopiPPc
0000180d   _Z8CMD_textiPPc
00001751   _Z8CMD_zeroiPPc
00001947   _Z8MNU_feediPPc
0000195d   _Z8MNU_moveiPPc
00001cc1   _Z8MainLoopv
00001ab9   _Z8OnDialeri
00001887   _Z9CMD_noerriPPc
00001877   _Z9CMD_resetiPPc
0000184f   _Z9CMD_sleepiPPc
00003a25   _ZN10__cxxabiv116__enum_type_infoD0Ev
00003a23   _ZN10__cxxabiv116__enum_type_infoD1Ev
00003a23   _ZN10__cxxabiv116__enum_type_infoD2Ev
00003a1b   _ZN10__cxxabiv117__array_type_infoD0Ev
00003a19   _ZN10__cxxabiv117__array_type_infoD1Ev
00003a19   _ZN10__cxxabiv117__array_type_infoD2Ev
00003a11   _ZN10__cxxabiv117__class_type_infoD0Ev
00003a0f   _ZN10__cxxabiv117__class_type_infoD1Ev
00003a0f   _ZN10__cxxabiv117__class_type_infoD2Ev
00003a07   _ZN10__cxxabiv117__pbase_type_infoD0Ev
00003a05   _ZN10__cxxabiv117__pbase_type_infoD1Ev
00003a05   _ZN10__cxxabiv117__pbase_type_infoD2Ev
000039fd   _ZN10__cxxabiv119__pointer_type_infoD0Ev
000039fb   _ZN10__cxxabiv119__pointer_type_infoD1Ev
000039fb   _ZN10__cxxabiv119__pointer_type_infoD2Ev
000039f3   _ZN10__cxxabiv120__function_type_infoD0Ev
000039f1   _ZN10__cxxabiv120__function_type_infoD1Ev
000039f1   _ZN10__cxxabiv120__function_type_infoD2Ev
000039e9   _ZN10__cxxabiv120__si_class_type_infoD0Ev
000039e7   _ZN10__cxxabiv120__si_class_type_infoD1Ev
000039e7   _ZN10__cxxabiv120__si_class_type_infoD2Ev
000039df   _ZN10__cxxabiv121__vmi_class_type_infoD0Ev
000039dd   _ZN10__cxxabiv121__vmi_class_type_infoD1Ev
000039dd   _ZN10__cxxabiv121__vmi_class_type_infoD2Ev
000039d5   _ZN10__cxxabiv123__fundamental_type_infoD0Ev
000039d3   _ZN10__cxxabiv123__fundamental_type_infoD1Ev
000039d3   _ZN10__cxxabiv123__fundamental_type_infoD2Ev
000039cb   _ZN10__cxxabiv129__pointer_to_member_type_infoD0Ev
000039c9   _ZN10__cxxabiv129__pointer_to_member_type_infoD1Ev
000039c9   _ZN10__cxxabiv129__pointer_to_member_type_infoD2Ev
00002f79   _ZN4aeo110qei_sensor10InitializeEv
00002fa3   _ZN4aeo110qei_sensor3GetEv
00003009   _ZN4aeo110qei_sensor3SetEi
0000303f   _ZN4aeo110qei_sensor4DiagEv
0000302f   _ZN4aeo110qei_sensor4ZeroEv
00002fcb   _ZN4aeo110qei_sensor8GetIndexEv
00002f1d   _ZN4aeo110qei_sensorC1ENS0_9device_idENS0_13configurationE
00002f1d   _ZN4aeo110qei_sensorC2ENS0_9device_idENS0_13configurationE
00002f63   _ZN4aeo110qei_sensorD0Ev
00002f57   _ZN4aeo110qei_sensorD1Ev
00002f57   _ZN4aeo110qei_sensorD2Ev
00003e65   _ZN4aeo111pwm_stepper10InitializeEv
00003e6f   _ZN4aeo111pwm_stepper4DiagEv
00003e31   _ZN4aeo111pwm_stepperC1Ev
00003e31   _ZN4aeo111pwm_stepperC2Ev
00003e4f   _ZN4aeo111pwm_stepperD0Ev
00003e43   _ZN4aeo111pwm_stepperD1Ev
00003e43   _ZN4aeo111pwm_stepperD2Ev
0000322b   _ZN4aeo111ssi_display10InitializeEv
000033c5   _ZN4aeo111ssi_display14Digit2SegmentsEjjb
00003327   _ZN4aeo111ssi_display3SetEPKc
00003249   _ZN4aeo111ssi_display3SetEii
00003237   _ZN4aeo111ssi_display4DiagEv
000044a7   _ZN4aeo111ssi_display4OnTxEv
000031e5   _ZN4aeo111ssi_displayC1ENS_14ssi_peripheral9device_idE
000031e5   _ZN4aeo111ssi_displayC2ENS_14ssi_peripheral9device_idE
00003215   _ZN4aeo111ssi_displayD0Ev
00003207   _ZN4aeo111ssi_displayD1Ev
00003207   _ZN4aeo111ssi_displayD2Ev
00002443   _ZN4aeo111ssi_drv871110InitializeEv
00002561   _ZN4aeo111ssi_drv871111PrintStatusEj
00002639   _ZN4aeo111ssi_drv871115OnGpioInterruptENS0_5EventE
0000250f   _ZN4aeo111ssi_drv87114DiagEv
000026a5   _ZN4aeo111ssi_drv87114ReadEj
000025fd   _ZN4aeo111ssi_drv87115ResetEv
000025df   _ZN4aeo111ssi_drv87115SleepEb
00002705   _ZN4aeo111ssi_drv87115WriteEjj
000023f9   _ZN4aeo111ssi_drv8711C1Ev
000023f9   _ZN4aeo111ssi_drv8711C2Ev
0000242d   _ZN4aeo111ssi_drv8711D0Ev
0000241f   _ZN4aeo111ssi_drv8711D1Ev
0000241f   _ZN4aeo111ssi_drv8711D2Ev
000034b3   _ZN4aeo112adc_potmeter10InitializeEv
20000928   _ZN4aeo112adc_potmeter10m_nCounterE
0000352f   _ZN4aeo112adc_potmeter11OnInterruptEv
20000930   _ZN4aeo112adc_potmeter14m_nReadCounterE
000035d9   _ZN4aeo112adc_potmeter15GetErrorCounterEv
2000092c   _ZN4aeo112adc_potmeter15m_nErrorCounterE
20000934   _ZN4aeo112adc_potmeter16m_pTheOneAndOnlyE
000035f1   _ZN4aeo112adc_potmeter4DiagEv
000035ab   _ZN4aeo112adc_potmeter7TriggerEv
000035b9   _ZN4aeo112adc_potmeter8GetValueEv
00003513   _ZN4aeo112adc_potmeter9TerminateEv
0000345b   _ZN4aeo112adc_potmeterC1Ev
0000345b   _ZN4aeo112adc_potmeterC2Ev
0000349d   _ZN4aeo112adc_potmeterD0Ev
00003479   _ZN4aeo112adc_potmeterD1Ev
00003479   _ZN4aeo112adc_potmeterD2Ev
00003d0d   _ZN4aeo113Alpha7SegmentEc
00001f93   _ZN4aeo114ssi_peripheral10InitializeEv
00002297   _ZN4aeo114ssi_peripheral10LoadTxFIFOEv
000020b5   _ZN4aeo114ssi_peripheral11OnInterruptEv
000022cd   _ZN4aeo114ssi_peripheral12UnloadRxFIFOEv
0000227f   _ZN4aeo114ssi_peripheral3GetEv
0000226b   _ZN4aeo114ssi_peripheral3PutEj
00002179   _ZN4aeo114ssi_peripheral4DiagEv
0000452d   _ZN4aeo114ssi_peripheral4OnRxEv
00004537   _ZN4aeo114ssi_peripheral4OnTxEv
0000220f   _ZN4aeo114ssi_peripheral9TerminateEv
00001eb9   _ZN4aeo114ssi_peripheralC1ENS0_9device_idEjb
00001eb9   _ZN4aeo114ssi_peripheralC2ENS0_9device_idEjb
00001f7d   _ZN4aeo114ssi_peripheralD0Ev
00001f69   _ZN4aeo114ssi_peripheralD1Ev
00001f69   _ZN4aeo114ssi_peripheralD2Ev
20000848   _ZN4aeo118SSI0_SpecificationE
20000874   _ZN4aeo118SSI1_SpecificationE
200008a0   _ZN4aeo118SSI2_SpecificationE
200008cc   _ZN4aeo118SSI3_SpecificationE
00002c15   _ZN4aeo17drv871110InitializeEv
00002ce1   _ZN4aeo17drv871110SetDefaultEv
00002e25   _ZN4aeo17drv871111ClearFaultsEv
00002e51   _ZN4aeo17drv871116ReadAllRegistersEv
00002d61   _ZN4aeo17drv87114DiagEv
00002c93   _ZN4aeo17drv87114FeedEi
00002c65   _ZN4aeo17drv87114HaltEv
00002c39   _ZN4aeo17drv87114IdleEv
00002ca3   _ZN4aeo17drv87114MoveEi
00002d83   _ZN4aeo17drv87114StepEjb
00002d55   _ZN4aeo17drv87114StopEv
00002e3d   _ZN4aeo17drv87115ResetEv
00002df5   _ZN4aeo17drv87115SleepEb
00002cb3   _ZN4aeo17drv87119SetTorqueEj
00002bc9   _ZN4aeo17drv8711C1Ev
00002bc9   _ZN4aeo17drv8711C2Ev
00002bff   _ZN4aeo17drv8711D0Ev
00002be7   _ZN4aeo17drv8711D1Ev
00002be7   _ZN4aeo17drv8711D2Ev
000043d1   _ZNK4aeo114ssi_peripheral7IsEmptyEv
0000398b   _ZNKSt9type_info4nameEv
000039bb   _ZNKSt9type_info6beforeERKS_
000039a5   _ZNKSt9type_infoeqERKS_
0000398f   _ZNKSt9type_infoneERKS_
00003983   _ZNSt9type_infoD0Ev
00003981   _ZNSt9type_infoD1Ev
00003981   _ZNSt9type_infoD2Ev
200006dc   _ZSt16__dummy_typeinfo
00003979   _ZSt21__gen_dummy_typeinfosv
00004d00   _ZTIN10__cxxabiv117__class_type_infoE
00004d0c   _ZTIN10__cxxabiv117__pbase_type_infoE
00004d18   _ZTIN10__cxxabiv119__pointer_type_infoE
00004d24   _ZTIN10__cxxabiv120__si_class_type_infoE
00004d30   _ZTIN10__cxxabiv123__fundamental_type_infoE
00004d54   _ZTIN4aeo110qei_sensorE
00004d5c   _ZTIN4aeo111pwm_stepperE
00004d3c   _ZTIN4aeo111ssi_displayE
00004d48   _ZTIN4aeo111ssi_drv8711E
00004d64   _ZTIN4aeo112adc_potmeterE
00004d6c   _ZTIN4aeo114ssi_peripheralE
00004d74   _ZTIN4aeo17drv8711E
00004c50   _ZTIPKe
00004d7c   _ZTISt9type_info
00004d84   _ZTIe
00004b31   _ZTSN10__cxxabiv117__class_type_infoE
00004b53   _ZTSN10__cxxabiv117__pbase_type_infoE
00004b0d   _ZTSN10__cxxabiv119__pointer_type_infoE
00004ae8   _ZTSN10__cxxabiv120__si_class_type_infoE
00004a20   _ZTSN10__cxxabiv123__fundamental_type_infoE
00004c01   _ZTSN4aeo110qei_sensorE
00004bc2   _ZTSN4aeo111pwm_stepperE
00004bd7   _ZTSN4aeo111ssi_displayE
00004bec   _ZTSN4aeo111ssi_drv8711E
00004bac   _ZTSN4aeo112adc_potmeterE
00004b94   _ZTSN4aeo114ssi_peripheralE
00004c60   _ZTSN4aeo17drv8711E
00004d8c   _ZTSPKe
00004cf0   _ZTSSt9type_info
000047aa   _ZTSe
00004c70   _ZTVN10__cxxabiv117__class_type_infoE
00004c80   _ZTVN10__cxxabiv119__pointer_type_infoE
00004c90   _ZTVN10__cxxabiv120__si_class_type_infoE
00004ca0   _ZTVN10__cxxabiv123__fundamental_type_infoE
00004cb0   _ZTVN4aeo110qei_sensorE
00004cc0   _ZTVN4aeo111pwm_stepperE
00004a48   _ZTVN4aeo111ssi_displayE
00004a70   _ZTVN4aeo111ssi_drv8711E
00004cd0   _ZTVN4aeo112adc_potmeterE
00004a98   _ZTVN4aeo114ssi_peripheralE
00004ce0   _ZTVN4aeo17drv8711E
00004551   _ZdlPv
20000b74   __STACK_END
00000200   __STACK_SIZE
20000b74   __STACK_TOP
00000008   __SYSMEM_SIZE
00004fc8   __TI_CINIT_Base
00004fd8   __TI_CINIT_Limit
00004fb0   __TI_Handler_Table_Base
00004fbc   __TI_Handler_Table_Limit
00000001   __TI_args_main
00003b7d   __TI_auto_init
2000095c   __TI_cleanup_ptr
00004451   __TI_decompress_none
00004577   __TI_decompress_rle24
20000960   __TI_dtors_ptr
00000000   __TI_static_base__
0000439f   __TI_zero_init
000038dd   __aeabi_atexit
00003d0b   __aeabi_idiv0
00003c91   __aeabi_memclr
00003c91   __aeabi_memclr4
00003c91   __aeabi_memclr8
00003ae1   __aeabi_memcpy
00003ae1   __aeabi_memcpy4
00003ae1   __aeabi_memcpy8
00003c93   __aeabi_memset
00003c93   __aeabi_memset4
00003c93   __aeabi_memset8
000040df   __aeabi_uidiv
000040df   __aeabi_uidivmod
ffffffff   __binit__
ffffffff   __c_args__
000038cb   __cxa_atexit
00003885   __cxa_finalize
000038c5   __cxa_ia64_exit
200006e0   __dso_handle
20000974   __stack
00001d2d   __sti___8_main_cpp_1c94e432
00004289   _args_main
00003f8d   _c_int00
20000954   _lock
0000431b   _nop
00004313   _register_lock
0000430d   _register_unlock
20000b78   _sys_memory
20000958   _unlock
0000401d   abort
000038cf   atexit
ffffffff   binit
00002b91   calloc
00003fd5   copy_in
00004025   exit
000028e1   free
200005a0   g_oDialerDisplay
20000400   g_oDrv8711
200006cc   g_oLinearScale
200006bc   g_oRotaryDialer
2000061c   g_oScaleDisplay
00000000   g_pfnVectors
200006ec   g_psCmdTable
200007a0   g_psRotaryMenu
00001d17   main
2000096c   main_func_sp
00002879   malloc
00002aad   memalign
00003ae1   memcpy
00003c99   memset
000027ed   minit
000029a1   realloc
000042a1   strcmp
00000751   ulocaltime
0000094f   umktime
00000ec9   urand
00000721   usnprintf
000006ef   usprintf
00000eb9   usrand
00000e31   ustrcasecmp
00000ea5   ustrcmp
00000d35   ustrlen
00000d8d   ustrncasecmp
00000e45   ustrncmp
0000026d   ustrncpy
00000d57   ustrstr
00000afd   ustrtof
000009c5   ustrtoul
000002c5   uvsnprintf


GLOBAL SYMBOLS: SORTED BY Symbol Address 

address    name
--------   ----
00000000   __TI_static_base__
00000000   g_pfnVectors
00000001   __TI_args_main
00000008   __SYSMEM_SIZE
00000200   __STACK_SIZE
0000026d   ustrncpy
000002c5   uvsnprintf
000006ef   usprintf
00000721   usnprintf
00000751   ulocaltime
0000094f   umktime
000009c5   ustrtoul
00000afd   ustrtof
00000d35   ustrlen
00000d57   ustrstr
00000d8d   ustrncasecmp
00000e31   ustrcasecmp
00000e45   ustrncmp
00000ea5   ustrcmp
00000eb9   usrand
00000ec9   urand
00000fdd   UARTStdioConfig
00001063   UARTwrite
00001103   UARTgets
0000117f   UARTgetc
000011d9   UARTvprintf
000014d3   UARTprintf
000014f7   UARTRxBytesAvail
00001505   UARTTxBytesFree
00001519   UARTPeek
00001573   UARTFlushRx
00001593   UARTFlushTx
000015c9   UARTEchoSet
000015f5   UARTStdioIntHandler
00001751   _Z8CMD_zeroiPPc
0000176b   _Z7CMD_setiPPc
00001791   _Z8CMD_idleiPPc
000017a1   _Z8CMD_haltiPPc
000017b1   _Z8CMD_feediPPc
000017d7   _Z8CMD_moveiPPc
000017fd   _Z8CMD_stopiPPc
0000180d   _Z8CMD_textiPPc
00001827   _Z8CMD_diagiPPc
0000184f   _Z9CMD_sleepiPPc
00001877   _Z9CMD_resetiPPc
00001887   _Z9CMD_noerriPPc
00001897   _Z8CMD_stepiPPc
000018d7   _Z8CMD_helpiPPc
00001929   _Z7MNU_setiPPc
00001947   _Z8MNU_feediPPc
0000195d   _Z8MNU_moveiPPc
00001981   _Z12OnMenuDialeri
00001a0f   _Z14OnNumberDialeri
00001a39   _Z6OnFeedi
00001ab9   _Z8OnDialeri
00001b19   _Z13ConfigureUARTv
00001b9d   SysTickIntHandler
00001c39   _Z10Initializev
00001cc1   _Z8MainLoopv
00001d17   main
00001d2d   __sti___8_main_cpp_1c94e432
00001e51   OnSSI0Interrupt
00001e6b   OnSSI1Interrupt
00001e85   OnSSI2Interrupt
00001e9f   OnSSI3Interrupt
00001eb9   _ZN4aeo114ssi_peripheralC1ENS0_9device_idEjb
00001eb9   _ZN4aeo114ssi_peripheralC2ENS0_9device_idEjb
00001f69   _ZN4aeo114ssi_peripheralD1Ev
00001f69   _ZN4aeo114ssi_peripheralD2Ev
00001f7d   _ZN4aeo114ssi_peripheralD0Ev
00001f93   _ZN4aeo114ssi_peripheral10InitializeEv
000020b5   _ZN4aeo114ssi_peripheral11OnInterruptEv
00002179   _ZN4aeo114ssi_peripheral4DiagEv
0000220f   _ZN4aeo114ssi_peripheral9TerminateEv
0000226b   _ZN4aeo114ssi_peripheral3PutEj
0000227f   _ZN4aeo114ssi_peripheral3GetEv
00002297   _ZN4aeo114ssi_peripheral10LoadTxFIFOEv
000022cd   _ZN4aeo114ssi_peripheral12UnloadRxFIFOEv
000023c1   OnGPIOBInterrupt
000023dd   OnGPIOEInterrupt
000023f9   _ZN4aeo111ssi_drv8711C1Ev
000023f9   _ZN4aeo111ssi_drv8711C2Ev
0000241f   _ZN4aeo111ssi_drv8711D1Ev
0000241f   _ZN4aeo111ssi_drv8711D2Ev
0000242d   _ZN4aeo111ssi_drv8711D0Ev
00002443   _ZN4aeo111ssi_drv871110InitializeEv
0000250f   _ZN4aeo111ssi_drv87114DiagEv
00002561   _ZN4aeo111ssi_drv871111PrintStatusEj
000025df   _ZN4aeo111ssi_drv87115SleepEb
000025fd   _ZN4aeo111ssi_drv87115ResetEv
00002639   _ZN4aeo111ssi_drv871115OnGpioInterruptENS0_5EventE
000026a5   _ZN4aeo111ssi_drv87114ReadEj
00002705   _ZN4aeo111ssi_drv87115WriteEjj
000027ed   minit
00002879   malloc
000028e1   free
000029a1   realloc
00002aad   memalign
00002b91   calloc
00002bc9   _ZN4aeo17drv8711C1Ev
00002bc9   _ZN4aeo17drv8711C2Ev
00002be7   _ZN4aeo17drv8711D1Ev
00002be7   _ZN4aeo17drv8711D2Ev
00002bff   _ZN4aeo17drv8711D0Ev
00002c15   _ZN4aeo17drv871110InitializeEv
00002c39   _ZN4aeo17drv87114IdleEv
00002c65   _ZN4aeo17drv87114HaltEv
00002c93   _ZN4aeo17drv87114FeedEi
00002ca3   _ZN4aeo17drv87114MoveEi
00002cb3   _ZN4aeo17drv87119SetTorqueEj
00002ce1   _ZN4aeo17drv871110SetDefaultEv
00002d55   _ZN4aeo17drv87114StopEv
00002d61   _ZN4aeo17drv87114DiagEv
00002d83   _ZN4aeo17drv87114StepEjb
00002df5   _ZN4aeo17drv87115SleepEb
00002e25   _ZN4aeo17drv871111ClearFaultsEv
00002e3d   _ZN4aeo17drv87115ResetEv
00002e51   _ZN4aeo17drv871116ReadAllRegistersEv
00002f1d   _ZN4aeo110qei_sensorC1ENS0_9device_idENS0_13configurationE
00002f1d   _ZN4aeo110qei_sensorC2ENS0_9device_idENS0_13configurationE
00002f57   _ZN4aeo110qei_sensorD1Ev
00002f57   _ZN4aeo110qei_sensorD2Ev
00002f63   _ZN4aeo110qei_sensorD0Ev
00002f79   _ZN4aeo110qei_sensor10InitializeEv
00002fa3   _ZN4aeo110qei_sensor3GetEv
00002fcb   _ZN4aeo110qei_sensor8GetIndexEv
00003009   _ZN4aeo110qei_sensor3SetEi
0000302f   _ZN4aeo110qei_sensor4ZeroEv
0000303f   _ZN4aeo110qei_sensor4DiagEv
000031e5   _ZN4aeo111ssi_displayC1ENS_14ssi_peripheral9device_idE
000031e5   _ZN4aeo111ssi_displayC2ENS_14ssi_peripheral9device_idE
00003207   _ZN4aeo111ssi_displayD1Ev
00003207   _ZN4aeo111ssi_displayD2Ev
00003215   _ZN4aeo111ssi_displayD0Ev
0000322b   _ZN4aeo111ssi_display10InitializeEv
00003237   _ZN4aeo111ssi_display4DiagEv
00003249   _ZN4aeo111ssi_display3SetEii
00003327   _ZN4aeo111ssi_display3SetEPKc
000033c5   _ZN4aeo111ssi_display14Digit2SegmentsEjjb
00003449   OnADCInterrupt
0000345b   _ZN4aeo112adc_potmeterC1Ev
0000345b   _ZN4aeo112adc_potmeterC2Ev
00003479   _ZN4aeo112adc_potmeterD1Ev
00003479   _ZN4aeo112adc_potmeterD2Ev
0000349d   _ZN4aeo112adc_potmeterD0Ev
000034b3   _ZN4aeo112adc_potmeter10InitializeEv
00003513   _ZN4aeo112adc_potmeter9TerminateEv
0000352f   _ZN4aeo112adc_potmeter11OnInterruptEv
000035ab   _ZN4aeo112adc_potmeter7TriggerEv
000035b9   _ZN4aeo112adc_potmeter8GetValueEv
000035d9   _ZN4aeo112adc_potmeter15GetErrorCounterEv
000035f1   _ZN4aeo112adc_potmeter4DiagEv
0000363d   GPIOPadConfigSet
0000376d   SysCtlClockGet
00003885   __cxa_finalize
000038c5   __cxa_ia64_exit
000038cb   __cxa_atexit
000038cf   atexit
000038dd   __aeabi_atexit
00003979   _ZSt21__gen_dummy_typeinfosv
00003981   _ZNSt9type_infoD1Ev
00003981   _ZNSt9type_infoD2Ev
00003983   _ZNSt9type_infoD0Ev
0000398b   _ZNKSt9type_info4nameEv
0000398f   _ZNKSt9type_infoneERKS_
000039a5   _ZNKSt9type_infoeqERKS_
000039bb   _ZNKSt9type_info6beforeERKS_
000039c9   _ZN10__cxxabiv129__pointer_to_member_type_infoD1Ev
000039c9   _ZN10__cxxabiv129__pointer_to_member_type_infoD2Ev
000039cb   _ZN10__cxxabiv129__pointer_to_member_type_infoD0Ev
000039d3   _ZN10__cxxabiv123__fundamental_type_infoD1Ev
000039d3   _ZN10__cxxabiv123__fundamental_type_infoD2Ev
000039d5   _ZN10__cxxabiv123__fundamental_type_infoD0Ev
000039dd   _ZN10__cxxabiv121__vmi_class_type_infoD1Ev
000039dd   _ZN10__cxxabiv121__vmi_class_type_infoD2Ev
000039df   _ZN10__cxxabiv121__vmi_class_type_infoD0Ev
000039e7   _ZN10__cxxabiv120__si_class_type_infoD1Ev
000039e7   _ZN10__cxxabiv120__si_class_type_infoD2Ev
000039e9   _ZN10__cxxabiv120__si_class_type_infoD0Ev
000039f1   _ZN10__cxxabiv120__function_type_infoD1Ev
000039f1   _ZN10__cxxabiv120__function_type_infoD2Ev
000039f3   _ZN10__cxxabiv120__function_type_infoD0Ev
000039fb   _ZN10__cxxabiv119__pointer_type_infoD1Ev
000039fb   _ZN10__cxxabiv119__pointer_type_infoD2Ev
000039fd   _ZN10__cxxabiv119__pointer_type_infoD0Ev
00003a05   _ZN10__cxxabiv117__pbase_type_infoD1Ev
00003a05   _ZN10__cxxabiv117__pbase_type_infoD2Ev
00003a07   _ZN10__cxxabiv117__pbase_type_infoD0Ev
00003a0f   _ZN10__cxxabiv117__class_type_infoD1Ev
00003a0f   _ZN10__cxxabiv117__class_type_infoD2Ev
00003a11   _ZN10__cxxabiv117__class_type_infoD0Ev
00003a19   _ZN10__cxxabiv117__array_type_infoD1Ev
00003a19   _ZN10__cxxabiv117__array_type_infoD2Ev
00003a1b   _ZN10__cxxabiv117__array_type_infoD0Ev
00003a23   _ZN10__cxxabiv116__enum_type_infoD1Ev
00003a23   _ZN10__cxxabiv116__enum_type_infoD2Ev
00003a25   _ZN10__cxxabiv116__enum_type_infoD0Ev
00003a35   CmdLineProcess
00003ae1   __aeabi_memcpy
00003ae1   __aeabi_memcpy4
00003ae1   __aeabi_memcpy8
00003ae1   memcpy
00003b7d   __TI_auto_init
00003c11   ADCSequenceStepConfigure
00003c91   __aeabi_memclr
00003c91   __aeabi_memclr4
00003c91   __aeabi_memclr8
00003c93   __aeabi_memset
00003c93   __aeabi_memset4
00003c93   __aeabi_memset8
00003c99   memset
00003d0b   __aeabi_idiv0
00003d0d   _ZN4aeo113Alpha7SegmentEc
00003d71   IntDisable
00003dd1   IntEnable
00003e31   _ZN4aeo111pwm_stepperC1Ev
00003e31   _ZN4aeo111pwm_stepperC2Ev
00003e43   _ZN4aeo111pwm_stepperD1Ev
00003e43   _ZN4aeo111pwm_stepperD2Ev
00003e4f   _ZN4aeo111pwm_stepperD0Ev
00003e65   _ZN4aeo111pwm_stepper10InitializeEv
00003e6f   _ZN4aeo111pwm_stepper4DiagEv
00003eef   GPIOIntTypeSet
00003f45   GPIOPinConfigure
00003f8d   _c_int00
00003fd5   copy_in
00004019   C$$EXIT
0000401d   abort
00004025   exit
0000405d   SSIConfigSetExpClk
0000409f   UARTConfigSetExpClk
000040df   __aeabi_uidiv
000040df   __aeabi_uidivmod
0000411f   ADCSequenceConfigure
0000415d   SysCtlPeripheralEnable
00004191   SysCtlPeripheralPresent
000041c5   ADCIntStatus
000041f3   GPIODirModeSet
0000421d   ADCSequenceDataGet
0000423d   UARTDisable
00004259   ADCClockConfigSet
00004271   GPIOPinTypeGPIOOutput
00004289   _args_main
000042a1   strcmp
000042b9   ADCProcessorTrigger
000042d1   SysTickEnable
000042e5   SysTickIntEnable
000042f9   UARTEnable
0000430d   _register_unlock
00004313   _register_lock
0000431b   _nop
00004321   ADCHardwareOversampleConfigure
00004333   GPIOPinTypeADC
00004345   GPIOPinTypeGPIOInput
00004357   GPIOPinTypeQEI
00004369   GPIOPinTypeSSI
0000437b   GPIOPinTypeUART
0000438d   SSIDataGetNonBlocking
0000439f   __TI_zero_init
000043b1   ADCIntEnable
000043c1   SysTickPeriodSet
000043d1   _ZNK4aeo114ssi_peripheral7IsEmptyEv
000043e1   ADCIntDisable
000043ef   ADCSequenceDisable
000043fd   ADCSequenceEnable
0000440b   GPIOIntDisable
00004419   QEIConfigure
00004427   SSIDataPutNonBlocking
00004435   UARTCharGetNonBlocking
00004443   UARTCharPutNonBlocking
00004451   __TI_decompress_none
0000445f   CPUcpsid
0000446b   CPUcpsie
00004477   GPIOIntEnable
00004483   SSIDataGet
0000448f   UARTCharsAvail
0000449b   UARTSpaceAvail
000044a7   _ZN4aeo111ssi_display4OnTxEv
000044b3   ResetISR
000044bf   ADCIntClear
000044c9   IntMasterDisable
000044d3   IntMasterEnable
000044dd   QEIEnable
000044e7   SSIDataPut
000044f1   SSIDisable
000044fb   SSIEnable
00004505   SSIIntDisable
0000450f   SSIIntStatus
00004519   UARTIntDisable
00004523   UARTIntStatus
0000452d   _ZN4aeo114ssi_peripheral4OnRxEv
00004537   _ZN4aeo114ssi_peripheral4OnTxEv
00004541   SSIIntEnable
00004549   UARTIntEnable
00004551   _ZdlPv
00004559   GPIOPinRead
0000455f   GPIOPinWrite
00004565   SysCtlDelay
0000456b   UARTClockSourceSet
00004571   UARTFIFOLevelSet
00004577   __TI_decompress_rle24
0000457d   QEIPositionGet
00004581   QEIPositionSet
00004585   SSIIntClear
00004589   UARTIntClear
000047aa   _ZTSe
00004a20   _ZTSN10__cxxabiv123__fundamental_type_infoE
00004a48   _ZTVN4aeo111ssi_displayE
00004a70   _ZTVN4aeo111ssi_drv8711E
00004a98   _ZTVN4aeo114ssi_peripheralE
00004ae8   _ZTSN10__cxxabiv120__si_class_type_infoE
00004b0d   _ZTSN10__cxxabiv119__pointer_type_infoE
00004b31   _ZTSN10__cxxabiv117__class_type_infoE
00004b53   _ZTSN10__cxxabiv117__pbase_type_infoE
00004b94   _ZTSN4aeo114ssi_peripheralE
00004bac   _ZTSN4aeo112adc_potmeterE
00004bc2   _ZTSN4aeo111pwm_stepperE
00004bd7   _ZTSN4aeo111ssi_displayE
00004bec   _ZTSN4aeo111ssi_drv8711E
00004c01   _ZTSN4aeo110qei_sensorE
00004c50   _ZTIPKe
00004c60   _ZTSN4aeo17drv8711E
00004c70   _ZTVN10__cxxabiv117__class_type_infoE
00004c80   _ZTVN10__cxxabiv119__pointer_type_infoE
00004c90   _ZTVN10__cxxabiv120__si_class_type_infoE
00004ca0   _ZTVN10__cxxabiv123__fundamental_type_infoE
00004cb0   _ZTVN4aeo110qei_sensorE
00004cc0   _ZTVN4aeo111pwm_stepperE
00004cd0   _ZTVN4aeo112adc_potmeterE
00004ce0   _ZTVN4aeo17drv8711E
00004cf0   _ZTSSt9type_info
00004d00   _ZTIN10__cxxabiv117__class_type_infoE
00004d0c   _ZTIN10__cxxabiv117__pbase_type_infoE
00004d18   _ZTIN10__cxxabiv119__pointer_type_infoE
00004d24   _ZTIN10__cxxabiv120__si_class_type_infoE
00004d30   _ZTIN10__cxxabiv123__fundamental_type_infoE
00004d3c   _ZTIN4aeo111ssi_displayE
00004d48   _ZTIN4aeo111ssi_drv8711E
00004d54   _ZTIN4aeo110qei_sensorE
00004d5c   _ZTIN4aeo111pwm_stepperE
00004d64   _ZTIN4aeo112adc_potmeterE
00004d6c   _ZTIN4aeo114ssi_peripheralE
00004d74   _ZTIN4aeo17drv8711E
00004d7c   _ZTISt9type_info
00004d84   _ZTIe
00004d8c   _ZTSPKe
00004d90   SHT$$INIT_ARRAY$$Base
00004d94   SHT$$INIT_ARRAY$$Limit
00004fb0   __TI_Handler_Table_Base
00004fbc   __TI_Handler_Table_Limit
00004fc8   __TI_CINIT_Base
00004fd8   __TI_CINIT_Limit
20000400   g_oDrv8711
200005a0   g_oDialerDisplay
2000061c   g_oScaleDisplay
200006bc   g_oRotaryDialer
200006cc   g_oLinearScale
200006dc   _ZSt16__dummy_typeinfo
200006e0   __dso_handle
200006ec   g_psCmdTable
200007a0   g_psRotaryMenu
20000848   _ZN4aeo118SSI0_SpecificationE
20000874   _ZN4aeo118SSI1_SpecificationE
200008a0   _ZN4aeo118SSI2_SpecificationE
200008cc   _ZN4aeo118SSI3_SpecificationE
20000928   _ZN4aeo112adc_potmeter10m_nCounterE
2000092c   _ZN4aeo112adc_potmeter15m_nErrorCounterE
20000930   _ZN4aeo112adc_potmeter14m_nReadCounterE
20000934   _ZN4aeo112adc_potmeter16m_pTheOneAndOnlyE
20000954   _lock
20000958   _unlock
2000095c   __TI_cleanup_ptr
20000960   __TI_dtors_ptr
2000096c   main_func_sp
20000974   __stack
20000b74   __STACK_END
20000b74   __STACK_TOP
20000b78   _sys_memory
ffffffff   __binit__
ffffffff   __c_args__
ffffffff   binit

[381 symbols]
