******************************************************************************
                  TI ARM Linker PC v5.1.11                     
******************************************************************************
>> Linked Wed Apr 01 21:21:36 2015

OUTPUT FILE NAME:   <test_drv8711.out>
ENTRY POINT SYMBOL: "_c_int00"  address: 000037e1


MEMORY CONFIGURATION

         name            origin    length      used     unused   attr    fill
----------------------  --------  ---------  --------  --------  ----  --------
  FLASH                 00000000   00040000  000046a2  0003b95e  R  X
  SRAM                  20000000   00008000  00000add  00007523  RW X


SEGMENT ALLOCATION MAP

run origin  load origin   length   init length attrs members
----------  ----------- ---------- ----------- ----- -------
00000000    00000000    000046a8   000046a8    r-x
  00000000    00000000    0000026c   0000026c    r-- .intvecs
  0000026c    0000026c    00003ae6   00003ae6    r-x .text
  00003d54    00003d54    00000764   00000764    r-- .const
  000044b8    000044b8    00000004   00000004    r-- .init_array
  000044c0    000044c0    000001e8   000001e8    r-- .cinit
20000000    20000000    00000ae0   00000000    rw-
  20000000    20000000    000006a9   00000000    rw- .bss
  200006ac    200006ac    0000022c   00000000    rw- .data
  200008d8    200008d8    00000200   00000000    rw- .stack
  20000ad8    20000ad8    00000008   00000000    rw- .sysmem


SECTION ALLOCATION MAP

 output                                  attributes/
section   page    origin      length       input sections
--------  ----  ----------  ----------   ----------------
.intvecs   0    00000000    0000026c     
                  00000000    0000026c     tm4c123gh6pm_startup_ccs.obj (.intvecs)

.text      0    0000026c    00003ae6     
                  0000026c    00000c84     tiva_utils.lib : ustdlib.obj (.text)
                  00000ef0    00000860                    : uartstdio.obj (.text)
                  00001750    000005f8     main.obj (.text)
                  00001d48    00000478     aeo1_drivers.lib : ssi_peripheral.obj (.text)
                  000021c0    000003dc     rtsv7M4_T_le_v4SPD16_eabi.lib : memory.obj (.text)
                  0000259c    000002c8     aeo1_drivers.lib : qei_sensor.obj (.text)
                  00002864    0000027c                      : ssi_display.obj (.text)
                  00002ae0    000001f4                      : adc_potmeter.obj (.text)
                  00002cd4    0000013c     drv8711.obj (.text)
                  00002e10    00000130     driverlib.lib : gpio.obj (.text:GPIOPadConfigSet)
                  00002f40    00000118                   : sysctl.obj (.text:SysCtlClockGet)
                  00003058    000000f4     rtsv7M4_T_le_v4SPD16_eabi.lib : dtor_list.obj (.text)
                  0000314c    000000bc                                   : typeinfo_.obj (.text)
                  00003208    000000ac     tiva_utils.lib : cmdline.obj (.text)
                  000032b4    0000009c     rtsv7M4_T_le_v4SPD16_eabi.lib : memcpy_t2.obj (.text)
                  00003350    00000094                                   : auto_init.obj (.text)
                  000033e4    00000080     driverlib.lib : adc.obj (.text:ADCSequenceStepConfigure)
                  00003464    0000007a     rtsv7M4_T_le_v4SPD16_eabi.lib : memset_t2.obj (.text)
                  000034de    00000002                                   : i_div0.obj (.text)
                  000034e0    00000074     aeo1_drivers.lib : ssi_drv8711.obj (.text)
                  00003554    00000064                      : alpha7segment.obj (.text)
                  000035b8    00000060     driverlib.lib : interrupt.obj (.text:IntDisable)
                  00003618    00000060                   : interrupt.obj (.text:IntEnable)
                  00003678    00000060     aeo1_drivers.lib : gpio_stepper.obj (.text)
                  000036d8    00000060                      : pwm_stepper.obj (.text)
                  00003738    0000005e     rtsv7M4_T_le_v4SPD16_eabi.lib : copy_decompress_rle.obj (.text)
                  00003796    00000002     --HOLE-- [fill = 0]
                  00003798    00000048     driverlib.lib : gpio.obj (.text:GPIOPinConfigure)
                  000037e0    00000048     rtsv7M4_T_le_v4SPD16_eabi.lib : boot.obj (.text)
                  00003828    00000044                                   : cpy_tbl.obj (.text)
                  0000386c    00000044                                   : exit.obj (.text)
                  000038b0    00000042     driverlib.lib : ssi.obj (.text:SSIConfigSetExpClk)
                  000038f2    00000040                   : uart.obj (.text:UARTConfigSetExpClk)
                  00003932    00000040     rtsv7M4_T_le_v4SPD16_eabi.lib : u_divt2.obj (.text)
                  00003972    0000003e     driverlib.lib : adc.obj (.text:ADCSequenceConfigure)
                  000039b0    00000034                   : sysctl.obj (.text:SysCtlPeripheralEnable)
                  000039e4    00000034                   : sysctl.obj (.text:SysCtlPeripheralPresent)
                  00003a18    0000002e                   : adc.obj (.text:ADCIntStatus)
                  00003a46    0000002a                   : gpio.obj (.text:GPIODirModeSet)
                  00003a70    0000001e                   : adc.obj (.text:ADCSequenceDataGet)
                  00003a8e    00000002     --HOLE-- [fill = 0]
                  00003a90    0000001c                   : uart.obj (.text:UARTDisable)
                  00003aac    00000018                   : adc.obj (.text:ADCClockConfigSet)
                  00003ac4    00000018     rtsv7M4_T_le_v4SPD16_eabi.lib : args_main.obj (.text)
                  00003adc    00000018                                   : strcmp.obj (.text)
                  00003af4    00000016     driverlib.lib : adc.obj (.text:ADCProcessorTrigger)
                  00003b0a    00000002     --HOLE-- [fill = 0]
                  00003b0c    00000014                   : systick.obj (.text:SysTickEnable)
                  00003b20    00000014                   : systick.obj (.text:SysTickIntEnable)
                  00003b34    00000014                   : uart.obj (.text:UARTEnable)
                  00003b48    00000014     rtsv7M4_T_le_v4SPD16_eabi.lib : _lock.obj (.text)
                  00003b5c    00000012     driverlib.lib : adc.obj (.text:ADCHardwareOversampleConfigure)
                  00003b6e    00000012                   : gpio.obj (.text:GPIOPinTypeADC)
                  00003b80    00000012                   : gpio.obj (.text:GPIOPinTypeQEI)
                  00003b92    00000012                   : gpio.obj (.text:GPIOPinTypeSSI)
                  00003ba4    00000012                   : gpio.obj (.text:GPIOPinTypeUART)
                  00003bb6    00000012                   : ssi.obj (.text:SSIDataGetNonBlocking)
                  00003bc8    00000012     rtsv7M4_T_le_v4SPD16_eabi.lib : copy_zero_init.obj (.text:decompress:ZI)
                  00003bda    00000010     driverlib.lib : adc.obj (.text:ADCIntEnable)
                  00003bea    00000002     --HOLE-- [fill = 0]
                  00003bec    00000010                   : systick.obj (.text:SysTickPeriodSet)
                  00003bfc    0000000e                   : adc.obj (.text:ADCIntDisable)
                  00003c0a    0000000e                   : adc.obj (.text:ADCSequenceDisable)
                  00003c18    0000000e                   : adc.obj (.text:ADCSequenceEnable)
                  00003c26    0000000e                   : qei.obj (.text:QEIConfigure)
                  00003c34    0000000e                   : ssi.obj (.text:SSIDataPutNonBlocking)
                  00003c42    0000000e                   : uart.obj (.text:UARTCharGetNonBlocking)
                  00003c50    0000000e                   : uart.obj (.text:UARTCharPutNonBlocking)
                  00003c5e    0000000e     rtsv7M4_T_le_v4SPD16_eabi.lib : copy_decompress_none.obj (.text:decompress:none)
                  00003c6c    0000000c     driverlib.lib : cpu.obj (.text:CPUcpsid)
                  00003c78    0000000c                   : cpu.obj (.text:CPUcpsie)
                  00003c84    0000000c                   : uart.obj (.text:UARTCharsAvail)
                  00003c90    0000000c                   : uart.obj (.text:UARTSpaceAvail)
                  00003c9c    0000000c     tm4c123gh6pm_startup_ccs.obj (.text)
                  00003ca8    0000000a     driverlib.lib : adc.obj (.text:ADCIntClear)
                  00003cb2    0000000a                   : interrupt.obj (.text:IntMasterDisable)
                  00003cbc    0000000a                   : interrupt.obj (.text:IntMasterEnable)
                  00003cc6    0000000a                   : qei.obj (.text:QEIEnable)
                  00003cd0    0000000a                   : ssi.obj (.text:SSIDisable)
                  00003cda    0000000a                   : ssi.obj (.text:SSIEnable)
                  00003ce4    0000000a                   : ssi.obj (.text:SSIIntDisable)
                  00003cee    0000000a                   : ssi.obj (.text:SSIIntStatus)
                  00003cf8    0000000a                   : uart.obj (.text:UARTIntDisable)
                  00003d02    0000000a                   : uart.obj (.text:UARTIntStatus)
                  00003d0c    00000008                   : ssi.obj (.text:SSIIntEnable)
                  00003d14    00000008                   : uart.obj (.text:UARTIntEnable)
                  00003d1c    00000008     rtsv7M4_T_le_v4SPD16_eabi.lib : delete.obj (.text)
                  00003d24    00000006     driverlib.lib : gpio.obj (.text:GPIOPinRead)
                  00003d2a    00000006                   : sysctl.obj (.text:SysCtlDelay)
                  00003d30    00000006                   : uart.obj (.text:UARTClockSourceSet)
                  00003d36    00000006                   : uart.obj (.text:UARTFIFOLevelSet)
                  00003d3c    00000006     rtsv7M4_T_le_v4SPD16_eabi.lib : copy_decompress_rle.obj (.text:decompress:rle24)
                  00003d42    00000004     driverlib.lib : qei.obj (.text:QEIPositionGet)
                  00003d46    00000004                   : qei.obj (.text:QEIPositionSet)
                  00003d4a    00000004                   : ssi.obj (.text:SSIIntClear)
                  00003d4e    00000004                   : uart.obj (.text:UARTIntClear)

.const     0    00003d54    00000764     
                  00003d54    000001a2     main.obj (.const:.string)
                  00003ef6    00000002     rtsv7M4_T_le_v4SPD16_eabi.lib : typeinfo_.obj (.const:.typeinfo:_ZTSe)
                  00003ef8    00000090     driverlib.lib : gpio.obj (.const:g_pui32GPIOBaseAddrs)
                  00003f88    0000008e     aeo1_drivers.lib : alpha7segment.obj (.const:_ZN4aeo119alpha7segment_tableE)
                  00004016    00000002     --HOLE-- [fill = 0]
                  00004018    00000070     driverlib.lib : interrupt.obj (.const)
                  00004088    0000006c                   : sysctl.obj (.const:g_pui32Xtals)
                  000040f4    00000030     tiva_utils.lib : ustdlib.obj (.const:g_psDaysToMonth)
                  00004124    00000028     rtsv7M4_T_le_v4SPD16_eabi.lib : typeinfo_.obj (.const:.typeinfo:_ZTSN10__cxxabiv123__fundamental_type_infoE)
                  0000414c    00000028     tiva_utils.lib : uartstdio.obj (.const)
                  00004174    00000025     rtsv7M4_T_le_v4SPD16_eabi.lib : typeinfo_.obj (.const:.typeinfo:_ZTSN10__cxxabiv120__si_class_type_infoE)
                  00004199    00000024                                   : typeinfo_.obj (.const:.typeinfo:_ZTSN10__cxxabiv119__pointer_type_infoE)
                  000041bd    00000003     --HOLE-- [fill = 0]
                  000041c0    00000024     aeo1_drivers.lib : ssi_display.obj (.const:_ZTVN4aeo111ssi_displayE)
                  000041e4    00000024                      : ssi_drv8711.obj (.const:_ZTVN4aeo111ssi_drv8711E)
                  00004208    00000024                      : ssi_peripheral.obj (.const:_ZTVN4aeo114ssi_peripheralE)
                  0000422c    00000022     rtsv7M4_T_le_v4SPD16_eabi.lib : typeinfo_.obj (.const:.typeinfo:_ZTSN10__cxxabiv117__class_type_infoE)
                  0000424e    00000022                                   : typeinfo_.obj (.const:.typeinfo:_ZTSN10__cxxabiv117__pbase_type_infoE)
                  00004270    0000001c     tiva_utils.lib : ustdlib.obj (.const)
                  0000428c    00000018     aeo1_drivers.lib : ssi_peripheral.obj (.const:.typeinfo:_ZTSN4aeo114ssi_peripheralE)
                  000042a4    00000016                      : adc_potmeter.obj (.const:.typeinfo:_ZTSN4aeo112adc_potmeterE)
                  000042ba    00000016                      : gpio_stepper.obj (.const:.typeinfo:_ZTSN4aeo112gpio_stepperE)
                  000042d0    00000015                      : pwm_stepper.obj (.const:.typeinfo:_ZTSN4aeo111pwm_stepperE)
                  000042e5    00000015                      : ssi_display.obj (.const:.typeinfo:_ZTSN4aeo111ssi_displayE)
                  000042fa    00000015                      : ssi_drv8711.obj (.const:.typeinfo:_ZTSN4aeo111ssi_drv8711E)
                  0000430f    00000014                      : qei_sensor.obj (.const:.typeinfo:_ZTSN4aeo110qei_sensorE)
                  00004323    00000012                      : ssi_display.obj (.const:.string)
                  00004335    00000003     --HOLE-- [fill = 0]
                  00004338    00000012     tiva_utils.lib : uartstdio.obj (.const:.string)
                  0000434a    00000002     --HOLE-- [fill = 0]
                  0000434c    00000012                    : ustdlib.obj (.const:.string)
                  0000435e    00000002     --HOLE-- [fill = 0]
                  00004360    00000010     rtsv7M4_T_le_v4SPD16_eabi.lib : typeinfo_.obj (.const:.typeinfo:_ZTIPKe)
                  00004370    00000010     drv8711.obj (.const:.typeinfo:_ZTSN4aeo17drv8711E)
                  00004380    00000010     rtsv7M4_T_le_v4SPD16_eabi.lib : typeinfo_.obj (.const:_ZTVN10__cxxabiv117__class_type_infoE)
                  00004390    00000010                                   : typeinfo_.obj (.const:_ZTVN10__cxxabiv119__pointer_type_infoE)
                  000043a0    00000010                                   : typeinfo_.obj (.const:_ZTVN10__cxxabiv120__si_class_type_infoE)
                  000043b0    00000010                                   : typeinfo_.obj (.const:_ZTVN10__cxxabiv123__fundamental_type_infoE)
                  000043c0    00000010     aeo1_drivers.lib : qei_sensor.obj (.const:_ZTVN4aeo110qei_sensorE)
                  000043d0    00000010                      : pwm_stepper.obj (.const:_ZTVN4aeo111pwm_stepperE)
                  000043e0    00000010                      : adc_potmeter.obj (.const:_ZTVN4aeo112adc_potmeterE)
                  000043f0    00000010                      : gpio_stepper.obj (.const:_ZTVN4aeo112gpio_stepperE)
                  00004400    00000010     drv8711.obj (.const:_ZTVN4aeo17drv8711E)
                  00004410    0000000d     rtsv7M4_T_le_v4SPD16_eabi.lib : typeinfo_.obj (.const:.typeinfo:_ZTSSt9type_info)
                  0000441d    00000003     --HOLE-- [fill = 0]
                  00004420    0000000c                                   : typeinfo_.obj (.const:.typeinfo:_ZTIN10__cxxabiv117__class_type_infoE)
                  0000442c    0000000c                                   : typeinfo_.obj (.const:.typeinfo:_ZTIN10__cxxabiv117__pbase_type_infoE)
                  00004438    0000000c                                   : typeinfo_.obj (.const:.typeinfo:_ZTIN10__cxxabiv119__pointer_type_infoE)
                  00004444    0000000c                                   : typeinfo_.obj (.const:.typeinfo:_ZTIN10__cxxabiv120__si_class_type_infoE)
                  00004450    0000000c                                   : typeinfo_.obj (.const:.typeinfo:_ZTIN10__cxxabiv123__fundamental_type_infoE)
                  0000445c    0000000c     aeo1_drivers.lib : ssi_display.obj (.const:.typeinfo:_ZTIN4aeo111ssi_displayE)
                  00004468    0000000c                      : ssi_drv8711.obj (.const:.typeinfo:_ZTIN4aeo111ssi_drv8711E)
                  00004474    00000008                      : qei_sensor.obj (.const:.typeinfo:_ZTIN4aeo110qei_sensorE)
                  0000447c    00000008                      : pwm_stepper.obj (.const:.typeinfo:_ZTIN4aeo111pwm_stepperE)
                  00004484    00000008                      : adc_potmeter.obj (.const:.typeinfo:_ZTIN4aeo112adc_potmeterE)
                  0000448c    00000008                      : gpio_stepper.obj (.const:.typeinfo:_ZTIN4aeo112gpio_stepperE)
                  00004494    00000008                      : ssi_peripheral.obj (.const:.typeinfo:_ZTIN4aeo114ssi_peripheralE)
                  0000449c    00000008     drv8711.obj (.const:.typeinfo:_ZTIN4aeo17drv8711E)
                  000044a4    00000008     rtsv7M4_T_le_v4SPD16_eabi.lib : typeinfo_.obj (.const:.typeinfo:_ZTISt9type_info)
                  000044ac    00000008                                   : typeinfo_.obj (.const:.typeinfo:_ZTIe)
                  000044b4    00000004                                   : typeinfo_.obj (.const:.typeinfo:_ZTSPKe)

.init_array 
*          0    000044b8    00000004     
                  000044b8    00000004     main.obj (.init_array)

.cinit     0    000044c0    000001e8     
                  000044c0    000001bf     (.cinit..data.load) [load image, compression = rle]
                  0000467f    00000001     --HOLE-- [fill = 0]
                  00004680    0000000c     (__TI_handler_table)
                  0000468c    00000004     --HOLE-- [fill = 0]
                  00004690    00000008     (.cinit..bss.load) [load image, compression = zero_init]
                  00004698    00000010     (__TI_cinit_table)

.bss       0    20000000    000006a9     UNINITIALIZED
                  20000000    00000400     tiva_utils.lib : uartstdio.obj (.bss:g_pcUARTTxBuffer)
                  20000400    00000080                    : uartstdio.obj (.bss:g_pcUARTRxBuffer)
                  20000480    00000080     main.obj (.bss:g_zInput)
                  20000500    00000078     main.obj (.bss:g_oDrv8711)
                  20000578    00000070     main.obj (.bss:g_oDialerDisplay)
                  200005e8    00000070     main.obj (.bss:g_oScaleDisplay)
                  20000658    00000024     tiva_utils.lib : cmdline.obj (.bss:g_ppcArgv)
                  2000067c    00000020     main.obj (.bss)
                  2000069c    00000004     (.common:_ZSt16__dummy_typeinfo)
                  200006a0    00000004     (.common:__dso_handle)
                  200006a4    00000004     (.common:g_ui32PortNum)
                  200006a8    00000001     (.common:g_bDisableEcho)

.data      0    200006ac    0000022c     UNINITIALIZED
                  200006ac    00000084     main.obj (.data:g_psCmdTable)
                  20000730    00000084     main.obj (.data:g_psRotaryMenu)
                  200007b4    0000002c     aeo1_drivers.lib : ssi_peripheral.obj (.data:_ZN4aeo118SSI0_SpecificationE)
                  200007e0    0000002c                      : ssi_peripheral.obj (.data:_ZN4aeo118SSI1_SpecificationE)
                  2000080c    0000002c                      : ssi_peripheral.obj (.data:_ZN4aeo118SSI2_SpecificationE)
                  20000838    0000002c                      : ssi_peripheral.obj (.data:_ZN4aeo118SSI3_SpecificationE)
                  20000864    00000015     tiva_utils.lib : uartstdio.obj (.data)
                  20000879    00000003     --HOLE--
                  2000087c    00000011     main.obj (.data)
                  2000088d    00000003     --HOLE--
                  20000890    00000010     aeo1_drivers.lib : adc_potmeter.obj (.data)
                  200008a0    00000010                      : ssi_peripheral.obj (.data)
                  200008b0    0000000c     rtsv7M4_T_le_v4SPD16_eabi.lib : memory.obj (.data)
                  200008bc    00000008                                   : _lock.obj (.data)
                  200008c4    00000008                                   : exit.obj (.data)
                  200008cc    00000004                                   : dtor_list.obj (.data)
                  200008d0    00000004                                   : stkdepth_vars.obj (.data)
                  200008d4    00000004     tiva_utils.lib : ustdlib.obj (.data)

.stack     0    200008d8    00000200     UNINITIALIZED
                  200008d8    00000200     --HOLE--

.sysmem    0    20000ad8    00000008     UNINITIALIZED
                  20000ad8    00000008     rtsv7M4_T_le_v4SPD16_eabi.lib : memory.obj (.sysmem)


LINKER GENERATED COPY TABLES

__TI_cinit_table @ 00004698 records: 2, size/record: 8, table size: 16
	.data: load addr=000044c0, load size=000001bf bytes, run addr=200006ac, run size=0000022c bytes, compression=rle
	.bss: load addr=00004690, load size=00000008 bytes, run addr=20000000, run size=000006a9 bytes, compression=zero_init


LINKER GENERATED HANDLER TABLE

__TI_handler_table @ 00004680 records: 3, size/record: 4, table size: 12
	index: 0, handler: __TI_decompress_rle24
	index: 1, handler: __TI_decompress_none
	index: 2, handler: __TI_zero_init


GLOBAL SYMBOLS: SORTED ALPHABETICALLY BY Name 

address    name
--------   ----
00003aad   ADCClockConfigSet
00003b5d   ADCHardwareOversampleConfigure
00003ca9   ADCIntClear
00003bfd   ADCIntDisable
00003bdb   ADCIntEnable
00003a19   ADCIntStatus
00003af5   ADCProcessorTrigger
00003973   ADCSequenceConfigure
00003a71   ADCSequenceDataGet
00003c0b   ADCSequenceDisable
00003c19   ADCSequenceEnable
000033e5   ADCSequenceStepConfigure
0000386d   C$$EXIT
00003c6d   CPUcpsid
00003c79   CPUcpsie
00003209   CmdLineProcess
00003a47   GPIODirModeSet
00002e11   GPIOPadConfigSet
00003799   GPIOPinConfigure
00003d25   GPIOPinRead
00003b6f   GPIOPinTypeADC
00003b81   GPIOPinTypeQEI
00003b93   GPIOPinTypeSSI
00003ba5   GPIOPinTypeUART
000035b9   IntDisable
00003619   IntEnable
00003cb3   IntMasterDisable
00003cbd   IntMasterEnable
00002ae1   OnADCInterrupt
00001d49   OnSSI0Interrupt
00001d63   OnSSI1Interrupt
00001d7d   OnSSI2Interrupt
00001d97   OnSSI3Interrupt
00003c27   QEIConfigure
00003cc7   QEIEnable
00003d43   QEIPositionGet
00003d47   QEIPositionSet
00003c9d   ResetISR
000044b8   SHT$$INIT_ARRAY$$Base
000044bc   SHT$$INIT_ARRAY$$Limit
000038b1   SSIConfigSetExpClk
00003bb7   SSIDataGetNonBlocking
00003c35   SSIDataPutNonBlocking
00003cd1   SSIDisable
00003cdb   SSIEnable
00003d4b   SSIIntClear
00003ce5   SSIIntDisable
00003d0d   SSIIntEnable
00003cef   SSIIntStatus
00002f41   SysCtlClockGet
00003d2b   SysCtlDelay
000039b1   SysCtlPeripheralEnable
000039e5   SysCtlPeripheralPresent
00003b0d   SysTickEnable
00003b21   SysTickIntEnable
00001a51   SysTickIntHandler
00003bed   SysTickPeriodSet
00003c43   UARTCharGetNonBlocking
00003c51   UARTCharPutNonBlocking
00003c85   UARTCharsAvail
00003d31   UARTClockSourceSet
000038f3   UARTConfigSetExpClk
00003a91   UARTDisable
000015c9   UARTEchoSet
00003b35   UARTEnable
00003d37   UARTFIFOLevelSet
00001573   UARTFlushRx
00001593   UARTFlushTx
00003d4f   UARTIntClear
00003cf9   UARTIntDisable
00003d15   UARTIntEnable
00003d03   UARTIntStatus
00001519   UARTPeek
000014f7   UARTRxBytesAvail
00003c91   UARTSpaceAvail
00000fdd   UARTStdioConfig
000015f5   UARTStdioIntHandler
00001505   UARTTxBytesFree
0000117f   UARTgetc
00001103   UARTgets
000014d3   UARTprintf
000011d9   UARTvprintf
00001063   UARTwrite
00001b31   _Z10Initializev
000018eb   _Z12OnMenuDialeri
00001a11   _Z13ConfigureUARTv
00001979   _Z14OnNumberDialeri
0000176b   _Z7CMD_setiPPc
000018a1   _Z7MNU_setiPPc
00001827   _Z8CMD_diagiPPc
000017b1   _Z8CMD_feediPPc
000017a1   _Z8CMD_haltiPPc
0000184f   _Z8CMD_helpiPPc
00001791   _Z8CMD_idleiPPc
000017d7   _Z8CMD_moveiPPc
000017fd   _Z8CMD_stopiPPc
0000180d   _Z8CMD_textiPPc
00001751   _Z8CMD_zeroiPPc
000018bf   _Z8MNU_feediPPc
000018d5   _Z8MNU_moveiPPc
00001bbd   _Z8MainLoopv
000019a9   _Z8OnDialeri
000031f9   _ZN10__cxxabiv116__enum_type_infoD0Ev
000031f7   _ZN10__cxxabiv116__enum_type_infoD1Ev
000031f7   _ZN10__cxxabiv116__enum_type_infoD2Ev
000031ef   _ZN10__cxxabiv117__array_type_infoD0Ev
000031ed   _ZN10__cxxabiv117__array_type_infoD1Ev
000031ed   _ZN10__cxxabiv117__array_type_infoD2Ev
000031e5   _ZN10__cxxabiv117__class_type_infoD0Ev
000031e3   _ZN10__cxxabiv117__class_type_infoD1Ev
000031e3   _ZN10__cxxabiv117__class_type_infoD2Ev
000031db   _ZN10__cxxabiv117__pbase_type_infoD0Ev
000031d9   _ZN10__cxxabiv117__pbase_type_infoD1Ev
000031d9   _ZN10__cxxabiv117__pbase_type_infoD2Ev
000031d1   _ZN10__cxxabiv119__pointer_type_infoD0Ev
000031cf   _ZN10__cxxabiv119__pointer_type_infoD1Ev
000031cf   _ZN10__cxxabiv119__pointer_type_infoD2Ev
000031c7   _ZN10__cxxabiv120__function_type_infoD0Ev
000031c5   _ZN10__cxxabiv120__function_type_infoD1Ev
000031c5   _ZN10__cxxabiv120__function_type_infoD2Ev
000031bd   _ZN10__cxxabiv120__si_class_type_infoD0Ev
000031bb   _ZN10__cxxabiv120__si_class_type_infoD1Ev
000031bb   _ZN10__cxxabiv120__si_class_type_infoD2Ev
000031b3   _ZN10__cxxabiv121__vmi_class_type_infoD0Ev
000031b1   _ZN10__cxxabiv121__vmi_class_type_infoD1Ev
000031b1   _ZN10__cxxabiv121__vmi_class_type_infoD2Ev
000031a9   _ZN10__cxxabiv123__fundamental_type_infoD0Ev
000031a7   _ZN10__cxxabiv123__fundamental_type_infoD1Ev
000031a7   _ZN10__cxxabiv123__fundamental_type_infoD2Ev
0000319f   _ZN10__cxxabiv129__pointer_to_member_type_infoD0Ev
0000319d   _ZN10__cxxabiv129__pointer_to_member_type_infoD1Ev
0000319d   _ZN10__cxxabiv129__pointer_to_member_type_infoD2Ev
000025f9   _ZN4aeo110qei_sensor10InitializeEv
00002623   _ZN4aeo110qei_sensor3GetEv
00002689   _ZN4aeo110qei_sensor3SetEi
000026bf   _ZN4aeo110qei_sensor4DiagEv
000026af   _ZN4aeo110qei_sensor4ZeroEv
0000264b   _ZN4aeo110qei_sensor8GetIndexEv
0000259d   _ZN4aeo110qei_sensorC1ENS0_9device_idENS0_13configurationE
0000259d   _ZN4aeo110qei_sensorC2ENS0_9device_idENS0_13configurationE
000025e3   _ZN4aeo110qei_sensorD0Ev
000025d7   _ZN4aeo110qei_sensorD1Ev
000025d7   _ZN4aeo110qei_sensorD2Ev
0000370d   _ZN4aeo111pwm_stepper10InitializeEv
00003717   _ZN4aeo111pwm_stepper4DiagEv
000036d9   _ZN4aeo111pwm_stepperC1Ev
000036d9   _ZN4aeo111pwm_stepperC2Ev
000036f7   _ZN4aeo111pwm_stepperD0Ev
000036eb   _ZN4aeo111pwm_stepperD1Ev
000036eb   _ZN4aeo111pwm_stepperD2Ev
000028ad   _ZN4aeo111ssi_display10InitializeEv
00002a5b   _ZN4aeo111ssi_display14Digit2SegmentsEjjb
000029b7   _ZN4aeo111ssi_display3SetEPKc
000028d3   _ZN4aeo111ssi_display3SetEii
000028c1   _ZN4aeo111ssi_display4DiagEv
00002865   _ZN4aeo111ssi_displayC1ENS_14ssi_peripheral9device_idE
00002865   _ZN4aeo111ssi_displayC2ENS_14ssi_peripheral9device_idE
00002897   _ZN4aeo111ssi_displayD0Ev
00002889   _ZN4aeo111ssi_displayD1Ev
00002889   _ZN4aeo111ssi_displayD2Ev
00003521   _ZN4aeo111ssi_drv871110InitializeEv
0000352d   _ZN4aeo111ssi_drv87114DiagEv
000034e1   _ZN4aeo111ssi_drv8711C1ENS_14ssi_peripheral9device_idE
000034e1   _ZN4aeo111ssi_drv8711C2ENS_14ssi_peripheral9device_idE
0000350b   _ZN4aeo111ssi_drv8711D0Ev
000034fd   _ZN4aeo111ssi_drv8711D1Ev
000034fd   _ZN4aeo111ssi_drv8711D2Ev
00002b4b   _ZN4aeo112adc_potmeter10InitializeEv
20000890   _ZN4aeo112adc_potmeter10m_nCounterE
00002bc7   _ZN4aeo112adc_potmeter11OnInterruptEv
20000898   _ZN4aeo112adc_potmeter14m_nReadCounterE
00002c71   _ZN4aeo112adc_potmeter15GetErrorCounterEv
20000894   _ZN4aeo112adc_potmeter15m_nErrorCounterE
2000089c   _ZN4aeo112adc_potmeter16m_pTheOneAndOnlyE
00002c89   _ZN4aeo112adc_potmeter4DiagEv
00002c43   _ZN4aeo112adc_potmeter7TriggerEv
00002c51   _ZN4aeo112adc_potmeter8GetValueEv
00002bab   _ZN4aeo112adc_potmeter9TerminateEv
00002af3   _ZN4aeo112adc_potmeterC1Ev
00002af3   _ZN4aeo112adc_potmeterC2Ev
00002b35   _ZN4aeo112adc_potmeterD0Ev
00002b11   _ZN4aeo112adc_potmeterD1Ev
00002b11   _ZN4aeo112adc_potmeterD2Ev
000036ad   _ZN4aeo112gpio_stepper10InitializeEv
000036b7   _ZN4aeo112gpio_stepper4DiagEv
00003679   _ZN4aeo112gpio_stepperC1Ev
00003679   _ZN4aeo112gpio_stepperC2Ev
00003697   _ZN4aeo112gpio_stepperD0Ev
0000368b   _ZN4aeo112gpio_stepperD1Ev
0000368b   _ZN4aeo112gpio_stepperD2Ev
00003555   _ZN4aeo113Alpha7SegmentEc
00001e5f   _ZN4aeo114ssi_peripheral10InitializeEv
00001f5d   _ZN4aeo114ssi_peripheral11OnInterruptEv
00002011   _ZN4aeo114ssi_peripheral4DiagEv
000020f9   _ZN4aeo114ssi_peripheral8LoadFIFOEv
0000209d   _ZN4aeo114ssi_peripheral9TerminateEv
00001db1   _ZN4aeo114ssi_peripheralC1ENS0_9device_idE
00001db1   _ZN4aeo114ssi_peripheralC2ENS0_9device_idE
00001e49   _ZN4aeo114ssi_peripheralD0Ev
00001e35   _ZN4aeo114ssi_peripheralD1Ev
00001e35   _ZN4aeo114ssi_peripheralD2Ev
200007b4   _ZN4aeo118SSI0_SpecificationE
200007e0   _ZN4aeo118SSI1_SpecificationE
2000080c   _ZN4aeo118SSI2_SpecificationE
20000838   _ZN4aeo118SSI3_SpecificationE
00002d33   _ZN4aeo17drv871110InitializeEv
00002d95   _ZN4aeo17drv87114DiagEv
00002d69   _ZN4aeo17drv87114FeedEi
00002d5d   _ZN4aeo17drv87114HaltEv
00002d51   _ZN4aeo17drv87114IdleEv
00002d79   _ZN4aeo17drv87114MoveEi
00002d89   _ZN4aeo17drv87114StopEv
00002cd5   _ZN4aeo17drv8711C1Ev
00002cd5   _ZN4aeo17drv8711C2Ev
00002d1d   _ZN4aeo17drv8711D0Ev
00002cfd   _ZN4aeo17drv8711D1Ev
00002cfd   _ZN4aeo17drv8711D2Ev
0000315f   _ZNKSt9type_info4nameEv
0000318f   _ZNKSt9type_info6beforeERKS_
00003179   _ZNKSt9type_infoeqERKS_
00003163   _ZNKSt9type_infoneERKS_
00003157   _ZNSt9type_infoD0Ev
00003155   _ZNSt9type_infoD1Ev
00003155   _ZNSt9type_infoD2Ev
2000069c   _ZSt16__dummy_typeinfo
0000314d   _ZSt21__gen_dummy_typeinfosv
00004420   _ZTIN10__cxxabiv117__class_type_infoE
0000442c   _ZTIN10__cxxabiv117__pbase_type_infoE
00004438   _ZTIN10__cxxabiv119__pointer_type_infoE
00004444   _ZTIN10__cxxabiv120__si_class_type_infoE
00004450   _ZTIN10__cxxabiv123__fundamental_type_infoE
00004474   _ZTIN4aeo110qei_sensorE
0000447c   _ZTIN4aeo111pwm_stepperE
0000445c   _ZTIN4aeo111ssi_displayE
00004468   _ZTIN4aeo111ssi_drv8711E
00004484   _ZTIN4aeo112adc_potmeterE
0000448c   _ZTIN4aeo112gpio_stepperE
00004494   _ZTIN4aeo114ssi_peripheralE
0000449c   _ZTIN4aeo17drv8711E
00004360   _ZTIPKe
000044a4   _ZTISt9type_info
000044ac   _ZTIe
0000422c   _ZTSN10__cxxabiv117__class_type_infoE
0000424e   _ZTSN10__cxxabiv117__pbase_type_infoE
00004199   _ZTSN10__cxxabiv119__pointer_type_infoE
00004174   _ZTSN10__cxxabiv120__si_class_type_infoE
00004124   _ZTSN10__cxxabiv123__fundamental_type_infoE
0000430f   _ZTSN4aeo110qei_sensorE
000042d0   _ZTSN4aeo111pwm_stepperE
000042e5   _ZTSN4aeo111ssi_displayE
000042fa   _ZTSN4aeo111ssi_drv8711E
000042a4   _ZTSN4aeo112adc_potmeterE
000042ba   _ZTSN4aeo112gpio_stepperE
0000428c   _ZTSN4aeo114ssi_peripheralE
00004370   _ZTSN4aeo17drv8711E
000044b4   _ZTSPKe
00004410   _ZTSSt9type_info
00003ef6   _ZTSe
00004380   _ZTVN10__cxxabiv117__class_type_infoE
00004390   _ZTVN10__cxxabiv119__pointer_type_infoE
000043a0   _ZTVN10__cxxabiv120__si_class_type_infoE
000043b0   _ZTVN10__cxxabiv123__fundamental_type_infoE
000043c0   _ZTVN4aeo110qei_sensorE
000043d0   _ZTVN4aeo111pwm_stepperE
000041c0   _ZTVN4aeo111ssi_displayE
000041e4   _ZTVN4aeo111ssi_drv8711E
000043e0   _ZTVN4aeo112adc_potmeterE
000043f0   _ZTVN4aeo112gpio_stepperE
00004208   _ZTVN4aeo114ssi_peripheralE
00004400   _ZTVN4aeo17drv8711E
00003d1d   _ZdlPv
20000ad8   __STACK_END
00000200   __STACK_SIZE
20000ad8   __STACK_TOP
00000008   __SYSMEM_SIZE
00004698   __TI_CINIT_Base
000046a8   __TI_CINIT_Limit
00004680   __TI_Handler_Table_Base
0000468c   __TI_Handler_Table_Limit
00000001   __TI_args_main
00003351   __TI_auto_init
200008c4   __TI_cleanup_ptr
00003c5f   __TI_decompress_none
00003d3d   __TI_decompress_rle24
200008c8   __TI_dtors_ptr
00000000   __TI_static_base__
00003bc9   __TI_zero_init
000030b1   __aeabi_atexit
000034df   __aeabi_idiv0
00003465   __aeabi_memclr
00003465   __aeabi_memclr4
00003465   __aeabi_memclr8
000032b5   __aeabi_memcpy
000032b5   __aeabi_memcpy4
000032b5   __aeabi_memcpy8
00003467   __aeabi_memset
00003467   __aeabi_memset4
00003467   __aeabi_memset8
00003933   __aeabi_uidiv
00003933   __aeabi_uidivmod
ffffffff   __binit__
ffffffff   __c_args__
0000309f   __cxa_atexit
00003059   __cxa_finalize
00003099   __cxa_ia64_exit
200006a0   __dso_handle
200008d8   __stack
00001c25   __sti___8_main_cpp_1c94e432
00003ac5   _args_main
000037e1   _c_int00
200008bc   _lock
00003b57   _nop
00003b4f   _register_lock
00003b49   _register_unlock
20000ad8   _sys_memory
200008c0   _unlock
00003871   abort
000030a3   atexit
ffffffff   binit
00002565   calloc
00003829   copy_in
00003879   exit
000022b5   free
20000578   g_oDialerDisplay
20000500   g_oDrv8711
2000068c   g_oLinearScale
2000067c   g_oRotaryDialer
200005e8   g_oScaleDisplay
00000000   g_pfnVectors
200006ac   g_psCmdTable
20000730   g_psRotaryMenu
00001c13   main
200008d0   main_func_sp
0000224d   malloc
00002481   memalign
000032b5   memcpy
0000346d   memset
000021c1   minit
00002375   realloc
00003add   strcmp
00000751   ulocaltime
0000094f   umktime
00000ec9   urand
00000721   usnprintf
000006ef   usprintf
00000eb9   usrand
00000e31   ustrcasecmp
00000ea5   ustrcmp
00000d35   ustrlen
00000d8d   ustrncasecmp
00000e45   ustrncmp
0000026d   ustrncpy
00000d57   ustrstr
00000afd   ustrtof
000009c5   ustrtoul
000002c5   uvsnprintf


GLOBAL SYMBOLS: SORTED BY Symbol Address 

address    name
--------   ----
00000000   __TI_static_base__
00000000   g_pfnVectors
00000001   __TI_args_main
00000008   __SYSMEM_SIZE
00000200   __STACK_SIZE
0000026d   ustrncpy
000002c5   uvsnprintf
000006ef   usprintf
00000721   usnprintf
00000751   ulocaltime
0000094f   umktime
000009c5   ustrtoul
00000afd   ustrtof
00000d35   ustrlen
00000d57   ustrstr
00000d8d   ustrncasecmp
00000e31   ustrcasecmp
00000e45   ustrncmp
00000ea5   ustrcmp
00000eb9   usrand
00000ec9   urand
00000fdd   UARTStdioConfig
00001063   UARTwrite
00001103   UARTgets
0000117f   UARTgetc
000011d9   UARTvprintf
000014d3   UARTprintf
000014f7   UARTRxBytesAvail
00001505   UARTTxBytesFree
00001519   UARTPeek
00001573   UARTFlushRx
00001593   UARTFlushTx
000015c9   UARTEchoSet
000015f5   UARTStdioIntHandler
00001751   _Z8CMD_zeroiPPc
0000176b   _Z7CMD_setiPPc
00001791   _Z8CMD_idleiPPc
000017a1   _Z8CMD_haltiPPc
000017b1   _Z8CMD_feediPPc
000017d7   _Z8CMD_moveiPPc
000017fd   _Z8CMD_stopiPPc
0000180d   _Z8CMD_textiPPc
00001827   _Z8CMD_diagiPPc
0000184f   _Z8CMD_helpiPPc
000018a1   _Z7MNU_setiPPc
000018bf   _Z8MNU_feediPPc
000018d5   _Z8MNU_moveiPPc
000018eb   _Z12OnMenuDialeri
00001979   _Z14OnNumberDialeri
000019a9   _Z8OnDialeri
00001a11   _Z13ConfigureUARTv
00001a51   SysTickIntHandler
00001b31   _Z10Initializev
00001bbd   _Z8MainLoopv
00001c13   main
00001c25   __sti___8_main_cpp_1c94e432
00001d49   OnSSI0Interrupt
00001d63   OnSSI1Interrupt
00001d7d   OnSSI2Interrupt
00001d97   OnSSI3Interrupt
00001db1   _ZN4aeo114ssi_peripheralC1ENS0_9device_idE
00001db1   _ZN4aeo114ssi_peripheralC2ENS0_9device_idE
00001e35   _ZN4aeo114ssi_peripheralD1Ev
00001e35   _ZN4aeo114ssi_peripheralD2Ev
00001e49   _ZN4aeo114ssi_peripheralD0Ev
00001e5f   _ZN4aeo114ssi_peripheral10InitializeEv
00001f5d   _ZN4aeo114ssi_peripheral11OnInterruptEv
00002011   _ZN4aeo114ssi_peripheral4DiagEv
0000209d   _ZN4aeo114ssi_peripheral9TerminateEv
000020f9   _ZN4aeo114ssi_peripheral8LoadFIFOEv
000021c1   minit
0000224d   malloc
000022b5   free
00002375   realloc
00002481   memalign
00002565   calloc
0000259d   _ZN4aeo110qei_sensorC1ENS0_9device_idENS0_13configurationE
0000259d   _ZN4aeo110qei_sensorC2ENS0_9device_idENS0_13configurationE
000025d7   _ZN4aeo110qei_sensorD1Ev
000025d7   _ZN4aeo110qei_sensorD2Ev
000025e3   _ZN4aeo110qei_sensorD0Ev
000025f9   _ZN4aeo110qei_sensor10InitializeEv
00002623   _ZN4aeo110qei_sensor3GetEv
0000264b   _ZN4aeo110qei_sensor8GetIndexEv
00002689   _ZN4aeo110qei_sensor3SetEi
000026af   _ZN4aeo110qei_sensor4ZeroEv
000026bf   _ZN4aeo110qei_sensor4DiagEv
00002865   _ZN4aeo111ssi_displayC1ENS_14ssi_peripheral9device_idE
00002865   _ZN4aeo111ssi_displayC2ENS_14ssi_peripheral9device_idE
00002889   _ZN4aeo111ssi_displayD1Ev
00002889   _ZN4aeo111ssi_displayD2Ev
00002897   _ZN4aeo111ssi_displayD0Ev
000028ad   _ZN4aeo111ssi_display10InitializeEv
000028c1   _ZN4aeo111ssi_display4DiagEv
000028d3   _ZN4aeo111ssi_display3SetEii
000029b7   _ZN4aeo111ssi_display3SetEPKc
00002a5b   _ZN4aeo111ssi_display14Digit2SegmentsEjjb
00002ae1   OnADCInterrupt
00002af3   _ZN4aeo112adc_potmeterC1Ev
00002af3   _ZN4aeo112adc_potmeterC2Ev
00002b11   _ZN4aeo112adc_potmeterD1Ev
00002b11   _ZN4aeo112adc_potmeterD2Ev
00002b35   _ZN4aeo112adc_potmeterD0Ev
00002b4b   _ZN4aeo112adc_potmeter10InitializeEv
00002bab   _ZN4aeo112adc_potmeter9TerminateEv
00002bc7   _ZN4aeo112adc_potmeter11OnInterruptEv
00002c43   _ZN4aeo112adc_potmeter7TriggerEv
00002c51   _ZN4aeo112adc_potmeter8GetValueEv
00002c71   _ZN4aeo112adc_potmeter15GetErrorCounterEv
00002c89   _ZN4aeo112adc_potmeter4DiagEv
00002cd5   _ZN4aeo17drv8711C1Ev
00002cd5   _ZN4aeo17drv8711C2Ev
00002cfd   _ZN4aeo17drv8711D1Ev
00002cfd   _ZN4aeo17drv8711D2Ev
00002d1d   _ZN4aeo17drv8711D0Ev
00002d33   _ZN4aeo17drv871110InitializeEv
00002d51   _ZN4aeo17drv87114IdleEv
00002d5d   _ZN4aeo17drv87114HaltEv
00002d69   _ZN4aeo17drv87114FeedEi
00002d79   _ZN4aeo17drv87114MoveEi
00002d89   _ZN4aeo17drv87114StopEv
00002d95   _ZN4aeo17drv87114DiagEv
00002e11   GPIOPadConfigSet
00002f41   SysCtlClockGet
00003059   __cxa_finalize
00003099   __cxa_ia64_exit
0000309f   __cxa_atexit
000030a3   atexit
000030b1   __aeabi_atexit
0000314d   _ZSt21__gen_dummy_typeinfosv
00003155   _ZNSt9type_infoD1Ev
00003155   _ZNSt9type_infoD2Ev
00003157   _ZNSt9type_infoD0Ev
0000315f   _ZNKSt9type_info4nameEv
00003163   _ZNKSt9type_infoneERKS_
00003179   _ZNKSt9type_infoeqERKS_
0000318f   _ZNKSt9type_info6beforeERKS_
0000319d   _ZN10__cxxabiv129__pointer_to_member_type_infoD1Ev
0000319d   _ZN10__cxxabiv129__pointer_to_member_type_infoD2Ev
0000319f   _ZN10__cxxabiv129__pointer_to_member_type_infoD0Ev
000031a7   _ZN10__cxxabiv123__fundamental_type_infoD1Ev
000031a7   _ZN10__cxxabiv123__fundamental_type_infoD2Ev
000031a9   _ZN10__cxxabiv123__fundamental_type_infoD0Ev
000031b1   _ZN10__cxxabiv121__vmi_class_type_infoD1Ev
000031b1   _ZN10__cxxabiv121__vmi_class_type_infoD2Ev
000031b3   _ZN10__cxxabiv121__vmi_class_type_infoD0Ev
000031bb   _ZN10__cxxabiv120__si_class_type_infoD1Ev
000031bb   _ZN10__cxxabiv120__si_class_type_infoD2Ev
000031bd   _ZN10__cxxabiv120__si_class_type_infoD0Ev
000031c5   _ZN10__cxxabiv120__function_type_infoD1Ev
000031c5   _ZN10__cxxabiv120__function_type_infoD2Ev
000031c7   _ZN10__cxxabiv120__function_type_infoD0Ev
000031cf   _ZN10__cxxabiv119__pointer_type_infoD1Ev
000031cf   _ZN10__cxxabiv119__pointer_type_infoD2Ev
000031d1   _ZN10__cxxabiv119__pointer_type_infoD0Ev
000031d9   _ZN10__cxxabiv117__pbase_type_infoD1Ev
000031d9   _ZN10__cxxabiv117__pbase_type_infoD2Ev
000031db   _ZN10__cxxabiv117__pbase_type_infoD0Ev
000031e3   _ZN10__cxxabiv117__class_type_infoD1Ev
000031e3   _ZN10__cxxabiv117__class_type_infoD2Ev
000031e5   _ZN10__cxxabiv117__class_type_infoD0Ev
000031ed   _ZN10__cxxabiv117__array_type_infoD1Ev
000031ed   _ZN10__cxxabiv117__array_type_infoD2Ev
000031ef   _ZN10__cxxabiv117__array_type_infoD0Ev
000031f7   _ZN10__cxxabiv116__enum_type_infoD1Ev
000031f7   _ZN10__cxxabiv116__enum_type_infoD2Ev
000031f9   _ZN10__cxxabiv116__enum_type_infoD0Ev
00003209   CmdLineProcess
000032b5   __aeabi_memcpy
000032b5   __aeabi_memcpy4
000032b5   __aeabi_memcpy8
000032b5   memcpy
00003351   __TI_auto_init
000033e5   ADCSequenceStepConfigure
00003465   __aeabi_memclr
00003465   __aeabi_memclr4
00003465   __aeabi_memclr8
00003467   __aeabi_memset
00003467   __aeabi_memset4
00003467   __aeabi_memset8
0000346d   memset
000034df   __aeabi_idiv0
000034e1   _ZN4aeo111ssi_drv8711C1ENS_14ssi_peripheral9device_idE
000034e1   _ZN4aeo111ssi_drv8711C2ENS_14ssi_peripheral9device_idE
000034fd   _ZN4aeo111ssi_drv8711D1Ev
000034fd   _ZN4aeo111ssi_drv8711D2Ev
0000350b   _ZN4aeo111ssi_drv8711D0Ev
00003521   _ZN4aeo111ssi_drv871110InitializeEv
0000352d   _ZN4aeo111ssi_drv87114DiagEv
00003555   _ZN4aeo113Alpha7SegmentEc
000035b9   IntDisable
00003619   IntEnable
00003679   _ZN4aeo112gpio_stepperC1Ev
00003679   _ZN4aeo112gpio_stepperC2Ev
0000368b   _ZN4aeo112gpio_stepperD1Ev
0000368b   _ZN4aeo112gpio_stepperD2Ev
00003697   _ZN4aeo112gpio_stepperD0Ev
000036ad   _ZN4aeo112gpio_stepper10InitializeEv
000036b7   _ZN4aeo112gpio_stepper4DiagEv
000036d9   _ZN4aeo111pwm_stepperC1Ev
000036d9   _ZN4aeo111pwm_stepperC2Ev
000036eb   _ZN4aeo111pwm_stepperD1Ev
000036eb   _ZN4aeo111pwm_stepperD2Ev
000036f7   _ZN4aeo111pwm_stepperD0Ev
0000370d   _ZN4aeo111pwm_stepper10InitializeEv
00003717   _ZN4aeo111pwm_stepper4DiagEv
00003799   GPIOPinConfigure
000037e1   _c_int00
00003829   copy_in
0000386d   C$$EXIT
00003871   abort
00003879   exit
000038b1   SSIConfigSetExpClk
000038f3   UARTConfigSetExpClk
00003933   __aeabi_uidiv
00003933   __aeabi_uidivmod
00003973   ADCSequenceConfigure
000039b1   SysCtlPeripheralEnable
000039e5   SysCtlPeripheralPresent
00003a19   ADCIntStatus
00003a47   GPIODirModeSet
00003a71   ADCSequenceDataGet
00003a91   UARTDisable
00003aad   ADCClockConfigSet
00003ac5   _args_main
00003add   strcmp
00003af5   ADCProcessorTrigger
00003b0d   SysTickEnable
00003b21   SysTickIntEnable
00003b35   UARTEnable
00003b49   _register_unlock
00003b4f   _register_lock
00003b57   _nop
00003b5d   ADCHardwareOversampleConfigure
00003b6f   GPIOPinTypeADC
00003b81   GPIOPinTypeQEI
00003b93   GPIOPinTypeSSI
00003ba5   GPIOPinTypeUART
00003bb7   SSIDataGetNonBlocking
00003bc9   __TI_zero_init
00003bdb   ADCIntEnable
00003bed   SysTickPeriodSet
00003bfd   ADCIntDisable
00003c0b   ADCSequenceDisable
00003c19   ADCSequenceEnable
00003c27   QEIConfigure
00003c35   SSIDataPutNonBlocking
00003c43   UARTCharGetNonBlocking
00003c51   UARTCharPutNonBlocking
00003c5f   __TI_decompress_none
00003c6d   CPUcpsid
00003c79   CPUcpsie
00003c85   UARTCharsAvail
00003c91   UARTSpaceAvail
00003c9d   ResetISR
00003ca9   ADCIntClear
00003cb3   IntMasterDisable
00003cbd   IntMasterEnable
00003cc7   QEIEnable
00003cd1   SSIDisable
00003cdb   SSIEnable
00003ce5   SSIIntDisable
00003cef   SSIIntStatus
00003cf9   UARTIntDisable
00003d03   UARTIntStatus
00003d0d   SSIIntEnable
00003d15   UARTIntEnable
00003d1d   _ZdlPv
00003d25   GPIOPinRead
00003d2b   SysCtlDelay
00003d31   UARTClockSourceSet
00003d37   UARTFIFOLevelSet
00003d3d   __TI_decompress_rle24
00003d43   QEIPositionGet
00003d47   QEIPositionSet
00003d4b   SSIIntClear
00003d4f   UARTIntClear
00003ef6   _ZTSe
00004124   _ZTSN10__cxxabiv123__fundamental_type_infoE
00004174   _ZTSN10__cxxabiv120__si_class_type_infoE
00004199   _ZTSN10__cxxabiv119__pointer_type_infoE
000041c0   _ZTVN4aeo111ssi_displayE
000041e4   _ZTVN4aeo111ssi_drv8711E
00004208   _ZTVN4aeo114ssi_peripheralE
0000422c   _ZTSN10__cxxabiv117__class_type_infoE
0000424e   _ZTSN10__cxxabiv117__pbase_type_infoE
0000428c   _ZTSN4aeo114ssi_peripheralE
000042a4   _ZTSN4aeo112adc_potmeterE
000042ba   _ZTSN4aeo112gpio_stepperE
000042d0   _ZTSN4aeo111pwm_stepperE
000042e5   _ZTSN4aeo111ssi_displayE
000042fa   _ZTSN4aeo111ssi_drv8711E
0000430f   _ZTSN4aeo110qei_sensorE
00004360   _ZTIPKe
00004370   _ZTSN4aeo17drv8711E
00004380   _ZTVN10__cxxabiv117__class_type_infoE
00004390   _ZTVN10__cxxabiv119__pointer_type_infoE
000043a0   _ZTVN10__cxxabiv120__si_class_type_infoE
000043b0   _ZTVN10__cxxabiv123__fundamental_type_infoE
000043c0   _ZTVN4aeo110qei_sensorE
000043d0   _ZTVN4aeo111pwm_stepperE
000043e0   _ZTVN4aeo112adc_potmeterE
000043f0   _ZTVN4aeo112gpio_stepperE
00004400   _ZTVN4aeo17drv8711E
00004410   _ZTSSt9type_info
00004420   _ZTIN10__cxxabiv117__class_type_infoE
0000442c   _ZTIN10__cxxabiv117__pbase_type_infoE
00004438   _ZTIN10__cxxabiv119__pointer_type_infoE
00004444   _ZTIN10__cxxabiv120__si_class_type_infoE
00004450   _ZTIN10__cxxabiv123__fundamental_type_infoE
0000445c   _ZTIN4aeo111ssi_displayE
00004468   _ZTIN4aeo111ssi_drv8711E
00004474   _ZTIN4aeo110qei_sensorE
0000447c   _ZTIN4aeo111pwm_stepperE
00004484   _ZTIN4aeo112adc_potmeterE
0000448c   _ZTIN4aeo112gpio_stepperE
00004494   _ZTIN4aeo114ssi_peripheralE
0000449c   _ZTIN4aeo17drv8711E
000044a4   _ZTISt9type_info
000044ac   _ZTIe
000044b4   _ZTSPKe
000044b8   SHT$$INIT_ARRAY$$Base
000044bc   SHT$$INIT_ARRAY$$Limit
00004680   __TI_Handler_Table_Base
0000468c   __TI_Handler_Table_Limit
00004698   __TI_CINIT_Base
000046a8   __TI_CINIT_Limit
20000500   g_oDrv8711
20000578   g_oDialerDisplay
200005e8   g_oScaleDisplay
2000067c   g_oRotaryDialer
2000068c   g_oLinearScale
2000069c   _ZSt16__dummy_typeinfo
200006a0   __dso_handle
200006ac   g_psCmdTable
20000730   g_psRotaryMenu
200007b4   _ZN4aeo118SSI0_SpecificationE
200007e0   _ZN4aeo118SSI1_SpecificationE
2000080c   _ZN4aeo118SSI2_SpecificationE
20000838   _ZN4aeo118SSI3_SpecificationE
20000890   _ZN4aeo112adc_potmeter10m_nCounterE
20000894   _ZN4aeo112adc_potmeter15m_nErrorCounterE
20000898   _ZN4aeo112adc_potmeter14m_nReadCounterE
2000089c   _ZN4aeo112adc_potmeter16m_pTheOneAndOnlyE
200008bc   _lock
200008c0   _unlock
200008c4   __TI_cleanup_ptr
200008c8   __TI_dtors_ptr
200008d0   main_func_sp
200008d8   __stack
20000ad8   __STACK_END
20000ad8   __STACK_TOP
20000ad8   _sys_memory
ffffffff   __binit__
ffffffff   __c_args__
ffffffff   binit

[356 symbols]
