******************************************************************************
                  TI ARM Linker PC v5.1.11                     
******************************************************************************
>> Linked Wed Apr 01 22:53:56 2015

OUTPUT FILE NAME:   <test_drv8711.out>
ENTRY POINT SYMBOL: "_c_int00"  address: 00003901


MEMORY CONFIGURATION

         name            origin    length      used     unused   attr    fill
----------------------  --------  ---------  --------  --------  ----  --------
  FLASH                 00000000   00040000  000047fe  0003b802  R  X
  SRAM                  20000000   00008000  00000af5  0000750b  RW X


SEGMENT ALLOCATION MAP

run origin  load origin   length   init length attrs members
----------  ----------- ---------- ----------- ----- -------
00000000    00000000    00004800   00004800    r-x
  00000000    00000000    0000026c   0000026c    r-- .intvecs
  0000026c    0000026c    00003c36   00003c36    r-x .text
  00003ea4    00003ea4    00000770   00000770    r-- .const
  00004614    00004614    00000004   00000004    r-- .init_array
  00004618    00004618    000001e8   000001e8    r-- .cinit
20000000    20000000    00000af8   00000000    rw-
  20000000    20000000    000006c1   00000000    rw- .bss
  200006c4    200006c4    0000022c   00000000    rw- .data
  200008f0    200008f0    00000200   00000000    rw- .stack
  20000af0    20000af0    00000008   00000000    rw- .sysmem


SECTION ALLOCATION MAP

 output                                  attributes/
section   page    origin      length       input sections
--------  ----  ----------  ----------   ----------------
.intvecs   0    00000000    0000026c     
                  00000000    0000026c     tm4c123gh6pm_startup_ccs.obj (.intvecs)

.text      0    0000026c    00003c36     
                  0000026c    00000c84     tiva_utils.lib : ustdlib.obj (.text)
                  00000ef0    00000860                    : uartstdio.obj (.text)
                  00001750    000005f8     main.obj (.text)
                  00001d48    00000528     aeo1_drivers.lib : ssi_peripheral.obj (.text)
                  00002270    000003dc     rtsv7M4_T_le_v4SPD16_eabi.lib : memory.obj (.text)
                  0000264c    000002c8     aeo1_drivers.lib : qei_sensor.obj (.text)
                  00002914    00000260                      : ssi_display.obj (.text)
                  00002b74    000001f4                      : adc_potmeter.obj (.text)
                  00002d68    0000014c     drv8711.obj (.text)
                  00002eb4    00000130     driverlib.lib : gpio.obj (.text:GPIOPadConfigSet)
                  00002fe4    00000118                   : sysctl.obj (.text:SysCtlClockGet)
                  000030fc    000000f4     rtsv7M4_T_le_v4SPD16_eabi.lib : dtor_list.obj (.text)
                  000031f0    000000f0     aeo1_drivers.lib : ssi_drv8711.obj (.text)
                  000032e0    000000bc     rtsv7M4_T_le_v4SPD16_eabi.lib : typeinfo_.obj (.text)
                  0000339c    000000ac     tiva_utils.lib : cmdline.obj (.text)
                  00003448    0000009c     rtsv7M4_T_le_v4SPD16_eabi.lib : memcpy_t2.obj (.text)
                  000034e4    00000094                                   : auto_init.obj (.text)
                  00003578    00000080     driverlib.lib : adc.obj (.text:ADCSequenceStepConfigure)
                  000035f8    0000007a     rtsv7M4_T_le_v4SPD16_eabi.lib : memset_t2.obj (.text)
                  00003672    00000002                                   : i_div0.obj (.text)
                  00003674    00000064     aeo1_drivers.lib : alpha7segment.obj (.text)
                  000036d8    00000060     driverlib.lib : interrupt.obj (.text:IntDisable)
                  00003738    00000060                   : interrupt.obj (.text:IntEnable)
                  00003798    00000060     aeo1_drivers.lib : gpio_stepper.obj (.text)
                  000037f8    00000060                      : pwm_stepper.obj (.text)
                  00003858    0000005e     rtsv7M4_T_le_v4SPD16_eabi.lib : copy_decompress_rle.obj (.text)
                  000038b6    00000002     --HOLE-- [fill = 0]
                  000038b8    00000048     driverlib.lib : gpio.obj (.text:GPIOPinConfigure)
                  00003900    00000048     rtsv7M4_T_le_v4SPD16_eabi.lib : boot.obj (.text)
                  00003948    00000044                                   : cpy_tbl.obj (.text)
                  0000398c    00000044                                   : exit.obj (.text)
                  000039d0    00000042     driverlib.lib : ssi.obj (.text:SSIConfigSetExpClk)
                  00003a12    00000040                   : uart.obj (.text:UARTConfigSetExpClk)
                  00003a52    00000040     rtsv7M4_T_le_v4SPD16_eabi.lib : u_divt2.obj (.text)
                  00003a92    0000003e     driverlib.lib : adc.obj (.text:ADCSequenceConfigure)
                  00003ad0    00000034                   : sysctl.obj (.text:SysCtlPeripheralEnable)
                  00003b04    00000034                   : sysctl.obj (.text:SysCtlPeripheralPresent)
                  00003b38    0000002e                   : adc.obj (.text:ADCIntStatus)
                  00003b66    0000002a                   : gpio.obj (.text:GPIODirModeSet)
                  00003b90    0000001e                   : adc.obj (.text:ADCSequenceDataGet)
                  00003bae    00000002     --HOLE-- [fill = 0]
                  00003bb0    0000001c                   : uart.obj (.text:UARTDisable)
                  00003bcc    00000018                   : adc.obj (.text:ADCClockConfigSet)
                  00003be4    00000018     rtsv7M4_T_le_v4SPD16_eabi.lib : args_main.obj (.text)
                  00003bfc    00000018                                   : strcmp.obj (.text)
                  00003c14    00000016     driverlib.lib : adc.obj (.text:ADCProcessorTrigger)
                  00003c2a    00000002     --HOLE-- [fill = 0]
                  00003c2c    00000014                   : systick.obj (.text:SysTickEnable)
                  00003c40    00000014                   : systick.obj (.text:SysTickIntEnable)
                  00003c54    00000014                   : uart.obj (.text:UARTEnable)
                  00003c68    00000014     rtsv7M4_T_le_v4SPD16_eabi.lib : _lock.obj (.text)
                  00003c7c    00000012     driverlib.lib : adc.obj (.text:ADCHardwareOversampleConfigure)
                  00003c8e    00000012                   : gpio.obj (.text:GPIOPinTypeADC)
                  00003ca0    00000012                   : gpio.obj (.text:GPIOPinTypeQEI)
                  00003cb2    00000012                   : gpio.obj (.text:GPIOPinTypeSSI)
                  00003cc4    00000012                   : gpio.obj (.text:GPIOPinTypeUART)
                  00003cd6    00000012                   : ssi.obj (.text:SSIDataGetNonBlocking)
                  00003ce8    00000012     rtsv7M4_T_le_v4SPD16_eabi.lib : copy_zero_init.obj (.text:decompress:ZI)
                  00003cfa    00000010     driverlib.lib : adc.obj (.text:ADCIntEnable)
                  00003d0a    00000002     --HOLE-- [fill = 0]
                  00003d0c    00000010                   : systick.obj (.text:SysTickPeriodSet)
                  00003d1c    00000010     aeo1_drivers.lib : ssi_display.obj (.text:_ZNK4aeo114ssi_peripheral7IsEmptyEv)
                  00003d2c    0000000e     driverlib.lib : adc.obj (.text:ADCIntDisable)
                  00003d3a    0000000e                   : adc.obj (.text:ADCSequenceDisable)
                  00003d48    0000000e                   : adc.obj (.text:ADCSequenceEnable)
                  00003d56    0000000e                   : qei.obj (.text:QEIConfigure)
                  00003d64    0000000e                   : ssi.obj (.text:SSIDataPutNonBlocking)
                  00003d72    0000000e                   : uart.obj (.text:UARTCharGetNonBlocking)
                  00003d80    0000000e                   : uart.obj (.text:UARTCharPutNonBlocking)
                  00003d8e    0000000e     rtsv7M4_T_le_v4SPD16_eabi.lib : copy_decompress_none.obj (.text:decompress:none)
                  00003d9c    0000000c     driverlib.lib : cpu.obj (.text:CPUcpsid)
                  00003da8    0000000c                   : cpu.obj (.text:CPUcpsie)
                  00003db4    0000000c                   : uart.obj (.text:UARTCharsAvail)
                  00003dc0    0000000c                   : uart.obj (.text:UARTSpaceAvail)
                  00003dcc    0000000c     aeo1_drivers.lib : ssi_display.obj (.text:_ZN4aeo111ssi_display4OnTxEv)
                  00003dd8    0000000c     tm4c123gh6pm_startup_ccs.obj (.text)
                  00003de4    0000000a     driverlib.lib : adc.obj (.text:ADCIntClear)
                  00003dee    0000000a                   : interrupt.obj (.text:IntMasterDisable)
                  00003df8    0000000a                   : interrupt.obj (.text:IntMasterEnable)
                  00003e02    0000000a                   : qei.obj (.text:QEIEnable)
                  00003e0c    0000000a                   : ssi.obj (.text:SSIDisable)
                  00003e16    0000000a                   : ssi.obj (.text:SSIEnable)
                  00003e20    0000000a                   : ssi.obj (.text:SSIIntDisable)
                  00003e2a    0000000a                   : ssi.obj (.text:SSIIntStatus)
                  00003e34    0000000a                   : uart.obj (.text:UARTIntDisable)
                  00003e3e    0000000a                   : uart.obj (.text:UARTIntStatus)
                  00003e48    0000000a     aeo1_drivers.lib : ssi_display.obj (.text:_ZN4aeo114ssi_peripheral4OnRxEv)
                  00003e52    0000000a                      : ssi_drv8711.obj (.text:_ZN4aeo114ssi_peripheral4OnTxEv)
                  00003e5c    00000008     driverlib.lib : ssi.obj (.text:SSIIntEnable)
                  00003e64    00000008                   : uart.obj (.text:UARTIntEnable)
                  00003e6c    00000008     rtsv7M4_T_le_v4SPD16_eabi.lib : delete.obj (.text)
                  00003e74    00000006     driverlib.lib : gpio.obj (.text:GPIOPinRead)
                  00003e7a    00000006                   : sysctl.obj (.text:SysCtlDelay)
                  00003e80    00000006                   : uart.obj (.text:UARTClockSourceSet)
                  00003e86    00000006                   : uart.obj (.text:UARTFIFOLevelSet)
                  00003e8c    00000006     rtsv7M4_T_le_v4SPD16_eabi.lib : copy_decompress_rle.obj (.text:decompress:rle24)
                  00003e92    00000004     driverlib.lib : qei.obj (.text:QEIPositionGet)
                  00003e96    00000004                   : qei.obj (.text:QEIPositionSet)
                  00003e9a    00000004                   : ssi.obj (.text:SSIIntClear)
                  00003e9e    00000004                   : uart.obj (.text:UARTIntClear)

.const     0    00003ea4    00000770     
                  00003ea4    000001a2     main.obj (.const:.string)
                  00004046    00000002     rtsv7M4_T_le_v4SPD16_eabi.lib : typeinfo_.obj (.const:.typeinfo:_ZTSe)
                  00004048    00000090     driverlib.lib : gpio.obj (.const:g_pui32GPIOBaseAddrs)
                  000040d8    0000008e     aeo1_drivers.lib : alpha7segment.obj (.const:_ZN4aeo119alpha7segment_tableE)
                  00004166    00000002     --HOLE-- [fill = 0]
                  00004168    00000070     driverlib.lib : interrupt.obj (.const)
                  000041d8    0000006c                   : sysctl.obj (.const:g_pui32Xtals)
                  00004244    00000030     tiva_utils.lib : ustdlib.obj (.const:g_psDaysToMonth)
                  00004274    00000028     rtsv7M4_T_le_v4SPD16_eabi.lib : typeinfo_.obj (.const:.typeinfo:_ZTSN10__cxxabiv123__fundamental_type_infoE)
                  0000429c    00000028     aeo1_drivers.lib : ssi_display.obj (.const:_ZTVN4aeo111ssi_displayE)
                  000042c4    00000028                      : ssi_drv8711.obj (.const:_ZTVN4aeo111ssi_drv8711E)
                  000042ec    00000028                      : ssi_peripheral.obj (.const:_ZTVN4aeo114ssi_peripheralE)
                  00004314    00000028     tiva_utils.lib : uartstdio.obj (.const)
                  0000433c    00000025     rtsv7M4_T_le_v4SPD16_eabi.lib : typeinfo_.obj (.const:.typeinfo:_ZTSN10__cxxabiv120__si_class_type_infoE)
                  00004361    00000024                                   : typeinfo_.obj (.const:.typeinfo:_ZTSN10__cxxabiv119__pointer_type_infoE)
                  00004385    00000022                                   : typeinfo_.obj (.const:.typeinfo:_ZTSN10__cxxabiv117__class_type_infoE)
                  000043a7    00000022                                   : typeinfo_.obj (.const:.typeinfo:_ZTSN10__cxxabiv117__pbase_type_infoE)
                  000043c9    00000003     --HOLE-- [fill = 0]
                  000043cc    0000001c     tiva_utils.lib : ustdlib.obj (.const)
                  000043e8    00000018     aeo1_drivers.lib : ssi_peripheral.obj (.const:.typeinfo:_ZTSN4aeo114ssi_peripheralE)
                  00004400    00000016                      : adc_potmeter.obj (.const:.typeinfo:_ZTSN4aeo112adc_potmeterE)
                  00004416    00000016                      : gpio_stepper.obj (.const:.typeinfo:_ZTSN4aeo112gpio_stepperE)
                  0000442c    00000015                      : pwm_stepper.obj (.const:.typeinfo:_ZTSN4aeo111pwm_stepperE)
                  00004441    00000015                      : ssi_display.obj (.const:.typeinfo:_ZTSN4aeo111ssi_displayE)
                  00004456    00000015                      : ssi_drv8711.obj (.const:.typeinfo:_ZTSN4aeo111ssi_drv8711E)
                  0000446b    00000014                      : qei_sensor.obj (.const:.typeinfo:_ZTSN4aeo110qei_sensorE)
                  0000447f    00000012                      : ssi_display.obj (.const:.string)
                  00004491    00000003     --HOLE-- [fill = 0]
                  00004494    00000012     tiva_utils.lib : uartstdio.obj (.const:.string)
                  000044a6    00000002     --HOLE-- [fill = 0]
                  000044a8    00000012                    : ustdlib.obj (.const:.string)
                  000044ba    00000002     --HOLE-- [fill = 0]
                  000044bc    00000010     rtsv7M4_T_le_v4SPD16_eabi.lib : typeinfo_.obj (.const:.typeinfo:_ZTIPKe)
                  000044cc    00000010     drv8711.obj (.const:.typeinfo:_ZTSN4aeo17drv8711E)
                  000044dc    00000010     rtsv7M4_T_le_v4SPD16_eabi.lib : typeinfo_.obj (.const:_ZTVN10__cxxabiv117__class_type_infoE)
                  000044ec    00000010                                   : typeinfo_.obj (.const:_ZTVN10__cxxabiv119__pointer_type_infoE)
                  000044fc    00000010                                   : typeinfo_.obj (.const:_ZTVN10__cxxabiv120__si_class_type_infoE)
                  0000450c    00000010                                   : typeinfo_.obj (.const:_ZTVN10__cxxabiv123__fundamental_type_infoE)
                  0000451c    00000010     aeo1_drivers.lib : qei_sensor.obj (.const:_ZTVN4aeo110qei_sensorE)
                  0000452c    00000010                      : pwm_stepper.obj (.const:_ZTVN4aeo111pwm_stepperE)
                  0000453c    00000010                      : adc_potmeter.obj (.const:_ZTVN4aeo112adc_potmeterE)
                  0000454c    00000010                      : gpio_stepper.obj (.const:_ZTVN4aeo112gpio_stepperE)
                  0000455c    00000010     drv8711.obj (.const:_ZTVN4aeo17drv8711E)
                  0000456c    0000000d     rtsv7M4_T_le_v4SPD16_eabi.lib : typeinfo_.obj (.const:.typeinfo:_ZTSSt9type_info)
                  00004579    00000003     --HOLE-- [fill = 0]
                  0000457c    0000000c                                   : typeinfo_.obj (.const:.typeinfo:_ZTIN10__cxxabiv117__class_type_infoE)
                  00004588    0000000c                                   : typeinfo_.obj (.const:.typeinfo:_ZTIN10__cxxabiv117__pbase_type_infoE)
                  00004594    0000000c                                   : typeinfo_.obj (.const:.typeinfo:_ZTIN10__cxxabiv119__pointer_type_infoE)
                  000045a0    0000000c                                   : typeinfo_.obj (.const:.typeinfo:_ZTIN10__cxxabiv120__si_class_type_infoE)
                  000045ac    0000000c                                   : typeinfo_.obj (.const:.typeinfo:_ZTIN10__cxxabiv123__fundamental_type_infoE)
                  000045b8    0000000c     aeo1_drivers.lib : ssi_display.obj (.const:.typeinfo:_ZTIN4aeo111ssi_displayE)
                  000045c4    0000000c                      : ssi_drv8711.obj (.const:.typeinfo:_ZTIN4aeo111ssi_drv8711E)
                  000045d0    00000008                      : qei_sensor.obj (.const:.typeinfo:_ZTIN4aeo110qei_sensorE)
                  000045d8    00000008                      : pwm_stepper.obj (.const:.typeinfo:_ZTIN4aeo111pwm_stepperE)
                  000045e0    00000008                      : adc_potmeter.obj (.const:.typeinfo:_ZTIN4aeo112adc_potmeterE)
                  000045e8    00000008                      : gpio_stepper.obj (.const:.typeinfo:_ZTIN4aeo112gpio_stepperE)
                  000045f0    00000008                      : ssi_peripheral.obj (.const:.typeinfo:_ZTIN4aeo114ssi_peripheralE)
                  000045f8    00000008     drv8711.obj (.const:.typeinfo:_ZTIN4aeo17drv8711E)
                  00004600    00000008     rtsv7M4_T_le_v4SPD16_eabi.lib : typeinfo_.obj (.const:.typeinfo:_ZTISt9type_info)
                  00004608    00000008                                   : typeinfo_.obj (.const:.typeinfo:_ZTIe)
                  00004610    00000004                                   : typeinfo_.obj (.const:.typeinfo:_ZTSPKe)

.init_array 
*          0    00004614    00000004     
                  00004614    00000004     main.obj (.init_array)

.cinit     0    00004618    000001e8     
                  00004618    000001bf     (.cinit..data.load) [load image, compression = rle]
                  000047d7    00000001     --HOLE-- [fill = 0]
                  000047d8    0000000c     (__TI_handler_table)
                  000047e4    00000004     --HOLE-- [fill = 0]
                  000047e8    00000008     (.cinit..bss.load) [load image, compression = zero_init]
                  000047f0    00000010     (__TI_cinit_table)

.bss       0    20000000    000006c1     UNINITIALIZED
                  20000000    00000400     tiva_utils.lib : uartstdio.obj (.bss:g_pcUARTTxBuffer)
                  20000400    00000080     main.obj (.bss:g_oDrv8711)
                  20000480    00000080     tiva_utils.lib : uartstdio.obj (.bss:g_pcUARTRxBuffer)
                  20000500    00000080     main.obj (.bss:g_zInput)
                  20000580    00000078     main.obj (.bss:g_oDialerDisplay)
                  200005f8    00000078     main.obj (.bss:g_oScaleDisplay)
                  20000670    00000024     tiva_utils.lib : cmdline.obj (.bss:g_ppcArgv)
                  20000694    00000020     main.obj (.bss)
                  200006b4    00000004     (.common:_ZSt16__dummy_typeinfo)
                  200006b8    00000004     (.common:__dso_handle)
                  200006bc    00000004     (.common:g_ui32PortNum)
                  200006c0    00000001     (.common:g_bDisableEcho)

.data      0    200006c4    0000022c     UNINITIALIZED
                  200006c4    00000084     main.obj (.data:g_psCmdTable)
                  20000748    00000084     main.obj (.data:g_psRotaryMenu)
                  200007cc    0000002c     aeo1_drivers.lib : ssi_peripheral.obj (.data:_ZN4aeo118SSI0_SpecificationE)
                  200007f8    0000002c                      : ssi_peripheral.obj (.data:_ZN4aeo118SSI1_SpecificationE)
                  20000824    0000002c                      : ssi_peripheral.obj (.data:_ZN4aeo118SSI2_SpecificationE)
                  20000850    0000002c                      : ssi_peripheral.obj (.data:_ZN4aeo118SSI3_SpecificationE)
                  2000087c    00000015     tiva_utils.lib : uartstdio.obj (.data)
                  20000891    00000003     --HOLE--
                  20000894    00000011     main.obj (.data)
                  200008a5    00000003     --HOLE--
                  200008a8    00000010     aeo1_drivers.lib : adc_potmeter.obj (.data)
                  200008b8    00000010                      : ssi_peripheral.obj (.data)
                  200008c8    0000000c     rtsv7M4_T_le_v4SPD16_eabi.lib : memory.obj (.data)
                  200008d4    00000008                                   : _lock.obj (.data)
                  200008dc    00000008                                   : exit.obj (.data)
                  200008e4    00000004                                   : dtor_list.obj (.data)
                  200008e8    00000004                                   : stkdepth_vars.obj (.data)
                  200008ec    00000004     tiva_utils.lib : ustdlib.obj (.data)

.stack     0    200008f0    00000200     UNINITIALIZED
                  200008f0    00000200     --HOLE--

.sysmem    0    20000af0    00000008     UNINITIALIZED
                  20000af0    00000008     rtsv7M4_T_le_v4SPD16_eabi.lib : memory.obj (.sysmem)


LINKER GENERATED COPY TABLES

__TI_cinit_table @ 000047f0 records: 2, size/record: 8, table size: 16
	.data: load addr=00004618, load size=000001bf bytes, run addr=200006c4, run size=0000022c bytes, compression=rle
	.bss: load addr=000047e8, load size=00000008 bytes, run addr=20000000, run size=000006c1 bytes, compression=zero_init


LINKER GENERATED HANDLER TABLE

__TI_handler_table @ 000047d8 records: 3, size/record: 4, table size: 12
	index: 0, handler: __TI_decompress_rle24
	index: 1, handler: __TI_decompress_none
	index: 2, handler: __TI_zero_init


GLOBAL SYMBOLS: SORTED ALPHABETICALLY BY Name 

address    name
--------   ----
00003bcd   ADCClockConfigSet
00003c7d   ADCHardwareOversampleConfigure
00003de5   ADCIntClear
00003d2d   ADCIntDisable
00003cfb   ADCIntEnable
00003b39   ADCIntStatus
00003c15   ADCProcessorTrigger
00003a93   ADCSequenceConfigure
00003b91   ADCSequenceDataGet
00003d3b   ADCSequenceDisable
00003d49   ADCSequenceEnable
00003579   ADCSequenceStepConfigure
0000398d   C$$EXIT
00003d9d   CPUcpsid
00003da9   CPUcpsie
0000339d   CmdLineProcess
00003b67   GPIODirModeSet
00002eb5   GPIOPadConfigSet
000038b9   GPIOPinConfigure
00003e75   GPIOPinRead
00003c8f   GPIOPinTypeADC
00003ca1   GPIOPinTypeQEI
00003cb3   GPIOPinTypeSSI
00003cc5   GPIOPinTypeUART
000036d9   IntDisable
00003739   IntEnable
00003def   IntMasterDisable
00003df9   IntMasterEnable
00002b75   OnADCInterrupt
00001d49   OnSSI0Interrupt
00001d63   OnSSI1Interrupt
00001d7d   OnSSI2Interrupt
00001d97   OnSSI3Interrupt
00003d57   QEIConfigure
00003e03   QEIEnable
00003e93   QEIPositionGet
00003e97   QEIPositionSet
00003dd9   ResetISR
00004614   SHT$$INIT_ARRAY$$Base
00004618   SHT$$INIT_ARRAY$$Limit
000039d1   SSIConfigSetExpClk
00003cd7   SSIDataGetNonBlocking
00003d65   SSIDataPutNonBlocking
00003e0d   SSIDisable
00003e17   SSIEnable
00003e9b   SSIIntClear
00003e21   SSIIntDisable
00003e5d   SSIIntEnable
00003e2b   SSIIntStatus
00002fe5   SysCtlClockGet
00003e7b   SysCtlDelay
00003ad1   SysCtlPeripheralEnable
00003b05   SysCtlPeripheralPresent
00003c2d   SysTickEnable
00003c41   SysTickIntEnable
00001a51   SysTickIntHandler
00003d0d   SysTickPeriodSet
00003d73   UARTCharGetNonBlocking
00003d81   UARTCharPutNonBlocking
00003db5   UARTCharsAvail
00003e81   UARTClockSourceSet
00003a13   UARTConfigSetExpClk
00003bb1   UARTDisable
000015c9   UARTEchoSet
00003c55   UARTEnable
00003e87   UARTFIFOLevelSet
00001573   UARTFlushRx
00001593   UARTFlushTx
00003e9f   UARTIntClear
00003e35   UARTIntDisable
00003e65   UARTIntEnable
00003e3f   UARTIntStatus
00001519   UARTPeek
000014f7   UARTRxBytesAvail
00003dc1   UARTSpaceAvail
00000fdd   UARTStdioConfig
000015f5   UARTStdioIntHandler
00001505   UARTTxBytesFree
0000117f   UARTgetc
00001103   UARTgets
000014d3   UARTprintf
000011d9   UARTvprintf
00001063   UARTwrite
00001b31   _Z10Initializev
000018eb   _Z12OnMenuDialeri
00001a11   _Z13ConfigureUARTv
00001979   _Z14OnNumberDialeri
0000176b   _Z7CMD_setiPPc
000018a1   _Z7MNU_setiPPc
00001827   _Z8CMD_diagiPPc
000017b1   _Z8CMD_feediPPc
000017a1   _Z8CMD_haltiPPc
0000184f   _Z8CMD_helpiPPc
00001791   _Z8CMD_idleiPPc
000017d7   _Z8CMD_moveiPPc
000017fd   _Z8CMD_stopiPPc
0000180d   _Z8CMD_textiPPc
00001751   _Z8CMD_zeroiPPc
000018bf   _Z8MNU_feediPPc
000018d5   _Z8MNU_moveiPPc
00001bbd   _Z8MainLoopv
000019a9   _Z8OnDialeri
0000338d   _ZN10__cxxabiv116__enum_type_infoD0Ev
0000338b   _ZN10__cxxabiv116__enum_type_infoD1Ev
0000338b   _ZN10__cxxabiv116__enum_type_infoD2Ev
00003383   _ZN10__cxxabiv117__array_type_infoD0Ev
00003381   _ZN10__cxxabiv117__array_type_infoD1Ev
00003381   _ZN10__cxxabiv117__array_type_infoD2Ev
00003379   _ZN10__cxxabiv117__class_type_infoD0Ev
00003377   _ZN10__cxxabiv117__class_type_infoD1Ev
00003377   _ZN10__cxxabiv117__class_type_infoD2Ev
0000336f   _ZN10__cxxabiv117__pbase_type_infoD0Ev
0000336d   _ZN10__cxxabiv117__pbase_type_infoD1Ev
0000336d   _ZN10__cxxabiv117__pbase_type_infoD2Ev
00003365   _ZN10__cxxabiv119__pointer_type_infoD0Ev
00003363   _ZN10__cxxabiv119__pointer_type_infoD1Ev
00003363   _ZN10__cxxabiv119__pointer_type_infoD2Ev
0000335b   _ZN10__cxxabiv120__function_type_infoD0Ev
00003359   _ZN10__cxxabiv120__function_type_infoD1Ev
00003359   _ZN10__cxxabiv120__function_type_infoD2Ev
00003351   _ZN10__cxxabiv120__si_class_type_infoD0Ev
0000334f   _ZN10__cxxabiv120__si_class_type_infoD1Ev
0000334f   _ZN10__cxxabiv120__si_class_type_infoD2Ev
00003347   _ZN10__cxxabiv121__vmi_class_type_infoD0Ev
00003345   _ZN10__cxxabiv121__vmi_class_type_infoD1Ev
00003345   _ZN10__cxxabiv121__vmi_class_type_infoD2Ev
0000333d   _ZN10__cxxabiv123__fundamental_type_infoD0Ev
0000333b   _ZN10__cxxabiv123__fundamental_type_infoD1Ev
0000333b   _ZN10__cxxabiv123__fundamental_type_infoD2Ev
00003333   _ZN10__cxxabiv129__pointer_to_member_type_infoD0Ev
00003331   _ZN10__cxxabiv129__pointer_to_member_type_infoD1Ev
00003331   _ZN10__cxxabiv129__pointer_to_member_type_infoD2Ev
000026a9   _ZN4aeo110qei_sensor10InitializeEv
000026d3   _ZN4aeo110qei_sensor3GetEv
00002739   _ZN4aeo110qei_sensor3SetEi
0000276f   _ZN4aeo110qei_sensor4DiagEv
0000275f   _ZN4aeo110qei_sensor4ZeroEv
000026fb   _ZN4aeo110qei_sensor8GetIndexEv
0000264d   _ZN4aeo110qei_sensorC1ENS0_9device_idENS0_13configurationE
0000264d   _ZN4aeo110qei_sensorC2ENS0_9device_idENS0_13configurationE
00002693   _ZN4aeo110qei_sensorD0Ev
00002687   _ZN4aeo110qei_sensorD1Ev
00002687   _ZN4aeo110qei_sensorD2Ev
0000382d   _ZN4aeo111pwm_stepper10InitializeEv
00003837   _ZN4aeo111pwm_stepper4DiagEv
000037f9   _ZN4aeo111pwm_stepperC1Ev
000037f9   _ZN4aeo111pwm_stepperC2Ev
00003817   _ZN4aeo111pwm_stepperD0Ev
0000380b   _ZN4aeo111pwm_stepperD1Ev
0000380b   _ZN4aeo111pwm_stepperD2Ev
00002955   _ZN4aeo111ssi_display10InitializeEv
00002aef   _ZN4aeo111ssi_display14Digit2SegmentsEjjb
00002a51   _ZN4aeo111ssi_display3SetEPKc
00002973   _ZN4aeo111ssi_display3SetEii
00002961   _ZN4aeo111ssi_display4DiagEv
00003dcd   _ZN4aeo111ssi_display4OnTxEv
00002915   _ZN4aeo111ssi_displayC1ENS_14ssi_peripheral9device_idE
00002915   _ZN4aeo111ssi_displayC2ENS_14ssi_peripheral9device_idE
0000293f   _ZN4aeo111ssi_displayD0Ev
00002931   _ZN4aeo111ssi_displayD1Ev
00002931   _ZN4aeo111ssi_displayD2Ev
00003231   _ZN4aeo111ssi_drv871110InitializeEv
00003265   _ZN4aeo111ssi_drv87114DiagEv
000032a3   _ZN4aeo111ssi_drv87114OnRxEv
000032ad   _ZN4aeo111ssi_drv87114ReadEv
000031f1   _ZN4aeo111ssi_drv8711C1ENS_14ssi_peripheral9device_idE
000031f1   _ZN4aeo111ssi_drv8711C2ENS_14ssi_peripheral9device_idE
0000321b   _ZN4aeo111ssi_drv8711D0Ev
0000320d   _ZN4aeo111ssi_drv8711D1Ev
0000320d   _ZN4aeo111ssi_drv8711D2Ev
00002bdf   _ZN4aeo112adc_potmeter10InitializeEv
200008a8   _ZN4aeo112adc_potmeter10m_nCounterE
00002c5b   _ZN4aeo112adc_potmeter11OnInterruptEv
200008b0   _ZN4aeo112adc_potmeter14m_nReadCounterE
00002d05   _ZN4aeo112adc_potmeter15GetErrorCounterEv
200008ac   _ZN4aeo112adc_potmeter15m_nErrorCounterE
200008b4   _ZN4aeo112adc_potmeter16m_pTheOneAndOnlyE
00002d1d   _ZN4aeo112adc_potmeter4DiagEv
00002cd7   _ZN4aeo112adc_potmeter7TriggerEv
00002ce5   _ZN4aeo112adc_potmeter8GetValueEv
00002c3f   _ZN4aeo112adc_potmeter9TerminateEv
00002b87   _ZN4aeo112adc_potmeterC1Ev
00002b87   _ZN4aeo112adc_potmeterC2Ev
00002bc9   _ZN4aeo112adc_potmeterD0Ev
00002ba5   _ZN4aeo112adc_potmeterD1Ev
00002ba5   _ZN4aeo112adc_potmeterD2Ev
000037cd   _ZN4aeo112gpio_stepper10InitializeEv
000037d7   _ZN4aeo112gpio_stepper4DiagEv
00003799   _ZN4aeo112gpio_stepperC1Ev
00003799   _ZN4aeo112gpio_stepperC2Ev
000037b7   _ZN4aeo112gpio_stepperD0Ev
000037ab   _ZN4aeo112gpio_stepperD1Ev
000037ab   _ZN4aeo112gpio_stepperD2Ev
00003675   _ZN4aeo113Alpha7SegmentEc
00001e73   _ZN4aeo114ssi_peripheral10InitializeEv
0000213b   _ZN4aeo114ssi_peripheral10LoadTxFIFOEv
00001f7d   _ZN4aeo114ssi_peripheral11OnInterruptEv
00002171   _ZN4aeo114ssi_peripheral12UnloadRxFIFOEv
00002049   _ZN4aeo114ssi_peripheral4DiagEv
00003e49   _ZN4aeo114ssi_peripheral4OnRxEv
00003e53   _ZN4aeo114ssi_peripheral4OnTxEv
000020df   _ZN4aeo114ssi_peripheral9TerminateEv
00001db1   _ZN4aeo114ssi_peripheralC1ENS0_9device_idE
00001db1   _ZN4aeo114ssi_peripheralC2ENS0_9device_idE
00001e5d   _ZN4aeo114ssi_peripheralD0Ev
00001e49   _ZN4aeo114ssi_peripheralD1Ev
00001e49   _ZN4aeo114ssi_peripheralD2Ev
200007cc   _ZN4aeo118SSI0_SpecificationE
200007f8   _ZN4aeo118SSI1_SpecificationE
20000824   _ZN4aeo118SSI2_SpecificationE
20000850   _ZN4aeo118SSI3_SpecificationE
00002dc7   _ZN4aeo17drv871110InitializeEv
00002e31   _ZN4aeo17drv87114DiagEv
00002e05   _ZN4aeo17drv87114FeedEi
00002df9   _ZN4aeo17drv87114HaltEv
00002ded   _ZN4aeo17drv87114IdleEv
00002e15   _ZN4aeo17drv87114MoveEi
00002e25   _ZN4aeo17drv87114StopEv
00002d69   _ZN4aeo17drv8711C1Ev
00002d69   _ZN4aeo17drv8711C2Ev
00002db1   _ZN4aeo17drv8711D0Ev
00002d91   _ZN4aeo17drv8711D1Ev
00002d91   _ZN4aeo17drv8711D2Ev
00003d1d   _ZNK4aeo114ssi_peripheral7IsEmptyEv
000032f3   _ZNKSt9type_info4nameEv
00003323   _ZNKSt9type_info6beforeERKS_
0000330d   _ZNKSt9type_infoeqERKS_
000032f7   _ZNKSt9type_infoneERKS_
000032eb   _ZNSt9type_infoD0Ev
000032e9   _ZNSt9type_infoD1Ev
000032e9   _ZNSt9type_infoD2Ev
200006b4   _ZSt16__dummy_typeinfo
000032e1   _ZSt21__gen_dummy_typeinfosv
0000457c   _ZTIN10__cxxabiv117__class_type_infoE
00004588   _ZTIN10__cxxabiv117__pbase_type_infoE
00004594   _ZTIN10__cxxabiv119__pointer_type_infoE
000045a0   _ZTIN10__cxxabiv120__si_class_type_infoE
000045ac   _ZTIN10__cxxabiv123__fundamental_type_infoE
000045d0   _ZTIN4aeo110qei_sensorE
000045d8   _ZTIN4aeo111pwm_stepperE
000045b8   _ZTIN4aeo111ssi_displayE
000045c4   _ZTIN4aeo111ssi_drv8711E
000045e0   _ZTIN4aeo112adc_potmeterE
000045e8   _ZTIN4aeo112gpio_stepperE
000045f0   _ZTIN4aeo114ssi_peripheralE
000045f8   _ZTIN4aeo17drv8711E
000044bc   _ZTIPKe
00004600   _ZTISt9type_info
00004608   _ZTIe
00004385   _ZTSN10__cxxabiv117__class_type_infoE
000043a7   _ZTSN10__cxxabiv117__pbase_type_infoE
00004361   _ZTSN10__cxxabiv119__pointer_type_infoE
0000433c   _ZTSN10__cxxabiv120__si_class_type_infoE
00004274   _ZTSN10__cxxabiv123__fundamental_type_infoE
0000446b   _ZTSN4aeo110qei_sensorE
0000442c   _ZTSN4aeo111pwm_stepperE
00004441   _ZTSN4aeo111ssi_displayE
00004456   _ZTSN4aeo111ssi_drv8711E
00004400   _ZTSN4aeo112adc_potmeterE
00004416   _ZTSN4aeo112gpio_stepperE
000043e8   _ZTSN4aeo114ssi_peripheralE
000044cc   _ZTSN4aeo17drv8711E
00004610   _ZTSPKe
0000456c   _ZTSSt9type_info
00004046   _ZTSe
000044dc   _ZTVN10__cxxabiv117__class_type_infoE
000044ec   _ZTVN10__cxxabiv119__pointer_type_infoE
000044fc   _ZTVN10__cxxabiv120__si_class_type_infoE
0000450c   _ZTVN10__cxxabiv123__fundamental_type_infoE
0000451c   _ZTVN4aeo110qei_sensorE
0000452c   _ZTVN4aeo111pwm_stepperE
0000429c   _ZTVN4aeo111ssi_displayE
000042c4   _ZTVN4aeo111ssi_drv8711E
0000453c   _ZTVN4aeo112adc_potmeterE
0000454c   _ZTVN4aeo112gpio_stepperE
000042ec   _ZTVN4aeo114ssi_peripheralE
0000455c   _ZTVN4aeo17drv8711E
00003e6d   _ZdlPv
20000af0   __STACK_END
00000200   __STACK_SIZE
20000af0   __STACK_TOP
00000008   __SYSMEM_SIZE
000047f0   __TI_CINIT_Base
00004800   __TI_CINIT_Limit
000047d8   __TI_Handler_Table_Base
000047e4   __TI_Handler_Table_Limit
00000001   __TI_args_main
000034e5   __TI_auto_init
200008dc   __TI_cleanup_ptr
00003d8f   __TI_decompress_none
00003e8d   __TI_decompress_rle24
200008e0   __TI_dtors_ptr
00000000   __TI_static_base__
00003ce9   __TI_zero_init
00003155   __aeabi_atexit
00003673   __aeabi_idiv0
000035f9   __aeabi_memclr
000035f9   __aeabi_memclr4
000035f9   __aeabi_memclr8
00003449   __aeabi_memcpy
00003449   __aeabi_memcpy4
00003449   __aeabi_memcpy8
000035fb   __aeabi_memset
000035fb   __aeabi_memset4
000035fb   __aeabi_memset8
00003a53   __aeabi_uidiv
00003a53   __aeabi_uidivmod
ffffffff   __binit__
ffffffff   __c_args__
00003143   __cxa_atexit
000030fd   __cxa_finalize
0000313d   __cxa_ia64_exit
200006b8   __dso_handle
200008f0   __stack
00001c25   __sti___8_main_cpp_1c94e432
00003be5   _args_main
00003901   _c_int00
200008d4   _lock
00003c77   _nop
00003c6f   _register_lock
00003c69   _register_unlock
20000af0   _sys_memory
200008d8   _unlock
00003991   abort
00003147   atexit
ffffffff   binit
00002615   calloc
00003949   copy_in
00003999   exit
00002365   free
20000580   g_oDialerDisplay
20000400   g_oDrv8711
200006a4   g_oLinearScale
20000694   g_oRotaryDialer
200005f8   g_oScaleDisplay
00000000   g_pfnVectors
200006c4   g_psCmdTable
20000748   g_psRotaryMenu
00001c13   main
200008e8   main_func_sp
000022fd   malloc
00002531   memalign
00003449   memcpy
00003601   memset
00002271   minit
00002425   realloc
00003bfd   strcmp
00000751   ulocaltime
0000094f   umktime
00000ec9   urand
00000721   usnprintf
000006ef   usprintf
00000eb9   usrand
00000e31   ustrcasecmp
00000ea5   ustrcmp
00000d35   ustrlen
00000d8d   ustrncasecmp
00000e45   ustrncmp
0000026d   ustrncpy
00000d57   ustrstr
00000afd   ustrtof
000009c5   ustrtoul
000002c5   uvsnprintf


GLOBAL SYMBOLS: SORTED BY Symbol Address 

address    name
--------   ----
00000000   __TI_static_base__
00000000   g_pfnVectors
00000001   __TI_args_main
00000008   __SYSMEM_SIZE
00000200   __STACK_SIZE
0000026d   ustrncpy
000002c5   uvsnprintf
000006ef   usprintf
00000721   usnprintf
00000751   ulocaltime
0000094f   umktime
000009c5   ustrtoul
00000afd   ustrtof
00000d35   ustrlen
00000d57   ustrstr
00000d8d   ustrncasecmp
00000e31   ustrcasecmp
00000e45   ustrncmp
00000ea5   ustrcmp
00000eb9   usrand
00000ec9   urand
00000fdd   UARTStdioConfig
00001063   UARTwrite
00001103   UARTgets
0000117f   UARTgetc
000011d9   UARTvprintf
000014d3   UARTprintf
000014f7   UARTRxBytesAvail
00001505   UARTTxBytesFree
00001519   UARTPeek
00001573   UARTFlushRx
00001593   UARTFlushTx
000015c9   UARTEchoSet
000015f5   UARTStdioIntHandler
00001751   _Z8CMD_zeroiPPc
0000176b   _Z7CMD_setiPPc
00001791   _Z8CMD_idleiPPc
000017a1   _Z8CMD_haltiPPc
000017b1   _Z8CMD_feediPPc
000017d7   _Z8CMD_moveiPPc
000017fd   _Z8CMD_stopiPPc
0000180d   _Z8CMD_textiPPc
00001827   _Z8CMD_diagiPPc
0000184f   _Z8CMD_helpiPPc
000018a1   _Z7MNU_setiPPc
000018bf   _Z8MNU_feediPPc
000018d5   _Z8MNU_moveiPPc
000018eb   _Z12OnMenuDialeri
00001979   _Z14OnNumberDialeri
000019a9   _Z8OnDialeri
00001a11   _Z13ConfigureUARTv
00001a51   SysTickIntHandler
00001b31   _Z10Initializev
00001bbd   _Z8MainLoopv
00001c13   main
00001c25   __sti___8_main_cpp_1c94e432
00001d49   OnSSI0Interrupt
00001d63   OnSSI1Interrupt
00001d7d   OnSSI2Interrupt
00001d97   OnSSI3Interrupt
00001db1   _ZN4aeo114ssi_peripheralC1ENS0_9device_idE
00001db1   _ZN4aeo114ssi_peripheralC2ENS0_9device_idE
00001e49   _ZN4aeo114ssi_peripheralD1Ev
00001e49   _ZN4aeo114ssi_peripheralD2Ev
00001e5d   _ZN4aeo114ssi_peripheralD0Ev
00001e73   _ZN4aeo114ssi_peripheral10InitializeEv
00001f7d   _ZN4aeo114ssi_peripheral11OnInterruptEv
00002049   _ZN4aeo114ssi_peripheral4DiagEv
000020df   _ZN4aeo114ssi_peripheral9TerminateEv
0000213b   _ZN4aeo114ssi_peripheral10LoadTxFIFOEv
00002171   _ZN4aeo114ssi_peripheral12UnloadRxFIFOEv
00002271   minit
000022fd   malloc
00002365   free
00002425   realloc
00002531   memalign
00002615   calloc
0000264d   _ZN4aeo110qei_sensorC1ENS0_9device_idENS0_13configurationE
0000264d   _ZN4aeo110qei_sensorC2ENS0_9device_idENS0_13configurationE
00002687   _ZN4aeo110qei_sensorD1Ev
00002687   _ZN4aeo110qei_sensorD2Ev
00002693   _ZN4aeo110qei_sensorD0Ev
000026a9   _ZN4aeo110qei_sensor10InitializeEv
000026d3   _ZN4aeo110qei_sensor3GetEv
000026fb   _ZN4aeo110qei_sensor8GetIndexEv
00002739   _ZN4aeo110qei_sensor3SetEi
0000275f   _ZN4aeo110qei_sensor4ZeroEv
0000276f   _ZN4aeo110qei_sensor4DiagEv
00002915   _ZN4aeo111ssi_displayC1ENS_14ssi_peripheral9device_idE
00002915   _ZN4aeo111ssi_displayC2ENS_14ssi_peripheral9device_idE
00002931   _ZN4aeo111ssi_displayD1Ev
00002931   _ZN4aeo111ssi_displayD2Ev
0000293f   _ZN4aeo111ssi_displayD0Ev
00002955   _ZN4aeo111ssi_display10InitializeEv
00002961   _ZN4aeo111ssi_display4DiagEv
00002973   _ZN4aeo111ssi_display3SetEii
00002a51   _ZN4aeo111ssi_display3SetEPKc
00002aef   _ZN4aeo111ssi_display14Digit2SegmentsEjjb
00002b75   OnADCInterrupt
00002b87   _ZN4aeo112adc_potmeterC1Ev
00002b87   _ZN4aeo112adc_potmeterC2Ev
00002ba5   _ZN4aeo112adc_potmeterD1Ev
00002ba5   _ZN4aeo112adc_potmeterD2Ev
00002bc9   _ZN4aeo112adc_potmeterD0Ev
00002bdf   _ZN4aeo112adc_potmeter10InitializeEv
00002c3f   _ZN4aeo112adc_potmeter9TerminateEv
00002c5b   _ZN4aeo112adc_potmeter11OnInterruptEv
00002cd7   _ZN4aeo112adc_potmeter7TriggerEv
00002ce5   _ZN4aeo112adc_potmeter8GetValueEv
00002d05   _ZN4aeo112adc_potmeter15GetErrorCounterEv
00002d1d   _ZN4aeo112adc_potmeter4DiagEv
00002d69   _ZN4aeo17drv8711C1Ev
00002d69   _ZN4aeo17drv8711C2Ev
00002d91   _ZN4aeo17drv8711D1Ev
00002d91   _ZN4aeo17drv8711D2Ev
00002db1   _ZN4aeo17drv8711D0Ev
00002dc7   _ZN4aeo17drv871110InitializeEv
00002ded   _ZN4aeo17drv87114IdleEv
00002df9   _ZN4aeo17drv87114HaltEv
00002e05   _ZN4aeo17drv87114FeedEi
00002e15   _ZN4aeo17drv87114MoveEi
00002e25   _ZN4aeo17drv87114StopEv
00002e31   _ZN4aeo17drv87114DiagEv
00002eb5   GPIOPadConfigSet
00002fe5   SysCtlClockGet
000030fd   __cxa_finalize
0000313d   __cxa_ia64_exit
00003143   __cxa_atexit
00003147   atexit
00003155   __aeabi_atexit
000031f1   _ZN4aeo111ssi_drv8711C1ENS_14ssi_peripheral9device_idE
000031f1   _ZN4aeo111ssi_drv8711C2ENS_14ssi_peripheral9device_idE
0000320d   _ZN4aeo111ssi_drv8711D1Ev
0000320d   _ZN4aeo111ssi_drv8711D2Ev
0000321b   _ZN4aeo111ssi_drv8711D0Ev
00003231   _ZN4aeo111ssi_drv871110InitializeEv
00003265   _ZN4aeo111ssi_drv87114DiagEv
000032a3   _ZN4aeo111ssi_drv87114OnRxEv
000032ad   _ZN4aeo111ssi_drv87114ReadEv
000032e1   _ZSt21__gen_dummy_typeinfosv
000032e9   _ZNSt9type_infoD1Ev
000032e9   _ZNSt9type_infoD2Ev
000032eb   _ZNSt9type_infoD0Ev
000032f3   _ZNKSt9type_info4nameEv
000032f7   _ZNKSt9type_infoneERKS_
0000330d   _ZNKSt9type_infoeqERKS_
00003323   _ZNKSt9type_info6beforeERKS_
00003331   _ZN10__cxxabiv129__pointer_to_member_type_infoD1Ev
00003331   _ZN10__cxxabiv129__pointer_to_member_type_infoD2Ev
00003333   _ZN10__cxxabiv129__pointer_to_member_type_infoD0Ev
0000333b   _ZN10__cxxabiv123__fundamental_type_infoD1Ev
0000333b   _ZN10__cxxabiv123__fundamental_type_infoD2Ev
0000333d   _ZN10__cxxabiv123__fundamental_type_infoD0Ev
00003345   _ZN10__cxxabiv121__vmi_class_type_infoD1Ev
00003345   _ZN10__cxxabiv121__vmi_class_type_infoD2Ev
00003347   _ZN10__cxxabiv121__vmi_class_type_infoD0Ev
0000334f   _ZN10__cxxabiv120__si_class_type_infoD1Ev
0000334f   _ZN10__cxxabiv120__si_class_type_infoD2Ev
00003351   _ZN10__cxxabiv120__si_class_type_infoD0Ev
00003359   _ZN10__cxxabiv120__function_type_infoD1Ev
00003359   _ZN10__cxxabiv120__function_type_infoD2Ev
0000335b   _ZN10__cxxabiv120__function_type_infoD0Ev
00003363   _ZN10__cxxabiv119__pointer_type_infoD1Ev
00003363   _ZN10__cxxabiv119__pointer_type_infoD2Ev
00003365   _ZN10__cxxabiv119__pointer_type_infoD0Ev
0000336d   _ZN10__cxxabiv117__pbase_type_infoD1Ev
0000336d   _ZN10__cxxabiv117__pbase_type_infoD2Ev
0000336f   _ZN10__cxxabiv117__pbase_type_infoD0Ev
00003377   _ZN10__cxxabiv117__class_type_infoD1Ev
00003377   _ZN10__cxxabiv117__class_type_infoD2Ev
00003379   _ZN10__cxxabiv117__class_type_infoD0Ev
00003381   _ZN10__cxxabiv117__array_type_infoD1Ev
00003381   _ZN10__cxxabiv117__array_type_infoD2Ev
00003383   _ZN10__cxxabiv117__array_type_infoD0Ev
0000338b   _ZN10__cxxabiv116__enum_type_infoD1Ev
0000338b   _ZN10__cxxabiv116__enum_type_infoD2Ev
0000338d   _ZN10__cxxabiv116__enum_type_infoD0Ev
0000339d   CmdLineProcess
00003449   __aeabi_memcpy
00003449   __aeabi_memcpy4
00003449   __aeabi_memcpy8
00003449   memcpy
000034e5   __TI_auto_init
00003579   ADCSequenceStepConfigure
000035f9   __aeabi_memclr
000035f9   __aeabi_memclr4
000035f9   __aeabi_memclr8
000035fb   __aeabi_memset
000035fb   __aeabi_memset4
000035fb   __aeabi_memset8
00003601   memset
00003673   __aeabi_idiv0
00003675   _ZN4aeo113Alpha7SegmentEc
000036d9   IntDisable
00003739   IntEnable
00003799   _ZN4aeo112gpio_stepperC1Ev
00003799   _ZN4aeo112gpio_stepperC2Ev
000037ab   _ZN4aeo112gpio_stepperD1Ev
000037ab   _ZN4aeo112gpio_stepperD2Ev
000037b7   _ZN4aeo112gpio_stepperD0Ev
000037cd   _ZN4aeo112gpio_stepper10InitializeEv
000037d7   _ZN4aeo112gpio_stepper4DiagEv
000037f9   _ZN4aeo111pwm_stepperC1Ev
000037f9   _ZN4aeo111pwm_stepperC2Ev
0000380b   _ZN4aeo111pwm_stepperD1Ev
0000380b   _ZN4aeo111pwm_stepperD2Ev
00003817   _ZN4aeo111pwm_stepperD0Ev
0000382d   _ZN4aeo111pwm_stepper10InitializeEv
00003837   _ZN4aeo111pwm_stepper4DiagEv
000038b9   GPIOPinConfigure
00003901   _c_int00
00003949   copy_in
0000398d   C$$EXIT
00003991   abort
00003999   exit
000039d1   SSIConfigSetExpClk
00003a13   UARTConfigSetExpClk
00003a53   __aeabi_uidiv
00003a53   __aeabi_uidivmod
00003a93   ADCSequenceConfigure
00003ad1   SysCtlPeripheralEnable
00003b05   SysCtlPeripheralPresent
00003b39   ADCIntStatus
00003b67   GPIODirModeSet
00003b91   ADCSequenceDataGet
00003bb1   UARTDisable
00003bcd   ADCClockConfigSet
00003be5   _args_main
00003bfd   strcmp
00003c15   ADCProcessorTrigger
00003c2d   SysTickEnable
00003c41   SysTickIntEnable
00003c55   UARTEnable
00003c69   _register_unlock
00003c6f   _register_lock
00003c77   _nop
00003c7d   ADCHardwareOversampleConfigure
00003c8f   GPIOPinTypeADC
00003ca1   GPIOPinTypeQEI
00003cb3   GPIOPinTypeSSI
00003cc5   GPIOPinTypeUART
00003cd7   SSIDataGetNonBlocking
00003ce9   __TI_zero_init
00003cfb   ADCIntEnable
00003d0d   SysTickPeriodSet
00003d1d   _ZNK4aeo114ssi_peripheral7IsEmptyEv
00003d2d   ADCIntDisable
00003d3b   ADCSequenceDisable
00003d49   ADCSequenceEnable
00003d57   QEIConfigure
00003d65   SSIDataPutNonBlocking
00003d73   UARTCharGetNonBlocking
00003d81   UARTCharPutNonBlocking
00003d8f   __TI_decompress_none
00003d9d   CPUcpsid
00003da9   CPUcpsie
00003db5   UARTCharsAvail
00003dc1   UARTSpaceAvail
00003dcd   _ZN4aeo111ssi_display4OnTxEv
00003dd9   ResetISR
00003de5   ADCIntClear
00003def   IntMasterDisable
00003df9   IntMasterEnable
00003e03   QEIEnable
00003e0d   SSIDisable
00003e17   SSIEnable
00003e21   SSIIntDisable
00003e2b   SSIIntStatus
00003e35   UARTIntDisable
00003e3f   UARTIntStatus
00003e49   _ZN4aeo114ssi_peripheral4OnRxEv
00003e53   _ZN4aeo114ssi_peripheral4OnTxEv
00003e5d   SSIIntEnable
00003e65   UARTIntEnable
00003e6d   _ZdlPv
00003e75   GPIOPinRead
00003e7b   SysCtlDelay
00003e81   UARTClockSourceSet
00003e87   UARTFIFOLevelSet
00003e8d   __TI_decompress_rle24
00003e93   QEIPositionGet
00003e97   QEIPositionSet
00003e9b   SSIIntClear
00003e9f   UARTIntClear
00004046   _ZTSe
00004274   _ZTSN10__cxxabiv123__fundamental_type_infoE
0000429c   _ZTVN4aeo111ssi_displayE
000042c4   _ZTVN4aeo111ssi_drv8711E
000042ec   _ZTVN4aeo114ssi_peripheralE
0000433c   _ZTSN10__cxxabiv120__si_class_type_infoE
00004361   _ZTSN10__cxxabiv119__pointer_type_infoE
00004385   _ZTSN10__cxxabiv117__class_type_infoE
000043a7   _ZTSN10__cxxabiv117__pbase_type_infoE
000043e8   _ZTSN4aeo114ssi_peripheralE
00004400   _ZTSN4aeo112adc_potmeterE
00004416   _ZTSN4aeo112gpio_stepperE
0000442c   _ZTSN4aeo111pwm_stepperE
00004441   _ZTSN4aeo111ssi_displayE
00004456   _ZTSN4aeo111ssi_drv8711E
0000446b   _ZTSN4aeo110qei_sensorE
000044bc   _ZTIPKe
000044cc   _ZTSN4aeo17drv8711E
000044dc   _ZTVN10__cxxabiv117__class_type_infoE
000044ec   _ZTVN10__cxxabiv119__pointer_type_infoE
000044fc   _ZTVN10__cxxabiv120__si_class_type_infoE
0000450c   _ZTVN10__cxxabiv123__fundamental_type_infoE
0000451c   _ZTVN4aeo110qei_sensorE
0000452c   _ZTVN4aeo111pwm_stepperE
0000453c   _ZTVN4aeo112adc_potmeterE
0000454c   _ZTVN4aeo112gpio_stepperE
0000455c   _ZTVN4aeo17drv8711E
0000456c   _ZTSSt9type_info
0000457c   _ZTIN10__cxxabiv117__class_type_infoE
00004588   _ZTIN10__cxxabiv117__pbase_type_infoE
00004594   _ZTIN10__cxxabiv119__pointer_type_infoE
000045a0   _ZTIN10__cxxabiv120__si_class_type_infoE
000045ac   _ZTIN10__cxxabiv123__fundamental_type_infoE
000045b8   _ZTIN4aeo111ssi_displayE
000045c4   _ZTIN4aeo111ssi_drv8711E
000045d0   _ZTIN4aeo110qei_sensorE
000045d8   _ZTIN4aeo111pwm_stepperE
000045e0   _ZTIN4aeo112adc_potmeterE
000045e8   _ZTIN4aeo112gpio_stepperE
000045f0   _ZTIN4aeo114ssi_peripheralE
000045f8   _ZTIN4aeo17drv8711E
00004600   _ZTISt9type_info
00004608   _ZTIe
00004610   _ZTSPKe
00004614   SHT$$INIT_ARRAY$$Base
00004618   SHT$$INIT_ARRAY$$Limit
000047d8   __TI_Handler_Table_Base
000047e4   __TI_Handler_Table_Limit
000047f0   __TI_CINIT_Base
00004800   __TI_CINIT_Limit
20000400   g_oDrv8711
20000580   g_oDialerDisplay
200005f8   g_oScaleDisplay
20000694   g_oRotaryDialer
200006a4   g_oLinearScale
200006b4   _ZSt16__dummy_typeinfo
200006b8   __dso_handle
200006c4   g_psCmdTable
20000748   g_psRotaryMenu
200007cc   _ZN4aeo118SSI0_SpecificationE
200007f8   _ZN4aeo118SSI1_SpecificationE
20000824   _ZN4aeo118SSI2_SpecificationE
20000850   _ZN4aeo118SSI3_SpecificationE
200008a8   _ZN4aeo112adc_potmeter10m_nCounterE
200008ac   _ZN4aeo112adc_potmeter15m_nErrorCounterE
200008b0   _ZN4aeo112adc_potmeter14m_nReadCounterE
200008b4   _ZN4aeo112adc_potmeter16m_pTheOneAndOnlyE
200008d4   _lock
200008d8   _unlock
200008dc   __TI_cleanup_ptr
200008e0   __TI_dtors_ptr
200008e8   main_func_sp
200008f0   __stack
20000af0   __STACK_END
20000af0   __STACK_TOP
20000af0   _sys_memory
ffffffff   __binit__
ffffffff   __c_args__
ffffffff   binit

[363 symbols]
