******************************************************************************
                  TI ARM Linker PC v5.1.11                     
******************************************************************************
>> Linked Sun Mar 29 15:57:37 2015

OUTPUT FILE NAME:   <test_drv8711.out>
ENTRY POINT SYMBOL: "_c_int00"  address: 000033ed


MEMORY CONFIGURATION

         name            origin    length      used     unused   attr    fill
----------------------  --------  ---------  --------  --------  ----  --------
  FLASH                 00000000   00040000  0000413c  0003bec4  R  X
  SRAM                  20000000   00008000  000009c5  0000763b  RW X


SEGMENT ALLOCATION MAP

run origin  load origin   length   init length attrs members
----------  ----------- ---------- ----------- ----- -------
00000000    00000000    00004140   00004140    r-x
  00000000    00000000    0000026c   0000026c    r-- .intvecs
  0000026c    0000026c    000036e8   000036e8    r-x .text
  00003954    00003954    0000069c   0000069c    r-- .const
  00003ff0    00003ff0    00000004   00000004    r-- .init_array
  00003ff8    00003ff8    00000148   00000148    r-- .cinit
20000000    20000000    000009c8   00000000    rw-
  20000000    20000000    00000645   00000000    rw- .bss
  20000648    20000648    00000200   00000000    rw- .stack
  20000848    20000848    00000178   00000000    rw- .data
  200009c0    200009c0    00000008   00000000    rw- .sysmem


SECTION ALLOCATION MAP

 output                                  attributes/
section   page    origin      length       input sections
--------  ----  ----------  ----------   ----------------
.intvecs   0    00000000    0000026c     
                  00000000    0000026c     tm4c123gh6pm_startup_ccs.obj (.intvecs)

.text      0    0000026c    000036e8     
                  0000026c    00000c84     tiva_utils.lib : ustdlib.obj (.text)
                  00000ef0    00000860                    : uartstdio.obj (.text)
                  00001750    000003ec     main.obj (.text)
                  00001b3c    000003dc     rtsv7M4_T_le_v4SPD16_eabi.lib : memory.obj (.text)
                  00001f18    00000344     aeo1_drivers.lib : ssi_peripheral.obj (.text)
                  0000225c    0000026c                      : qei_sensor.obj (.text)
                  000024c8    00000258                      : ssi_display.obj (.text)
                  00002720    000001f4                      : adc_potmeter.obj (.text)
                  00002914    00000130     driverlib.lib : gpio.obj (.text:GPIOPadConfigSet)
                  00002a44    00000128     drv8711.obj (.text)
                  00002b6c    00000118     driverlib.lib : sysctl.obj (.text:SysCtlClockGet)
                  00002c84    000000f4     rtsv7M4_T_le_v4SPD16_eabi.lib : dtor_list.obj (.text)
                  00002d78    000000bc                                   : typeinfo_.obj (.text)
                  00002e34    000000ac     tiva_utils.lib : cmdline.obj (.text)
                  00002ee0    0000009c     rtsv7M4_T_le_v4SPD16_eabi.lib : memcpy_t2.obj (.text)
                  00002f7c    00000094                                   : auto_init.obj (.text)
                  00003010    00000080     driverlib.lib : adc.obj (.text:ADCSequenceStepConfigure)
                  00003090    0000007a     rtsv7M4_T_le_v4SPD16_eabi.lib : memset_t2.obj (.text)
                  0000310a    00000002                                   : i_div0.obj (.text)
                  0000310c    0000006c     aeo1_drivers.lib : ssi_drv8711.obj (.text)
                  00003178    00000064                      : alpha7segment.obj (.text)
                  000031dc    00000060     driverlib.lib : interrupt.obj (.text:IntDisable)
                  0000323c    00000060                   : interrupt.obj (.text:IntEnable)
                  0000329c    0000005e     rtsv7M4_T_le_v4SPD16_eabi.lib : copy_decompress_rle.obj (.text)
                  000032fa    00000002     --HOLE-- [fill = 0]
                  000032fc    00000054     aeo1_drivers.lib : gpio_stepper.obj (.text)
                  00003350    00000054                      : pwm_stepper.obj (.text)
                  000033a4    00000048     driverlib.lib : gpio.obj (.text:GPIOPinConfigure)
                  000033ec    00000048     rtsv7M4_T_le_v4SPD16_eabi.lib : boot.obj (.text)
                  00003434    00000044                                   : cpy_tbl.obj (.text)
                  00003478    00000044                                   : exit.obj (.text)
                  000034bc    00000042     driverlib.lib : ssi.obj (.text:SSIConfigSetExpClk)
                  000034fe    00000040                   : uart.obj (.text:UARTConfigSetExpClk)
                  0000353e    00000040     rtsv7M4_T_le_v4SPD16_eabi.lib : u_divt2.obj (.text)
                  0000357e    0000003e     driverlib.lib : adc.obj (.text:ADCSequenceConfigure)
                  000035bc    00000034                   : sysctl.obj (.text:SysCtlPeripheralEnable)
                  000035f0    00000034                   : sysctl.obj (.text:SysCtlPeripheralPresent)
                  00003624    0000002e                   : adc.obj (.text:ADCIntStatus)
                  00003652    0000002a                   : gpio.obj (.text:GPIODirModeSet)
                  0000367c    0000001e                   : adc.obj (.text:ADCSequenceDataGet)
                  0000369a    00000002     --HOLE-- [fill = 0]
                  0000369c    0000001c                   : uart.obj (.text:UARTDisable)
                  000036b8    00000018                   : adc.obj (.text:ADCClockConfigSet)
                  000036d0    00000018     rtsv7M4_T_le_v4SPD16_eabi.lib : args_main.obj (.text)
                  000036e8    00000018                                   : strcmp.obj (.text)
                  00003700    00000016     driverlib.lib : adc.obj (.text:ADCProcessorTrigger)
                  00003716    00000002     --HOLE-- [fill = 0]
                  00003718    00000014                   : systick.obj (.text:SysTickEnable)
                  0000372c    00000014                   : systick.obj (.text:SysTickIntEnable)
                  00003740    00000014                   : uart.obj (.text:UARTEnable)
                  00003754    00000014     rtsv7M4_T_le_v4SPD16_eabi.lib : _lock.obj (.text)
                  00003768    00000012     driverlib.lib : adc.obj (.text:ADCHardwareOversampleConfigure)
                  0000377a    00000012                   : gpio.obj (.text:GPIOPinTypeADC)
                  0000378c    00000012                   : gpio.obj (.text:GPIOPinTypeQEI)
                  0000379e    00000012                   : gpio.obj (.text:GPIOPinTypeSSI)
                  000037b0    00000012                   : gpio.obj (.text:GPIOPinTypeUART)
                  000037c2    00000012                   : ssi.obj (.text:SSIDataGetNonBlocking)
                  000037d4    00000012     rtsv7M4_T_le_v4SPD16_eabi.lib : copy_zero_init.obj (.text:decompress:ZI)
                  000037e6    00000010     driverlib.lib : adc.obj (.text:ADCIntEnable)
                  000037f6    00000002     --HOLE-- [fill = 0]
                  000037f8    00000010                   : systick.obj (.text:SysTickPeriodSet)
                  00003808    0000000e                   : adc.obj (.text:ADCIntDisable)
                  00003816    0000000e                   : adc.obj (.text:ADCSequenceDisable)
                  00003824    0000000e                   : adc.obj (.text:ADCSequenceEnable)
                  00003832    0000000e                   : qei.obj (.text:QEIConfigure)
                  00003840    0000000e                   : ssi.obj (.text:SSIDataPutNonBlocking)
                  0000384e    0000000e                   : uart.obj (.text:UARTCharGetNonBlocking)
                  0000385c    0000000e                   : uart.obj (.text:UARTCharPutNonBlocking)
                  0000386a    0000000e     rtsv7M4_T_le_v4SPD16_eabi.lib : copy_decompress_none.obj (.text:decompress:none)
                  00003878    0000000c     driverlib.lib : cpu.obj (.text:CPUcpsid)
                  00003884    0000000c                   : cpu.obj (.text:CPUcpsie)
                  00003890    0000000c                   : uart.obj (.text:UARTCharsAvail)
                  0000389c    0000000c                   : uart.obj (.text:UARTSpaceAvail)
                  000038a8    0000000c     tm4c123gh6pm_startup_ccs.obj (.text)
                  000038b4    0000000a     driverlib.lib : adc.obj (.text:ADCIntClear)
                  000038be    0000000a                   : interrupt.obj (.text:IntMasterDisable)
                  000038c8    0000000a                   : interrupt.obj (.text:IntMasterEnable)
                  000038d2    0000000a                   : qei.obj (.text:QEIEnable)
                  000038dc    0000000a                   : ssi.obj (.text:SSIDisable)
                  000038e6    0000000a                   : ssi.obj (.text:SSIEnable)
                  000038f0    0000000a                   : ssi.obj (.text:SSIIntDisable)
                  000038fa    0000000a                   : ssi.obj (.text:SSIIntStatus)
                  00003904    0000000a                   : uart.obj (.text:UARTIntDisable)
                  0000390e    0000000a                   : uart.obj (.text:UARTIntStatus)
                  00003918    00000008                   : ssi.obj (.text:SSIIntEnable)
                  00003920    00000008                   : uart.obj (.text:UARTIntEnable)
                  00003928    00000008     rtsv7M4_T_le_v4SPD16_eabi.lib : delete.obj (.text)
                  00003930    00000006     driverlib.lib : sysctl.obj (.text:SysCtlDelay)
                  00003936    00000006                   : uart.obj (.text:UARTClockSourceSet)
                  0000393c    00000006                   : uart.obj (.text:UARTFIFOLevelSet)
                  00003942    00000006     rtsv7M4_T_le_v4SPD16_eabi.lib : copy_decompress_rle.obj (.text:decompress:rle24)
                  00003948    00000004     driverlib.lib : qei.obj (.text:QEIPositionGet)
                  0000394c    00000004                   : ssi.obj (.text:SSIIntClear)
                  00003950    00000004                   : uart.obj (.text:UARTIntClear)

.const     0    00003954    0000069c     
                  00003954    00000110     main.obj (.const:.string)
                  00003a64    00000090     driverlib.lib : gpio.obj (.const:g_pui32GPIOBaseAddrs)
                  00003af4    00000070                   : interrupt.obj (.const)
                  00003b64    0000006c                   : sysctl.obj (.const:g_pui32Xtals)
                  00003bd0    0000005a     aeo1_drivers.lib : alpha7segment.obj (.const:_ZN4aeo119alpha7segment_tableE)
                  00003c2a    00000002     rtsv7M4_T_le_v4SPD16_eabi.lib : typeinfo_.obj (.const:.typeinfo:_ZTSe)
                  00003c2c    00000030     tiva_utils.lib : ustdlib.obj (.const:g_psDaysToMonth)
                  00003c5c    00000028     rtsv7M4_T_le_v4SPD16_eabi.lib : typeinfo_.obj (.const:.typeinfo:_ZTSN10__cxxabiv123__fundamental_type_infoE)
                  00003c84    00000028     tiva_utils.lib : uartstdio.obj (.const)
                  00003cac    00000025     rtsv7M4_T_le_v4SPD16_eabi.lib : typeinfo_.obj (.const:.typeinfo:_ZTSN10__cxxabiv120__si_class_type_infoE)
                  00003cd1    00000024                                   : typeinfo_.obj (.const:.typeinfo:_ZTSN10__cxxabiv119__pointer_type_infoE)
                  00003cf5    00000003     --HOLE-- [fill = 0]
                  00003cf8    00000024     aeo1_drivers.lib : ssi_display.obj (.const:_ZTVN4aeo111ssi_displayE)
                  00003d1c    00000024                      : ssi_drv8711.obj (.const:_ZTVN4aeo111ssi_drv8711E)
                  00003d40    00000024                      : ssi_peripheral.obj (.const:_ZTVN4aeo114ssi_peripheralE)
                  00003d64    00000022     rtsv7M4_T_le_v4SPD16_eabi.lib : typeinfo_.obj (.const:.typeinfo:_ZTSN10__cxxabiv117__class_type_infoE)
                  00003d86    00000022                                   : typeinfo_.obj (.const:.typeinfo:_ZTSN10__cxxabiv117__pbase_type_infoE)
                  00003da8    0000001c     tiva_utils.lib : ustdlib.obj (.const)
                  00003dc4    00000018     aeo1_drivers.lib : ssi_peripheral.obj (.const:.typeinfo:_ZTSN4aeo114ssi_peripheralE)
                  00003ddc    00000016                      : adc_potmeter.obj (.const:.typeinfo:_ZTSN4aeo112adc_potmeterE)
                  00003df2    00000016                      : gpio_stepper.obj (.const:.typeinfo:_ZTSN4aeo112gpio_stepperE)
                  00003e08    00000015                      : pwm_stepper.obj (.const:.typeinfo:_ZTSN4aeo111pwm_stepperE)
                  00003e1d    00000015                      : ssi_display.obj (.const:.typeinfo:_ZTSN4aeo111ssi_displayE)
                  00003e32    00000015                      : ssi_drv8711.obj (.const:.typeinfo:_ZTSN4aeo111ssi_drv8711E)
                  00003e47    00000014                      : qei_sensor.obj (.const:.typeinfo:_ZTSN4aeo110qei_sensorE)
                  00003e5b    00000012                      : ssi_display.obj (.const:.string)
                  00003e6d    00000003     --HOLE-- [fill = 0]
                  00003e70    00000012     tiva_utils.lib : uartstdio.obj (.const:.string)
                  00003e82    00000002     --HOLE-- [fill = 0]
                  00003e84    00000012                    : ustdlib.obj (.const:.string)
                  00003e96    00000002     --HOLE-- [fill = 0]
                  00003e98    00000010     rtsv7M4_T_le_v4SPD16_eabi.lib : typeinfo_.obj (.const:.typeinfo:_ZTIPKe)
                  00003ea8    00000010     drv8711.obj (.const:.typeinfo:_ZTSN4aeo17drv8711E)
                  00003eb8    00000010     rtsv7M4_T_le_v4SPD16_eabi.lib : typeinfo_.obj (.const:_ZTVN10__cxxabiv117__class_type_infoE)
                  00003ec8    00000010                                   : typeinfo_.obj (.const:_ZTVN10__cxxabiv119__pointer_type_infoE)
                  00003ed8    00000010                                   : typeinfo_.obj (.const:_ZTVN10__cxxabiv120__si_class_type_infoE)
                  00003ee8    00000010                                   : typeinfo_.obj (.const:_ZTVN10__cxxabiv123__fundamental_type_infoE)
                  00003ef8    00000010     aeo1_drivers.lib : qei_sensor.obj (.const:_ZTVN4aeo110qei_sensorE)
                  00003f08    00000010                      : pwm_stepper.obj (.const:_ZTVN4aeo111pwm_stepperE)
                  00003f18    00000010                      : adc_potmeter.obj (.const:_ZTVN4aeo112adc_potmeterE)
                  00003f28    00000010                      : gpio_stepper.obj (.const:_ZTVN4aeo112gpio_stepperE)
                  00003f38    00000010     drv8711.obj (.const:_ZTVN4aeo17drv8711E)
                  00003f48    0000000d     rtsv7M4_T_le_v4SPD16_eabi.lib : typeinfo_.obj (.const:.typeinfo:_ZTSSt9type_info)
                  00003f55    00000003     --HOLE-- [fill = 0]
                  00003f58    0000000c                                   : typeinfo_.obj (.const:.typeinfo:_ZTIN10__cxxabiv117__class_type_infoE)
                  00003f64    0000000c                                   : typeinfo_.obj (.const:.typeinfo:_ZTIN10__cxxabiv117__pbase_type_infoE)
                  00003f70    0000000c                                   : typeinfo_.obj (.const:.typeinfo:_ZTIN10__cxxabiv119__pointer_type_infoE)
                  00003f7c    0000000c                                   : typeinfo_.obj (.const:.typeinfo:_ZTIN10__cxxabiv120__si_class_type_infoE)
                  00003f88    0000000c                                   : typeinfo_.obj (.const:.typeinfo:_ZTIN10__cxxabiv123__fundamental_type_infoE)
                  00003f94    0000000c     aeo1_drivers.lib : ssi_display.obj (.const:.typeinfo:_ZTIN4aeo111ssi_displayE)
                  00003fa0    0000000c                      : ssi_drv8711.obj (.const:.typeinfo:_ZTIN4aeo111ssi_drv8711E)
                  00003fac    00000008                      : qei_sensor.obj (.const:.typeinfo:_ZTIN4aeo110qei_sensorE)
                  00003fb4    00000008                      : pwm_stepper.obj (.const:.typeinfo:_ZTIN4aeo111pwm_stepperE)
                  00003fbc    00000008                      : adc_potmeter.obj (.const:.typeinfo:_ZTIN4aeo112adc_potmeterE)
                  00003fc4    00000008                      : gpio_stepper.obj (.const:.typeinfo:_ZTIN4aeo112gpio_stepperE)
                  00003fcc    00000008                      : ssi_peripheral.obj (.const:.typeinfo:_ZTIN4aeo114ssi_peripheralE)
                  00003fd4    00000008     drv8711.obj (.const:.typeinfo:_ZTIN4aeo17drv8711E)
                  00003fdc    00000008     rtsv7M4_T_le_v4SPD16_eabi.lib : typeinfo_.obj (.const:.typeinfo:_ZTISt9type_info)
                  00003fe4    00000008                                   : typeinfo_.obj (.const:.typeinfo:_ZTIe)
                  00003fec    00000004                                   : typeinfo_.obj (.const:.typeinfo:_ZTSPKe)

.init_array 
*          0    00003ff0    00000004     
                  00003ff0    00000004     main.obj (.init_array)

.cinit     0    00003ff8    00000148     
                  00003ff8    00000122     (.cinit..data.load) [load image, compression = rle]
                  0000411a    00000002     --HOLE-- [fill = 0]
                  0000411c    0000000c     (__TI_handler_table)
                  00004128    00000008     (.cinit..bss.load) [load image, compression = zero_init]
                  00004130    00000010     (__TI_cinit_table)

.bss       0    20000000    00000645     UNINITIALIZED
                  20000000    00000400     tiva_utils.lib : uartstdio.obj (.bss:g_pcUARTTxBuffer)
                  20000400    00000080                    : uartstdio.obj (.bss:g_pcUARTRxBuffer)
                  20000480    00000080     main.obj (.bss:g_zInput)
                  20000500    0000005c     main.obj (.bss:g_oDrv8711)
                  2000055c    00000054     main.obj (.bss:g_oDialerDisplay)
                  200005b0    00000054     main.obj (.bss:g_oScaleDisplay)
                  20000604    00000024     tiva_utils.lib : cmdline.obj (.bss:g_ppcArgv)
                  20000628    00000010     main.obj (.bss)
                  20000638    00000004     (.common:_ZSt16__dummy_typeinfo)
                  2000063c    00000004     (.common:__dso_handle)
                  20000640    00000004     (.common:g_ui32PortNum)
                  20000644    00000001     (.common:g_bDisableEcho)

.stack     0    20000648    00000200     UNINITIALIZED
                  20000648    00000200     --HOLE--

.data      0    20000848    00000178     UNINITIALIZED
                  20000848    00000060     main.obj (.data:g_psCmdTable)
                  200008a8    0000002c     aeo1_drivers.lib : ssi_peripheral.obj (.data:_ZN4aeo118SSI0_SpecificationE)
                  200008d4    0000002c                      : ssi_peripheral.obj (.data:_ZN4aeo118SSI1_SpecificationE)
                  20000900    0000002c                      : ssi_peripheral.obj (.data:_ZN4aeo118SSI2_SpecificationE)
                  2000092c    0000002c                      : ssi_peripheral.obj (.data:_ZN4aeo118SSI3_SpecificationE)
                  20000958    00000015     tiva_utils.lib : uartstdio.obj (.data)
                  2000096d    00000003     --HOLE--
                  20000970    00000010     aeo1_drivers.lib : adc_potmeter.obj (.data)
                  20000980    00000010                      : ssi_peripheral.obj (.data)
                  20000990    0000000c     rtsv7M4_T_le_v4SPD16_eabi.lib : memory.obj (.data)
                  2000099c    00000008     main.obj (.data)
                  200009a4    00000008     rtsv7M4_T_le_v4SPD16_eabi.lib : _lock.obj (.data)
                  200009ac    00000008                                   : exit.obj (.data)
                  200009b4    00000004                                   : dtor_list.obj (.data)
                  200009b8    00000004                                   : stkdepth_vars.obj (.data)
                  200009bc    00000004     tiva_utils.lib : ustdlib.obj (.data)

.sysmem    0    200009c0    00000008     UNINITIALIZED
                  200009c0    00000008     rtsv7M4_T_le_v4SPD16_eabi.lib : memory.obj (.sysmem)


LINKER GENERATED COPY TABLES

__TI_cinit_table @ 00004130 records: 2, size/record: 8, table size: 16
	.data: load addr=00003ff8, load size=00000122 bytes, run addr=20000848, run size=00000178 bytes, compression=rle
	.bss: load addr=00004128, load size=00000008 bytes, run addr=20000000, run size=00000645 bytes, compression=zero_init


LINKER GENERATED HANDLER TABLE

__TI_handler_table @ 0000411c records: 3, size/record: 4, table size: 12
	index: 0, handler: __TI_decompress_rle24
	index: 1, handler: __TI_decompress_none
	index: 2, handler: __TI_zero_init


GLOBAL SYMBOLS: SORTED ALPHABETICALLY BY Name 

address    name
--------   ----
000036b9   ADCClockConfigSet
00003769   ADCHardwareOversampleConfigure
000038b5   ADCIntClear
00003809   ADCIntDisable
000037e7   ADCIntEnable
00003625   ADCIntStatus
00003701   ADCProcessorTrigger
0000357f   ADCSequenceConfigure
0000367d   ADCSequenceDataGet
00003817   ADCSequenceDisable
00003825   ADCSequenceEnable
00003011   ADCSequenceStepConfigure
00003479   C$$EXIT
00003879   CPUcpsid
00003885   CPUcpsie
00002e35   CmdLineProcess
00003653   GPIODirModeSet
00002915   GPIOPadConfigSet
000033a5   GPIOPinConfigure
0000377b   GPIOPinTypeADC
0000378d   GPIOPinTypeQEI
0000379f   GPIOPinTypeSSI
000037b1   GPIOPinTypeUART
000031dd   IntDisable
0000323d   IntEnable
000038bf   IntMasterDisable
000038c9   IntMasterEnable
00002721   OnADCInterrupt
00001f19   OnSSI0Interrupt
00001f33   OnSSI1Interrupt
00001f4d   OnSSI2Interrupt
00001f67   OnSSI3Interrupt
00003833   QEIConfigure
000038d3   QEIEnable
00003949   QEIPositionGet
000038a9   ResetISR
00003ff0   SHT$$INIT_ARRAY$$Base
00003ff4   SHT$$INIT_ARRAY$$Limit
000034bd   SSIConfigSetExpClk
000037c3   SSIDataGetNonBlocking
00003841   SSIDataPutNonBlocking
000038dd   SSIDisable
000038e7   SSIEnable
0000394d   SSIIntClear
000038f1   SSIIntDisable
00003919   SSIIntEnable
000038fb   SSIIntStatus
00002b6d   SysCtlClockGet
00003931   SysCtlDelay
000035bd   SysCtlPeripheralEnable
000035f1   SysCtlPeripheralPresent
00003719   SysTickEnable
0000372d   SysTickIntEnable
00001883   SysTickIntHandler
000037f9   SysTickPeriodSet
0000384f   UARTCharGetNonBlocking
0000385d   UARTCharPutNonBlocking
00003891   UARTCharsAvail
00003937   UARTClockSourceSet
000034ff   UARTConfigSetExpClk
0000369d   UARTDisable
000015c9   UARTEchoSet
00003741   UARTEnable
0000393d   UARTFIFOLevelSet
00001573   UARTFlushRx
00001593   UARTFlushTx
00003951   UARTIntClear
00003905   UARTIntDisable
00003921   UARTIntEnable
0000390f   UARTIntStatus
00001519   UARTPeek
000014f7   UARTRxBytesAvail
0000389d   UARTSpaceAvail
00000fdd   UARTStdioConfig
000015f5   UARTStdioIntHandler
00001505   UARTTxBytesFree
0000117f   UARTgetc
00001103   UARTgets
000014d3   UARTprintf
000011d9   UARTvprintf
00001063   UARTwrite
000018e3   _Z10Initializev
00001847   _Z13ConfigureUARTv
0000181f   _Z8CMD_diagiPPc
000017c3   _Z8CMD_feediPPc
000017b3   _Z8CMD_haltiPPc
00001751   _Z8CMD_helpiPPc
000017a3   _Z8CMD_idleiPPc
000017e9   _Z8CMD_moveiPPc
0000180f   _Z8CMD_stopiPPc
00001963   _Z8MainLoopv
00002e25   _ZN10__cxxabiv116__enum_type_infoD0Ev
00002e23   _ZN10__cxxabiv116__enum_type_infoD1Ev
00002e23   _ZN10__cxxabiv116__enum_type_infoD2Ev
00002e1b   _ZN10__cxxabiv117__array_type_infoD0Ev
00002e19   _ZN10__cxxabiv117__array_type_infoD1Ev
00002e19   _ZN10__cxxabiv117__array_type_infoD2Ev
00002e11   _ZN10__cxxabiv117__class_type_infoD0Ev
00002e0f   _ZN10__cxxabiv117__class_type_infoD1Ev
00002e0f   _ZN10__cxxabiv117__class_type_infoD2Ev
00002e07   _ZN10__cxxabiv117__pbase_type_infoD0Ev
00002e05   _ZN10__cxxabiv117__pbase_type_infoD1Ev
00002e05   _ZN10__cxxabiv117__pbase_type_infoD2Ev
00002dfd   _ZN10__cxxabiv119__pointer_type_infoD0Ev
00002dfb   _ZN10__cxxabiv119__pointer_type_infoD1Ev
00002dfb   _ZN10__cxxabiv119__pointer_type_infoD2Ev
00002df3   _ZN10__cxxabiv120__function_type_infoD0Ev
00002df1   _ZN10__cxxabiv120__function_type_infoD1Ev
00002df1   _ZN10__cxxabiv120__function_type_infoD2Ev
00002de9   _ZN10__cxxabiv120__si_class_type_infoD0Ev
00002de7   _ZN10__cxxabiv120__si_class_type_infoD1Ev
00002de7   _ZN10__cxxabiv120__si_class_type_infoD2Ev
00002ddf   _ZN10__cxxabiv121__vmi_class_type_infoD0Ev
00002ddd   _ZN10__cxxabiv121__vmi_class_type_infoD1Ev
00002ddd   _ZN10__cxxabiv121__vmi_class_type_infoD2Ev
00002dd5   _ZN10__cxxabiv123__fundamental_type_infoD0Ev
00002dd3   _ZN10__cxxabiv123__fundamental_type_infoD1Ev
00002dd3   _ZN10__cxxabiv123__fundamental_type_infoD2Ev
00002dcb   _ZN10__cxxabiv129__pointer_to_member_type_infoD0Ev
00002dc9   _ZN10__cxxabiv129__pointer_to_member_type_infoD1Ev
00002dc9   _ZN10__cxxabiv129__pointer_to_member_type_infoD2Ev
000022a9   _ZN4aeo110qei_sensor10InitializeEv
000022d3   _ZN4aeo110qei_sensor3GetEv
000022fd   _ZN4aeo110qei_sensor4DiagEv
0000225d   _ZN4aeo110qei_sensorC1ENS0_9device_idENS0_13configurationE
0000225d   _ZN4aeo110qei_sensorC2ENS0_9device_idENS0_13configurationE
00002293   _ZN4aeo110qei_sensorD0Ev
00002287   _ZN4aeo110qei_sensorD1Ev
00002287   _ZN4aeo110qei_sensorD2Ev
00003385   _ZN4aeo111pwm_stepper4DiagEv
00003351   _ZN4aeo111pwm_stepperC1Ev
00003351   _ZN4aeo111pwm_stepperC2Ev
0000336f   _ZN4aeo111pwm_stepperD0Ev
00003363   _ZN4aeo111pwm_stepperD1Ev
00003363   _ZN4aeo111pwm_stepperD2Ev
00002511   _ZN4aeo111ssi_display10InitializeEv
000026ad   _ZN4aeo111ssi_display14Digit2SegmentsEjjb
00002609   _ZN4aeo111ssi_display3SetEPKc
00002525   _ZN4aeo111ssi_display3SetEii
000024c9   _ZN4aeo111ssi_displayC1ENS_14ssi_peripheral9device_idE
000024c9   _ZN4aeo111ssi_displayC2ENS_14ssi_peripheral9device_idE
000024fb   _ZN4aeo111ssi_displayD0Ev
000024ed   _ZN4aeo111ssi_displayD1Ev
000024ed   _ZN4aeo111ssi_displayD2Ev
0000314d   _ZN4aeo111ssi_drv871110InitializeEv
00003159   _ZN4aeo111ssi_drv87114DiagEv
0000310d   _ZN4aeo111ssi_drv8711C1ENS_14ssi_peripheral9device_idE
0000310d   _ZN4aeo111ssi_drv8711C2ENS_14ssi_peripheral9device_idE
00003137   _ZN4aeo111ssi_drv8711D0Ev
00003129   _ZN4aeo111ssi_drv8711D1Ev
00003129   _ZN4aeo111ssi_drv8711D2Ev
0000278b   _ZN4aeo112adc_potmeter10InitializeEv
20000970   _ZN4aeo112adc_potmeter10m_nCounterE
00002807   _ZN4aeo112adc_potmeter11OnInterruptEv
20000978   _ZN4aeo112adc_potmeter14m_nReadCounterE
000028b1   _ZN4aeo112adc_potmeter15GetErrorCounterEv
20000974   _ZN4aeo112adc_potmeter15m_nErrorCounterE
2000097c   _ZN4aeo112adc_potmeter16m_pTheOneAndOnlyE
000028c9   _ZN4aeo112adc_potmeter4DiagEv
00002883   _ZN4aeo112adc_potmeter7TriggerEv
00002891   _ZN4aeo112adc_potmeter8GetValueEv
000027eb   _ZN4aeo112adc_potmeter9TerminateEv
00002733   _ZN4aeo112adc_potmeterC1Ev
00002733   _ZN4aeo112adc_potmeterC2Ev
00002775   _ZN4aeo112adc_potmeterD0Ev
00002751   _ZN4aeo112adc_potmeterD1Ev
00002751   _ZN4aeo112adc_potmeterD2Ev
00003331   _ZN4aeo112gpio_stepper4DiagEv
000032fd   _ZN4aeo112gpio_stepperC1Ev
000032fd   _ZN4aeo112gpio_stepperC2Ev
0000331b   _ZN4aeo112gpio_stepperD0Ev
0000330f   _ZN4aeo112gpio_stepperD1Ev
0000330f   _ZN4aeo112gpio_stepperD2Ev
00003179   _ZN4aeo113Alpha7SegmentEc
00002005   _ZN4aeo114ssi_peripheral10InitializeEv
00002103   _ZN4aeo114ssi_peripheral11OnInterruptEv
0000212f   _ZN4aeo114ssi_peripheral4DiagEv
000021e5   _ZN4aeo114ssi_peripheral8LoadFIFOEv
00002175   _ZN4aeo114ssi_peripheral9TerminateEv
00001f81   _ZN4aeo114ssi_peripheralC1ENS0_9device_idE
00001f81   _ZN4aeo114ssi_peripheralC2ENS0_9device_idE
00001fef   _ZN4aeo114ssi_peripheralD0Ev
00001fdb   _ZN4aeo114ssi_peripheralD1Ev
00001fdb   _ZN4aeo114ssi_peripheralD2Ev
200008a8   _ZN4aeo118SSI0_SpecificationE
200008d4   _ZN4aeo118SSI1_SpecificationE
20000900   _ZN4aeo118SSI2_SpecificationE
2000092c   _ZN4aeo118SSI3_SpecificationE
00002aa3   _ZN4aeo17drv871110InitializeEv
00002af1   _ZN4aeo17drv87114DiagEv
00002ac5   _ZN4aeo17drv87114FeedEi
00002ab9   _ZN4aeo17drv87114HaltEv
00002aad   _ZN4aeo17drv87114IdleEv
00002ad5   _ZN4aeo17drv87114MoveEi
00002ae5   _ZN4aeo17drv87114StopEv
00002a45   _ZN4aeo17drv8711C1Ev
00002a45   _ZN4aeo17drv8711C2Ev
00002a8d   _ZN4aeo17drv8711D0Ev
00002a6d   _ZN4aeo17drv8711D1Ev
00002a6d   _ZN4aeo17drv8711D2Ev
00002d8b   _ZNKSt9type_info4nameEv
00002dbb   _ZNKSt9type_info6beforeERKS_
00002da5   _ZNKSt9type_infoeqERKS_
00002d8f   _ZNKSt9type_infoneERKS_
00002d83   _ZNSt9type_infoD0Ev
00002d81   _ZNSt9type_infoD1Ev
00002d81   _ZNSt9type_infoD2Ev
20000638   _ZSt16__dummy_typeinfo
00002d79   _ZSt21__gen_dummy_typeinfosv
00003f58   _ZTIN10__cxxabiv117__class_type_infoE
00003f64   _ZTIN10__cxxabiv117__pbase_type_infoE
00003f70   _ZTIN10__cxxabiv119__pointer_type_infoE
00003f7c   _ZTIN10__cxxabiv120__si_class_type_infoE
00003f88   _ZTIN10__cxxabiv123__fundamental_type_infoE
00003fac   _ZTIN4aeo110qei_sensorE
00003fb4   _ZTIN4aeo111pwm_stepperE
00003f94   _ZTIN4aeo111ssi_displayE
00003fa0   _ZTIN4aeo111ssi_drv8711E
00003fbc   _ZTIN4aeo112adc_potmeterE
00003fc4   _ZTIN4aeo112gpio_stepperE
00003fcc   _ZTIN4aeo114ssi_peripheralE
00003fd4   _ZTIN4aeo17drv8711E
00003e98   _ZTIPKe
00003fdc   _ZTISt9type_info
00003fe4   _ZTIe
00003d64   _ZTSN10__cxxabiv117__class_type_infoE
00003d86   _ZTSN10__cxxabiv117__pbase_type_infoE
00003cd1   _ZTSN10__cxxabiv119__pointer_type_infoE
00003cac   _ZTSN10__cxxabiv120__si_class_type_infoE
00003c5c   _ZTSN10__cxxabiv123__fundamental_type_infoE
00003e47   _ZTSN4aeo110qei_sensorE
00003e08   _ZTSN4aeo111pwm_stepperE
00003e1d   _ZTSN4aeo111ssi_displayE
00003e32   _ZTSN4aeo111ssi_drv8711E
00003ddc   _ZTSN4aeo112adc_potmeterE
00003df2   _ZTSN4aeo112gpio_stepperE
00003dc4   _ZTSN4aeo114ssi_peripheralE
00003ea8   _ZTSN4aeo17drv8711E
00003fec   _ZTSPKe
00003f48   _ZTSSt9type_info
00003c2a   _ZTSe
00003eb8   _ZTVN10__cxxabiv117__class_type_infoE
00003ec8   _ZTVN10__cxxabiv119__pointer_type_infoE
00003ed8   _ZTVN10__cxxabiv120__si_class_type_infoE
00003ee8   _ZTVN10__cxxabiv123__fundamental_type_infoE
00003ef8   _ZTVN4aeo110qei_sensorE
00003f08   _ZTVN4aeo111pwm_stepperE
00003cf8   _ZTVN4aeo111ssi_displayE
00003d1c   _ZTVN4aeo111ssi_drv8711E
00003f18   _ZTVN4aeo112adc_potmeterE
00003f28   _ZTVN4aeo112gpio_stepperE
00003d40   _ZTVN4aeo114ssi_peripheralE
00003f38   _ZTVN4aeo17drv8711E
00003929   _ZdlPv
20000848   __STACK_END
00000200   __STACK_SIZE
20000848   __STACK_TOP
00000008   __SYSMEM_SIZE
00004130   __TI_CINIT_Base
00004140   __TI_CINIT_Limit
0000411c   __TI_Handler_Table_Base
00004128   __TI_Handler_Table_Limit
00000001   __TI_args_main
00002f7d   __TI_auto_init
200009ac   __TI_cleanup_ptr
0000386b   __TI_decompress_none
00003943   __TI_decompress_rle24
200009b0   __TI_dtors_ptr
00000000   __TI_static_base__
000037d5   __TI_zero_init
00002cdd   __aeabi_atexit
0000310b   __aeabi_idiv0
00003091   __aeabi_memclr
00003091   __aeabi_memclr4
00003091   __aeabi_memclr8
00002ee1   __aeabi_memcpy
00002ee1   __aeabi_memcpy4
00002ee1   __aeabi_memcpy8
00003093   __aeabi_memset
00003093   __aeabi_memset4
00003093   __aeabi_memset8
0000353f   __aeabi_uidiv
0000353f   __aeabi_uidivmod
ffffffff   __binit__
ffffffff   __c_args__
00002ccb   __cxa_atexit
00002c85   __cxa_finalize
00002cc5   __cxa_ia64_exit
2000063c   __dso_handle
20000648   __stack
00001a0b   __sti___8_main_cpp_1c94e432
000036d1   _args_main
000033ed   _c_int00
200009a4   _lock
00003763   _nop
0000375b   _register_lock
00003755   _register_unlock
200009c0   _sys_memory
200009a8   _unlock
0000347d   abort
00002ccf   atexit
ffffffff   binit
00001ee1   calloc
00003435   copy_in
00003485   exit
00001c31   free
2000055c   g_oDialerDisplay
20000500   g_oDrv8711
20000630   g_oLinearScale
20000628   g_oRotaryDialer
200005b0   g_oScaleDisplay
00000000   g_pfnVectors
20000848   g_psCmdTable
000019c1   main
200009b8   main_func_sp
00001bc9   malloc
00001dfd   memalign
00002ee1   memcpy
00003099   memset
00001b3d   minit
00001cf1   realloc
000036e9   strcmp
00000751   ulocaltime
0000094f   umktime
00000ec9   urand
00000721   usnprintf
000006ef   usprintf
00000eb9   usrand
00000e31   ustrcasecmp
00000ea5   ustrcmp
00000d35   ustrlen
00000d8d   ustrncasecmp
00000e45   ustrncmp
0000026d   ustrncpy
00000d57   ustrstr
00000afd   ustrtof
000009c5   ustrtoul
000002c5   uvsnprintf


GLOBAL SYMBOLS: SORTED BY Symbol Address 

address    name
--------   ----
00000000   __TI_static_base__
00000000   g_pfnVectors
00000001   __TI_args_main
00000008   __SYSMEM_SIZE
00000200   __STACK_SIZE
0000026d   ustrncpy
000002c5   uvsnprintf
000006ef   usprintf
00000721   usnprintf
00000751   ulocaltime
0000094f   umktime
000009c5   ustrtoul
00000afd   ustrtof
00000d35   ustrlen
00000d57   ustrstr
00000d8d   ustrncasecmp
00000e31   ustrcasecmp
00000e45   ustrncmp
00000ea5   ustrcmp
00000eb9   usrand
00000ec9   urand
00000fdd   UARTStdioConfig
00001063   UARTwrite
00001103   UARTgets
0000117f   UARTgetc
000011d9   UARTvprintf
000014d3   UARTprintf
000014f7   UARTRxBytesAvail
00001505   UARTTxBytesFree
00001519   UARTPeek
00001573   UARTFlushRx
00001593   UARTFlushTx
000015c9   UARTEchoSet
000015f5   UARTStdioIntHandler
00001751   _Z8CMD_helpiPPc
000017a3   _Z8CMD_idleiPPc
000017b3   _Z8CMD_haltiPPc
000017c3   _Z8CMD_feediPPc
000017e9   _Z8CMD_moveiPPc
0000180f   _Z8CMD_stopiPPc
0000181f   _Z8CMD_diagiPPc
00001847   _Z13ConfigureUARTv
00001883   SysTickIntHandler
000018e3   _Z10Initializev
00001963   _Z8MainLoopv
000019c1   main
00001a0b   __sti___8_main_cpp_1c94e432
00001b3d   minit
00001bc9   malloc
00001c31   free
00001cf1   realloc
00001dfd   memalign
00001ee1   calloc
00001f19   OnSSI0Interrupt
00001f33   OnSSI1Interrupt
00001f4d   OnSSI2Interrupt
00001f67   OnSSI3Interrupt
00001f81   _ZN4aeo114ssi_peripheralC1ENS0_9device_idE
00001f81   _ZN4aeo114ssi_peripheralC2ENS0_9device_idE
00001fdb   _ZN4aeo114ssi_peripheralD1Ev
00001fdb   _ZN4aeo114ssi_peripheralD2Ev
00001fef   _ZN4aeo114ssi_peripheralD0Ev
00002005   _ZN4aeo114ssi_peripheral10InitializeEv
00002103   _ZN4aeo114ssi_peripheral11OnInterruptEv
0000212f   _ZN4aeo114ssi_peripheral4DiagEv
00002175   _ZN4aeo114ssi_peripheral9TerminateEv
000021e5   _ZN4aeo114ssi_peripheral8LoadFIFOEv
0000225d   _ZN4aeo110qei_sensorC1ENS0_9device_idENS0_13configurationE
0000225d   _ZN4aeo110qei_sensorC2ENS0_9device_idENS0_13configurationE
00002287   _ZN4aeo110qei_sensorD1Ev
00002287   _ZN4aeo110qei_sensorD2Ev
00002293   _ZN4aeo110qei_sensorD0Ev
000022a9   _ZN4aeo110qei_sensor10InitializeEv
000022d3   _ZN4aeo110qei_sensor3GetEv
000022fd   _ZN4aeo110qei_sensor4DiagEv
000024c9   _ZN4aeo111ssi_displayC1ENS_14ssi_peripheral9device_idE
000024c9   _ZN4aeo111ssi_displayC2ENS_14ssi_peripheral9device_idE
000024ed   _ZN4aeo111ssi_displayD1Ev
000024ed   _ZN4aeo111ssi_displayD2Ev
000024fb   _ZN4aeo111ssi_displayD0Ev
00002511   _ZN4aeo111ssi_display10InitializeEv
00002525   _ZN4aeo111ssi_display3SetEii
00002609   _ZN4aeo111ssi_display3SetEPKc
000026ad   _ZN4aeo111ssi_display14Digit2SegmentsEjjb
00002721   OnADCInterrupt
00002733   _ZN4aeo112adc_potmeterC1Ev
00002733   _ZN4aeo112adc_potmeterC2Ev
00002751   _ZN4aeo112adc_potmeterD1Ev
00002751   _ZN4aeo112adc_potmeterD2Ev
00002775   _ZN4aeo112adc_potmeterD0Ev
0000278b   _ZN4aeo112adc_potmeter10InitializeEv
000027eb   _ZN4aeo112adc_potmeter9TerminateEv
00002807   _ZN4aeo112adc_potmeter11OnInterruptEv
00002883   _ZN4aeo112adc_potmeter7TriggerEv
00002891   _ZN4aeo112adc_potmeter8GetValueEv
000028b1   _ZN4aeo112adc_potmeter15GetErrorCounterEv
000028c9   _ZN4aeo112adc_potmeter4DiagEv
00002915   GPIOPadConfigSet
00002a45   _ZN4aeo17drv8711C1Ev
00002a45   _ZN4aeo17drv8711C2Ev
00002a6d   _ZN4aeo17drv8711D1Ev
00002a6d   _ZN4aeo17drv8711D2Ev
00002a8d   _ZN4aeo17drv8711D0Ev
00002aa3   _ZN4aeo17drv871110InitializeEv
00002aad   _ZN4aeo17drv87114IdleEv
00002ab9   _ZN4aeo17drv87114HaltEv
00002ac5   _ZN4aeo17drv87114FeedEi
00002ad5   _ZN4aeo17drv87114MoveEi
00002ae5   _ZN4aeo17drv87114StopEv
00002af1   _ZN4aeo17drv87114DiagEv
00002b6d   SysCtlClockGet
00002c85   __cxa_finalize
00002cc5   __cxa_ia64_exit
00002ccb   __cxa_atexit
00002ccf   atexit
00002cdd   __aeabi_atexit
00002d79   _ZSt21__gen_dummy_typeinfosv
00002d81   _ZNSt9type_infoD1Ev
00002d81   _ZNSt9type_infoD2Ev
00002d83   _ZNSt9type_infoD0Ev
00002d8b   _ZNKSt9type_info4nameEv
00002d8f   _ZNKSt9type_infoneERKS_
00002da5   _ZNKSt9type_infoeqERKS_
00002dbb   _ZNKSt9type_info6beforeERKS_
00002dc9   _ZN10__cxxabiv129__pointer_to_member_type_infoD1Ev
00002dc9   _ZN10__cxxabiv129__pointer_to_member_type_infoD2Ev
00002dcb   _ZN10__cxxabiv129__pointer_to_member_type_infoD0Ev
00002dd3   _ZN10__cxxabiv123__fundamental_type_infoD1Ev
00002dd3   _ZN10__cxxabiv123__fundamental_type_infoD2Ev
00002dd5   _ZN10__cxxabiv123__fundamental_type_infoD0Ev
00002ddd   _ZN10__cxxabiv121__vmi_class_type_infoD1Ev
00002ddd   _ZN10__cxxabiv121__vmi_class_type_infoD2Ev
00002ddf   _ZN10__cxxabiv121__vmi_class_type_infoD0Ev
00002de7   _ZN10__cxxabiv120__si_class_type_infoD1Ev
00002de7   _ZN10__cxxabiv120__si_class_type_infoD2Ev
00002de9   _ZN10__cxxabiv120__si_class_type_infoD0Ev
00002df1   _ZN10__cxxabiv120__function_type_infoD1Ev
00002df1   _ZN10__cxxabiv120__function_type_infoD2Ev
00002df3   _ZN10__cxxabiv120__function_type_infoD0Ev
00002dfb   _ZN10__cxxabiv119__pointer_type_infoD1Ev
00002dfb   _ZN10__cxxabiv119__pointer_type_infoD2Ev
00002dfd   _ZN10__cxxabiv119__pointer_type_infoD0Ev
00002e05   _ZN10__cxxabiv117__pbase_type_infoD1Ev
00002e05   _ZN10__cxxabiv117__pbase_type_infoD2Ev
00002e07   _ZN10__cxxabiv117__pbase_type_infoD0Ev
00002e0f   _ZN10__cxxabiv117__class_type_infoD1Ev
00002e0f   _ZN10__cxxabiv117__class_type_infoD2Ev
00002e11   _ZN10__cxxabiv117__class_type_infoD0Ev
00002e19   _ZN10__cxxabiv117__array_type_infoD1Ev
00002e19   _ZN10__cxxabiv117__array_type_infoD2Ev
00002e1b   _ZN10__cxxabiv117__array_type_infoD0Ev
00002e23   _ZN10__cxxabiv116__enum_type_infoD1Ev
00002e23   _ZN10__cxxabiv116__enum_type_infoD2Ev
00002e25   _ZN10__cxxabiv116__enum_type_infoD0Ev
00002e35   CmdLineProcess
00002ee1   __aeabi_memcpy
00002ee1   __aeabi_memcpy4
00002ee1   __aeabi_memcpy8
00002ee1   memcpy
00002f7d   __TI_auto_init
00003011   ADCSequenceStepConfigure
00003091   __aeabi_memclr
00003091   __aeabi_memclr4
00003091   __aeabi_memclr8
00003093   __aeabi_memset
00003093   __aeabi_memset4
00003093   __aeabi_memset8
00003099   memset
0000310b   __aeabi_idiv0
0000310d   _ZN4aeo111ssi_drv8711C1ENS_14ssi_peripheral9device_idE
0000310d   _ZN4aeo111ssi_drv8711C2ENS_14ssi_peripheral9device_idE
00003129   _ZN4aeo111ssi_drv8711D1Ev
00003129   _ZN4aeo111ssi_drv8711D2Ev
00003137   _ZN4aeo111ssi_drv8711D0Ev
0000314d   _ZN4aeo111ssi_drv871110InitializeEv
00003159   _ZN4aeo111ssi_drv87114DiagEv
00003179   _ZN4aeo113Alpha7SegmentEc
000031dd   IntDisable
0000323d   IntEnable
000032fd   _ZN4aeo112gpio_stepperC1Ev
000032fd   _ZN4aeo112gpio_stepperC2Ev
0000330f   _ZN4aeo112gpio_stepperD1Ev
0000330f   _ZN4aeo112gpio_stepperD2Ev
0000331b   _ZN4aeo112gpio_stepperD0Ev
00003331   _ZN4aeo112gpio_stepper4DiagEv
00003351   _ZN4aeo111pwm_stepperC1Ev
00003351   _ZN4aeo111pwm_stepperC2Ev
00003363   _ZN4aeo111pwm_stepperD1Ev
00003363   _ZN4aeo111pwm_stepperD2Ev
0000336f   _ZN4aeo111pwm_stepperD0Ev
00003385   _ZN4aeo111pwm_stepper4DiagEv
000033a5   GPIOPinConfigure
000033ed   _c_int00
00003435   copy_in
00003479   C$$EXIT
0000347d   abort
00003485   exit
000034bd   SSIConfigSetExpClk
000034ff   UARTConfigSetExpClk
0000353f   __aeabi_uidiv
0000353f   __aeabi_uidivmod
0000357f   ADCSequenceConfigure
000035bd   SysCtlPeripheralEnable
000035f1   SysCtlPeripheralPresent
00003625   ADCIntStatus
00003653   GPIODirModeSet
0000367d   ADCSequenceDataGet
0000369d   UARTDisable
000036b9   ADCClockConfigSet
000036d1   _args_main
000036e9   strcmp
00003701   ADCProcessorTrigger
00003719   SysTickEnable
0000372d   SysTickIntEnable
00003741   UARTEnable
00003755   _register_unlock
0000375b   _register_lock
00003763   _nop
00003769   ADCHardwareOversampleConfigure
0000377b   GPIOPinTypeADC
0000378d   GPIOPinTypeQEI
0000379f   GPIOPinTypeSSI
000037b1   GPIOPinTypeUART
000037c3   SSIDataGetNonBlocking
000037d5   __TI_zero_init
000037e7   ADCIntEnable
000037f9   SysTickPeriodSet
00003809   ADCIntDisable
00003817   ADCSequenceDisable
00003825   ADCSequenceEnable
00003833   QEIConfigure
00003841   SSIDataPutNonBlocking
0000384f   UARTCharGetNonBlocking
0000385d   UARTCharPutNonBlocking
0000386b   __TI_decompress_none
00003879   CPUcpsid
00003885   CPUcpsie
00003891   UARTCharsAvail
0000389d   UARTSpaceAvail
000038a9   ResetISR
000038b5   ADCIntClear
000038bf   IntMasterDisable
000038c9   IntMasterEnable
000038d3   QEIEnable
000038dd   SSIDisable
000038e7   SSIEnable
000038f1   SSIIntDisable
000038fb   SSIIntStatus
00003905   UARTIntDisable
0000390f   UARTIntStatus
00003919   SSIIntEnable
00003921   UARTIntEnable
00003929   _ZdlPv
00003931   SysCtlDelay
00003937   UARTClockSourceSet
0000393d   UARTFIFOLevelSet
00003943   __TI_decompress_rle24
00003949   QEIPositionGet
0000394d   SSIIntClear
00003951   UARTIntClear
00003c2a   _ZTSe
00003c5c   _ZTSN10__cxxabiv123__fundamental_type_infoE
00003cac   _ZTSN10__cxxabiv120__si_class_type_infoE
00003cd1   _ZTSN10__cxxabiv119__pointer_type_infoE
00003cf8   _ZTVN4aeo111ssi_displayE
00003d1c   _ZTVN4aeo111ssi_drv8711E
00003d40   _ZTVN4aeo114ssi_peripheralE
00003d64   _ZTSN10__cxxabiv117__class_type_infoE
00003d86   _ZTSN10__cxxabiv117__pbase_type_infoE
00003dc4   _ZTSN4aeo114ssi_peripheralE
00003ddc   _ZTSN4aeo112adc_potmeterE
00003df2   _ZTSN4aeo112gpio_stepperE
00003e08   _ZTSN4aeo111pwm_stepperE
00003e1d   _ZTSN4aeo111ssi_displayE
00003e32   _ZTSN4aeo111ssi_drv8711E
00003e47   _ZTSN4aeo110qei_sensorE
00003e98   _ZTIPKe
00003ea8   _ZTSN4aeo17drv8711E
00003eb8   _ZTVN10__cxxabiv117__class_type_infoE
00003ec8   _ZTVN10__cxxabiv119__pointer_type_infoE
00003ed8   _ZTVN10__cxxabiv120__si_class_type_infoE
00003ee8   _ZTVN10__cxxabiv123__fundamental_type_infoE
00003ef8   _ZTVN4aeo110qei_sensorE
00003f08   _ZTVN4aeo111pwm_stepperE
00003f18   _ZTVN4aeo112adc_potmeterE
00003f28   _ZTVN4aeo112gpio_stepperE
00003f38   _ZTVN4aeo17drv8711E
00003f48   _ZTSSt9type_info
00003f58   _ZTIN10__cxxabiv117__class_type_infoE
00003f64   _ZTIN10__cxxabiv117__pbase_type_infoE
00003f70   _ZTIN10__cxxabiv119__pointer_type_infoE
00003f7c   _ZTIN10__cxxabiv120__si_class_type_infoE
00003f88   _ZTIN10__cxxabiv123__fundamental_type_infoE
00003f94   _ZTIN4aeo111ssi_displayE
00003fa0   _ZTIN4aeo111ssi_drv8711E
00003fac   _ZTIN4aeo110qei_sensorE
00003fb4   _ZTIN4aeo111pwm_stepperE
00003fbc   _ZTIN4aeo112adc_potmeterE
00003fc4   _ZTIN4aeo112gpio_stepperE
00003fcc   _ZTIN4aeo114ssi_peripheralE
00003fd4   _ZTIN4aeo17drv8711E
00003fdc   _ZTISt9type_info
00003fe4   _ZTIe
00003fec   _ZTSPKe
00003ff0   SHT$$INIT_ARRAY$$Base
00003ff4   SHT$$INIT_ARRAY$$Limit
0000411c   __TI_Handler_Table_Base
00004128   __TI_Handler_Table_Limit
00004130   __TI_CINIT_Base
00004140   __TI_CINIT_Limit
20000500   g_oDrv8711
2000055c   g_oDialerDisplay
200005b0   g_oScaleDisplay
20000628   g_oRotaryDialer
20000630   g_oLinearScale
20000638   _ZSt16__dummy_typeinfo
2000063c   __dso_handle
20000648   __stack
20000848   __STACK_END
20000848   __STACK_TOP
20000848   g_psCmdTable
200008a8   _ZN4aeo118SSI0_SpecificationE
200008d4   _ZN4aeo118SSI1_SpecificationE
20000900   _ZN4aeo118SSI2_SpecificationE
2000092c   _ZN4aeo118SSI3_SpecificationE
20000970   _ZN4aeo112adc_potmeter10m_nCounterE
20000974   _ZN4aeo112adc_potmeter15m_nErrorCounterE
20000978   _ZN4aeo112adc_potmeter14m_nReadCounterE
2000097c   _ZN4aeo112adc_potmeter16m_pTheOneAndOnlyE
200009a4   _lock
200009a8   _unlock
200009ac   __TI_cleanup_ptr
200009b0   __TI_dtors_ptr
200009b8   main_func_sp
200009c0   _sys_memory
ffffffff   __binit__
ffffffff   __c_args__
ffffffff   binit

[338 symbols]
