******************************************************************************
                  TI ARM Linker PC v5.1.11                     
******************************************************************************
>> Linked Thu Mar 26 20:01:04 2015

OUTPUT FILE NAME:   <test_drv8711.out>
ENTRY POINT SYMBOL: "_c_int00"  address: 000021d9


MEMORY CONFIGURATION

         name            origin    length      used     unused   attr    fill
----------------------  --------  ---------  --------  --------  ----  --------
  FLASH                 00000000   00040000  00002d18  0003d2e8  R  X
  SRAM                  20000000   00008000  00000945  000076bb  RW X


SEGMENT ALLOCATION MAP

run origin  load origin   length   init length attrs members
----------  ----------- ---------- ----------- ----- -------
00000000    00000000    00002d18   00002d18    r-x
  00000000    00000000    0000026c   0000026c    r-- .intvecs
  0000026c    0000026c    000024d4   000024d4    r-x .text
  00002740    00002740    000004a4   000004a4    r-- .const
  00002be4    00002be4    00000004   00000004    r-- .init_array
  00002be8    00002be8    00000130   00000130    r-- .cinit
20000000    20000000    00000948   00000000    rw-
  20000000    20000000    000005e9   00000000    rw- .bss
  200005ec    200005ec    00000200   00000000    rw- .stack
  200007ec    200007ec    00000154   00000000    rw- .data
  20000940    20000940    00000008   00000000    rw- .sysmem


SECTION ALLOCATION MAP

 output                                  attributes/
section   page    origin      length       input sections
--------  ----  ----------  ----------   ----------------
.intvecs   0    00000000    0000026c     
                  00000000    0000026c     tm4c123gh6pm_startup_ccs.obj (.intvecs)

.text      0    0000026c    000024d4     
                  0000026c    00000860     tiva_utils.lib : uartstdio.obj (.text)
                  00000acc    000003dc     rtsv7M4_T_le_v4SPD16_eabi.lib : memory.obj (.text)
                  00000ea8    000002b4     aeo1_drivers.lib : ssi_peripheral.obj (.text)
                  0000115c    00000224                      : qei_sensor.obj (.text)
                  00001380    00000220     main.obj (.text)
                  000015a0    000001f4     aeo1_drivers.lib : adc_potmeter.obj (.text)
                  00001794    000001b8                      : ssi_display.obj (.text)
                  0000194c    00000130     driverlib.lib : gpio.obj (.text:GPIOPadConfigSet)
                  00001a7c    00000118                   : sysctl.obj (.text:SysCtlClockGet)
                  00001b94    000000f4     rtsv7M4_T_le_v4SPD16_eabi.lib : dtor_list.obj (.text)
                  00001c88    000000d0     commands.obj (.text)
                  00001d58    000000bc     rtsv7M4_T_le_v4SPD16_eabi.lib : typeinfo_.obj (.text)
                  00001e14    000000ac     tiva_utils.lib : cmdline.obj (.text)
                  00001ec0    0000009c     rtsv7M4_T_le_v4SPD16_eabi.lib : memcpy_t2.obj (.text)
                  00001f5c    00000094                                   : auto_init.obj (.text)
                  00001ff0    00000080     driverlib.lib : adc.obj (.text:ADCSequenceStepConfigure)
                  00002070    00000060                   : interrupt.obj (.text:IntDisable)
                  000020d0    00000060                   : interrupt.obj (.text:IntEnable)
                  00002130    0000005e     rtsv7M4_T_le_v4SPD16_eabi.lib : copy_decompress_rle.obj (.text)
                  0000218e    00000002                                   : i_div0.obj (.text)
                  00002190    00000048     driverlib.lib : gpio.obj (.text:GPIOPinConfigure)
                  000021d8    00000048     rtsv7M4_T_le_v4SPD16_eabi.lib : boot.obj (.text)
                  00002220    00000044                                   : cpy_tbl.obj (.text)
                  00002264    00000044                                   : exit.obj (.text)
                  000022a8    00000042     driverlib.lib : ssi.obj (.text:SSIConfigSetExpClk)
                  000022ea    00000040                   : uart.obj (.text:UARTConfigSetExpClk)
                  0000232a    00000040     rtsv7M4_T_le_v4SPD16_eabi.lib : u_divt2.obj (.text)
                  0000236a    0000003e     driverlib.lib : adc.obj (.text:ADCSequenceConfigure)
                  000023a8    00000034                   : sysctl.obj (.text:SysCtlPeripheralEnable)
                  000023dc    00000034                   : sysctl.obj (.text:SysCtlPeripheralPresent)
                  00002410    0000002e                   : adc.obj (.text:ADCIntStatus)
                  0000243e    0000002a                   : gpio.obj (.text:GPIODirModeSet)
                  00002468    0000001e                   : adc.obj (.text:ADCSequenceDataGet)
                  00002486    00000002     --HOLE-- [fill = 0]
                  00002488    0000001c                   : uart.obj (.text:UARTDisable)
                  000024a4    00000018                   : adc.obj (.text:ADCClockConfigSet)
                  000024bc    00000018     rtsv7M4_T_le_v4SPD16_eabi.lib : args_main.obj (.text)
                  000024d4    00000018                                   : strcmp.obj (.text)
                  000024ec    00000016     driverlib.lib : adc.obj (.text:ADCProcessorTrigger)
                  00002502    00000002     --HOLE-- [fill = 0]
                  00002504    00000014                   : systick.obj (.text:SysTickEnable)
                  00002518    00000014                   : systick.obj (.text:SysTickIntEnable)
                  0000252c    00000014                   : uart.obj (.text:UARTEnable)
                  00002540    00000014     rtsv7M4_T_le_v4SPD16_eabi.lib : _lock.obj (.text)
                  00002554    00000012     driverlib.lib : adc.obj (.text:ADCHardwareOversampleConfigure)
                  00002566    00000012                   : gpio.obj (.text:GPIOPinTypeADC)
                  00002578    00000012                   : gpio.obj (.text:GPIOPinTypeQEI)
                  0000258a    00000012                   : gpio.obj (.text:GPIOPinTypeSSI)
                  0000259c    00000012                   : gpio.obj (.text:GPIOPinTypeUART)
                  000025ae    00000012                   : ssi.obj (.text:SSIDataGetNonBlocking)
                  000025c0    00000012     rtsv7M4_T_le_v4SPD16_eabi.lib : copy_zero_init.obj (.text:decompress:ZI)
                  000025d2    00000010     driverlib.lib : adc.obj (.text:ADCIntEnable)
                  000025e2    00000002     --HOLE-- [fill = 0]
                  000025e4    00000010                   : systick.obj (.text:SysTickPeriodSet)
                  000025f4    0000000e                   : adc.obj (.text:ADCIntDisable)
                  00002602    0000000e                   : adc.obj (.text:ADCSequenceDisable)
                  00002610    0000000e                   : adc.obj (.text:ADCSequenceEnable)
                  0000261e    0000000e                   : qei.obj (.text:QEIConfigure)
                  0000262c    0000000e                   : ssi.obj (.text:SSIDataPutNonBlocking)
                  0000263a    0000000e                   : uart.obj (.text:UARTCharGetNonBlocking)
                  00002648    0000000e                   : uart.obj (.text:UARTCharPutNonBlocking)
                  00002656    0000000e     rtsv7M4_T_le_v4SPD16_eabi.lib : copy_decompress_none.obj (.text:decompress:none)
                  00002664    0000000c     driverlib.lib : cpu.obj (.text:CPUcpsid)
                  00002670    0000000c                   : cpu.obj (.text:CPUcpsie)
                  0000267c    0000000c                   : uart.obj (.text:UARTCharsAvail)
                  00002688    0000000c                   : uart.obj (.text:UARTSpaceAvail)
                  00002694    0000000c     tm4c123gh6pm_startup_ccs.obj (.text)
                  000026a0    0000000a     driverlib.lib : adc.obj (.text:ADCIntClear)
                  000026aa    0000000a                   : interrupt.obj (.text:IntMasterDisable)
                  000026b4    0000000a                   : interrupt.obj (.text:IntMasterEnable)
                  000026be    0000000a                   : qei.obj (.text:QEIEnable)
                  000026c8    0000000a                   : ssi.obj (.text:SSIDisable)
                  000026d2    0000000a                   : ssi.obj (.text:SSIEnable)
                  000026dc    0000000a                   : ssi.obj (.text:SSIIntDisable)
                  000026e6    0000000a                   : ssi.obj (.text:SSIIntStatus)
                  000026f0    0000000a                   : uart.obj (.text:UARTIntDisable)
                  000026fa    0000000a                   : uart.obj (.text:UARTIntStatus)
                  00002704    00000008                   : ssi.obj (.text:SSIIntEnable)
                  0000270c    00000008                   : uart.obj (.text:UARTIntEnable)
                  00002714    00000008     rtsv7M4_T_le_v4SPD16_eabi.lib : delete.obj (.text)
                  0000271c    00000006     driverlib.lib : sysctl.obj (.text:SysCtlDelay)
                  00002722    00000006                   : uart.obj (.text:UARTClockSourceSet)
                  00002728    00000006                   : uart.obj (.text:UARTFIFOLevelSet)
                  0000272e    00000006     rtsv7M4_T_le_v4SPD16_eabi.lib : copy_decompress_rle.obj (.text:decompress:rle24)
                  00002734    00000004     driverlib.lib : qei.obj (.text:QEIPositionGet)
                  00002738    00000004                   : ssi.obj (.text:SSIIntClear)
                  0000273c    00000004                   : uart.obj (.text:UARTIntClear)

.const     0    00002740    000004a4     
                  00002740    000000b2     commands.obj (.const:.string)
                  000027f2    00000002     rtsv7M4_T_le_v4SPD16_eabi.lib : typeinfo_.obj (.const:.typeinfo:_ZTSe)
                  000027f4    00000090     driverlib.lib : gpio.obj (.const:g_pui32GPIOBaseAddrs)
                  00002884    00000070                   : interrupt.obj (.const)
                  000028f4    0000006c                   : sysctl.obj (.const:g_pui32Xtals)
                  00002960    00000028     rtsv7M4_T_le_v4SPD16_eabi.lib : typeinfo_.obj (.const:.typeinfo:_ZTSN10__cxxabiv123__fundamental_type_infoE)
                  00002988    00000028     tiva_utils.lib : uartstdio.obj (.const)
                  000029b0    00000025     rtsv7M4_T_le_v4SPD16_eabi.lib : typeinfo_.obj (.const:.typeinfo:_ZTSN10__cxxabiv120__si_class_type_infoE)
                  000029d5    00000024                                   : typeinfo_.obj (.const:.typeinfo:_ZTSN10__cxxabiv119__pointer_type_infoE)
                  000029f9    00000022                                   : typeinfo_.obj (.const:.typeinfo:_ZTSN10__cxxabiv117__class_type_infoE)
                  00002a1b    00000022                                   : typeinfo_.obj (.const:.typeinfo:_ZTSN10__cxxabiv117__pbase_type_infoE)
                  00002a3d    00000018     aeo1_drivers.lib : ssi_peripheral.obj (.const:.typeinfo:_ZTSN4aeo114ssi_peripheralE)
                  00002a55    00000003     --HOLE-- [fill = 0]
                  00002a58    00000018                      : ssi_display.obj (.const:_ZTVN4aeo111ssi_displayE)
                  00002a70    00000018                      : ssi_peripheral.obj (.const:_ZTVN4aeo114ssi_peripheralE)
                  00002a88    00000016                      : adc_potmeter.obj (.const:.typeinfo:_ZTSN4aeo112adc_potmeterE)
                  00002a9e    00000015                      : ssi_display.obj (.const:.typeinfo:_ZTSN4aeo111ssi_displayE)
                  00002ab3    00000014                      : qei_sensor.obj (.const:.typeinfo:_ZTSN4aeo110qei_sensorE)
                  00002ac7    00000012                      : ssi_display.obj (.const:.string)
                  00002ad9    00000003     --HOLE-- [fill = 0]
                  00002adc    00000012     tiva_utils.lib : uartstdio.obj (.const:.string)
                  00002aee    00000002     --HOLE-- [fill = 0]
                  00002af0    00000010     rtsv7M4_T_le_v4SPD16_eabi.lib : typeinfo_.obj (.const:.typeinfo:_ZTIPKe)
                  00002b00    00000010                                   : typeinfo_.obj (.const:_ZTVN10__cxxabiv117__class_type_infoE)
                  00002b10    00000010                                   : typeinfo_.obj (.const:_ZTVN10__cxxabiv119__pointer_type_infoE)
                  00002b20    00000010                                   : typeinfo_.obj (.const:_ZTVN10__cxxabiv120__si_class_type_infoE)
                  00002b30    00000010                                   : typeinfo_.obj (.const:_ZTVN10__cxxabiv123__fundamental_type_infoE)
                  00002b40    00000010     aeo1_drivers.lib : qei_sensor.obj (.const:_ZTVN4aeo110qei_sensorE)
                  00002b50    00000010                      : adc_potmeter.obj (.const:_ZTVN4aeo112adc_potmeterE)
                  00002b60    0000000d     rtsv7M4_T_le_v4SPD16_eabi.lib : typeinfo_.obj (.const:.typeinfo:_ZTSSt9type_info)
                  00002b6d    00000003     --HOLE-- [fill = 0]
                  00002b70    0000000c                                   : typeinfo_.obj (.const:.typeinfo:_ZTIN10__cxxabiv117__class_type_infoE)
                  00002b7c    0000000c                                   : typeinfo_.obj (.const:.typeinfo:_ZTIN10__cxxabiv117__pbase_type_infoE)
                  00002b88    0000000c                                   : typeinfo_.obj (.const:.typeinfo:_ZTIN10__cxxabiv119__pointer_type_infoE)
                  00002b94    0000000c                                   : typeinfo_.obj (.const:.typeinfo:_ZTIN10__cxxabiv120__si_class_type_infoE)
                  00002ba0    0000000c                                   : typeinfo_.obj (.const:.typeinfo:_ZTIN10__cxxabiv123__fundamental_type_infoE)
                  00002bac    0000000c     aeo1_drivers.lib : ssi_display.obj (.const:.typeinfo:_ZTIN4aeo111ssi_displayE)
                  00002bb8    00000008                      : qei_sensor.obj (.const:.typeinfo:_ZTIN4aeo110qei_sensorE)
                  00002bc0    00000008                      : adc_potmeter.obj (.const:.typeinfo:_ZTIN4aeo112adc_potmeterE)
                  00002bc8    00000008                      : ssi_peripheral.obj (.const:.typeinfo:_ZTIN4aeo114ssi_peripheralE)
                  00002bd0    00000008     rtsv7M4_T_le_v4SPD16_eabi.lib : typeinfo_.obj (.const:.typeinfo:_ZTISt9type_info)
                  00002bd8    00000008                                   : typeinfo_.obj (.const:.typeinfo:_ZTIe)
                  00002be0    00000004                                   : typeinfo_.obj (.const:.typeinfo:_ZTSPKe)

.init_array 
*          0    00002be4    00000004     
                  00002be4    00000004     main.obj (.init_array)

.cinit     0    00002be8    00000130     
                  00002be8    00000106     (.cinit..data.load) [load image, compression = rle]
                  00002cee    00000002     --HOLE-- [fill = 0]
                  00002cf0    0000000c     (__TI_handler_table)
                  00002cfc    00000004     --HOLE-- [fill = 0]
                  00002d00    00000008     (.cinit..bss.load) [load image, compression = zero_init]
                  00002d08    00000010     (__TI_cinit_table)

.bss       0    20000000    000005e9     UNINITIALIZED
                  20000000    00000400     tiva_utils.lib : uartstdio.obj (.bss:g_pcUARTTxBuffer)
                  20000400    00000080                    : uartstdio.obj (.bss:g_pcUARTRxBuffer)
                  20000480    00000080     main.obj (.bss:g_zInput)
                  20000500    00000054     main.obj (.bss:g_oDisplay1)
                  20000554    00000054     main.obj (.bss:g_oDisplay2)
                  200005a8    00000024     tiva_utils.lib : cmdline.obj (.bss:g_ppcArgv)
                  200005cc    00000010     main.obj (.bss)
                  200005dc    00000004     (.common:_ZSt16__dummy_typeinfo)
                  200005e0    00000004     (.common:__dso_handle)
                  200005e4    00000004     (.common:g_ui32PortNum)
                  200005e8    00000001     (.common:g_bDisableEcho)

.stack     0    200005ec    00000200     UNINITIALIZED
                  200005ec    00000200     --HOLE--

.data      0    200007ec    00000154     UNINITIALIZED
                  200007ec    00000048     commands.obj (.data:g_psCmdTable)
                  20000834    0000002c     aeo1_drivers.lib : ssi_peripheral.obj (.data:_ZN4aeo118SSI0_SpecificationE)
                  20000860    0000002c                      : ssi_peripheral.obj (.data:_ZN4aeo118SSI1_SpecificationE)
                  2000088c    0000002c                      : ssi_peripheral.obj (.data:_ZN4aeo118SSI2_SpecificationE)
                  200008b8    0000002c                      : ssi_peripheral.obj (.data:_ZN4aeo118SSI3_SpecificationE)
                  200008e4    00000015     tiva_utils.lib : uartstdio.obj (.data)
                  200008f9    00000003     --HOLE--
                  200008fc    00000010     aeo1_drivers.lib : adc_potmeter.obj (.data)
                  2000090c    00000010                      : ssi_peripheral.obj (.data)
                  2000091c    0000000c     rtsv7M4_T_le_v4SPD16_eabi.lib : memory.obj (.data)
                  20000928    00000008                                   : _lock.obj (.data)
                  20000930    00000008                                   : exit.obj (.data)
                  20000938    00000004                                   : dtor_list.obj (.data)
                  2000093c    00000004                                   : stkdepth_vars.obj (.data)

.sysmem    0    20000940    00000008     UNINITIALIZED
                  20000940    00000008     rtsv7M4_T_le_v4SPD16_eabi.lib : memory.obj (.sysmem)


LINKER GENERATED COPY TABLES

__TI_cinit_table @ 00002d08 records: 2, size/record: 8, table size: 16
	.data: load addr=00002be8, load size=00000106 bytes, run addr=200007ec, run size=00000154 bytes, compression=rle
	.bss: load addr=00002d00, load size=00000008 bytes, run addr=20000000, run size=000005e9 bytes, compression=zero_init


LINKER GENERATED HANDLER TABLE

__TI_handler_table @ 00002cf0 records: 3, size/record: 4, table size: 12
	index: 0, handler: __TI_decompress_rle24
	index: 1, handler: __TI_decompress_none
	index: 2, handler: __TI_zero_init


GLOBAL SYMBOLS: SORTED ALPHABETICALLY BY Name 

address    name
--------   ----
000024a5   ADCClockConfigSet
00002555   ADCHardwareOversampleConfigure
000026a1   ADCIntClear
000025f5   ADCIntDisable
000025d3   ADCIntEnable
00002411   ADCIntStatus
000024ed   ADCProcessorTrigger
0000236b   ADCSequenceConfigure
00002469   ADCSequenceDataGet
00002603   ADCSequenceDisable
00002611   ADCSequenceEnable
00001ff1   ADCSequenceStepConfigure
00002265   C$$EXIT
00002665   CPUcpsid
00002671   CPUcpsie
00001e15   CmdLineProcess
0000243f   GPIODirModeSet
0000194d   GPIOPadConfigSet
00002191   GPIOPinConfigure
00002567   GPIOPinTypeADC
00002579   GPIOPinTypeQEI
0000258b   GPIOPinTypeSSI
0000259d   GPIOPinTypeUART
00002071   IntDisable
000020d1   IntEnable
000026ab   IntMasterDisable
000026b5   IntMasterEnable
000015a1   OnADCInterrupt
00000ea9   OnSSI0Interrupt
00000ec3   OnSSI1Interrupt
00000edd   OnSSI2Interrupt
00000ef7   OnSSI3Interrupt
0000261f   QEIConfigure
000026bf   QEIEnable
00002735   QEIPositionGet
00002695   ResetISR
00002be4   SHT$$INIT_ARRAY$$Base
00002be8   SHT$$INIT_ARRAY$$Limit
000022a9   SSIConfigSetExpClk
000025af   SSIDataGetNonBlocking
0000262d   SSIDataPutNonBlocking
000026c9   SSIDisable
000026d3   SSIEnable
00002739   SSIIntClear
000026dd   SSIIntDisable
00002705   SSIIntEnable
000026e7   SSIIntStatus
00001a7d   SysCtlClockGet
0000271d   SysCtlDelay
000023a9   SysCtlPeripheralEnable
000023dd   SysCtlPeripheralPresent
00002505   SysTickEnable
00002519   SysTickIntEnable
000013bd   SysTickIntHandler
000025e5   SysTickPeriodSet
0000263b   UARTCharGetNonBlocking
00002649   UARTCharPutNonBlocking
0000267d   UARTCharsAvail
00002723   UARTClockSourceSet
000022eb   UARTConfigSetExpClk
00002489   UARTDisable
00000945   UARTEchoSet
0000252d   UARTEnable
00002729   UARTFIFOLevelSet
000008ef   UARTFlushRx
0000090f   UARTFlushTx
0000273d   UARTIntClear
000026f1   UARTIntDisable
0000270d   UARTIntEnable
000026fb   UARTIntStatus
00000895   UARTPeek
00000873   UARTRxBytesAvail
00002689   UARTSpaceAvail
00000359   UARTStdioConfig
00000971   UARTStdioIntHandler
00000881   UARTTxBytesFree
000004fb   UARTgetc
0000047f   UARTgets
0000084f   UARTprintf
00000555   UARTvprintf
000003df   UARTwrite
000013e1   _Z10Initializev
00001cf7   _Z13CMD_set_scaleiPPc
00001381   _Z13ConfigureUARTv
00001ce9   _Z14CMD_set_dialeriPPc
00001d05   _Z8CMD_diagiPPc
00001c89   _Z8CMD_helpiPPc
00001449   _Z8MainLoopv
00001cdb   _Z9CMD_dummyiPPc
00001e05   _ZN10__cxxabiv116__enum_type_infoD0Ev
00001e03   _ZN10__cxxabiv116__enum_type_infoD1Ev
00001e03   _ZN10__cxxabiv116__enum_type_infoD2Ev
00001dfb   _ZN10__cxxabiv117__array_type_infoD0Ev
00001df9   _ZN10__cxxabiv117__array_type_infoD1Ev
00001df9   _ZN10__cxxabiv117__array_type_infoD2Ev
00001df1   _ZN10__cxxabiv117__class_type_infoD0Ev
00001def   _ZN10__cxxabiv117__class_type_infoD1Ev
00001def   _ZN10__cxxabiv117__class_type_infoD2Ev
00001de7   _ZN10__cxxabiv117__pbase_type_infoD0Ev
00001de5   _ZN10__cxxabiv117__pbase_type_infoD1Ev
00001de5   _ZN10__cxxabiv117__pbase_type_infoD2Ev
00001ddd   _ZN10__cxxabiv119__pointer_type_infoD0Ev
00001ddb   _ZN10__cxxabiv119__pointer_type_infoD1Ev
00001ddb   _ZN10__cxxabiv119__pointer_type_infoD2Ev
00001dd3   _ZN10__cxxabiv120__function_type_infoD0Ev
00001dd1   _ZN10__cxxabiv120__function_type_infoD1Ev
00001dd1   _ZN10__cxxabiv120__function_type_infoD2Ev
00001dc9   _ZN10__cxxabiv120__si_class_type_infoD0Ev
00001dc7   _ZN10__cxxabiv120__si_class_type_infoD1Ev
00001dc7   _ZN10__cxxabiv120__si_class_type_infoD2Ev
00001dbf   _ZN10__cxxabiv121__vmi_class_type_infoD0Ev
00001dbd   _ZN10__cxxabiv121__vmi_class_type_infoD1Ev
00001dbd   _ZN10__cxxabiv121__vmi_class_type_infoD2Ev
00001db5   _ZN10__cxxabiv123__fundamental_type_infoD0Ev
00001db3   _ZN10__cxxabiv123__fundamental_type_infoD1Ev
00001db3   _ZN10__cxxabiv123__fundamental_type_infoD2Ev
00001dab   _ZN10__cxxabiv129__pointer_to_member_type_infoD0Ev
00001da9   _ZN10__cxxabiv129__pointer_to_member_type_infoD1Ev
00001da9   _ZN10__cxxabiv129__pointer_to_member_type_infoD2Ev
0000119d   _ZN4aeo110qei_sensor10InitializeEv
000011bf   _ZN4aeo110qei_sensor3GetEv
000011e9   _ZN4aeo110qei_sensor4DiagEv
0000115d   _ZN4aeo110qei_sensorC1ENS0_9device_idE
0000115d   _ZN4aeo110qei_sensorC2ENS0_9device_idE
00001187   _ZN4aeo110qei_sensorD0Ev
0000117b   _ZN4aeo110qei_sensorD1Ev
0000117b   _ZN4aeo110qei_sensorD2Ev
000017e7   _ZN4aeo111ssi_display10InitializeEv
000018d9   _ZN4aeo111ssi_display14Digit2SegmentsEjjb
000017fb   _ZN4aeo111ssi_display3SetEii
00001795   _ZN4aeo111ssi_displayC1ENS_14ssi_peripheral9device_idE
00001795   _ZN4aeo111ssi_displayC2ENS_14ssi_peripheral9device_idE
000017d1   _ZN4aeo111ssi_displayD0Ev
000017c3   _ZN4aeo111ssi_displayD1Ev
000017c3   _ZN4aeo111ssi_displayD2Ev
0000160b   _ZN4aeo112adc_potmeter10InitializeEv
200008fc   _ZN4aeo112adc_potmeter10m_nCounterE
00001687   _ZN4aeo112adc_potmeter11OnInterruptEv
20000904   _ZN4aeo112adc_potmeter14m_nReadCounterE
00001731   _ZN4aeo112adc_potmeter15GetErrorCounterEv
20000900   _ZN4aeo112adc_potmeter15m_nErrorCounterE
20000908   _ZN4aeo112adc_potmeter16m_pTheOneAndOnlyE
00001749   _ZN4aeo112adc_potmeter4DiagEv
00001703   _ZN4aeo112adc_potmeter7TriggerEv
00001711   _ZN4aeo112adc_potmeter8GetValueEv
0000166b   _ZN4aeo112adc_potmeter9TerminateEv
000015b3   _ZN4aeo112adc_potmeterC1Ev
000015b3   _ZN4aeo112adc_potmeterC2Ev
000015f5   _ZN4aeo112adc_potmeterD0Ev
000015d1   _ZN4aeo112adc_potmeterD1Ev
000015d1   _ZN4aeo112adc_potmeterD2Ev
00000f81   _ZN4aeo114ssi_peripheral10InitializeEv
2000090c   _ZN4aeo114ssi_peripheral10m_pTheSSI0E
20000910   _ZN4aeo114ssi_peripheral10m_pTheSSI1E
20000914   _ZN4aeo114ssi_peripheral10m_pTheSSI2E
20000918   _ZN4aeo114ssi_peripheral10m_pTheSSI3E
0000107f   _ZN4aeo114ssi_peripheral11OnInterruptEv
00001101   _ZN4aeo114ssi_peripheral8LoadFIFOEv
000010a5   _ZN4aeo114ssi_peripheral9TerminateEv
00000f11   _ZN4aeo114ssi_peripheralC1ENS0_9device_idE
00000f11   _ZN4aeo114ssi_peripheralC2ENS0_9device_idE
00000f6b   _ZN4aeo114ssi_peripheralD0Ev
00000f57   _ZN4aeo114ssi_peripheralD1Ev
00000f57   _ZN4aeo114ssi_peripheralD2Ev
20000834   _ZN4aeo118SSI0_SpecificationE
20000860   _ZN4aeo118SSI1_SpecificationE
2000088c   _ZN4aeo118SSI2_SpecificationE
200008b8   _ZN4aeo118SSI3_SpecificationE
00001d6b   _ZNKSt9type_info4nameEv
00001d9b   _ZNKSt9type_info6beforeERKS_
00001d85   _ZNKSt9type_infoeqERKS_
00001d6f   _ZNKSt9type_infoneERKS_
00001d63   _ZNSt9type_infoD0Ev
00001d61   _ZNSt9type_infoD1Ev
00001d61   _ZNSt9type_infoD2Ev
200005dc   _ZSt16__dummy_typeinfo
00001d59   _ZSt21__gen_dummy_typeinfosv
00002b70   _ZTIN10__cxxabiv117__class_type_infoE
00002b7c   _ZTIN10__cxxabiv117__pbase_type_infoE
00002b88   _ZTIN10__cxxabiv119__pointer_type_infoE
00002b94   _ZTIN10__cxxabiv120__si_class_type_infoE
00002ba0   _ZTIN10__cxxabiv123__fundamental_type_infoE
00002bb8   _ZTIN4aeo110qei_sensorE
00002bac   _ZTIN4aeo111ssi_displayE
00002bc0   _ZTIN4aeo112adc_potmeterE
00002bc8   _ZTIN4aeo114ssi_peripheralE
00002af0   _ZTIPKe
00002bd0   _ZTISt9type_info
00002bd8   _ZTIe
000029f9   _ZTSN10__cxxabiv117__class_type_infoE
00002a1b   _ZTSN10__cxxabiv117__pbase_type_infoE
000029d5   _ZTSN10__cxxabiv119__pointer_type_infoE
000029b0   _ZTSN10__cxxabiv120__si_class_type_infoE
00002960   _ZTSN10__cxxabiv123__fundamental_type_infoE
00002ab3   _ZTSN4aeo110qei_sensorE
00002a9e   _ZTSN4aeo111ssi_displayE
00002a88   _ZTSN4aeo112adc_potmeterE
00002a3d   _ZTSN4aeo114ssi_peripheralE
00002be0   _ZTSPKe
00002b60   _ZTSSt9type_info
000027f2   _ZTSe
00002b00   _ZTVN10__cxxabiv117__class_type_infoE
00002b10   _ZTVN10__cxxabiv119__pointer_type_infoE
00002b20   _ZTVN10__cxxabiv120__si_class_type_infoE
00002b30   _ZTVN10__cxxabiv123__fundamental_type_infoE
00002b40   _ZTVN4aeo110qei_sensorE
00002a58   _ZTVN4aeo111ssi_displayE
00002b50   _ZTVN4aeo112adc_potmeterE
00002a70   _ZTVN4aeo114ssi_peripheralE
00002715   _ZdlPv
200007ec   __STACK_END
00000200   __STACK_SIZE
200007ec   __STACK_TOP
00000008   __SYSMEM_SIZE
00002d08   __TI_CINIT_Base
00002d18   __TI_CINIT_Limit
00002cf0   __TI_Handler_Table_Base
00002cfc   __TI_Handler_Table_Limit
00000001   __TI_args_main
00001f5d   __TI_auto_init
20000930   __TI_cleanup_ptr
00002657   __TI_decompress_none
0000272f   __TI_decompress_rle24
20000934   __TI_dtors_ptr
00000000   __TI_static_base__
000025c1   __TI_zero_init
00001bed   __aeabi_atexit
0000218f   __aeabi_idiv0
00001ec1   __aeabi_memcpy
00001ec1   __aeabi_memcpy4
00001ec1   __aeabi_memcpy8
0000232b   __aeabi_uidiv
0000232b   __aeabi_uidivmod
ffffffff   __binit__
ffffffff   __c_args__
00001bdb   __cxa_atexit
00001b95   __cxa_finalize
00001bd5   __cxa_ia64_exit
200005e0   __dso_handle
200005ec   __stack
000014b1   __sti___8_main_cpp_89f6d04f
000024bd   _args_main
000021d9   _c_int00
20000928   _lock
0000254f   _nop
00002547   _register_lock
00002541   _register_unlock
20000940   _sys_memory
2000092c   _unlock
00002269   abort
00001bdf   atexit
ffffffff   binit
00000e71   calloc
00002221   copy_in
00002271   exit
00000bc1   free
20000500   g_oDisplay1
20000554   g_oDisplay2
200005d4   g_oLinearScale
200005cc   g_oRotaryDialer
00000000   g_pfnVectors
200007ec   g_psCmdTable
0000149f   main
2000093c   main_func_sp
00000b59   malloc
00000d8d   memalign
00001ec1   memcpy
00000acd   minit
00000c81   realloc
000024d5   strcmp


GLOBAL SYMBOLS: SORTED BY Symbol Address 

address    name
--------   ----
00000000   __TI_static_base__
00000000   g_pfnVectors
00000001   __TI_args_main
00000008   __SYSMEM_SIZE
00000200   __STACK_SIZE
00000359   UARTStdioConfig
000003df   UARTwrite
0000047f   UARTgets
000004fb   UARTgetc
00000555   UARTvprintf
0000084f   UARTprintf
00000873   UARTRxBytesAvail
00000881   UARTTxBytesFree
00000895   UARTPeek
000008ef   UARTFlushRx
0000090f   UARTFlushTx
00000945   UARTEchoSet
00000971   UARTStdioIntHandler
00000acd   minit
00000b59   malloc
00000bc1   free
00000c81   realloc
00000d8d   memalign
00000e71   calloc
00000ea9   OnSSI0Interrupt
00000ec3   OnSSI1Interrupt
00000edd   OnSSI2Interrupt
00000ef7   OnSSI3Interrupt
00000f11   _ZN4aeo114ssi_peripheralC1ENS0_9device_idE
00000f11   _ZN4aeo114ssi_peripheralC2ENS0_9device_idE
00000f57   _ZN4aeo114ssi_peripheralD1Ev
00000f57   _ZN4aeo114ssi_peripheralD2Ev
00000f6b   _ZN4aeo114ssi_peripheralD0Ev
00000f81   _ZN4aeo114ssi_peripheral10InitializeEv
0000107f   _ZN4aeo114ssi_peripheral11OnInterruptEv
000010a5   _ZN4aeo114ssi_peripheral9TerminateEv
00001101   _ZN4aeo114ssi_peripheral8LoadFIFOEv
0000115d   _ZN4aeo110qei_sensorC1ENS0_9device_idE
0000115d   _ZN4aeo110qei_sensorC2ENS0_9device_idE
0000117b   _ZN4aeo110qei_sensorD1Ev
0000117b   _ZN4aeo110qei_sensorD2Ev
00001187   _ZN4aeo110qei_sensorD0Ev
0000119d   _ZN4aeo110qei_sensor10InitializeEv
000011bf   _ZN4aeo110qei_sensor3GetEv
000011e9   _ZN4aeo110qei_sensor4DiagEv
00001381   _Z13ConfigureUARTv
000013bd   SysTickIntHandler
000013e1   _Z10Initializev
00001449   _Z8MainLoopv
0000149f   main
000014b1   __sti___8_main_cpp_89f6d04f
000015a1   OnADCInterrupt
000015b3   _ZN4aeo112adc_potmeterC1Ev
000015b3   _ZN4aeo112adc_potmeterC2Ev
000015d1   _ZN4aeo112adc_potmeterD1Ev
000015d1   _ZN4aeo112adc_potmeterD2Ev
000015f5   _ZN4aeo112adc_potmeterD0Ev
0000160b   _ZN4aeo112adc_potmeter10InitializeEv
0000166b   _ZN4aeo112adc_potmeter9TerminateEv
00001687   _ZN4aeo112adc_potmeter11OnInterruptEv
00001703   _ZN4aeo112adc_potmeter7TriggerEv
00001711   _ZN4aeo112adc_potmeter8GetValueEv
00001731   _ZN4aeo112adc_potmeter15GetErrorCounterEv
00001749   _ZN4aeo112adc_potmeter4DiagEv
00001795   _ZN4aeo111ssi_displayC1ENS_14ssi_peripheral9device_idE
00001795   _ZN4aeo111ssi_displayC2ENS_14ssi_peripheral9device_idE
000017c3   _ZN4aeo111ssi_displayD1Ev
000017c3   _ZN4aeo111ssi_displayD2Ev
000017d1   _ZN4aeo111ssi_displayD0Ev
000017e7   _ZN4aeo111ssi_display10InitializeEv
000017fb   _ZN4aeo111ssi_display3SetEii
000018d9   _ZN4aeo111ssi_display14Digit2SegmentsEjjb
0000194d   GPIOPadConfigSet
00001a7d   SysCtlClockGet
00001b95   __cxa_finalize
00001bd5   __cxa_ia64_exit
00001bdb   __cxa_atexit
00001bdf   atexit
00001bed   __aeabi_atexit
00001c89   _Z8CMD_helpiPPc
00001cdb   _Z9CMD_dummyiPPc
00001ce9   _Z14CMD_set_dialeriPPc
00001cf7   _Z13CMD_set_scaleiPPc
00001d05   _Z8CMD_diagiPPc
00001d59   _ZSt21__gen_dummy_typeinfosv
00001d61   _ZNSt9type_infoD1Ev
00001d61   _ZNSt9type_infoD2Ev
00001d63   _ZNSt9type_infoD0Ev
00001d6b   _ZNKSt9type_info4nameEv
00001d6f   _ZNKSt9type_infoneERKS_
00001d85   _ZNKSt9type_infoeqERKS_
00001d9b   _ZNKSt9type_info6beforeERKS_
00001da9   _ZN10__cxxabiv129__pointer_to_member_type_infoD1Ev
00001da9   _ZN10__cxxabiv129__pointer_to_member_type_infoD2Ev
00001dab   _ZN10__cxxabiv129__pointer_to_member_type_infoD0Ev
00001db3   _ZN10__cxxabiv123__fundamental_type_infoD1Ev
00001db3   _ZN10__cxxabiv123__fundamental_type_infoD2Ev
00001db5   _ZN10__cxxabiv123__fundamental_type_infoD0Ev
00001dbd   _ZN10__cxxabiv121__vmi_class_type_infoD1Ev
00001dbd   _ZN10__cxxabiv121__vmi_class_type_infoD2Ev
00001dbf   _ZN10__cxxabiv121__vmi_class_type_infoD0Ev
00001dc7   _ZN10__cxxabiv120__si_class_type_infoD1Ev
00001dc7   _ZN10__cxxabiv120__si_class_type_infoD2Ev
00001dc9   _ZN10__cxxabiv120__si_class_type_infoD0Ev
00001dd1   _ZN10__cxxabiv120__function_type_infoD1Ev
00001dd1   _ZN10__cxxabiv120__function_type_infoD2Ev
00001dd3   _ZN10__cxxabiv120__function_type_infoD0Ev
00001ddb   _ZN10__cxxabiv119__pointer_type_infoD1Ev
00001ddb   _ZN10__cxxabiv119__pointer_type_infoD2Ev
00001ddd   _ZN10__cxxabiv119__pointer_type_infoD0Ev
00001de5   _ZN10__cxxabiv117__pbase_type_infoD1Ev
00001de5   _ZN10__cxxabiv117__pbase_type_infoD2Ev
00001de7   _ZN10__cxxabiv117__pbase_type_infoD0Ev
00001def   _ZN10__cxxabiv117__class_type_infoD1Ev
00001def   _ZN10__cxxabiv117__class_type_infoD2Ev
00001df1   _ZN10__cxxabiv117__class_type_infoD0Ev
00001df9   _ZN10__cxxabiv117__array_type_infoD1Ev
00001df9   _ZN10__cxxabiv117__array_type_infoD2Ev
00001dfb   _ZN10__cxxabiv117__array_type_infoD0Ev
00001e03   _ZN10__cxxabiv116__enum_type_infoD1Ev
00001e03   _ZN10__cxxabiv116__enum_type_infoD2Ev
00001e05   _ZN10__cxxabiv116__enum_type_infoD0Ev
00001e15   CmdLineProcess
00001ec1   __aeabi_memcpy
00001ec1   __aeabi_memcpy4
00001ec1   __aeabi_memcpy8
00001ec1   memcpy
00001f5d   __TI_auto_init
00001ff1   ADCSequenceStepConfigure
00002071   IntDisable
000020d1   IntEnable
0000218f   __aeabi_idiv0
00002191   GPIOPinConfigure
000021d9   _c_int00
00002221   copy_in
00002265   C$$EXIT
00002269   abort
00002271   exit
000022a9   SSIConfigSetExpClk
000022eb   UARTConfigSetExpClk
0000232b   __aeabi_uidiv
0000232b   __aeabi_uidivmod
0000236b   ADCSequenceConfigure
000023a9   SysCtlPeripheralEnable
000023dd   SysCtlPeripheralPresent
00002411   ADCIntStatus
0000243f   GPIODirModeSet
00002469   ADCSequenceDataGet
00002489   UARTDisable
000024a5   ADCClockConfigSet
000024bd   _args_main
000024d5   strcmp
000024ed   ADCProcessorTrigger
00002505   SysTickEnable
00002519   SysTickIntEnable
0000252d   UARTEnable
00002541   _register_unlock
00002547   _register_lock
0000254f   _nop
00002555   ADCHardwareOversampleConfigure
00002567   GPIOPinTypeADC
00002579   GPIOPinTypeQEI
0000258b   GPIOPinTypeSSI
0000259d   GPIOPinTypeUART
000025af   SSIDataGetNonBlocking
000025c1   __TI_zero_init
000025d3   ADCIntEnable
000025e5   SysTickPeriodSet
000025f5   ADCIntDisable
00002603   ADCSequenceDisable
00002611   ADCSequenceEnable
0000261f   QEIConfigure
0000262d   SSIDataPutNonBlocking
0000263b   UARTCharGetNonBlocking
00002649   UARTCharPutNonBlocking
00002657   __TI_decompress_none
00002665   CPUcpsid
00002671   CPUcpsie
0000267d   UARTCharsAvail
00002689   UARTSpaceAvail
00002695   ResetISR
000026a1   ADCIntClear
000026ab   IntMasterDisable
000026b5   IntMasterEnable
000026bf   QEIEnable
000026c9   SSIDisable
000026d3   SSIEnable
000026dd   SSIIntDisable
000026e7   SSIIntStatus
000026f1   UARTIntDisable
000026fb   UARTIntStatus
00002705   SSIIntEnable
0000270d   UARTIntEnable
00002715   _ZdlPv
0000271d   SysCtlDelay
00002723   UARTClockSourceSet
00002729   UARTFIFOLevelSet
0000272f   __TI_decompress_rle24
00002735   QEIPositionGet
00002739   SSIIntClear
0000273d   UARTIntClear
000027f2   _ZTSe
00002960   _ZTSN10__cxxabiv123__fundamental_type_infoE
000029b0   _ZTSN10__cxxabiv120__si_class_type_infoE
000029d5   _ZTSN10__cxxabiv119__pointer_type_infoE
000029f9   _ZTSN10__cxxabiv117__class_type_infoE
00002a1b   _ZTSN10__cxxabiv117__pbase_type_infoE
00002a3d   _ZTSN4aeo114ssi_peripheralE
00002a58   _ZTVN4aeo111ssi_displayE
00002a70   _ZTVN4aeo114ssi_peripheralE
00002a88   _ZTSN4aeo112adc_potmeterE
00002a9e   _ZTSN4aeo111ssi_displayE
00002ab3   _ZTSN4aeo110qei_sensorE
00002af0   _ZTIPKe
00002b00   _ZTVN10__cxxabiv117__class_type_infoE
00002b10   _ZTVN10__cxxabiv119__pointer_type_infoE
00002b20   _ZTVN10__cxxabiv120__si_class_type_infoE
00002b30   _ZTVN10__cxxabiv123__fundamental_type_infoE
00002b40   _ZTVN4aeo110qei_sensorE
00002b50   _ZTVN4aeo112adc_potmeterE
00002b60   _ZTSSt9type_info
00002b70   _ZTIN10__cxxabiv117__class_type_infoE
00002b7c   _ZTIN10__cxxabiv117__pbase_type_infoE
00002b88   _ZTIN10__cxxabiv119__pointer_type_infoE
00002b94   _ZTIN10__cxxabiv120__si_class_type_infoE
00002ba0   _ZTIN10__cxxabiv123__fundamental_type_infoE
00002bac   _ZTIN4aeo111ssi_displayE
00002bb8   _ZTIN4aeo110qei_sensorE
00002bc0   _ZTIN4aeo112adc_potmeterE
00002bc8   _ZTIN4aeo114ssi_peripheralE
00002bd0   _ZTISt9type_info
00002bd8   _ZTIe
00002be0   _ZTSPKe
00002be4   SHT$$INIT_ARRAY$$Base
00002be8   SHT$$INIT_ARRAY$$Limit
00002cf0   __TI_Handler_Table_Base
00002cfc   __TI_Handler_Table_Limit
00002d08   __TI_CINIT_Base
00002d18   __TI_CINIT_Limit
20000500   g_oDisplay1
20000554   g_oDisplay2
200005cc   g_oRotaryDialer
200005d4   g_oLinearScale
200005dc   _ZSt16__dummy_typeinfo
200005e0   __dso_handle
200005ec   __stack
200007ec   __STACK_END
200007ec   __STACK_TOP
200007ec   g_psCmdTable
20000834   _ZN4aeo118SSI0_SpecificationE
20000860   _ZN4aeo118SSI1_SpecificationE
2000088c   _ZN4aeo118SSI2_SpecificationE
200008b8   _ZN4aeo118SSI3_SpecificationE
200008fc   _ZN4aeo112adc_potmeter10m_nCounterE
20000900   _ZN4aeo112adc_potmeter15m_nErrorCounterE
20000904   _ZN4aeo112adc_potmeter14m_nReadCounterE
20000908   _ZN4aeo112adc_potmeter16m_pTheOneAndOnlyE
2000090c   _ZN4aeo114ssi_peripheral10m_pTheSSI0E
20000910   _ZN4aeo114ssi_peripheral10m_pTheSSI1E
20000914   _ZN4aeo114ssi_peripheral10m_pTheSSI2E
20000918   _ZN4aeo114ssi_peripheral10m_pTheSSI3E
20000928   _lock
2000092c   _unlock
20000930   __TI_cleanup_ptr
20000934   __TI_dtors_ptr
2000093c   main_func_sp
20000940   _sys_memory
ffffffff   __binit__
ffffffff   __c_args__
ffffffff   binit

[270 symbols]
