******************************************************************************
                  TI ARM Linker PC v5.2.6                      
******************************************************************************
>> Linked Mon Dec 07 21:37:49 2015

OUTPUT FILE NAME:   <test_drv8711.out>
ENTRY POINT SYMBOL: "_c_int00"  address: 000044a1


MEMORY CONFIGURATION

         name            origin    length      used     unused   attr    fill
----------------------  --------  ---------  --------  --------  ----  --------
  FLASH                 00000000   00040000  00005690  0003a970  R  X
  SRAM                  20000000   00008000  00000b99  00007467  RW X


SEGMENT ALLOCATION MAP

run origin  load origin   length   init length attrs members
----------  ----------- ---------- ----------- ----- -------
00000000    00000000    00005690   00005690    r-x
  00000000    00000000    0000026c   0000026c    r-- .intvecs
  0000026c    0000026c    00004974   00004974    r-x .text
  00004be0    00004be0    00000844   00000844    r-- .const
  00005424    00005424    00000004   00000004    r-- .init_array
  00005428    00005428    00000268   00000268    r-- .cinit
20000000    20000000    00000ba0   00000000    rw-
  20000000    20000000    000006dd   00000000    rw- .bss
  200006e0    200006e0    000002b4   00000000    rw- .data
  20000994    20000994    00000200   00000000    rw- .stack
  20000b98    20000b98    00000008   00000000    rw- .sysmem


SECTION ALLOCATION MAP

 output                                  attributes/
section   page    origin      length       input sections
--------  ----  ----------  ----------   ----------------
.intvecs   0    00000000    0000026c     
                  00000000    0000026c     tm4c123gh6pm_startup_ccs.obj (.intvecs)

.text      0    0000026c    00004974     
                  0000026c    00000c84     tiva_utils.lib : ustdlib.obj (.text)
                  00000ef0    00000860                    : uartstdio.obj (.text)
                  00001750    000007b4     main.obj (.text)
                  00001f04    00000558     aeo1_drivers.lib : ssi_peripheral.obj (.text)
                  0000245c    000004d0                      : ssi_drv8711.obj (.text)
                  0000292c    000003dc     rtsv7M4_T_le_v4SPD16_eabi.lib : memory.obj (.text)
                  00002d08    000003d4     drv8711.obj (.text)
                  000030dc    00000310     aeo1_drivers.lib : pwm_stepper.obj (.text)
                  000033ec    000002e0                      : qei_sensor.obj (.text)
                  000036cc    00000264                      : ssi_display.obj (.text)
                  00003930    000001f4                      : adc_potmeter.obj (.text)
                  00003b24    00000130     driverlib.lib : gpio.obj (.text:GPIOPadConfigSet)
                  00003c54    0000010c                   : sysctl.obj (.text:SysCtlClockGet)
                  00003d60    000000f4     rtsv7M4_T_le_v4SPD16_eabi.lib : dtor_list.obj (.text)
                  00003e54    000000f0     driverlib.lib : sysctl.obj (.text:SysCtlClockSet)
                  00003f44    000000bc     rtsv7M4_T_le_v4SPD16_eabi.lib : typeinfo_.obj (.text)
                  00004000    000000ac     tiva_utils.lib : cmdline.obj (.text)
                  000040ac    0000009c     rtsv7M4_T_le_v4SPD16_eabi.lib : memcpy_t2.obj (.text)
                  00004148    0000007a     driverlib.lib : adc.obj (.text:ADCSequenceStepConfigure)
                  000041c2    0000007a     rtsv7M4_T_le_v4SPD16_eabi.lib : memset_t2.obj (.text)
                  0000423c    0000006c                                   : autoinit.obj (.text)
                  000042a8    0000006a                                   : copy_decompress_rle.obj (.text)
                  00004312    00000002                                   : i_div0.obj (.text)
                  00004314    00000068     driverlib.lib : interrupt.obj (.text:IntDisable)
                  0000437c    00000068                   : interrupt.obj (.text:IntEnable)
                  000043e4    00000064     aeo1_drivers.lib : alpha7segment.obj (.text)
                  00004448    00000056     driverlib.lib : gpio.obj (.text:GPIOIntTypeSet)
                  0000449e    00000002     --HOLE-- [fill = 0]
                  000044a0    00000050     rtsv7M4_T_le_v4SPD16_eabi.lib : boot.obj (.text)
                  000044f0    0000004c                                   : cpy_tbl.obj (.text)
                  0000453c    00000048     driverlib.lib : gpio.obj (.text:GPIOPinConfigure)
                  00004584    00000044     rtsv7M4_T_le_v4SPD16_eabi.lib : exit.obj (.text)
                  000045c8    00000042     driverlib.lib : uart.obj (.text:UARTConfigSetExpClk)
                  0000460a    00000040     rtsv7M4_T_le_v4SPD16_eabi.lib : u_divt2.obj (.text)
                  0000464a    0000003e     driverlib.lib : adc.obj (.text:ADCSequenceConfigure)
                  00004688    0000003c                   : ssi.obj (.text:SSIConfigSetExpClk)
                  000046c4    00000038                   : sysctl.obj (.text:SysCtlPeripheralPresent)
                  000046fc    00000034                   : sysctl.obj (.text:SysCtlPeripheralEnable)
                  00004730    0000002e                   : adc.obj (.text:ADCIntStatus)
                  0000475e    0000002a                   : gpio.obj (.text:GPIODirModeSet)
                  00004788    00000022                   : pwm.obj (.text:PWMGenConfigure)
                  000047aa    0000001e                   : adc.obj (.text:ADCSequenceDataGet)
                  000047c8    0000001e                   : pwm.obj (.text:PWMPulseWidthSet)
                  000047e6    00000002     --HOLE-- [fill = 0]
                  000047e8    0000001c                   : uart.obj (.text:UARTDisable)
                  00004804    00000018                   : adc.obj (.text:ADCClockConfigSet)
                  0000481c    00000018                   : adc.obj (.text:ADCProcessorTrigger)
                  00004834    00000018                   : gpio.obj (.text:GPIOPinTypeGPIOOutput)
                  0000484c    00000018     rtsv7M4_T_le_v4SPD16_eabi.lib : args_main.obj (.text)
                  00004864    00000018                                   : strcmp.obj (.text)
                  0000487c    00000014     driverlib.lib : fpu.obj (.text:FPUStackingEnable)
                  00004890    00000014                   : sysctl.obj (.text:SysCtlPWMClockSet)
                  000048a4    00000014                   : systick.obj (.text:SysTickEnable)
                  000048b8    00000014                   : systick.obj (.text:SysTickIntEnable)
                  000048cc    00000014                   : uart.obj (.text:UARTEnable)
                  000048e0    00000014     rtsv7M4_T_le_v4SPD16_eabi.lib : _lock.obj (.text)
                  000048f4    00000012     driverlib.lib : adc.obj (.text:ADCHardwareOversampleConfigure)
                  00004906    00000012                   : gpio.obj (.text:GPIOPinTypeADC)
                  00004918    00000012                   : gpio.obj (.text:GPIOPinTypeGPIOInput)
                  0000492a    00000012                   : gpio.obj (.text:GPIOPinTypePWM)
                  0000493c    00000012                   : gpio.obj (.text:GPIOPinTypeQEI)
                  0000494e    00000012                   : gpio.obj (.text:GPIOPinTypeSSI)
                  00004960    00000012                   : gpio.obj (.text:GPIOPinTypeUART)
                  00004972    00000012                   : pwm.obj (.text:PWMOutputState)
                  00004984    00000012                   : ssi.obj (.text:SSIDataGetNonBlocking)
                  00004996    00000010                   : adc.obj (.text:ADCIntEnable)
                  000049a6    00000002     --HOLE-- [fill = 0]
                  000049a8    00000010                   : fpu.obj (.text:FPUEnable)
                  000049b8    00000010                   : interrupt.obj (.text:IntMasterDisable)
                  000049c8    00000010                   : interrupt.obj (.text:IntMasterEnable)
                  000049d8    00000010                   : pwm.obj (.text:PWMGenPeriodSet)
                  000049e8    00000010                   : systick.obj (.text:SysTickPeriodSet)
                  000049f8    00000010     aeo1_drivers.lib : ssi_display.obj (.text:_ZNK4aeo114ssi_peripheral7IsEmptyEv)
                  00004a08    0000000e     driverlib.lib : adc.obj (.text:ADCIntDisable)
                  00004a16    0000000e                   : adc.obj (.text:ADCSequenceDisable)
                  00004a24    0000000e                   : adc.obj (.text:ADCSequenceEnable)
                  00004a32    0000000e                   : gpio.obj (.text:GPIOIntDisable)
                  00004a40    0000000e                   : qei.obj (.text:QEIConfigure)
                  00004a4e    0000000e                   : ssi.obj (.text:SSIDataPutNonBlocking)
                  00004a5c    0000000e                   : uart.obj (.text:UARTCharGetNonBlocking)
                  00004a6a    0000000e                   : uart.obj (.text:UARTCharPutNonBlocking)
                  00004a78    0000000e     rtsv7M4_T_le_v4SPD16_eabi.lib : copy_decompress_none.obj (.text:decompress:none)
                  00004a86    0000000c     driverlib.lib : cpu.obj (.text:CPUcpsid)
                  00004a92    0000000c                   : cpu.obj (.text:CPUcpsie)
                  00004a9e    0000000c                   : gpio.obj (.text:GPIOIntEnable)
                  00004aaa    0000000c                   : pwm.obj (.text:PWMGenDisable)
                  00004ab6    0000000c                   : pwm.obj (.text:PWMGenEnable)
                  00004ac2    0000000c                   : ssi.obj (.text:SSIDataGet)
                  00004ace    0000000c                   : uart.obj (.text:UARTCharsAvail)
                  00004ada    0000000c                   : uart.obj (.text:UARTSpaceAvail)
                  00004ae6    0000000c     aeo1_drivers.lib : ssi_display.obj (.text:_ZN4aeo111ssi_display4OnTxEv)
                  00004af2    0000000c     rtsv7M4_T_le_v4SPD16_eabi.lib : copy_zero_init.obj (.text:decompress:ZI)
                  00004afe    0000000c     tm4c123gh6pm_startup_ccs.obj (.text)
                  00004b0a    0000000a     driverlib.lib : adc.obj (.text:ADCIntClear)
                  00004b14    0000000a                   : pwm.obj (.text:PWMGenIntTrigEnable)
                  00004b1e    0000000a                   : qei.obj (.text:QEIEnable)
                  00004b28    0000000a                   : ssi.obj (.text:SSIDataPut)
                  00004b32    0000000a                   : ssi.obj (.text:SSIDisable)
                  00004b3c    0000000a                   : ssi.obj (.text:SSIEnable)
                  00004b46    0000000a                   : ssi.obj (.text:SSIIntDisable)
                  00004b50    0000000a                   : ssi.obj (.text:SSIIntStatus)
                  00004b5a    0000000a                   : uart.obj (.text:UARTIntDisable)
                  00004b64    0000000a                   : uart.obj (.text:UARTIntStatus)
                  00004b6e    0000000a     aeo1_drivers.lib : ssi_display.obj (.text:_ZN4aeo114ssi_peripheral4OnRxEv)
                  00004b78    0000000a                      : ssi_drv8711.obj (.text:_ZN4aeo114ssi_peripheral4OnTxEv)
                  00004b82    00000008     driverlib.lib : pwm.obj (.text:PWMIntEnable)
                  00004b8a    00000008                   : ssi.obj (.text:SSIIntEnable)
                  00004b92    00000008                   : uart.obj (.text:UARTIntEnable)
                  00004b9a    00000008     rtsv7M4_T_le_v4SPD16_eabi.lib : delete.obj (.text)
                  00004ba2    00000006     driverlib.lib : gpio.obj (.text:GPIOPinRead)
                  00004ba8    00000006                   : gpio.obj (.text:GPIOPinWrite)
                  00004bae    00000006                   : pwm.obj (.text:PWMGenIntClear)
                  00004bb4    00000006                   : sysctl.obj (.text:SysCtlDelay)
                  00004bba    00000006                   : uart.obj (.text:UARTClockSourceSet)
                  00004bc0    00000006                   : uart.obj (.text:UARTFIFOLevelSet)
                  00004bc6    00000006     rtsv7M4_T_le_v4SPD16_eabi.lib : copy_decompress_rle.obj (.text:decompress:rle24)
                  00004bcc    00000004     driverlib.lib : qei.obj (.text:QEIPositionGet)
                  00004bd0    00000004                   : qei.obj (.text:QEIPositionSet)
                  00004bd4    00000004                   : ssi.obj (.text:SSIIntClear)
                  00004bd8    00000004                   : uart.obj (.text:UARTIntClear)
                  00004bdc    00000004     rtsv7M4_T_le_v4SPD16_eabi.lib : pre_init.obj (.text)

.const     0    00004be0    00000844     
                  00004be0    0000025e     main.obj (.const:.string)
                  00004e3e    00000002     rtsv7M4_T_le_v4SPD16_eabi.lib : typeinfo_.obj (.const:.typeinfo:_ZTSe)
                  00004e40    00000090     driverlib.lib : gpio.obj (.const:g_pui32GPIOBaseAddrs)
                  00004ed0    0000008e     aeo1_drivers.lib : alpha7segment.obj (.const:_ZN4aeo119alpha7segment_tableE)
                  00004f5e    00000002     --HOLE-- [fill = 0]
                  00004f60    00000070     driverlib.lib : interrupt.obj (.const)
                  00004fd0    0000006c                   : sysctl.obj (.const:g_pui32Xtals)
                  0000503c    00000048     aeo1_drivers.lib : ssi_drv8711.obj (.const:$P$T0$1)
                  00005084    00000030     tiva_utils.lib : ustdlib.obj (.const:g_psDaysToMonth)
                  000050b4    00000028     rtsv7M4_T_le_v4SPD16_eabi.lib : typeinfo_.obj (.const:.typeinfo:_ZTSN10__cxxabiv123__fundamental_type_infoE)
                  000050dc    00000028     aeo1_drivers.lib : ssi_display.obj (.const:_ZTVN4aeo111ssi_displayE)
                  00005104    00000028                      : ssi_drv8711.obj (.const:_ZTVN4aeo111ssi_drv8711E)
                  0000512c    00000028                      : ssi_peripheral.obj (.const:_ZTVN4aeo114ssi_peripheralE)
                  00005154    00000028     tiva_utils.lib : uartstdio.obj (.const)
                  0000517c    00000025     rtsv7M4_T_le_v4SPD16_eabi.lib : typeinfo_.obj (.const:.typeinfo:_ZTSN10__cxxabiv120__si_class_type_infoE)
                  000051a1    00000024                                   : typeinfo_.obj (.const:.typeinfo:_ZTSN10__cxxabiv119__pointer_type_infoE)
                  000051c5    00000022                                   : typeinfo_.obj (.const:.typeinfo:_ZTSN10__cxxabiv117__class_type_infoE)
                  000051e7    00000022                                   : typeinfo_.obj (.const:.typeinfo:_ZTSN10__cxxabiv117__pbase_type_infoE)
                  00005209    00000003     --HOLE-- [fill = 0]
                  0000520c    0000001c     tiva_utils.lib : ustdlib.obj (.const)
                  00005228    00000018     aeo1_drivers.lib : ssi_peripheral.obj (.const:.typeinfo:_ZTSN4aeo114ssi_peripheralE)
                  00005240    00000016                      : adc_potmeter.obj (.const:.typeinfo:_ZTSN4aeo112adc_potmeterE)
                  00005256    00000015                      : pwm_stepper.obj (.const:.typeinfo:_ZTSN4aeo111pwm_stepperE)
                  0000526b    00000015                      : ssi_display.obj (.const:.typeinfo:_ZTSN4aeo111ssi_displayE)
                  00005280    00000015                      : ssi_drv8711.obj (.const:.typeinfo:_ZTSN4aeo111ssi_drv8711E)
                  00005295    00000014                      : qei_sensor.obj (.const:.typeinfo:_ZTSN4aeo110qei_sensorE)
                  000052a9    00000012                      : ssi_display.obj (.const:.string)
                  000052bb    00000001     --HOLE-- [fill = 0]
                  000052bc    00000012     tiva_utils.lib : uartstdio.obj (.const:.string)
                  000052ce    00000002     --HOLE-- [fill = 0]
                  000052d0    00000012                    : ustdlib.obj (.const:.string)
                  000052e2    00000002     --HOLE-- [fill = 0]
                  000052e4    00000010     rtsv7M4_T_le_v4SPD16_eabi.lib : typeinfo_.obj (.const:.typeinfo:_ZTIPKe)
                  000052f4    00000010     drv8711.obj (.const:.typeinfo:_ZTSN4aeo17drv8711E)
                  00005304    00000010     rtsv7M4_T_le_v4SPD16_eabi.lib : typeinfo_.obj (.const:_ZTVN10__cxxabiv117__class_type_infoE)
                  00005314    00000010                                   : typeinfo_.obj (.const:_ZTVN10__cxxabiv119__pointer_type_infoE)
                  00005324    00000010                                   : typeinfo_.obj (.const:_ZTVN10__cxxabiv120__si_class_type_infoE)
                  00005334    00000010                                   : typeinfo_.obj (.const:_ZTVN10__cxxabiv123__fundamental_type_infoE)
                  00005344    00000010     aeo1_drivers.lib : qei_sensor.obj (.const:_ZTVN4aeo110qei_sensorE)
                  00005354    00000010                      : pwm_stepper.obj (.const:_ZTVN4aeo111pwm_stepperE)
                  00005364    00000010                      : adc_potmeter.obj (.const:_ZTVN4aeo112adc_potmeterE)
                  00005374    00000010     drv8711.obj (.const:_ZTVN4aeo17drv8711E)
                  00005384    0000000d     rtsv7M4_T_le_v4SPD16_eabi.lib : typeinfo_.obj (.const:.typeinfo:_ZTSSt9type_info)
                  00005391    00000003     --HOLE-- [fill = 0]
                  00005394    0000000c                                   : typeinfo_.obj (.const:.typeinfo:_ZTIN10__cxxabiv117__class_type_infoE)
                  000053a0    0000000c                                   : typeinfo_.obj (.const:.typeinfo:_ZTIN10__cxxabiv117__pbase_type_infoE)
                  000053ac    0000000c                                   : typeinfo_.obj (.const:.typeinfo:_ZTIN10__cxxabiv119__pointer_type_infoE)
                  000053b8    0000000c                                   : typeinfo_.obj (.const:.typeinfo:_ZTIN10__cxxabiv120__si_class_type_infoE)
                  000053c4    0000000c                                   : typeinfo_.obj (.const:.typeinfo:_ZTIN10__cxxabiv123__fundamental_type_infoE)
                  000053d0    0000000c     aeo1_drivers.lib : ssi_display.obj (.const:.typeinfo:_ZTIN4aeo111ssi_displayE)
                  000053dc    0000000c                      : ssi_drv8711.obj (.const:.typeinfo:_ZTIN4aeo111ssi_drv8711E)
                  000053e8    00000008                      : qei_sensor.obj (.const:.typeinfo:_ZTIN4aeo110qei_sensorE)
                  000053f0    00000008                      : pwm_stepper.obj (.const:.typeinfo:_ZTIN4aeo111pwm_stepperE)
                  000053f8    00000008                      : adc_potmeter.obj (.const:.typeinfo:_ZTIN4aeo112adc_potmeterE)
                  00005400    00000008                      : ssi_peripheral.obj (.const:.typeinfo:_ZTIN4aeo114ssi_peripheralE)
                  00005408    00000008     drv8711.obj (.const:.typeinfo:_ZTIN4aeo17drv8711E)
                  00005410    00000008     rtsv7M4_T_le_v4SPD16_eabi.lib : typeinfo_.obj (.const:.typeinfo:_ZTISt9type_info)
                  00005418    00000008                                   : typeinfo_.obj (.const:.typeinfo:_ZTIe)
                  00005420    00000004                                   : typeinfo_.obj (.const:.typeinfo:_ZTSPKe)

.init_array 
*          0    00005424    00000004     
                  00005424    00000004     main.obj (.init_array)

.cinit     0    00005428    00000268     
                  00005428    0000023d     (.cinit..data.load) [load image, compression = rle]
                  00005665    00000003     --HOLE-- [fill = 0]
                  00005668    0000000c     (__TI_handler_table)
                  00005674    00000004     --HOLE-- [fill = 0]
                  00005678    00000008     (.cinit..bss.load) [load image, compression = zero_init]
                  00005680    00000010     (__TI_cinit_table)

.bss       0    20000000    000006dd     UNINITIALIZED
                  20000000    00000400     tiva_utils.lib : uartstdio.obj (.bss:g_pcUARTTxBuffer)
                  20000400    000000ac     main.obj (.bss:g_oDrv8711)
                  200004ac    00000080     tiva_utils.lib : uartstdio.obj (.bss:g_pcUARTRxBuffer)
                  2000052c    00000080     main.obj (.bss:g_zInput)
                  200005ac    00000070     main.obj (.bss:g_oDialerDisplay)
                  2000061c    00000070     main.obj (.bss:g_oScaleDisplay)
                  2000068c    00000024     tiva_utils.lib : cmdline.obj (.bss:g_ppcArgv)
                  200006b0    00000020     main.obj (.bss)
                  200006d0    00000004     (.common:_ZSt16__dummy_typeinfo)
                  200006d4    00000004     (.common:__dso_handle)
                  200006d8    00000004     (.common:g_ui32PortNum)
                  200006dc    00000001     (.common:g_bDisableEcho)

.TI.noinit 
*          0    20000000    00000000     UNINITIALIZED

.data      0    200006e0    000002b4     UNINITIALIZED
                  200006e0    000000b4     main.obj (.data:g_psCmdTable)
                  20000794    000000a8     main.obj (.data:g_psRotaryMenu)
                  2000083c    00000034     aeo1_drivers.lib : ssi_peripheral.obj (.data:_ZN4aeo118SSI0_SpecificationE)
                  20000870    00000034                      : ssi_peripheral.obj (.data:_ZN4aeo118SSI1_SpecificationE)
                  200008a4    00000034                      : ssi_peripheral.obj (.data:_ZN4aeo118SSI2_SpecificationE)
                  200008d8    00000034                      : ssi_peripheral.obj (.data:_ZN4aeo118SSI3_SpecificationE)
                  2000090c    0000001d     main.obj (.data)
                  20000929    00000003     --HOLE--
                  2000092c    00000015     tiva_utils.lib : uartstdio.obj (.data)
                  20000941    00000003     --HOLE--
                  20000944    00000010     aeo1_drivers.lib : adc_potmeter.obj (.data)
                  20000954    00000010                      : ssi_peripheral.obj (.data)
                  20000964    0000000c     rtsv7M4_T_le_v4SPD16_eabi.lib : memory.obj (.data)
                  20000970    00000008                                   : _lock.obj (.data)
                  20000978    00000008                                   : exit.obj (.data)
                  20000980    00000004     aeo1_drivers.lib : pwm_stepper.obj (.data)
                  20000984    00000004                      : ssi_drv8711.obj (.data)
                  20000988    00000004     rtsv7M4_T_le_v4SPD16_eabi.lib : dtor_list.obj (.data)
                  2000098c    00000004                                   : stkdepth_vars.obj (.data)
                  20000990    00000004     tiva_utils.lib : ustdlib.obj (.data)

.TI.persistent 
*          0    200006e0    00000000     UNINITIALIZED

.stack     0    20000994    00000200     UNINITIALIZED
                  20000994    00000200     --HOLE--

.sysmem    0    20000b98    00000008     UNINITIALIZED
                  20000b98    00000008     rtsv7M4_T_le_v4SPD16_eabi.lib : memory.obj (.sysmem)


LINKER GENERATED COPY TABLES

__TI_cinit_table @ 00005680 records: 2, size/record: 8, table size: 16
	.data: load addr=00005428, load size=0000023d bytes, run addr=200006e0, run size=000002b4 bytes, compression=rle
	.bss: load addr=00005678, load size=00000008 bytes, run addr=20000000, run size=000006dd bytes, compression=zero_init


LINKER GENERATED HANDLER TABLE

__TI_handler_table @ 00005668 records: 3, size/record: 4, table size: 12
	index: 0, handler: __TI_decompress_rle24
	index: 1, handler: __TI_decompress_none
	index: 2, handler: __TI_zero_init


GLOBAL SYMBOLS: SORTED ALPHABETICALLY BY Name 

address   name                                                      
-------   ----                                                      
00004805  ADCClockConfigSet                                         
000048f5  ADCHardwareOversampleConfigure                            
00004b0b  ADCIntClear                                               
00004a09  ADCIntDisable                                             
00004997  ADCIntEnable                                              
00004731  ADCIntStatus                                              
0000481d  ADCProcessorTrigger                                       
0000464b  ADCSequenceConfigure                                      
000047ab  ADCSequenceDataGet                                        
00004a17  ADCSequenceDisable                                        
00004a25  ADCSequenceEnable                                         
00004149  ADCSequenceStepConfigure                                  
00004585  C$$EXIT                                                   
00004a87  CPUcpsid                                                  
00004a93  CPUcpsie                                                  
00004001  CmdLineProcess                                            
000049a9  FPUEnable                                                 
0000487d  FPUStackingEnable                                         
0000475f  GPIODirModeSet                                            
00004a33  GPIOIntDisable                                            
00004a9f  GPIOIntEnable                                             
00004449  GPIOIntTypeSet                                            
00003b25  GPIOPadConfigSet                                          
0000453d  GPIOPinConfigure                                          
00004ba3  GPIOPinRead                                               
00004907  GPIOPinTypeADC                                            
00004919  GPIOPinTypeGPIOInput                                      
00004835  GPIOPinTypeGPIOOutput                                     
0000492b  GPIOPinTypePWM                                            
0000493d  GPIOPinTypeQEI                                            
0000494f  GPIOPinTypeSSI                                            
00004961  GPIOPinTypeUART                                           
00004ba9  GPIOPinWrite                                              
00004315  IntDisable                                                
0000437d  IntEnable                                                 
000049b9  IntMasterDisable                                          
000049c9  IntMasterEnable                                           
00003931  OnADCInterrupt                                            
0000245d  OnGPIOBInterrupt                                          
00002479  OnGPIOEInterrupt                                          
000030dd  OnPWM1Gen1Interrupt                                       
00001f05  OnSSI0Interrupt                                           
00001f1f  OnSSI1Interrupt                                           
00001f39  OnSSI2Interrupt                                           
00001f53  OnSSI3Interrupt                                           
00004789  PWMGenConfigure                                           
00004aab  PWMGenDisable                                             
00004ab7  PWMGenEnable                                              
00004baf  PWMGenIntClear                                            
00004b15  PWMGenIntTrigEnable                                       
000049d9  PWMGenPeriodSet                                           
00004b83  PWMIntEnable                                              
00004973  PWMOutputState                                            
000047c9  PWMPulseWidthSet                                          
00004a41  QEIConfigure                                              
00004b1f  QEIEnable                                                 
00004bcd  QEIPositionGet                                            
00004bd1  QEIPositionSet                                            
00004aff  ResetISR                                                  
00005424  SHT$$INIT_ARRAY$$Base                                     
00005428  SHT$$INIT_ARRAY$$Limit                                    
00004689  SSIConfigSetExpClk                                        
00004ac3  SSIDataGet                                                
00004985  SSIDataGetNonBlocking                                     
00004b29  SSIDataPut                                                
00004a4f  SSIDataPutNonBlocking                                     
00004b33  SSIDisable                                                
00004b3d  SSIEnable                                                 
00004bd5  SSIIntClear                                               
00004b47  SSIIntDisable                                             
00004b8b  SSIIntEnable                                              
00004b51  SSIIntStatus                                              
00003c55  SysCtlClockGet                                            
00003e55  SysCtlClockSet                                            
00004bb5  SysCtlDelay                                               
00004891  SysCtlPWMClockSet                                         
000046fd  SysCtlPeripheralEnable                                    
000046c5  SysCtlPeripheralPresent                                   
000048a5  SysTickEnable                                             
000048b9  SysTickIntEnable                                          
00001c59  SysTickIntHandler                                         
000049e9  SysTickPeriodSet                                          
00004a5d  UARTCharGetNonBlocking                                    
00004a6b  UARTCharPutNonBlocking                                    
00004acf  UARTCharsAvail                                            
00004bbb  UARTClockSourceSet                                        
000045c9  UARTConfigSetExpClk                                       
000047e9  UARTDisable                                               
000015c9  UARTEchoSet                                               
000048cd  UARTEnable                                                
00004bc1  UARTFIFOLevelSet                                          
00001573  UARTFlushRx                                               
00001593  UARTFlushTx                                               
00004bd9  UARTIntClear                                              
00004b5b  UARTIntDisable                                            
00004b93  UARTIntEnable                                             
00004b65  UARTIntStatus                                             
00001519  UARTPeek                                                  
000014f7  UARTRxBytesAvail                                          
00004adb  UARTSpaceAvail                                            
00000fdd  UARTStdioConfig                                           
000015f5  UARTStdioIntHandler                                       
00001505  UARTTxBytesFree                                           
0000117f  UARTgetc                                                  
00001103  UARTgets                                                  
000014d3  UARTprintf                                                
000011d9  UARTvprintf                                               
00001063  UARTwrite                                                 
00001ced  _Z10Initializev                                           
00001999  _Z12OnMenuDialeri                                         
00001c15  _Z13ConfigureUARTv                                        
00001a27  _Z14OnNumberDialeri                                       
00001a61  _Z6OnFeedi                                                
00001ae1  _Z6OnMovei                                                
0000176b  _Z7CMD_setiPPc                                            
00001941  _Z7MNU_setiPPc                                            
00001841  _Z8CMD_diagiPPc                                           
000017b1  _Z8CMD_feediPPc                                           
000017a1  _Z8CMD_haltiPPc                                           
000018f1  _Z8CMD_helpiPPc                                           
00001791  _Z8CMD_idleiPPc                                           
000017d7  _Z8CMD_moveiPPc                                           
000018b1  _Z8CMD_stepiPPc                                           
00001805  _Z8CMD_stopiPPc                                           
00001827  _Z8CMD_textiPPc                                           
00001751  _Z8CMD_zeroiPPc                                           
0000195f  _Z8MNU_feediPPc                                           
00001975  _Z8MNU_moveiPPc                                           
00001d79  _Z8MainLoopv                                              
00001bb1  _Z8OnDialeri                                              
000018a1  _Z9CMD_noerriPPc                                          
00001891  _Z9CMD_resetiPPc                                          
00001869  _Z9CMD_sleepiPPc                                          
00003ff1  _ZN10__cxxabiv116__enum_type_infoD0Ev                     
00003fef  _ZN10__cxxabiv116__enum_type_infoD1Ev                     
00003fef  _ZN10__cxxabiv116__enum_type_infoD2Ev                     
00003fe7  _ZN10__cxxabiv117__array_type_infoD0Ev                    
00003fe5  _ZN10__cxxabiv117__array_type_infoD1Ev                    
00003fe5  _ZN10__cxxabiv117__array_type_infoD2Ev                    
00003fdd  _ZN10__cxxabiv117__class_type_infoD0Ev                    
00003fdb  _ZN10__cxxabiv117__class_type_infoD1Ev                    
00003fdb  _ZN10__cxxabiv117__class_type_infoD2Ev                    
00003fd3  _ZN10__cxxabiv117__pbase_type_infoD0Ev                    
00003fd1  _ZN10__cxxabiv117__pbase_type_infoD1Ev                    
00003fd1  _ZN10__cxxabiv117__pbase_type_infoD2Ev                    
00003fc9  _ZN10__cxxabiv119__pointer_type_infoD0Ev                  
00003fc7  _ZN10__cxxabiv119__pointer_type_infoD1Ev                  
00003fc7  _ZN10__cxxabiv119__pointer_type_infoD2Ev                  
00003fbf  _ZN10__cxxabiv120__function_type_infoD0Ev                 
00003fbd  _ZN10__cxxabiv120__function_type_infoD1Ev                 
00003fbd  _ZN10__cxxabiv120__function_type_infoD2Ev                 
00003fb5  _ZN10__cxxabiv120__si_class_type_infoD0Ev                 
00003fb3  _ZN10__cxxabiv120__si_class_type_infoD1Ev                 
00003fb3  _ZN10__cxxabiv120__si_class_type_infoD2Ev                 
00003fab  _ZN10__cxxabiv121__vmi_class_type_infoD0Ev                
00003fa9  _ZN10__cxxabiv121__vmi_class_type_infoD1Ev                
00003fa9  _ZN10__cxxabiv121__vmi_class_type_infoD2Ev                
00003fa1  _ZN10__cxxabiv123__fundamental_type_infoD0Ev              
00003f9f  _ZN10__cxxabiv123__fundamental_type_infoD1Ev              
00003f9f  _ZN10__cxxabiv123__fundamental_type_infoD2Ev              
00003f97  _ZN10__cxxabiv129__pointer_to_member_type_infoD0Ev        
00003f95  _ZN10__cxxabiv129__pointer_to_member_type_infoD1Ev        
00003f95  _ZN10__cxxabiv129__pointer_to_member_type_infoD2Ev        
00003449  _ZN4aeo110qei_sensor10InitializeEv                        
00003473  _ZN4aeo110qei_sensor3GetEv                                
000034d9  _ZN4aeo110qei_sensor3SetEi                                
0000350f  _ZN4aeo110qei_sensor4DiagEv                               
000034ff  _ZN4aeo110qei_sensor4ZeroEv                               
0000349b  _ZN4aeo110qei_sensor8GetIndexEv                           
000033ed  _ZN4aeo110qei_sensorC1ENS0_9device_idENS0_13configurationE
000033ed  _ZN4aeo110qei_sensorC2ENS0_9device_idENS0_13configurationE
00003433  _ZN4aeo110qei_sensorD0Ev                                  
00003427  _ZN4aeo110qei_sensorD1Ev                                  
00003427  _ZN4aeo110qei_sensorD2Ev                                  
00003153  _ZN4aeo111pwm_stepper10InitializeEv                       
00003277  _ZN4aeo111pwm_stepper11OnInterruptEv                      
000031c5  _ZN4aeo111pwm_stepper4DiagEv                              
000031f1  _ZN4aeo111pwm_stepper4MoveEj                              
00003249  _ZN4aeo111pwm_stepper4StopEb                              
000030f9  _ZN4aeo111pwm_stepperC1Ev                                 
000030f9  _ZN4aeo111pwm_stepperC2Ev                                 
0000313d  _ZN4aeo111pwm_stepperD0Ev                                 
00003131  _ZN4aeo111pwm_stepperD1Ev                                 
00003131  _ZN4aeo111pwm_stepperD2Ev                                 
00003713  _ZN4aeo111ssi_display10InitializeEv                       
000038ad  _ZN4aeo111ssi_display14Digit2SegmentsEjjb                 
0000380f  _ZN4aeo111ssi_display3SetEPKc                             
00003731  _ZN4aeo111ssi_display3SetEii                              
0000371f  _ZN4aeo111ssi_display4DiagEv                              
00004ae7  _ZN4aeo111ssi_display4OnTxEv                              
000036cd  _ZN4aeo111ssi_displayC1ENS_14ssi_peripheral9device_idE    
000036cd  _ZN4aeo111ssi_displayC2ENS_14ssi_peripheral9device_idE    
000036fd  _ZN4aeo111ssi_displayD0Ev                                 
000036ef  _ZN4aeo111ssi_displayD1Ev                                 
000036ef  _ZN4aeo111ssi_displayD2Ev                                 
000024df  _ZN4aeo111ssi_drv871110InitializeEv                       
00002639  _ZN4aeo111ssi_drv871111PrintStatusEj                      
00002715  _ZN4aeo111ssi_drv871115OnGpioInterruptENS0_5EventE        
000025ab  _ZN4aeo111ssi_drv87114DiagEv                              
0000276f  _ZN4aeo111ssi_drv87114ReadEj                              
000026d9  _ZN4aeo111ssi_drv87115ResetEv                             
000026b5  _ZN4aeo111ssi_drv87115SleepEb                             
000027d1  _ZN4aeo111ssi_drv87115WriteEjj                            
00002495  _ZN4aeo111ssi_drv8711C1Ev                                 
00002495  _ZN4aeo111ssi_drv8711C2Ev                                 
000024c9  _ZN4aeo111ssi_drv8711D0Ev                                 
000024bb  _ZN4aeo111ssi_drv8711D1Ev                                 
000024bb  _ZN4aeo111ssi_drv8711D2Ev                                 
0000399b  _ZN4aeo112adc_potmeter10InitializeEv                      
20000944  _ZN4aeo112adc_potmeter10m_nCounterE                       
00003a17  _ZN4aeo112adc_potmeter11OnInterruptEv                     
2000094c  _ZN4aeo112adc_potmeter14m_nReadCounterE                   
00003ac1  _ZN4aeo112adc_potmeter15GetErrorCounterEv                 
20000948  _ZN4aeo112adc_potmeter15m_nErrorCounterE                  
20000950  _ZN4aeo112adc_potmeter16m_pTheOneAndOnlyE                 
00003ad9  _ZN4aeo112adc_potmeter4DiagEv                             
00003a93  _ZN4aeo112adc_potmeter7TriggerEv                          
00003aa1  _ZN4aeo112adc_potmeter8GetValueEv                         
000039fb  _ZN4aeo112adc_potmeter9TerminateEv                        
00003943  _ZN4aeo112adc_potmeterC1Ev                                
00003943  _ZN4aeo112adc_potmeterC2Ev                                
00003985  _ZN4aeo112adc_potmeterD0Ev                                
00003961  _ZN4aeo112adc_potmeterD1Ev                                
00003961  _ZN4aeo112adc_potmeterD2Ev                                
000043e5  _ZN4aeo113Alpha7SegmentEc                                 
00002039  _ZN4aeo114ssi_peripheral10InitializeEv                    
00002337  _ZN4aeo114ssi_peripheral10LoadTxFIFOEv                    
00002181  _ZN4aeo114ssi_peripheral11OnInterruptEv                   
0000236d  _ZN4aeo114ssi_peripheral12UnloadRxFIFOEv                  
0000231f  _ZN4aeo114ssi_peripheral3GetEv                            
0000230b  _ZN4aeo114ssi_peripheral3PutEj                            
00002221  _ZN4aeo114ssi_peripheral4DiagEv                           
00004b6f  _ZN4aeo114ssi_peripheral4OnRxEv                           
00004b79  _ZN4aeo114ssi_peripheral4OnTxEv                           
000022af  _ZN4aeo114ssi_peripheral9TerminateEv                      
00001f6d  _ZN4aeo114ssi_peripheralC1ENS0_9device_idEjb              
00001f6d  _ZN4aeo114ssi_peripheralC2ENS0_9device_idEjb              
00002023  _ZN4aeo114ssi_peripheralD0Ev                              
0000200f  _ZN4aeo114ssi_peripheralD1Ev                              
0000200f  _ZN4aeo114ssi_peripheralD2Ev                              
2000083c  _ZN4aeo118SSI0_SpecificationE                             
20000870  _ZN4aeo118SSI1_SpecificationE                             
200008a4  _ZN4aeo118SSI2_SpecificationE                             
200008d8  _ZN4aeo118SSI3_SpecificationE                             
00002d55  _ZN4aeo17drv871110InitializeEv                            
00002e8d  _ZN4aeo17drv871110SetDefaultEv                            
00002fed  _ZN4aeo17drv871111ClearFaultsEv                           
00003019  _ZN4aeo17drv871116ReadAllRegistersEv                      
00002f2b  _ZN4aeo17drv87114DiagEv                                   
00002dd3  _ZN4aeo17drv87114FeedEi                                   
00002da5  _ZN4aeo17drv87114HaltEv                                   
00002d79  _ZN4aeo17drv87114IdleEv                                   
00002de3  _ZN4aeo17drv87114MoveEi                                   
00002f4d  _ZN4aeo17drv87114StepEjb                                  
00002f01  _ZN4aeo17drv87114StopEb                                   
00003005  _ZN4aeo17drv87115ResetEv                                  
00002fbf  _ZN4aeo17drv87115SleepEb                                  
00002e5f  _ZN4aeo17drv87119SetTorqueEj                              
00002d09  _ZN4aeo17drv8711C1Ev                                      
00002d09  _ZN4aeo17drv8711C2Ev                                      
00002d3f  _ZN4aeo17drv8711D0Ev                                      
00002d27  _ZN4aeo17drv8711D1Ev                                      
00002d27  _ZN4aeo17drv8711D2Ev                                      
000049f9  _ZNK4aeo114ssi_peripheral7IsEmptyEv                       
00003f57  _ZNKSt9type_info4nameEv                                   
00003f87  _ZNKSt9type_info6beforeERKS_                              
00003f71  _ZNKSt9type_infoeqERKS_                                   
00003f5b  _ZNKSt9type_infoneERKS_                                   
00003f4f  _ZNSt9type_infoD0Ev                                       
00003f4d  _ZNSt9type_infoD1Ev                                       
00003f4d  _ZNSt9type_infoD2Ev                                       
200006d0  _ZSt16__dummy_typeinfo                                    
00003f45  _ZSt21__gen_dummy_typeinfosv                              
00005394  _ZTIN10__cxxabiv117__class_type_infoE                     
000053a0  _ZTIN10__cxxabiv117__pbase_type_infoE                     
000053ac  _ZTIN10__cxxabiv119__pointer_type_infoE                   
000053b8  _ZTIN10__cxxabiv120__si_class_type_infoE                  
000053c4  _ZTIN10__cxxabiv123__fundamental_type_infoE               
000053e8  _ZTIN4aeo110qei_sensorE                                   
000053f0  _ZTIN4aeo111pwm_stepperE                                  
000053d0  _ZTIN4aeo111ssi_displayE                                  
000053dc  _ZTIN4aeo111ssi_drv8711E                                  
000053f8  _ZTIN4aeo112adc_potmeterE                                 
00005400  _ZTIN4aeo114ssi_peripheralE                               
00005408  _ZTIN4aeo17drv8711E                                       
000052e4  _ZTIPKe                                                   
00005410  _ZTISt9type_info                                          
00005418  _ZTIe                                                     
000051c5  _ZTSN10__cxxabiv117__class_type_infoE                     
000051e7  _ZTSN10__cxxabiv117__pbase_type_infoE                     
000051a1  _ZTSN10__cxxabiv119__pointer_type_infoE                   
0000517c  _ZTSN10__cxxabiv120__si_class_type_infoE                  
000050b4  _ZTSN10__cxxabiv123__fundamental_type_infoE               
00005295  _ZTSN4aeo110qei_sensorE                                   
00005256  _ZTSN4aeo111pwm_stepperE                                  
0000526b  _ZTSN4aeo111ssi_displayE                                  
00005280  _ZTSN4aeo111ssi_drv8711E                                  
00005240  _ZTSN4aeo112adc_potmeterE                                 
00005228  _ZTSN4aeo114ssi_peripheralE                               
000052f4  _ZTSN4aeo17drv8711E                                       
00005420  _ZTSPKe                                                   
00005384  _ZTSSt9type_info                                          
00004e3e  _ZTSe                                                     
00005304  _ZTVN10__cxxabiv117__class_type_infoE                     
00005314  _ZTVN10__cxxabiv119__pointer_type_infoE                   
00005324  _ZTVN10__cxxabiv120__si_class_type_infoE                  
00005334  _ZTVN10__cxxabiv123__fundamental_type_infoE               
00005344  _ZTVN4aeo110qei_sensorE                                   
00005354  _ZTVN4aeo111pwm_stepperE                                  
000050dc  _ZTVN4aeo111ssi_displayE                                  
00005104  _ZTVN4aeo111ssi_drv8711E                                  
00005364  _ZTVN4aeo112adc_potmeterE                                 
0000512c  _ZTVN4aeo114ssi_peripheralE                               
00005374  _ZTVN4aeo17drv8711E                                       
00004b9b  _ZdlPv                                                    
20000b94  __STACK_END                                               
00000200  __STACK_SIZE                                              
20000b94  __STACK_TOP                                               
00000008  __SYSMEM_SIZE                                             
00005680  __TI_CINIT_Base                                           
00005690  __TI_CINIT_Limit                                          
00005668  __TI_Handler_Table_Base                                   
00005674  __TI_Handler_Table_Limit                                  
0000423d  __TI_auto_init                                            
20000978  __TI_cleanup_ptr                                          
00004a79  __TI_decompress_none                                      
00004bc7  __TI_decompress_rle24                                     
2000097c  __TI_dtors_ptr                                            
00000000  __TI_static_base__                                        
00004af3  __TI_zero_init                                            
00003db7  __aeabi_atexit                                            
00004313  __aeabi_idiv0                                             
000041c3  __aeabi_memclr                                            
000041c3  __aeabi_memclr4                                           
000041c3  __aeabi_memclr8                                           
000040ad  __aeabi_memcpy                                            
000040ad  __aeabi_memcpy4                                           
000040ad  __aeabi_memcpy8                                           
000041c5  __aeabi_memset                                            
000041c5  __aeabi_memset4                                           
000041c5  __aeabi_memset8                                           
0000460b  __aeabi_uidiv                                             
0000460b  __aeabi_uidivmod                                          
ffffffff  __binit__                                                 
ffffffff  __c_args__                                                
00003dfb  __cxa_atexit                                              
00003d61  __cxa_finalize                                            
00003da3  __cxa_ia64_exit                                           
200006d4  __dso_handle                                              
20000994  __stack                                                   
00001de7  __sti___8_main_cpp_1c94e432                               
0000484d  _args_main                                                
000044a1  _c_int00                                                  
20000970  _lock                                                     
000048ef  _nop                                                      
000048e7  _register_lock                                            
000048e1  _register_unlock                                          
20000b98  _sys_memory                                               
00004bdd  _system_pre_init                                          
20000974  _unlock                                                   
00004589  abort                                                     
00003da9  atexit                                                    
ffffffff  binit                                                     
00002cd5  calloc                                                    
000044f1  copy_in                                                   
00004591  exit                                                      
00002a23  free                                                      
200005ac  g_oDialerDisplay                                          
20000400  g_oDrv8711                                                
200006c0  g_oLinearScale                                            
200006b0  g_oRotaryDialer                                           
2000061c  g_oScaleDisplay                                           
00000000  g_pfnVectors                                              
200006e0  g_psCmdTable                                              
20000794  g_psRotaryMenu                                            
00001dd5  main                                                      
2000098c  main_func_sp                                              
000029bb  malloc                                                    
00002bf1  memalign                                                  
000040ad  memcpy                                                    
000041cb  memset                                                    
0000292d  minit                                                     
00002ae5  realloc                                                   
00004865  strcmp                                                    
00000751  ulocaltime                                                
0000094f  umktime                                                   
00000ec9  urand                                                     
00000721  usnprintf                                                 
000006ef  usprintf                                                  
00000eb9  usrand                                                    
00000e31  ustrcasecmp                                               
00000ea5  ustrcmp                                                   
00000d35  ustrlen                                                   
00000d8d  ustrncasecmp                                              
00000e45  ustrncmp                                                  
0000026d  ustrncpy                                                  
00000d57  ustrstr                                                   
00000afd  ustrtof                                                   
000009c5  ustrtoul                                                  
000002c5  uvsnprintf                                                


GLOBAL SYMBOLS: SORTED BY Symbol Address 

address   name                                                      
-------   ----                                                      
00000000  __TI_static_base__                                        
00000000  g_pfnVectors                                              
00000008  __SYSMEM_SIZE                                             
00000200  __STACK_SIZE                                              
0000026d  ustrncpy                                                  
000002c5  uvsnprintf                                                
000006ef  usprintf                                                  
00000721  usnprintf                                                 
00000751  ulocaltime                                                
0000094f  umktime                                                   
000009c5  ustrtoul                                                  
00000afd  ustrtof                                                   
00000d35  ustrlen                                                   
00000d57  ustrstr                                                   
00000d8d  ustrncasecmp                                              
00000e31  ustrcasecmp                                               
00000e45  ustrncmp                                                  
00000ea5  ustrcmp                                                   
00000eb9  usrand                                                    
00000ec9  urand                                                     
00000fdd  UARTStdioConfig                                           
00001063  UARTwrite                                                 
00001103  UARTgets                                                  
0000117f  UARTgetc                                                  
000011d9  UARTvprintf                                               
000014d3  UARTprintf                                                
000014f7  UARTRxBytesAvail                                          
00001505  UARTTxBytesFree                                           
00001519  UARTPeek                                                  
00001573  UARTFlushRx                                               
00001593  UARTFlushTx                                               
000015c9  UARTEchoSet                                               
000015f5  UARTStdioIntHandler                                       
00001751  _Z8CMD_zeroiPPc                                           
0000176b  _Z7CMD_setiPPc                                            
00001791  _Z8CMD_idleiPPc                                           
000017a1  _Z8CMD_haltiPPc                                           
000017b1  _Z8CMD_feediPPc                                           
000017d7  _Z8CMD_moveiPPc                                           
00001805  _Z8CMD_stopiPPc                                           
00001827  _Z8CMD_textiPPc                                           
00001841  _Z8CMD_diagiPPc                                           
00001869  _Z9CMD_sleepiPPc                                          
00001891  _Z9CMD_resetiPPc                                          
000018a1  _Z9CMD_noerriPPc                                          
000018b1  _Z8CMD_stepiPPc                                           
000018f1  _Z8CMD_helpiPPc                                           
00001941  _Z7MNU_setiPPc                                            
0000195f  _Z8MNU_feediPPc                                           
00001975  _Z8MNU_moveiPPc                                           
00001999  _Z12OnMenuDialeri                                         
00001a27  _Z14OnNumberDialeri                                       
00001a61  _Z6OnFeedi                                                
00001ae1  _Z6OnMovei                                                
00001bb1  _Z8OnDialeri                                              
00001c15  _Z13ConfigureUARTv                                        
00001c59  SysTickIntHandler                                         
00001ced  _Z10Initializev                                           
00001d79  _Z8MainLoopv                                              
00001dd5  main                                                      
00001de7  __sti___8_main_cpp_1c94e432                               
00001f05  OnSSI0Interrupt                                           
00001f1f  OnSSI1Interrupt                                           
00001f39  OnSSI2Interrupt                                           
00001f53  OnSSI3Interrupt                                           
00001f6d  _ZN4aeo114ssi_peripheralC1ENS0_9device_idEjb              
00001f6d  _ZN4aeo114ssi_peripheralC2ENS0_9device_idEjb              
0000200f  _ZN4aeo114ssi_peripheralD1Ev                              
0000200f  _ZN4aeo114ssi_peripheralD2Ev                              
00002023  _ZN4aeo114ssi_peripheralD0Ev                              
00002039  _ZN4aeo114ssi_peripheral10InitializeEv                    
00002181  _ZN4aeo114ssi_peripheral11OnInterruptEv                   
00002221  _ZN4aeo114ssi_peripheral4DiagEv                           
000022af  _ZN4aeo114ssi_peripheral9TerminateEv                      
0000230b  _ZN4aeo114ssi_peripheral3PutEj                            
0000231f  _ZN4aeo114ssi_peripheral3GetEv                            
00002337  _ZN4aeo114ssi_peripheral10LoadTxFIFOEv                    
0000236d  _ZN4aeo114ssi_peripheral12UnloadRxFIFOEv                  
0000245d  OnGPIOBInterrupt                                          
00002479  OnGPIOEInterrupt                                          
00002495  _ZN4aeo111ssi_drv8711C1Ev                                 
00002495  _ZN4aeo111ssi_drv8711C2Ev                                 
000024bb  _ZN4aeo111ssi_drv8711D1Ev                                 
000024bb  _ZN4aeo111ssi_drv8711D2Ev                                 
000024c9  _ZN4aeo111ssi_drv8711D0Ev                                 
000024df  _ZN4aeo111ssi_drv871110InitializeEv                       
000025ab  _ZN4aeo111ssi_drv87114DiagEv                              
00002639  _ZN4aeo111ssi_drv871111PrintStatusEj                      
000026b5  _ZN4aeo111ssi_drv87115SleepEb                             
000026d9  _ZN4aeo111ssi_drv87115ResetEv                             
00002715  _ZN4aeo111ssi_drv871115OnGpioInterruptENS0_5EventE        
0000276f  _ZN4aeo111ssi_drv87114ReadEj                              
000027d1  _ZN4aeo111ssi_drv87115WriteEjj                            
0000292d  minit                                                     
000029bb  malloc                                                    
00002a23  free                                                      
00002ae5  realloc                                                   
00002bf1  memalign                                                  
00002cd5  calloc                                                    
00002d09  _ZN4aeo17drv8711C1Ev                                      
00002d09  _ZN4aeo17drv8711C2Ev                                      
00002d27  _ZN4aeo17drv8711D1Ev                                      
00002d27  _ZN4aeo17drv8711D2Ev                                      
00002d3f  _ZN4aeo17drv8711D0Ev                                      
00002d55  _ZN4aeo17drv871110InitializeEv                            
00002d79  _ZN4aeo17drv87114IdleEv                                   
00002da5  _ZN4aeo17drv87114HaltEv                                   
00002dd3  _ZN4aeo17drv87114FeedEi                                   
00002de3  _ZN4aeo17drv87114MoveEi                                   
00002e5f  _ZN4aeo17drv87119SetTorqueEj                              
00002e8d  _ZN4aeo17drv871110SetDefaultEv                            
00002f01  _ZN4aeo17drv87114StopEb                                   
00002f2b  _ZN4aeo17drv87114DiagEv                                   
00002f4d  _ZN4aeo17drv87114StepEjb                                  
00002fbf  _ZN4aeo17drv87115SleepEb                                  
00002fed  _ZN4aeo17drv871111ClearFaultsEv                           
00003005  _ZN4aeo17drv87115ResetEv                                  
00003019  _ZN4aeo17drv871116ReadAllRegistersEv                      
000030dd  OnPWM1Gen1Interrupt                                       
000030f9  _ZN4aeo111pwm_stepperC1Ev                                 
000030f9  _ZN4aeo111pwm_stepperC2Ev                                 
00003131  _ZN4aeo111pwm_stepperD1Ev                                 
00003131  _ZN4aeo111pwm_stepperD2Ev                                 
0000313d  _ZN4aeo111pwm_stepperD0Ev                                 
00003153  _ZN4aeo111pwm_stepper10InitializeEv                       
000031c5  _ZN4aeo111pwm_stepper4DiagEv                              
000031f1  _ZN4aeo111pwm_stepper4MoveEj                              
00003249  _ZN4aeo111pwm_stepper4StopEb                              
00003277  _ZN4aeo111pwm_stepper11OnInterruptEv                      
000033ed  _ZN4aeo110qei_sensorC1ENS0_9device_idENS0_13configurationE
000033ed  _ZN4aeo110qei_sensorC2ENS0_9device_idENS0_13configurationE
00003427  _ZN4aeo110qei_sensorD1Ev                                  
00003427  _ZN4aeo110qei_sensorD2Ev                                  
00003433  _ZN4aeo110qei_sensorD0Ev                                  
00003449  _ZN4aeo110qei_sensor10InitializeEv                        
00003473  _ZN4aeo110qei_sensor3GetEv                                
0000349b  _ZN4aeo110qei_sensor8GetIndexEv                           
000034d9  _ZN4aeo110qei_sensor3SetEi                                
000034ff  _ZN4aeo110qei_sensor4ZeroEv                               
0000350f  _ZN4aeo110qei_sensor4DiagEv                               
000036cd  _ZN4aeo111ssi_displayC1ENS_14ssi_peripheral9device_idE    
000036cd  _ZN4aeo111ssi_displayC2ENS_14ssi_peripheral9device_idE    
000036ef  _ZN4aeo111ssi_displayD1Ev                                 
000036ef  _ZN4aeo111ssi_displayD2Ev                                 
000036fd  _ZN4aeo111ssi_displayD0Ev                                 
00003713  _ZN4aeo111ssi_display10InitializeEv                       
0000371f  _ZN4aeo111ssi_display4DiagEv                              
00003731  _ZN4aeo111ssi_display3SetEii                              
0000380f  _ZN4aeo111ssi_display3SetEPKc                             
000038ad  _ZN4aeo111ssi_display14Digit2SegmentsEjjb                 
00003931  OnADCInterrupt                                            
00003943  _ZN4aeo112adc_potmeterC1Ev                                
00003943  _ZN4aeo112adc_potmeterC2Ev                                
00003961  _ZN4aeo112adc_potmeterD1Ev                                
00003961  _ZN4aeo112adc_potmeterD2Ev                                
00003985  _ZN4aeo112adc_potmeterD0Ev                                
0000399b  _ZN4aeo112adc_potmeter10InitializeEv                      
000039fb  _ZN4aeo112adc_potmeter9TerminateEv                        
00003a17  _ZN4aeo112adc_potmeter11OnInterruptEv                     
00003a93  _ZN4aeo112adc_potmeter7TriggerEv                          
00003aa1  _ZN4aeo112adc_potmeter8GetValueEv                         
00003ac1  _ZN4aeo112adc_potmeter15GetErrorCounterEv                 
00003ad9  _ZN4aeo112adc_potmeter4DiagEv                             
00003b25  GPIOPadConfigSet                                          
00003c55  SysCtlClockGet                                            
00003d61  __cxa_finalize                                            
00003da3  __cxa_ia64_exit                                           
00003da9  atexit                                                    
00003db7  __aeabi_atexit                                            
00003dfb  __cxa_atexit                                              
00003e55  SysCtlClockSet                                            
00003f45  _ZSt21__gen_dummy_typeinfosv                              
00003f4d  _ZNSt9type_infoD1Ev                                       
00003f4d  _ZNSt9type_infoD2Ev                                       
00003f4f  _ZNSt9type_infoD0Ev                                       
00003f57  _ZNKSt9type_info4nameEv                                   
00003f5b  _ZNKSt9type_infoneERKS_                                   
00003f71  _ZNKSt9type_infoeqERKS_                                   
00003f87  _ZNKSt9type_info6beforeERKS_                              
00003f95  _ZN10__cxxabiv129__pointer_to_member_type_infoD1Ev        
00003f95  _ZN10__cxxabiv129__pointer_to_member_type_infoD2Ev        
00003f97  _ZN10__cxxabiv129__pointer_to_member_type_infoD0Ev        
00003f9f  _ZN10__cxxabiv123__fundamental_type_infoD1Ev              
00003f9f  _ZN10__cxxabiv123__fundamental_type_infoD2Ev              
00003fa1  _ZN10__cxxabiv123__fundamental_type_infoD0Ev              
00003fa9  _ZN10__cxxabiv121__vmi_class_type_infoD1Ev                
00003fa9  _ZN10__cxxabiv121__vmi_class_type_infoD2Ev                
00003fab  _ZN10__cxxabiv121__vmi_class_type_infoD0Ev                
00003fb3  _ZN10__cxxabiv120__si_class_type_infoD1Ev                 
00003fb3  _ZN10__cxxabiv120__si_class_type_infoD2Ev                 
00003fb5  _ZN10__cxxabiv120__si_class_type_infoD0Ev                 
00003fbd  _ZN10__cxxabiv120__function_type_infoD1Ev                 
00003fbd  _ZN10__cxxabiv120__function_type_infoD2Ev                 
00003fbf  _ZN10__cxxabiv120__function_type_infoD0Ev                 
00003fc7  _ZN10__cxxabiv119__pointer_type_infoD1Ev                  
00003fc7  _ZN10__cxxabiv119__pointer_type_infoD2Ev                  
00003fc9  _ZN10__cxxabiv119__pointer_type_infoD0Ev                  
00003fd1  _ZN10__cxxabiv117__pbase_type_infoD1Ev                    
00003fd1  _ZN10__cxxabiv117__pbase_type_infoD2Ev                    
00003fd3  _ZN10__cxxabiv117__pbase_type_infoD0Ev                    
00003fdb  _ZN10__cxxabiv117__class_type_infoD1Ev                    
00003fdb  _ZN10__cxxabiv117__class_type_infoD2Ev                    
00003fdd  _ZN10__cxxabiv117__class_type_infoD0Ev                    
00003fe5  _ZN10__cxxabiv117__array_type_infoD1Ev                    
00003fe5  _ZN10__cxxabiv117__array_type_infoD2Ev                    
00003fe7  _ZN10__cxxabiv117__array_type_infoD0Ev                    
00003fef  _ZN10__cxxabiv116__enum_type_infoD1Ev                     
00003fef  _ZN10__cxxabiv116__enum_type_infoD2Ev                     
00003ff1  _ZN10__cxxabiv116__enum_type_infoD0Ev                     
00004001  CmdLineProcess                                            
000040ad  __aeabi_memcpy                                            
000040ad  __aeabi_memcpy4                                           
000040ad  __aeabi_memcpy8                                           
000040ad  memcpy                                                    
00004149  ADCSequenceStepConfigure                                  
000041c3  __aeabi_memclr                                            
000041c3  __aeabi_memclr4                                           
000041c3  __aeabi_memclr8                                           
000041c5  __aeabi_memset                                            
000041c5  __aeabi_memset4                                           
000041c5  __aeabi_memset8                                           
000041cb  memset                                                    
0000423d  __TI_auto_init                                            
00004313  __aeabi_idiv0                                             
00004315  IntDisable                                                
0000437d  IntEnable                                                 
000043e5  _ZN4aeo113Alpha7SegmentEc                                 
00004449  GPIOIntTypeSet                                            
000044a1  _c_int00                                                  
000044f1  copy_in                                                   
0000453d  GPIOPinConfigure                                          
00004585  C$$EXIT                                                   
00004589  abort                                                     
00004591  exit                                                      
000045c9  UARTConfigSetExpClk                                       
0000460b  __aeabi_uidiv                                             
0000460b  __aeabi_uidivmod                                          
0000464b  ADCSequenceConfigure                                      
00004689  SSIConfigSetExpClk                                        
000046c5  SysCtlPeripheralPresent                                   
000046fd  SysCtlPeripheralEnable                                    
00004731  ADCIntStatus                                              
0000475f  GPIODirModeSet                                            
00004789  PWMGenConfigure                                           
000047ab  ADCSequenceDataGet                                        
000047c9  PWMPulseWidthSet                                          
000047e9  UARTDisable                                               
00004805  ADCClockConfigSet                                         
0000481d  ADCProcessorTrigger                                       
00004835  GPIOPinTypeGPIOOutput                                     
0000484d  _args_main                                                
00004865  strcmp                                                    
0000487d  FPUStackingEnable                                         
00004891  SysCtlPWMClockSet                                         
000048a5  SysTickEnable                                             
000048b9  SysTickIntEnable                                          
000048cd  UARTEnable                                                
000048e1  _register_unlock                                          
000048e7  _register_lock                                            
000048ef  _nop                                                      
000048f5  ADCHardwareOversampleConfigure                            
00004907  GPIOPinTypeADC                                            
00004919  GPIOPinTypeGPIOInput                                      
0000492b  GPIOPinTypePWM                                            
0000493d  GPIOPinTypeQEI                                            
0000494f  GPIOPinTypeSSI                                            
00004961  GPIOPinTypeUART                                           
00004973  PWMOutputState                                            
00004985  SSIDataGetNonBlocking                                     
00004997  ADCIntEnable                                              
000049a9  FPUEnable                                                 
000049b9  IntMasterDisable                                          
000049c9  IntMasterEnable                                           
000049d9  PWMGenPeriodSet                                           
000049e9  SysTickPeriodSet                                          
000049f9  _ZNK4aeo114ssi_peripheral7IsEmptyEv                       
00004a09  ADCIntDisable                                             
00004a17  ADCSequenceDisable                                        
00004a25  ADCSequenceEnable                                         
00004a33  GPIOIntDisable                                            
00004a41  QEIConfigure                                              
00004a4f  SSIDataPutNonBlocking                                     
00004a5d  UARTCharGetNonBlocking                                    
00004a6b  UARTCharPutNonBlocking                                    
00004a79  __TI_decompress_none                                      
00004a87  CPUcpsid                                                  
00004a93  CPUcpsie                                                  
00004a9f  GPIOIntEnable                                             
00004aab  PWMGenDisable                                             
00004ab7  PWMGenEnable                                              
00004ac3  SSIDataGet                                                
00004acf  UARTCharsAvail                                            
00004adb  UARTSpaceAvail                                            
00004ae7  _ZN4aeo111ssi_display4OnTxEv                              
00004af3  __TI_zero_init                                            
00004aff  ResetISR                                                  
00004b0b  ADCIntClear                                               
00004b15  PWMGenIntTrigEnable                                       
00004b1f  QEIEnable                                                 
00004b29  SSIDataPut                                                
00004b33  SSIDisable                                                
00004b3d  SSIEnable                                                 
00004b47  SSIIntDisable                                             
00004b51  SSIIntStatus                                              
00004b5b  UARTIntDisable                                            
00004b65  UARTIntStatus                                             
00004b6f  _ZN4aeo114ssi_peripheral4OnRxEv                           
00004b79  _ZN4aeo114ssi_peripheral4OnTxEv                           
00004b83  PWMIntEnable                                              
00004b8b  SSIIntEnable                                              
00004b93  UARTIntEnable                                             
00004b9b  _ZdlPv                                                    
00004ba3  GPIOPinRead                                               
00004ba9  GPIOPinWrite                                              
00004baf  PWMGenIntClear                                            
00004bb5  SysCtlDelay                                               
00004bbb  UARTClockSourceSet                                        
00004bc1  UARTFIFOLevelSet                                          
00004bc7  __TI_decompress_rle24                                     
00004bcd  QEIPositionGet                                            
00004bd1  QEIPositionSet                                            
00004bd5  SSIIntClear                                               
00004bd9  UARTIntClear                                              
00004bdd  _system_pre_init                                          
00004e3e  _ZTSe                                                     
000050b4  _ZTSN10__cxxabiv123__fundamental_type_infoE               
000050dc  _ZTVN4aeo111ssi_displayE                                  
00005104  _ZTVN4aeo111ssi_drv8711E                                  
0000512c  _ZTVN4aeo114ssi_peripheralE                               
0000517c  _ZTSN10__cxxabiv120__si_class_type_infoE                  
000051a1  _ZTSN10__cxxabiv119__pointer_type_infoE                   
000051c5  _ZTSN10__cxxabiv117__class_type_infoE                     
000051e7  _ZTSN10__cxxabiv117__pbase_type_infoE                     
00005228  _ZTSN4aeo114ssi_peripheralE                               
00005240  _ZTSN4aeo112adc_potmeterE                                 
00005256  _ZTSN4aeo111pwm_stepperE                                  
0000526b  _ZTSN4aeo111ssi_displayE                                  
00005280  _ZTSN4aeo111ssi_drv8711E                                  
00005295  _ZTSN4aeo110qei_sensorE                                   
000052e4  _ZTIPKe                                                   
000052f4  _ZTSN4aeo17drv8711E                                       
00005304  _ZTVN10__cxxabiv117__class_type_infoE                     
00005314  _ZTVN10__cxxabiv119__pointer_type_infoE                   
00005324  _ZTVN10__cxxabiv120__si_class_type_infoE                  
00005334  _ZTVN10__cxxabiv123__fundamental_type_infoE               
00005344  _ZTVN4aeo110qei_sensorE                                   
00005354  _ZTVN4aeo111pwm_stepperE                                  
00005364  _ZTVN4aeo112adc_potmeterE                                 
00005374  _ZTVN4aeo17drv8711E                                       
00005384  _ZTSSt9type_info                                          
00005394  _ZTIN10__cxxabiv117__class_type_infoE                     
000053a0  _ZTIN10__cxxabiv117__pbase_type_infoE                     
000053ac  _ZTIN10__cxxabiv119__pointer_type_infoE                   
000053b8  _ZTIN10__cxxabiv120__si_class_type_infoE                  
000053c4  _ZTIN10__cxxabiv123__fundamental_type_infoE               
000053d0  _ZTIN4aeo111ssi_displayE                                  
000053dc  _ZTIN4aeo111ssi_drv8711E                                  
000053e8  _ZTIN4aeo110qei_sensorE                                   
000053f0  _ZTIN4aeo111pwm_stepperE                                  
000053f8  _ZTIN4aeo112adc_potmeterE                                 
00005400  _ZTIN4aeo114ssi_peripheralE                               
00005408  _ZTIN4aeo17drv8711E                                       
00005410  _ZTISt9type_info                                          
00005418  _ZTIe                                                     
00005420  _ZTSPKe                                                   
00005424  SHT$$INIT_ARRAY$$Base                                     
00005428  SHT$$INIT_ARRAY$$Limit                                    
00005668  __TI_Handler_Table_Base                                   
00005674  __TI_Handler_Table_Limit                                  
00005680  __TI_CINIT_Base                                           
00005690  __TI_CINIT_Limit                                          
20000400  g_oDrv8711                                                
200005ac  g_oDialerDisplay                                          
2000061c  g_oScaleDisplay                                           
200006b0  g_oRotaryDialer                                           
200006c0  g_oLinearScale                                            
200006d0  _ZSt16__dummy_typeinfo                                    
200006d4  __dso_handle                                              
200006e0  g_psCmdTable                                              
20000794  g_psRotaryMenu                                            
2000083c  _ZN4aeo118SSI0_SpecificationE                             
20000870  _ZN4aeo118SSI1_SpecificationE                             
200008a4  _ZN4aeo118SSI2_SpecificationE                             
200008d8  _ZN4aeo118SSI3_SpecificationE                             
20000944  _ZN4aeo112adc_potmeter10m_nCounterE                       
20000948  _ZN4aeo112adc_potmeter15m_nErrorCounterE                  
2000094c  _ZN4aeo112adc_potmeter14m_nReadCounterE                   
20000950  _ZN4aeo112adc_potmeter16m_pTheOneAndOnlyE                 
20000970  _lock                                                     
20000974  _unlock                                                   
20000978  __TI_cleanup_ptr                                          
2000097c  __TI_dtors_ptr                                            
2000098c  main_func_sp                                              
20000994  __stack                                                   
20000b94  __STACK_END                                               
20000b94  __STACK_TOP                                               
20000b98  _sys_memory                                               
ffffffff  __binit__                                                 
ffffffff  __c_args__                                                
ffffffff  binit                                                     

[400 symbols]
