******************************************************************************
                  TI ARM Linker PC v5.1.11                     
******************************************************************************
>> Linked Wed Apr 01 23:25:29 2015

OUTPUT FILE NAME:   <test_drv8711.out>
ENTRY POINT SYMBOL: "_c_int00"  address: 00003881


MEMORY CONFIGURATION

         name            origin    length      used     unused   attr    fill
----------------------  --------  ---------  --------  --------  ----  --------
  FLASH                 00000000   00040000  0000474e  0003b8b2  R  X
  SRAM                  20000000   00008000  00000af1  0000750f  RW X


SEGMENT ALLOCATION MAP

run origin  load origin   length   init length attrs members
----------  ----------- ---------- ----------- ----- -------
00000000    00000000    00004750   00004750    r-x
  00000000    00000000    0000026c   0000026c    r-- .intvecs
  0000026c    0000026c    00003bb6   00003bb6    r-x .text
  00003e24    00003e24    00000740   00000740    r-- .const
  00004564    00004564    00000004   00000004    r-- .init_array
  00004568    00004568    000001e8   000001e8    r-- .cinit
20000000    20000000    00000af8   00000000    rw-
  20000000    20000000    000006bd   00000000    rw- .bss
  200006c0    200006c0    0000022c   00000000    rw- .data
  200008ec    200008ec    00000200   00000000    rw- .stack
  20000af0    20000af0    00000008   00000000    rw- .sysmem


SECTION ALLOCATION MAP

 output                                  attributes/
section   page    origin      length       input sections
--------  ----  ----------  ----------   ----------------
.intvecs   0    00000000    0000026c     
                  00000000    0000026c     tm4c123gh6pm_startup_ccs.obj (.intvecs)

.text      0    0000026c    00003bb6     
                  0000026c    00000c84     tiva_utils.lib : ustdlib.obj (.text)
                  00000ef0    00000860                    : uartstdio.obj (.text)
                  00001750    000005f8     main.obj (.text)
                  00001d48    00000528     aeo1_drivers.lib : ssi_peripheral.obj (.text)
                  00002270    000003dc     rtsv7M4_T_le_v4SPD16_eabi.lib : memory.obj (.text)
                  0000264c    000002c8     aeo1_drivers.lib : qei_sensor.obj (.text)
                  00002914    00000260                      : ssi_display.obj (.text)
                  00002b74    000001f4                      : adc_potmeter.obj (.text)
                  00002d68    00000130     driverlib.lib : gpio.obj (.text:GPIOPadConfigSet)
                  00002e98    0000012c     drv8711.obj (.text)
                  00002fc4    00000118     driverlib.lib : sysctl.obj (.text:SysCtlClockGet)
                  000030dc    000000f4     rtsv7M4_T_le_v4SPD16_eabi.lib : dtor_list.obj (.text)
                  000031d0    000000f0     aeo1_drivers.lib : ssi_drv8711.obj (.text)
                  000032c0    000000bc     rtsv7M4_T_le_v4SPD16_eabi.lib : typeinfo_.obj (.text)
                  0000337c    000000ac     tiva_utils.lib : cmdline.obj (.text)
                  00003428    0000009c     rtsv7M4_T_le_v4SPD16_eabi.lib : memcpy_t2.obj (.text)
                  000034c4    00000094                                   : auto_init.obj (.text)
                  00003558    00000080     driverlib.lib : adc.obj (.text:ADCSequenceStepConfigure)
                  000035d8    0000007a     rtsv7M4_T_le_v4SPD16_eabi.lib : memset_t2.obj (.text)
                  00003652    00000002                                   : i_div0.obj (.text)
                  00003654    00000064     aeo1_drivers.lib : alpha7segment.obj (.text)
                  000036b8    00000060     driverlib.lib : interrupt.obj (.text:IntDisable)
                  00003718    00000060                   : interrupt.obj (.text:IntEnable)
                  00003778    00000060     aeo1_drivers.lib : pwm_stepper.obj (.text)
                  000037d8    0000005e     rtsv7M4_T_le_v4SPD16_eabi.lib : copy_decompress_rle.obj (.text)
                  00003836    00000002     --HOLE-- [fill = 0]
                  00003838    00000048     driverlib.lib : gpio.obj (.text:GPIOPinConfigure)
                  00003880    00000048     rtsv7M4_T_le_v4SPD16_eabi.lib : boot.obj (.text)
                  000038c8    00000044                                   : cpy_tbl.obj (.text)
                  0000390c    00000044                                   : exit.obj (.text)
                  00003950    00000042     driverlib.lib : ssi.obj (.text:SSIConfigSetExpClk)
                  00003992    00000040                   : uart.obj (.text:UARTConfigSetExpClk)
                  000039d2    00000040     rtsv7M4_T_le_v4SPD16_eabi.lib : u_divt2.obj (.text)
                  00003a12    0000003e     driverlib.lib : adc.obj (.text:ADCSequenceConfigure)
                  00003a50    00000034                   : sysctl.obj (.text:SysCtlPeripheralEnable)
                  00003a84    00000034                   : sysctl.obj (.text:SysCtlPeripheralPresent)
                  00003ab8    0000002e                   : adc.obj (.text:ADCIntStatus)
                  00003ae6    0000002a                   : gpio.obj (.text:GPIODirModeSet)
                  00003b10    0000001e                   : adc.obj (.text:ADCSequenceDataGet)
                  00003b2e    00000002     --HOLE-- [fill = 0]
                  00003b30    0000001c                   : uart.obj (.text:UARTDisable)
                  00003b4c    00000018                   : adc.obj (.text:ADCClockConfigSet)
                  00003b64    00000018     rtsv7M4_T_le_v4SPD16_eabi.lib : args_main.obj (.text)
                  00003b7c    00000018                                   : strcmp.obj (.text)
                  00003b94    00000016     driverlib.lib : adc.obj (.text:ADCProcessorTrigger)
                  00003baa    00000002     --HOLE-- [fill = 0]
                  00003bac    00000014                   : systick.obj (.text:SysTickEnable)
                  00003bc0    00000014                   : systick.obj (.text:SysTickIntEnable)
                  00003bd4    00000014                   : uart.obj (.text:UARTEnable)
                  00003be8    00000014     rtsv7M4_T_le_v4SPD16_eabi.lib : _lock.obj (.text)
                  00003bfc    00000012     driverlib.lib : adc.obj (.text:ADCHardwareOversampleConfigure)
                  00003c0e    00000012                   : gpio.obj (.text:GPIOPinTypeADC)
                  00003c20    00000012                   : gpio.obj (.text:GPIOPinTypeQEI)
                  00003c32    00000012                   : gpio.obj (.text:GPIOPinTypeSSI)
                  00003c44    00000012                   : gpio.obj (.text:GPIOPinTypeUART)
                  00003c56    00000012                   : ssi.obj (.text:SSIDataGetNonBlocking)
                  00003c68    00000012     rtsv7M4_T_le_v4SPD16_eabi.lib : copy_zero_init.obj (.text:decompress:ZI)
                  00003c7a    00000010     driverlib.lib : adc.obj (.text:ADCIntEnable)
                  00003c8a    00000002     --HOLE-- [fill = 0]
                  00003c8c    00000010                   : systick.obj (.text:SysTickPeriodSet)
                  00003c9c    00000010     aeo1_drivers.lib : ssi_display.obj (.text:_ZNK4aeo114ssi_peripheral7IsEmptyEv)
                  00003cac    0000000e     driverlib.lib : adc.obj (.text:ADCIntDisable)
                  00003cba    0000000e                   : adc.obj (.text:ADCSequenceDisable)
                  00003cc8    0000000e                   : adc.obj (.text:ADCSequenceEnable)
                  00003cd6    0000000e                   : qei.obj (.text:QEIConfigure)
                  00003ce4    0000000e                   : ssi.obj (.text:SSIDataPutNonBlocking)
                  00003cf2    0000000e                   : uart.obj (.text:UARTCharGetNonBlocking)
                  00003d00    0000000e                   : uart.obj (.text:UARTCharPutNonBlocking)
                  00003d0e    0000000e     rtsv7M4_T_le_v4SPD16_eabi.lib : copy_decompress_none.obj (.text:decompress:none)
                  00003d1c    0000000c     driverlib.lib : cpu.obj (.text:CPUcpsid)
                  00003d28    0000000c                   : cpu.obj (.text:CPUcpsie)
                  00003d34    0000000c                   : uart.obj (.text:UARTCharsAvail)
                  00003d40    0000000c                   : uart.obj (.text:UARTSpaceAvail)
                  00003d4c    0000000c     aeo1_drivers.lib : ssi_display.obj (.text:_ZN4aeo111ssi_display4OnTxEv)
                  00003d58    0000000c     tm4c123gh6pm_startup_ccs.obj (.text)
                  00003d64    0000000a     driverlib.lib : adc.obj (.text:ADCIntClear)
                  00003d6e    0000000a                   : interrupt.obj (.text:IntMasterDisable)
                  00003d78    0000000a                   : interrupt.obj (.text:IntMasterEnable)
                  00003d82    0000000a                   : qei.obj (.text:QEIEnable)
                  00003d8c    0000000a                   : ssi.obj (.text:SSIDisable)
                  00003d96    0000000a                   : ssi.obj (.text:SSIEnable)
                  00003da0    0000000a                   : ssi.obj (.text:SSIIntDisable)
                  00003daa    0000000a                   : ssi.obj (.text:SSIIntStatus)
                  00003db4    0000000a                   : uart.obj (.text:UARTIntDisable)
                  00003dbe    0000000a                   : uart.obj (.text:UARTIntStatus)
                  00003dc8    0000000a     aeo1_drivers.lib : ssi_display.obj (.text:_ZN4aeo114ssi_peripheral4OnRxEv)
                  00003dd2    0000000a                      : ssi_drv8711.obj (.text:_ZN4aeo114ssi_peripheral4OnTxEv)
                  00003ddc    00000008     driverlib.lib : ssi.obj (.text:SSIIntEnable)
                  00003de4    00000008                   : uart.obj (.text:UARTIntEnable)
                  00003dec    00000008     rtsv7M4_T_le_v4SPD16_eabi.lib : delete.obj (.text)
                  00003df4    00000006     driverlib.lib : gpio.obj (.text:GPIOPinRead)
                  00003dfa    00000006                   : sysctl.obj (.text:SysCtlDelay)
                  00003e00    00000006                   : uart.obj (.text:UARTClockSourceSet)
                  00003e06    00000006                   : uart.obj (.text:UARTFIFOLevelSet)
                  00003e0c    00000006     rtsv7M4_T_le_v4SPD16_eabi.lib : copy_decompress_rle.obj (.text:decompress:rle24)
                  00003e12    00000004     driverlib.lib : qei.obj (.text:QEIPositionGet)
                  00003e16    00000004                   : qei.obj (.text:QEIPositionSet)
                  00003e1a    00000004                   : ssi.obj (.text:SSIIntClear)
                  00003e1e    00000004                   : uart.obj (.text:UARTIntClear)

.const     0    00003e24    00000740     
                  00003e24    000001a2     main.obj (.const:.string)
                  00003fc6    00000002     rtsv7M4_T_le_v4SPD16_eabi.lib : typeinfo_.obj (.const:.typeinfo:_ZTSe)
                  00003fc8    00000090     driverlib.lib : gpio.obj (.const:g_pui32GPIOBaseAddrs)
                  00004058    0000008e     aeo1_drivers.lib : alpha7segment.obj (.const:_ZN4aeo119alpha7segment_tableE)
                  000040e6    00000002     --HOLE-- [fill = 0]
                  000040e8    00000070     driverlib.lib : interrupt.obj (.const)
                  00004158    0000006c                   : sysctl.obj (.const:g_pui32Xtals)
                  000041c4    00000030     tiva_utils.lib : ustdlib.obj (.const:g_psDaysToMonth)
                  000041f4    00000028     rtsv7M4_T_le_v4SPD16_eabi.lib : typeinfo_.obj (.const:.typeinfo:_ZTSN10__cxxabiv123__fundamental_type_infoE)
                  0000421c    00000028     aeo1_drivers.lib : ssi_display.obj (.const:_ZTVN4aeo111ssi_displayE)
                  00004244    00000028                      : ssi_drv8711.obj (.const:_ZTVN4aeo111ssi_drv8711E)
                  0000426c    00000028                      : ssi_peripheral.obj (.const:_ZTVN4aeo114ssi_peripheralE)
                  00004294    00000028     tiva_utils.lib : uartstdio.obj (.const)
                  000042bc    00000025     rtsv7M4_T_le_v4SPD16_eabi.lib : typeinfo_.obj (.const:.typeinfo:_ZTSN10__cxxabiv120__si_class_type_infoE)
                  000042e1    00000024                                   : typeinfo_.obj (.const:.typeinfo:_ZTSN10__cxxabiv119__pointer_type_infoE)
                  00004305    00000022                                   : typeinfo_.obj (.const:.typeinfo:_ZTSN10__cxxabiv117__class_type_infoE)
                  00004327    00000022                                   : typeinfo_.obj (.const:.typeinfo:_ZTSN10__cxxabiv117__pbase_type_infoE)
                  00004349    00000003     --HOLE-- [fill = 0]
                  0000434c    0000001c     tiva_utils.lib : ustdlib.obj (.const)
                  00004368    00000018     aeo1_drivers.lib : ssi_peripheral.obj (.const:.typeinfo:_ZTSN4aeo114ssi_peripheralE)
                  00004380    00000016                      : adc_potmeter.obj (.const:.typeinfo:_ZTSN4aeo112adc_potmeterE)
                  00004396    00000015                      : pwm_stepper.obj (.const:.typeinfo:_ZTSN4aeo111pwm_stepperE)
                  000043ab    00000015                      : ssi_display.obj (.const:.typeinfo:_ZTSN4aeo111ssi_displayE)
                  000043c0    00000015                      : ssi_drv8711.obj (.const:.typeinfo:_ZTSN4aeo111ssi_drv8711E)
                  000043d5    00000014                      : qei_sensor.obj (.const:.typeinfo:_ZTSN4aeo110qei_sensorE)
                  000043e9    00000012                      : ssi_display.obj (.const:.string)
                  000043fb    00000001     --HOLE-- [fill = 0]
                  000043fc    00000012     tiva_utils.lib : uartstdio.obj (.const:.string)
                  0000440e    00000002     --HOLE-- [fill = 0]
                  00004410    00000012                    : ustdlib.obj (.const:.string)
                  00004422    00000002     --HOLE-- [fill = 0]
                  00004424    00000010     rtsv7M4_T_le_v4SPD16_eabi.lib : typeinfo_.obj (.const:.typeinfo:_ZTIPKe)
                  00004434    00000010     drv8711.obj (.const:.typeinfo:_ZTSN4aeo17drv8711E)
                  00004444    00000010     rtsv7M4_T_le_v4SPD16_eabi.lib : typeinfo_.obj (.const:_ZTVN10__cxxabiv117__class_type_infoE)
                  00004454    00000010                                   : typeinfo_.obj (.const:_ZTVN10__cxxabiv119__pointer_type_infoE)
                  00004464    00000010                                   : typeinfo_.obj (.const:_ZTVN10__cxxabiv120__si_class_type_infoE)
                  00004474    00000010                                   : typeinfo_.obj (.const:_ZTVN10__cxxabiv123__fundamental_type_infoE)
                  00004484    00000010     aeo1_drivers.lib : qei_sensor.obj (.const:_ZTVN4aeo110qei_sensorE)
                  00004494    00000010                      : pwm_stepper.obj (.const:_ZTVN4aeo111pwm_stepperE)
                  000044a4    00000010                      : adc_potmeter.obj (.const:_ZTVN4aeo112adc_potmeterE)
                  000044b4    00000010     drv8711.obj (.const:_ZTVN4aeo17drv8711E)
                  000044c4    0000000d     rtsv7M4_T_le_v4SPD16_eabi.lib : typeinfo_.obj (.const:.typeinfo:_ZTSSt9type_info)
                  000044d1    00000003     --HOLE-- [fill = 0]
                  000044d4    0000000c                                   : typeinfo_.obj (.const:.typeinfo:_ZTIN10__cxxabiv117__class_type_infoE)
                  000044e0    0000000c                                   : typeinfo_.obj (.const:.typeinfo:_ZTIN10__cxxabiv117__pbase_type_infoE)
                  000044ec    0000000c                                   : typeinfo_.obj (.const:.typeinfo:_ZTIN10__cxxabiv119__pointer_type_infoE)
                  000044f8    0000000c                                   : typeinfo_.obj (.const:.typeinfo:_ZTIN10__cxxabiv120__si_class_type_infoE)
                  00004504    0000000c                                   : typeinfo_.obj (.const:.typeinfo:_ZTIN10__cxxabiv123__fundamental_type_infoE)
                  00004510    0000000c     aeo1_drivers.lib : ssi_display.obj (.const:.typeinfo:_ZTIN4aeo111ssi_displayE)
                  0000451c    0000000c                      : ssi_drv8711.obj (.const:.typeinfo:_ZTIN4aeo111ssi_drv8711E)
                  00004528    00000008                      : qei_sensor.obj (.const:.typeinfo:_ZTIN4aeo110qei_sensorE)
                  00004530    00000008                      : pwm_stepper.obj (.const:.typeinfo:_ZTIN4aeo111pwm_stepperE)
                  00004538    00000008                      : adc_potmeter.obj (.const:.typeinfo:_ZTIN4aeo112adc_potmeterE)
                  00004540    00000008                      : ssi_peripheral.obj (.const:.typeinfo:_ZTIN4aeo114ssi_peripheralE)
                  00004548    00000008     drv8711.obj (.const:.typeinfo:_ZTIN4aeo17drv8711E)
                  00004550    00000008     rtsv7M4_T_le_v4SPD16_eabi.lib : typeinfo_.obj (.const:.typeinfo:_ZTISt9type_info)
                  00004558    00000008                                   : typeinfo_.obj (.const:.typeinfo:_ZTIe)
                  00004560    00000004                                   : typeinfo_.obj (.const:.typeinfo:_ZTSPKe)

.init_array 
*          0    00004564    00000004     
                  00004564    00000004     main.obj (.init_array)

.cinit     0    00004568    000001e8     
                  00004568    000001bf     (.cinit..data.load) [load image, compression = rle]
                  00004727    00000001     --HOLE-- [fill = 0]
                  00004728    0000000c     (__TI_handler_table)
                  00004734    00000004     --HOLE-- [fill = 0]
                  00004738    00000008     (.cinit..bss.load) [load image, compression = zero_init]
                  00004740    00000010     (__TI_cinit_table)

.bss       0    20000000    000006bd     UNINITIALIZED
                  20000000    00000400     tiva_utils.lib : uartstdio.obj (.bss:g_pcUARTTxBuffer)
                  20000400    00000080                    : uartstdio.obj (.bss:g_pcUARTRxBuffer)
                  20000480    00000080     main.obj (.bss:g_zInput)
                  20000500    0000007c     main.obj (.bss:g_oDrv8711)
                  2000057c    00000078     main.obj (.bss:g_oDialerDisplay)
                  200005f4    00000078     main.obj (.bss:g_oScaleDisplay)
                  2000066c    00000024     tiva_utils.lib : cmdline.obj (.bss:g_ppcArgv)
                  20000690    00000020     main.obj (.bss)
                  200006b0    00000004     (.common:_ZSt16__dummy_typeinfo)
                  200006b4    00000004     (.common:__dso_handle)
                  200006b8    00000004     (.common:g_ui32PortNum)
                  200006bc    00000001     (.common:g_bDisableEcho)

.data      0    200006c0    0000022c     UNINITIALIZED
                  200006c0    00000084     main.obj (.data:g_psCmdTable)
                  20000744    00000084     main.obj (.data:g_psRotaryMenu)
                  200007c8    0000002c     aeo1_drivers.lib : ssi_peripheral.obj (.data:_ZN4aeo118SSI0_SpecificationE)
                  200007f4    0000002c                      : ssi_peripheral.obj (.data:_ZN4aeo118SSI1_SpecificationE)
                  20000820    0000002c                      : ssi_peripheral.obj (.data:_ZN4aeo118SSI2_SpecificationE)
                  2000084c    0000002c                      : ssi_peripheral.obj (.data:_ZN4aeo118SSI3_SpecificationE)
                  20000878    00000015     tiva_utils.lib : uartstdio.obj (.data)
                  2000088d    00000003     --HOLE--
                  20000890    00000011     main.obj (.data)
                  200008a1    00000003     --HOLE--
                  200008a4    00000010     aeo1_drivers.lib : adc_potmeter.obj (.data)
                  200008b4    00000010                      : ssi_peripheral.obj (.data)
                  200008c4    0000000c     rtsv7M4_T_le_v4SPD16_eabi.lib : memory.obj (.data)
                  200008d0    00000008                                   : _lock.obj (.data)
                  200008d8    00000008                                   : exit.obj (.data)
                  200008e0    00000004                                   : dtor_list.obj (.data)
                  200008e4    00000004                                   : stkdepth_vars.obj (.data)
                  200008e8    00000004     tiva_utils.lib : ustdlib.obj (.data)

.stack     0    200008ec    00000200     UNINITIALIZED
                  200008ec    00000200     --HOLE--

.sysmem    0    20000af0    00000008     UNINITIALIZED
                  20000af0    00000008     rtsv7M4_T_le_v4SPD16_eabi.lib : memory.obj (.sysmem)


LINKER GENERATED COPY TABLES

__TI_cinit_table @ 00004740 records: 2, size/record: 8, table size: 16
	.data: load addr=00004568, load size=000001bf bytes, run addr=200006c0, run size=0000022c bytes, compression=rle
	.bss: load addr=00004738, load size=00000008 bytes, run addr=20000000, run size=000006bd bytes, compression=zero_init


LINKER GENERATED HANDLER TABLE

__TI_handler_table @ 00004728 records: 3, size/record: 4, table size: 12
	index: 0, handler: __TI_decompress_rle24
	index: 1, handler: __TI_decompress_none
	index: 2, handler: __TI_zero_init


GLOBAL SYMBOLS: SORTED ALPHABETICALLY BY Name 

address    name
--------   ----
00003b4d   ADCClockConfigSet
00003bfd   ADCHardwareOversampleConfigure
00003d65   ADCIntClear
00003cad   ADCIntDisable
00003c7b   ADCIntEnable
00003ab9   ADCIntStatus
00003b95   ADCProcessorTrigger
00003a13   ADCSequenceConfigure
00003b11   ADCSequenceDataGet
00003cbb   ADCSequenceDisable
00003cc9   ADCSequenceEnable
00003559   ADCSequenceStepConfigure
0000390d   C$$EXIT
00003d1d   CPUcpsid
00003d29   CPUcpsie
0000337d   CmdLineProcess
00003ae7   GPIODirModeSet
00002d69   GPIOPadConfigSet
00003839   GPIOPinConfigure
00003df5   GPIOPinRead
00003c0f   GPIOPinTypeADC
00003c21   GPIOPinTypeQEI
00003c33   GPIOPinTypeSSI
00003c45   GPIOPinTypeUART
000036b9   IntDisable
00003719   IntEnable
00003d6f   IntMasterDisable
00003d79   IntMasterEnable
00002b75   OnADCInterrupt
00001d49   OnSSI0Interrupt
00001d63   OnSSI1Interrupt
00001d7d   OnSSI2Interrupt
00001d97   OnSSI3Interrupt
00003cd7   QEIConfigure
00003d83   QEIEnable
00003e13   QEIPositionGet
00003e17   QEIPositionSet
00003d59   ResetISR
00004564   SHT$$INIT_ARRAY$$Base
00004568   SHT$$INIT_ARRAY$$Limit
00003951   SSIConfigSetExpClk
00003c57   SSIDataGetNonBlocking
00003ce5   SSIDataPutNonBlocking
00003d8d   SSIDisable
00003d97   SSIEnable
00003e1b   SSIIntClear
00003da1   SSIIntDisable
00003ddd   SSIIntEnable
00003dab   SSIIntStatus
00002fc5   SysCtlClockGet
00003dfb   SysCtlDelay
00003a51   SysCtlPeripheralEnable
00003a85   SysCtlPeripheralPresent
00003bad   SysTickEnable
00003bc1   SysTickIntEnable
00001a51   SysTickIntHandler
00003c8d   SysTickPeriodSet
00003cf3   UARTCharGetNonBlocking
00003d01   UARTCharPutNonBlocking
00003d35   UARTCharsAvail
00003e01   UARTClockSourceSet
00003993   UARTConfigSetExpClk
00003b31   UARTDisable
000015c9   UARTEchoSet
00003bd5   UARTEnable
00003e07   UARTFIFOLevelSet
00001573   UARTFlushRx
00001593   UARTFlushTx
00003e1f   UARTIntClear
00003db5   UARTIntDisable
00003de5   UARTIntEnable
00003dbf   UARTIntStatus
00001519   UARTPeek
000014f7   UARTRxBytesAvail
00003d41   UARTSpaceAvail
00000fdd   UARTStdioConfig
000015f5   UARTStdioIntHandler
00001505   UARTTxBytesFree
0000117f   UARTgetc
00001103   UARTgets
000014d3   UARTprintf
000011d9   UARTvprintf
00001063   UARTwrite
00001b31   _Z10Initializev
000018eb   _Z12OnMenuDialeri
00001a11   _Z13ConfigureUARTv
00001979   _Z14OnNumberDialeri
0000176b   _Z7CMD_setiPPc
000018a1   _Z7MNU_setiPPc
00001827   _Z8CMD_diagiPPc
000017b1   _Z8CMD_feediPPc
000017a1   _Z8CMD_haltiPPc
0000184f   _Z8CMD_helpiPPc
00001791   _Z8CMD_idleiPPc
000017d7   _Z8CMD_moveiPPc
000017fd   _Z8CMD_stopiPPc
0000180d   _Z8CMD_textiPPc
00001751   _Z8CMD_zeroiPPc
000018bf   _Z8MNU_feediPPc
000018d5   _Z8MNU_moveiPPc
00001bbd   _Z8MainLoopv
000019a9   _Z8OnDialeri
0000336d   _ZN10__cxxabiv116__enum_type_infoD0Ev
0000336b   _ZN10__cxxabiv116__enum_type_infoD1Ev
0000336b   _ZN10__cxxabiv116__enum_type_infoD2Ev
00003363   _ZN10__cxxabiv117__array_type_infoD0Ev
00003361   _ZN10__cxxabiv117__array_type_infoD1Ev
00003361   _ZN10__cxxabiv117__array_type_infoD2Ev
00003359   _ZN10__cxxabiv117__class_type_infoD0Ev
00003357   _ZN10__cxxabiv117__class_type_infoD1Ev
00003357   _ZN10__cxxabiv117__class_type_infoD2Ev
0000334f   _ZN10__cxxabiv117__pbase_type_infoD0Ev
0000334d   _ZN10__cxxabiv117__pbase_type_infoD1Ev
0000334d   _ZN10__cxxabiv117__pbase_type_infoD2Ev
00003345   _ZN10__cxxabiv119__pointer_type_infoD0Ev
00003343   _ZN10__cxxabiv119__pointer_type_infoD1Ev
00003343   _ZN10__cxxabiv119__pointer_type_infoD2Ev
0000333b   _ZN10__cxxabiv120__function_type_infoD0Ev
00003339   _ZN10__cxxabiv120__function_type_infoD1Ev
00003339   _ZN10__cxxabiv120__function_type_infoD2Ev
00003331   _ZN10__cxxabiv120__si_class_type_infoD0Ev
0000332f   _ZN10__cxxabiv120__si_class_type_infoD1Ev
0000332f   _ZN10__cxxabiv120__si_class_type_infoD2Ev
00003327   _ZN10__cxxabiv121__vmi_class_type_infoD0Ev
00003325   _ZN10__cxxabiv121__vmi_class_type_infoD1Ev
00003325   _ZN10__cxxabiv121__vmi_class_type_infoD2Ev
0000331d   _ZN10__cxxabiv123__fundamental_type_infoD0Ev
0000331b   _ZN10__cxxabiv123__fundamental_type_infoD1Ev
0000331b   _ZN10__cxxabiv123__fundamental_type_infoD2Ev
00003313   _ZN10__cxxabiv129__pointer_to_member_type_infoD0Ev
00003311   _ZN10__cxxabiv129__pointer_to_member_type_infoD1Ev
00003311   _ZN10__cxxabiv129__pointer_to_member_type_infoD2Ev
000026a9   _ZN4aeo110qei_sensor10InitializeEv
000026d3   _ZN4aeo110qei_sensor3GetEv
00002739   _ZN4aeo110qei_sensor3SetEi
0000276f   _ZN4aeo110qei_sensor4DiagEv
0000275f   _ZN4aeo110qei_sensor4ZeroEv
000026fb   _ZN4aeo110qei_sensor8GetIndexEv
0000264d   _ZN4aeo110qei_sensorC1ENS0_9device_idENS0_13configurationE
0000264d   _ZN4aeo110qei_sensorC2ENS0_9device_idENS0_13configurationE
00002693   _ZN4aeo110qei_sensorD0Ev
00002687   _ZN4aeo110qei_sensorD1Ev
00002687   _ZN4aeo110qei_sensorD2Ev
000037ad   _ZN4aeo111pwm_stepper10InitializeEv
000037b7   _ZN4aeo111pwm_stepper4DiagEv
00003779   _ZN4aeo111pwm_stepperC1Ev
00003779   _ZN4aeo111pwm_stepperC2Ev
00003797   _ZN4aeo111pwm_stepperD0Ev
0000378b   _ZN4aeo111pwm_stepperD1Ev
0000378b   _ZN4aeo111pwm_stepperD2Ev
00002955   _ZN4aeo111ssi_display10InitializeEv
00002aef   _ZN4aeo111ssi_display14Digit2SegmentsEjjb
00002a51   _ZN4aeo111ssi_display3SetEPKc
00002973   _ZN4aeo111ssi_display3SetEii
00002961   _ZN4aeo111ssi_display4DiagEv
00003d4d   _ZN4aeo111ssi_display4OnTxEv
00002915   _ZN4aeo111ssi_displayC1ENS_14ssi_peripheral9device_idE
00002915   _ZN4aeo111ssi_displayC2ENS_14ssi_peripheral9device_idE
0000293f   _ZN4aeo111ssi_displayD0Ev
00002931   _ZN4aeo111ssi_displayD1Ev
00002931   _ZN4aeo111ssi_displayD2Ev
00003211   _ZN4aeo111ssi_drv871110InitializeEv
0000321d   _ZN4aeo111ssi_drv87114DiagEv
0000325b   _ZN4aeo111ssi_drv87114OnRxEv
00003265   _ZN4aeo111ssi_drv87114ReadEv
000031d1   _ZN4aeo111ssi_drv8711C1ENS_14ssi_peripheral9device_idE
000031d1   _ZN4aeo111ssi_drv8711C2ENS_14ssi_peripheral9device_idE
000031fb   _ZN4aeo111ssi_drv8711D0Ev
000031ed   _ZN4aeo111ssi_drv8711D1Ev
000031ed   _ZN4aeo111ssi_drv8711D2Ev
00002bdf   _ZN4aeo112adc_potmeter10InitializeEv
200008a4   _ZN4aeo112adc_potmeter10m_nCounterE
00002c5b   _ZN4aeo112adc_potmeter11OnInterruptEv
200008ac   _ZN4aeo112adc_potmeter14m_nReadCounterE
00002d05   _ZN4aeo112adc_potmeter15GetErrorCounterEv
200008a8   _ZN4aeo112adc_potmeter15m_nErrorCounterE
200008b0   _ZN4aeo112adc_potmeter16m_pTheOneAndOnlyE
00002d1d   _ZN4aeo112adc_potmeter4DiagEv
00002cd7   _ZN4aeo112adc_potmeter7TriggerEv
00002ce5   _ZN4aeo112adc_potmeter8GetValueEv
00002c3f   _ZN4aeo112adc_potmeter9TerminateEv
00002b87   _ZN4aeo112adc_potmeterC1Ev
00002b87   _ZN4aeo112adc_potmeterC2Ev
00002bc9   _ZN4aeo112adc_potmeterD0Ev
00002ba5   _ZN4aeo112adc_potmeterD1Ev
00002ba5   _ZN4aeo112adc_potmeterD2Ev
00003655   _ZN4aeo113Alpha7SegmentEc
00001e73   _ZN4aeo114ssi_peripheral10InitializeEv
0000213b   _ZN4aeo114ssi_peripheral10LoadTxFIFOEv
00001f7d   _ZN4aeo114ssi_peripheral11OnInterruptEv
00002171   _ZN4aeo114ssi_peripheral12UnloadRxFIFOEv
00002049   _ZN4aeo114ssi_peripheral4DiagEv
00003dc9   _ZN4aeo114ssi_peripheral4OnRxEv
00003dd3   _ZN4aeo114ssi_peripheral4OnTxEv
000020df   _ZN4aeo114ssi_peripheral9TerminateEv
00001db1   _ZN4aeo114ssi_peripheralC1ENS0_9device_idE
00001db1   _ZN4aeo114ssi_peripheralC2ENS0_9device_idE
00001e5d   _ZN4aeo114ssi_peripheralD0Ev
00001e49   _ZN4aeo114ssi_peripheralD1Ev
00001e49   _ZN4aeo114ssi_peripheralD2Ev
200007c8   _ZN4aeo118SSI0_SpecificationE
200007f4   _ZN4aeo118SSI1_SpecificationE
20000820   _ZN4aeo118SSI2_SpecificationE
2000084c   _ZN4aeo118SSI3_SpecificationE
00002ee7   _ZN4aeo17drv871110InitializeEv
00002f49   _ZN4aeo17drv87114DiagEv
00002f1d   _ZN4aeo17drv87114FeedEi
00002f11   _ZN4aeo17drv87114HaltEv
00002f05   _ZN4aeo17drv87114IdleEv
00002f2d   _ZN4aeo17drv87114MoveEi
00002f3d   _ZN4aeo17drv87114StopEv
00002e99   _ZN4aeo17drv8711C1Ev
00002e99   _ZN4aeo17drv8711C2Ev
00002ed1   _ZN4aeo17drv8711D0Ev
00002eb9   _ZN4aeo17drv8711D1Ev
00002eb9   _ZN4aeo17drv8711D2Ev
00003c9d   _ZNK4aeo114ssi_peripheral7IsEmptyEv
000032d3   _ZNKSt9type_info4nameEv
00003303   _ZNKSt9type_info6beforeERKS_
000032ed   _ZNKSt9type_infoeqERKS_
000032d7   _ZNKSt9type_infoneERKS_
000032cb   _ZNSt9type_infoD0Ev
000032c9   _ZNSt9type_infoD1Ev
000032c9   _ZNSt9type_infoD2Ev
200006b0   _ZSt16__dummy_typeinfo
000032c1   _ZSt21__gen_dummy_typeinfosv
000044d4   _ZTIN10__cxxabiv117__class_type_infoE
000044e0   _ZTIN10__cxxabiv117__pbase_type_infoE
000044ec   _ZTIN10__cxxabiv119__pointer_type_infoE
000044f8   _ZTIN10__cxxabiv120__si_class_type_infoE
00004504   _ZTIN10__cxxabiv123__fundamental_type_infoE
00004528   _ZTIN4aeo110qei_sensorE
00004530   _ZTIN4aeo111pwm_stepperE
00004510   _ZTIN4aeo111ssi_displayE
0000451c   _ZTIN4aeo111ssi_drv8711E
00004538   _ZTIN4aeo112adc_potmeterE
00004540   _ZTIN4aeo114ssi_peripheralE
00004548   _ZTIN4aeo17drv8711E
00004424   _ZTIPKe
00004550   _ZTISt9type_info
00004558   _ZTIe
00004305   _ZTSN10__cxxabiv117__class_type_infoE
00004327   _ZTSN10__cxxabiv117__pbase_type_infoE
000042e1   _ZTSN10__cxxabiv119__pointer_type_infoE
000042bc   _ZTSN10__cxxabiv120__si_class_type_infoE
000041f4   _ZTSN10__cxxabiv123__fundamental_type_infoE
000043d5   _ZTSN4aeo110qei_sensorE
00004396   _ZTSN4aeo111pwm_stepperE
000043ab   _ZTSN4aeo111ssi_displayE
000043c0   _ZTSN4aeo111ssi_drv8711E
00004380   _ZTSN4aeo112adc_potmeterE
00004368   _ZTSN4aeo114ssi_peripheralE
00004434   _ZTSN4aeo17drv8711E
00004560   _ZTSPKe
000044c4   _ZTSSt9type_info
00003fc6   _ZTSe
00004444   _ZTVN10__cxxabiv117__class_type_infoE
00004454   _ZTVN10__cxxabiv119__pointer_type_infoE
00004464   _ZTVN10__cxxabiv120__si_class_type_infoE
00004474   _ZTVN10__cxxabiv123__fundamental_type_infoE
00004484   _ZTVN4aeo110qei_sensorE
00004494   _ZTVN4aeo111pwm_stepperE
0000421c   _ZTVN4aeo111ssi_displayE
00004244   _ZTVN4aeo111ssi_drv8711E
000044a4   _ZTVN4aeo112adc_potmeterE
0000426c   _ZTVN4aeo114ssi_peripheralE
000044b4   _ZTVN4aeo17drv8711E
00003ded   _ZdlPv
20000aec   __STACK_END
00000200   __STACK_SIZE
20000aec   __STACK_TOP
00000008   __SYSMEM_SIZE
00004740   __TI_CINIT_Base
00004750   __TI_CINIT_Limit
00004728   __TI_Handler_Table_Base
00004734   __TI_Handler_Table_Limit
00000001   __TI_args_main
000034c5   __TI_auto_init
200008d8   __TI_cleanup_ptr
00003d0f   __TI_decompress_none
00003e0d   __TI_decompress_rle24
200008dc   __TI_dtors_ptr
00000000   __TI_static_base__
00003c69   __TI_zero_init
00003135   __aeabi_atexit
00003653   __aeabi_idiv0
000035d9   __aeabi_memclr
000035d9   __aeabi_memclr4
000035d9   __aeabi_memclr8
00003429   __aeabi_memcpy
00003429   __aeabi_memcpy4
00003429   __aeabi_memcpy8
000035db   __aeabi_memset
000035db   __aeabi_memset4
000035db   __aeabi_memset8
000039d3   __aeabi_uidiv
000039d3   __aeabi_uidivmod
ffffffff   __binit__
ffffffff   __c_args__
00003123   __cxa_atexit
000030dd   __cxa_finalize
0000311d   __cxa_ia64_exit
200006b4   __dso_handle
200008ec   __stack
00001c25   __sti___8_main_cpp_1c94e432
00003b65   _args_main
00003881   _c_int00
200008d0   _lock
00003bf7   _nop
00003bef   _register_lock
00003be9   _register_unlock
20000af0   _sys_memory
200008d4   _unlock
00003911   abort
00003127   atexit
ffffffff   binit
00002615   calloc
000038c9   copy_in
00003919   exit
00002365   free
2000057c   g_oDialerDisplay
20000500   g_oDrv8711
200006a0   g_oLinearScale
20000690   g_oRotaryDialer
200005f4   g_oScaleDisplay
00000000   g_pfnVectors
200006c0   g_psCmdTable
20000744   g_psRotaryMenu
00001c13   main
200008e4   main_func_sp
000022fd   malloc
00002531   memalign
00003429   memcpy
000035e1   memset
00002271   minit
00002425   realloc
00003b7d   strcmp
00000751   ulocaltime
0000094f   umktime
00000ec9   urand
00000721   usnprintf
000006ef   usprintf
00000eb9   usrand
00000e31   ustrcasecmp
00000ea5   ustrcmp
00000d35   ustrlen
00000d8d   ustrncasecmp
00000e45   ustrncmp
0000026d   ustrncpy
00000d57   ustrstr
00000afd   ustrtof
000009c5   ustrtoul
000002c5   uvsnprintf


GLOBAL SYMBOLS: SORTED BY Symbol Address 

address    name
--------   ----
00000000   __TI_static_base__
00000000   g_pfnVectors
00000001   __TI_args_main
00000008   __SYSMEM_SIZE
00000200   __STACK_SIZE
0000026d   ustrncpy
000002c5   uvsnprintf
000006ef   usprintf
00000721   usnprintf
00000751   ulocaltime
0000094f   umktime
000009c5   ustrtoul
00000afd   ustrtof
00000d35   ustrlen
00000d57   ustrstr
00000d8d   ustrncasecmp
00000e31   ustrcasecmp
00000e45   ustrncmp
00000ea5   ustrcmp
00000eb9   usrand
00000ec9   urand
00000fdd   UARTStdioConfig
00001063   UARTwrite
00001103   UARTgets
0000117f   UARTgetc
000011d9   UARTvprintf
000014d3   UARTprintf
000014f7   UARTRxBytesAvail
00001505   UARTTxBytesFree
00001519   UARTPeek
00001573   UARTFlushRx
00001593   UARTFlushTx
000015c9   UARTEchoSet
000015f5   UARTStdioIntHandler
00001751   _Z8CMD_zeroiPPc
0000176b   _Z7CMD_setiPPc
00001791   _Z8CMD_idleiPPc
000017a1   _Z8CMD_haltiPPc
000017b1   _Z8CMD_feediPPc
000017d7   _Z8CMD_moveiPPc
000017fd   _Z8CMD_stopiPPc
0000180d   _Z8CMD_textiPPc
00001827   _Z8CMD_diagiPPc
0000184f   _Z8CMD_helpiPPc
000018a1   _Z7MNU_setiPPc
000018bf   _Z8MNU_feediPPc
000018d5   _Z8MNU_moveiPPc
000018eb   _Z12OnMenuDialeri
00001979   _Z14OnNumberDialeri
000019a9   _Z8OnDialeri
00001a11   _Z13ConfigureUARTv
00001a51   SysTickIntHandler
00001b31   _Z10Initializev
00001bbd   _Z8MainLoopv
00001c13   main
00001c25   __sti___8_main_cpp_1c94e432
00001d49   OnSSI0Interrupt
00001d63   OnSSI1Interrupt
00001d7d   OnSSI2Interrupt
00001d97   OnSSI3Interrupt
00001db1   _ZN4aeo114ssi_peripheralC1ENS0_9device_idE
00001db1   _ZN4aeo114ssi_peripheralC2ENS0_9device_idE
00001e49   _ZN4aeo114ssi_peripheralD1Ev
00001e49   _ZN4aeo114ssi_peripheralD2Ev
00001e5d   _ZN4aeo114ssi_peripheralD0Ev
00001e73   _ZN4aeo114ssi_peripheral10InitializeEv
00001f7d   _ZN4aeo114ssi_peripheral11OnInterruptEv
00002049   _ZN4aeo114ssi_peripheral4DiagEv
000020df   _ZN4aeo114ssi_peripheral9TerminateEv
0000213b   _ZN4aeo114ssi_peripheral10LoadTxFIFOEv
00002171   _ZN4aeo114ssi_peripheral12UnloadRxFIFOEv
00002271   minit
000022fd   malloc
00002365   free
00002425   realloc
00002531   memalign
00002615   calloc
0000264d   _ZN4aeo110qei_sensorC1ENS0_9device_idENS0_13configurationE
0000264d   _ZN4aeo110qei_sensorC2ENS0_9device_idENS0_13configurationE
00002687   _ZN4aeo110qei_sensorD1Ev
00002687   _ZN4aeo110qei_sensorD2Ev
00002693   _ZN4aeo110qei_sensorD0Ev
000026a9   _ZN4aeo110qei_sensor10InitializeEv
000026d3   _ZN4aeo110qei_sensor3GetEv
000026fb   _ZN4aeo110qei_sensor8GetIndexEv
00002739   _ZN4aeo110qei_sensor3SetEi
0000275f   _ZN4aeo110qei_sensor4ZeroEv
0000276f   _ZN4aeo110qei_sensor4DiagEv
00002915   _ZN4aeo111ssi_displayC1ENS_14ssi_peripheral9device_idE
00002915   _ZN4aeo111ssi_displayC2ENS_14ssi_peripheral9device_idE
00002931   _ZN4aeo111ssi_displayD1Ev
00002931   _ZN4aeo111ssi_displayD2Ev
0000293f   _ZN4aeo111ssi_displayD0Ev
00002955   _ZN4aeo111ssi_display10InitializeEv
00002961   _ZN4aeo111ssi_display4DiagEv
00002973   _ZN4aeo111ssi_display3SetEii
00002a51   _ZN4aeo111ssi_display3SetEPKc
00002aef   _ZN4aeo111ssi_display14Digit2SegmentsEjjb
00002b75   OnADCInterrupt
00002b87   _ZN4aeo112adc_potmeterC1Ev
00002b87   _ZN4aeo112adc_potmeterC2Ev
00002ba5   _ZN4aeo112adc_potmeterD1Ev
00002ba5   _ZN4aeo112adc_potmeterD2Ev
00002bc9   _ZN4aeo112adc_potmeterD0Ev
00002bdf   _ZN4aeo112adc_potmeter10InitializeEv
00002c3f   _ZN4aeo112adc_potmeter9TerminateEv
00002c5b   _ZN4aeo112adc_potmeter11OnInterruptEv
00002cd7   _ZN4aeo112adc_potmeter7TriggerEv
00002ce5   _ZN4aeo112adc_potmeter8GetValueEv
00002d05   _ZN4aeo112adc_potmeter15GetErrorCounterEv
00002d1d   _ZN4aeo112adc_potmeter4DiagEv
00002d69   GPIOPadConfigSet
00002e99   _ZN4aeo17drv8711C1Ev
00002e99   _ZN4aeo17drv8711C2Ev
00002eb9   _ZN4aeo17drv8711D1Ev
00002eb9   _ZN4aeo17drv8711D2Ev
00002ed1   _ZN4aeo17drv8711D0Ev
00002ee7   _ZN4aeo17drv871110InitializeEv
00002f05   _ZN4aeo17drv87114IdleEv
00002f11   _ZN4aeo17drv87114HaltEv
00002f1d   _ZN4aeo17drv87114FeedEi
00002f2d   _ZN4aeo17drv87114MoveEi
00002f3d   _ZN4aeo17drv87114StopEv
00002f49   _ZN4aeo17drv87114DiagEv
00002fc5   SysCtlClockGet
000030dd   __cxa_finalize
0000311d   __cxa_ia64_exit
00003123   __cxa_atexit
00003127   atexit
00003135   __aeabi_atexit
000031d1   _ZN4aeo111ssi_drv8711C1ENS_14ssi_peripheral9device_idE
000031d1   _ZN4aeo111ssi_drv8711C2ENS_14ssi_peripheral9device_idE
000031ed   _ZN4aeo111ssi_drv8711D1Ev
000031ed   _ZN4aeo111ssi_drv8711D2Ev
000031fb   _ZN4aeo111ssi_drv8711D0Ev
00003211   _ZN4aeo111ssi_drv871110InitializeEv
0000321d   _ZN4aeo111ssi_drv87114DiagEv
0000325b   _ZN4aeo111ssi_drv87114OnRxEv
00003265   _ZN4aeo111ssi_drv87114ReadEv
000032c1   _ZSt21__gen_dummy_typeinfosv
000032c9   _ZNSt9type_infoD1Ev
000032c9   _ZNSt9type_infoD2Ev
000032cb   _ZNSt9type_infoD0Ev
000032d3   _ZNKSt9type_info4nameEv
000032d7   _ZNKSt9type_infoneERKS_
000032ed   _ZNKSt9type_infoeqERKS_
00003303   _ZNKSt9type_info6beforeERKS_
00003311   _ZN10__cxxabiv129__pointer_to_member_type_infoD1Ev
00003311   _ZN10__cxxabiv129__pointer_to_member_type_infoD2Ev
00003313   _ZN10__cxxabiv129__pointer_to_member_type_infoD0Ev
0000331b   _ZN10__cxxabiv123__fundamental_type_infoD1Ev
0000331b   _ZN10__cxxabiv123__fundamental_type_infoD2Ev
0000331d   _ZN10__cxxabiv123__fundamental_type_infoD0Ev
00003325   _ZN10__cxxabiv121__vmi_class_type_infoD1Ev
00003325   _ZN10__cxxabiv121__vmi_class_type_infoD2Ev
00003327   _ZN10__cxxabiv121__vmi_class_type_infoD0Ev
0000332f   _ZN10__cxxabiv120__si_class_type_infoD1Ev
0000332f   _ZN10__cxxabiv120__si_class_type_infoD2Ev
00003331   _ZN10__cxxabiv120__si_class_type_infoD0Ev
00003339   _ZN10__cxxabiv120__function_type_infoD1Ev
00003339   _ZN10__cxxabiv120__function_type_infoD2Ev
0000333b   _ZN10__cxxabiv120__function_type_infoD0Ev
00003343   _ZN10__cxxabiv119__pointer_type_infoD1Ev
00003343   _ZN10__cxxabiv119__pointer_type_infoD2Ev
00003345   _ZN10__cxxabiv119__pointer_type_infoD0Ev
0000334d   _ZN10__cxxabiv117__pbase_type_infoD1Ev
0000334d   _ZN10__cxxabiv117__pbase_type_infoD2Ev
0000334f   _ZN10__cxxabiv117__pbase_type_infoD0Ev
00003357   _ZN10__cxxabiv117__class_type_infoD1Ev
00003357   _ZN10__cxxabiv117__class_type_infoD2Ev
00003359   _ZN10__cxxabiv117__class_type_infoD0Ev
00003361   _ZN10__cxxabiv117__array_type_infoD1Ev
00003361   _ZN10__cxxabiv117__array_type_infoD2Ev
00003363   _ZN10__cxxabiv117__array_type_infoD0Ev
0000336b   _ZN10__cxxabiv116__enum_type_infoD1Ev
0000336b   _ZN10__cxxabiv116__enum_type_infoD2Ev
0000336d   _ZN10__cxxabiv116__enum_type_infoD0Ev
0000337d   CmdLineProcess
00003429   __aeabi_memcpy
00003429   __aeabi_memcpy4
00003429   __aeabi_memcpy8
00003429   memcpy
000034c5   __TI_auto_init
00003559   ADCSequenceStepConfigure
000035d9   __aeabi_memclr
000035d9   __aeabi_memclr4
000035d9   __aeabi_memclr8
000035db   __aeabi_memset
000035db   __aeabi_memset4
000035db   __aeabi_memset8
000035e1   memset
00003653   __aeabi_idiv0
00003655   _ZN4aeo113Alpha7SegmentEc
000036b9   IntDisable
00003719   IntEnable
00003779   _ZN4aeo111pwm_stepperC1Ev
00003779   _ZN4aeo111pwm_stepperC2Ev
0000378b   _ZN4aeo111pwm_stepperD1Ev
0000378b   _ZN4aeo111pwm_stepperD2Ev
00003797   _ZN4aeo111pwm_stepperD0Ev
000037ad   _ZN4aeo111pwm_stepper10InitializeEv
000037b7   _ZN4aeo111pwm_stepper4DiagEv
00003839   GPIOPinConfigure
00003881   _c_int00
000038c9   copy_in
0000390d   C$$EXIT
00003911   abort
00003919   exit
00003951   SSIConfigSetExpClk
00003993   UARTConfigSetExpClk
000039d3   __aeabi_uidiv
000039d3   __aeabi_uidivmod
00003a13   ADCSequenceConfigure
00003a51   SysCtlPeripheralEnable
00003a85   SysCtlPeripheralPresent
00003ab9   ADCIntStatus
00003ae7   GPIODirModeSet
00003b11   ADCSequenceDataGet
00003b31   UARTDisable
00003b4d   ADCClockConfigSet
00003b65   _args_main
00003b7d   strcmp
00003b95   ADCProcessorTrigger
00003bad   SysTickEnable
00003bc1   SysTickIntEnable
00003bd5   UARTEnable
00003be9   _register_unlock
00003bef   _register_lock
00003bf7   _nop
00003bfd   ADCHardwareOversampleConfigure
00003c0f   GPIOPinTypeADC
00003c21   GPIOPinTypeQEI
00003c33   GPIOPinTypeSSI
00003c45   GPIOPinTypeUART
00003c57   SSIDataGetNonBlocking
00003c69   __TI_zero_init
00003c7b   ADCIntEnable
00003c8d   SysTickPeriodSet
00003c9d   _ZNK4aeo114ssi_peripheral7IsEmptyEv
00003cad   ADCIntDisable
00003cbb   ADCSequenceDisable
00003cc9   ADCSequenceEnable
00003cd7   QEIConfigure
00003ce5   SSIDataPutNonBlocking
00003cf3   UARTCharGetNonBlocking
00003d01   UARTCharPutNonBlocking
00003d0f   __TI_decompress_none
00003d1d   CPUcpsid
00003d29   CPUcpsie
00003d35   UARTCharsAvail
00003d41   UARTSpaceAvail
00003d4d   _ZN4aeo111ssi_display4OnTxEv
00003d59   ResetISR
00003d65   ADCIntClear
00003d6f   IntMasterDisable
00003d79   IntMasterEnable
00003d83   QEIEnable
00003d8d   SSIDisable
00003d97   SSIEnable
00003da1   SSIIntDisable
00003dab   SSIIntStatus
00003db5   UARTIntDisable
00003dbf   UARTIntStatus
00003dc9   _ZN4aeo114ssi_peripheral4OnRxEv
00003dd3   _ZN4aeo114ssi_peripheral4OnTxEv
00003ddd   SSIIntEnable
00003de5   UARTIntEnable
00003ded   _ZdlPv
00003df5   GPIOPinRead
00003dfb   SysCtlDelay
00003e01   UARTClockSourceSet
00003e07   UARTFIFOLevelSet
00003e0d   __TI_decompress_rle24
00003e13   QEIPositionGet
00003e17   QEIPositionSet
00003e1b   SSIIntClear
00003e1f   UARTIntClear
00003fc6   _ZTSe
000041f4   _ZTSN10__cxxabiv123__fundamental_type_infoE
0000421c   _ZTVN4aeo111ssi_displayE
00004244   _ZTVN4aeo111ssi_drv8711E
0000426c   _ZTVN4aeo114ssi_peripheralE
000042bc   _ZTSN10__cxxabiv120__si_class_type_infoE
000042e1   _ZTSN10__cxxabiv119__pointer_type_infoE
00004305   _ZTSN10__cxxabiv117__class_type_infoE
00004327   _ZTSN10__cxxabiv117__pbase_type_infoE
00004368   _ZTSN4aeo114ssi_peripheralE
00004380   _ZTSN4aeo112adc_potmeterE
00004396   _ZTSN4aeo111pwm_stepperE
000043ab   _ZTSN4aeo111ssi_displayE
000043c0   _ZTSN4aeo111ssi_drv8711E
000043d5   _ZTSN4aeo110qei_sensorE
00004424   _ZTIPKe
00004434   _ZTSN4aeo17drv8711E
00004444   _ZTVN10__cxxabiv117__class_type_infoE
00004454   _ZTVN10__cxxabiv119__pointer_type_infoE
00004464   _ZTVN10__cxxabiv120__si_class_type_infoE
00004474   _ZTVN10__cxxabiv123__fundamental_type_infoE
00004484   _ZTVN4aeo110qei_sensorE
00004494   _ZTVN4aeo111pwm_stepperE
000044a4   _ZTVN4aeo112adc_potmeterE
000044b4   _ZTVN4aeo17drv8711E
000044c4   _ZTSSt9type_info
000044d4   _ZTIN10__cxxabiv117__class_type_infoE
000044e0   _ZTIN10__cxxabiv117__pbase_type_infoE
000044ec   _ZTIN10__cxxabiv119__pointer_type_infoE
000044f8   _ZTIN10__cxxabiv120__si_class_type_infoE
00004504   _ZTIN10__cxxabiv123__fundamental_type_infoE
00004510   _ZTIN4aeo111ssi_displayE
0000451c   _ZTIN4aeo111ssi_drv8711E
00004528   _ZTIN4aeo110qei_sensorE
00004530   _ZTIN4aeo111pwm_stepperE
00004538   _ZTIN4aeo112adc_potmeterE
00004540   _ZTIN4aeo114ssi_peripheralE
00004548   _ZTIN4aeo17drv8711E
00004550   _ZTISt9type_info
00004558   _ZTIe
00004560   _ZTSPKe
00004564   SHT$$INIT_ARRAY$$Base
00004568   SHT$$INIT_ARRAY$$Limit
00004728   __TI_Handler_Table_Base
00004734   __TI_Handler_Table_Limit
00004740   __TI_CINIT_Base
00004750   __TI_CINIT_Limit
20000500   g_oDrv8711
2000057c   g_oDialerDisplay
200005f4   g_oScaleDisplay
20000690   g_oRotaryDialer
200006a0   g_oLinearScale
200006b0   _ZSt16__dummy_typeinfo
200006b4   __dso_handle
200006c0   g_psCmdTable
20000744   g_psRotaryMenu
200007c8   _ZN4aeo118SSI0_SpecificationE
200007f4   _ZN4aeo118SSI1_SpecificationE
20000820   _ZN4aeo118SSI2_SpecificationE
2000084c   _ZN4aeo118SSI3_SpecificationE
200008a4   _ZN4aeo112adc_potmeter10m_nCounterE
200008a8   _ZN4aeo112adc_potmeter15m_nErrorCounterE
200008ac   _ZN4aeo112adc_potmeter14m_nReadCounterE
200008b0   _ZN4aeo112adc_potmeter16m_pTheOneAndOnlyE
200008d0   _lock
200008d4   _unlock
200008d8   __TI_cleanup_ptr
200008dc   __TI_dtors_ptr
200008e4   main_func_sp
200008ec   __stack
20000aec   __STACK_END
20000aec   __STACK_TOP
20000af0   _sys_memory
ffffffff   __binit__
ffffffff   __c_args__
ffffffff   binit

[353 symbols]
