******************************************************************************
                  TI ARM Linker PC v5.1.11                     
******************************************************************************
>> Linked Thu Jul 23 11:39:05 2015

OUTPUT FILE NAME:   <test_drv8711.out>
ENTRY POINT SYMBOL: "_c_int00"  address: 00004325


MEMORY CONFIGURATION

         name            origin    length      used     unused   attr    fill
----------------------  --------  ---------  --------  --------  ----  --------
  FLASH                 00000000   00040000  0000542c  0003abd4  R  X
  SRAM                  20000000   00008000  00000b9d  00007463  RW X


SEGMENT ALLOCATION MAP

run origin  load origin   length   init length attrs members
----------  ----------- ---------- ----------- ----- -------
00000000    00000000    00005430   00005430    r-x
  00000000    00000000    0000026c   0000026c    r-- .intvecs
  0000026c    0000026c    00004770   00004770    r-x .text
  000049dc    000049dc    00000804   00000804    r-- .const
  000051e0    000051e0    00000004   00000004    r-- .init_array
  000051e8    000051e8    00000248   00000248    r-- .cinit
20000000    20000000    00000ba0   00000000    rw-
  20000000    20000000    00000701   00000000    rw- .bss
  20000704    20000704    00000294   00000000    rw- .data
  20000998    20000998    00000200   00000000    rw- .stack
  20000b98    20000b98    00000008   00000000    rw- .sysmem


SECTION ALLOCATION MAP

 output                                  attributes/
section   page    origin      length       input sections
--------  ----  ----------  ----------   ----------------
.intvecs   0    00000000    0000026c     
                  00000000    0000026c     tm4c123gh6pm_startup_ccs.obj (.intvecs)

.text      0    0000026c    00004770     
                  0000026c    00000c84     tiva_utils.lib : ustdlib.obj (.text)
                  00000ef0    00000860                    : uartstdio.obj (.text)
                  00001750    000007cc     main.obj (.text)
                  00001f1c    00000570     aeo1_drivers.lib : ssi_peripheral.obj (.text)
                  0000248c    0000042c                      : ssi_drv8711.obj (.text)
                  000028b8    000003e4     drv8711.obj (.text)
                  00002c9c    000003dc     rtsv7M4_T_le_v4SPD16_eabi.lib : memory.obj (.text)
                  00003078    000002c8     aeo1_drivers.lib : qei_sensor.obj (.text)
                  00003340    0000029c                      : pwm_stepper.obj (.text)
                  000035dc    00000264                      : ssi_display.obj (.text)
                  00003840    000001f4                      : adc_potmeter.obj (.text)
                  00003a34    00000130     driverlib.lib : gpio.obj (.text:GPIOPadConfigSet)
                  00003b64    00000118                   : sysctl.obj (.text:SysCtlClockGet)
                  00003c7c    000000f4     rtsv7M4_T_le_v4SPD16_eabi.lib : dtor_list.obj (.text)
                  00003d70    000000bc                                   : typeinfo_.obj (.text)
                  00003e2c    000000ac     tiva_utils.lib : cmdline.obj (.text)
                  00003ed8    0000009c     rtsv7M4_T_le_v4SPD16_eabi.lib : memcpy_t2.obj (.text)
                  00003f74    00000094                                   : auto_init.obj (.text)
                  00004008    00000080     driverlib.lib : adc.obj (.text:ADCSequenceStepConfigure)
                  00004088    0000007a     rtsv7M4_T_le_v4SPD16_eabi.lib : memset_t2.obj (.text)
                  00004102    00000002                                   : i_div0.obj (.text)
                  00004104    00000064     aeo1_drivers.lib : alpha7segment.obj (.text)
                  00004168    00000060     driverlib.lib : interrupt.obj (.text:IntDisable)
                  000041c8    00000060                   : interrupt.obj (.text:IntEnable)
                  00004228    0000005e     rtsv7M4_T_le_v4SPD16_eabi.lib : copy_decompress_rle.obj (.text)
                  00004286    00000056     driverlib.lib : gpio.obj (.text:GPIOIntTypeSet)
                  000042dc    00000048                   : gpio.obj (.text:GPIOPinConfigure)
                  00004324    00000048     rtsv7M4_T_le_v4SPD16_eabi.lib : boot.obj (.text)
                  0000436c    00000044                                   : cpy_tbl.obj (.text)
                  000043b0    00000044                                   : exit.obj (.text)
                  000043f4    00000042     driverlib.lib : ssi.obj (.text:SSIConfigSetExpClk)
                  00004436    00000040                   : uart.obj (.text:UARTConfigSetExpClk)
                  00004476    00000040     rtsv7M4_T_le_v4SPD16_eabi.lib : u_divt2.obj (.text)
                  000044b6    0000003e     driverlib.lib : adc.obj (.text:ADCSequenceConfigure)
                  000044f4    00000034                   : sysctl.obj (.text:SysCtlPeripheralEnable)
                  00004528    00000034                   : sysctl.obj (.text:SysCtlPeripheralPresent)
                  0000455c    0000002e                   : adc.obj (.text:ADCIntStatus)
                  0000458a    0000002a                   : gpio.obj (.text:GPIODirModeSet)
                  000045b4    00000022                   : pwm.obj (.text:PWMGenConfigure)
                  000045d6    0000001e                   : adc.obj (.text:ADCSequenceDataGet)
                  000045f4    0000001e                   : pwm.obj (.text:PWMPulseWidthSet)
                  00004612    00000002     --HOLE-- [fill = 0]
                  00004614    0000001c                   : uart.obj (.text:UARTDisable)
                  00004630    00000018                   : adc.obj (.text:ADCClockConfigSet)
                  00004648    00000018                   : gpio.obj (.text:GPIOPinTypeGPIOOutput)
                  00004660    00000018     rtsv7M4_T_le_v4SPD16_eabi.lib : args_main.obj (.text)
                  00004678    00000018                                   : strcmp.obj (.text)
                  00004690    00000016     driverlib.lib : adc.obj (.text:ADCProcessorTrigger)
                  000046a6    00000002     --HOLE-- [fill = 0]
                  000046a8    00000014                   : sysctl.obj (.text:SysCtlPWMClockSet)
                  000046bc    00000014                   : systick.obj (.text:SysTickEnable)
                  000046d0    00000014                   : systick.obj (.text:SysTickIntEnable)
                  000046e4    00000014                   : uart.obj (.text:UARTEnable)
                  000046f8    00000014     rtsv7M4_T_le_v4SPD16_eabi.lib : _lock.obj (.text)
                  0000470c    00000012     driverlib.lib : adc.obj (.text:ADCHardwareOversampleConfigure)
                  0000471e    00000012                   : gpio.obj (.text:GPIOPinTypeADC)
                  00004730    00000012                   : gpio.obj (.text:GPIOPinTypeGPIOInput)
                  00004742    00000012                   : gpio.obj (.text:GPIOPinTypePWM)
                  00004754    00000012                   : gpio.obj (.text:GPIOPinTypeQEI)
                  00004766    00000012                   : gpio.obj (.text:GPIOPinTypeSSI)
                  00004778    00000012                   : gpio.obj (.text:GPIOPinTypeUART)
                  0000478a    00000012                   : pwm.obj (.text:PWMOutputState)
                  0000479c    00000012                   : ssi.obj (.text:SSIDataGetNonBlocking)
                  000047ae    00000012     rtsv7M4_T_le_v4SPD16_eabi.lib : copy_zero_init.obj (.text:decompress:ZI)
                  000047c0    00000010     driverlib.lib : adc.obj (.text:ADCIntEnable)
                  000047d0    00000010                   : pwm.obj (.text:PWMGenPeriodSet)
                  000047e0    00000010                   : systick.obj (.text:SysTickPeriodSet)
                  000047f0    00000010     aeo1_drivers.lib : ssi_display.obj (.text:_ZNK4aeo114ssi_peripheral7IsEmptyEv)
                  00004800    0000000e     driverlib.lib : adc.obj (.text:ADCIntDisable)
                  0000480e    0000000e                   : adc.obj (.text:ADCSequenceDisable)
                  0000481c    0000000e                   : adc.obj (.text:ADCSequenceEnable)
                  0000482a    0000000e                   : gpio.obj (.text:GPIOIntDisable)
                  00004838    0000000e                   : qei.obj (.text:QEIConfigure)
                  00004846    0000000e                   : ssi.obj (.text:SSIDataPutNonBlocking)
                  00004854    0000000e                   : uart.obj (.text:UARTCharGetNonBlocking)
                  00004862    0000000e                   : uart.obj (.text:UARTCharPutNonBlocking)
                  00004870    0000000e     rtsv7M4_T_le_v4SPD16_eabi.lib : copy_decompress_none.obj (.text:decompress:none)
                  0000487e    0000000c     driverlib.lib : cpu.obj (.text:CPUcpsid)
                  0000488a    0000000c                   : cpu.obj (.text:CPUcpsie)
                  00004896    0000000c                   : gpio.obj (.text:GPIOIntEnable)
                  000048a2    0000000c                   : pwm.obj (.text:PWMGenDisable)
                  000048ae    0000000c                   : pwm.obj (.text:PWMGenEnable)
                  000048ba    0000000c                   : ssi.obj (.text:SSIDataGet)
                  000048c6    0000000c                   : uart.obj (.text:UARTCharsAvail)
                  000048d2    0000000c                   : uart.obj (.text:UARTSpaceAvail)
                  000048de    0000000c     aeo1_drivers.lib : ssi_display.obj (.text:_ZN4aeo111ssi_display4OnTxEv)
                  000048ea    0000000c     tm4c123gh6pm_startup_ccs.obj (.text)
                  000048f6    0000000a     driverlib.lib : adc.obj (.text:ADCIntClear)
                  00004900    0000000a                   : interrupt.obj (.text:IntMasterDisable)
                  0000490a    0000000a                   : interrupt.obj (.text:IntMasterEnable)
                  00004914    0000000a                   : pwm.obj (.text:PWMGenIntTrigEnable)
                  0000491e    0000000a                   : qei.obj (.text:QEIEnable)
                  00004928    0000000a                   : ssi.obj (.text:SSIDataPut)
                  00004932    0000000a                   : ssi.obj (.text:SSIDisable)
                  0000493c    0000000a                   : ssi.obj (.text:SSIEnable)
                  00004946    0000000a                   : ssi.obj (.text:SSIIntDisable)
                  00004950    0000000a                   : ssi.obj (.text:SSIIntStatus)
                  0000495a    0000000a                   : uart.obj (.text:UARTIntDisable)
                  00004964    0000000a                   : uart.obj (.text:UARTIntStatus)
                  0000496e    0000000a     aeo1_drivers.lib : ssi_display.obj (.text:_ZN4aeo114ssi_peripheral4OnRxEv)
                  00004978    0000000a                      : ssi_drv8711.obj (.text:_ZN4aeo114ssi_peripheral4OnTxEv)
                  00004982    00000008     driverlib.lib : pwm.obj (.text:PWMIntEnable)
                  0000498a    00000008                   : ssi.obj (.text:SSIIntEnable)
                  00004992    00000008                   : uart.obj (.text:UARTIntEnable)
                  0000499a    00000008     rtsv7M4_T_le_v4SPD16_eabi.lib : delete.obj (.text)
                  000049a2    00000006     driverlib.lib : gpio.obj (.text:GPIOPinRead)
                  000049a8    00000006                   : gpio.obj (.text:GPIOPinWrite)
                  000049ae    00000006                   : pwm.obj (.text:PWMGenIntClear)
                  000049b4    00000006                   : sysctl.obj (.text:SysCtlDelay)
                  000049ba    00000006                   : uart.obj (.text:UARTClockSourceSet)
                  000049c0    00000006                   : uart.obj (.text:UARTFIFOLevelSet)
                  000049c6    00000006     rtsv7M4_T_le_v4SPD16_eabi.lib : copy_decompress_rle.obj (.text:decompress:rle24)
                  000049cc    00000004     driverlib.lib : qei.obj (.text:QEIPositionGet)
                  000049d0    00000004                   : qei.obj (.text:QEIPositionSet)
                  000049d4    00000004                   : ssi.obj (.text:SSIIntClear)
                  000049d8    00000004                   : uart.obj (.text:UARTIntClear)

.const     0    000049dc    00000804     
                  000049dc    0000021e     main.obj (.const:.string)
                  00004bfa    00000002     rtsv7M4_T_le_v4SPD16_eabi.lib : typeinfo_.obj (.const:.typeinfo:_ZTSe)
                  00004bfc    00000090     driverlib.lib : gpio.obj (.const:g_pui32GPIOBaseAddrs)
                  00004c8c    0000008e     aeo1_drivers.lib : alpha7segment.obj (.const:_ZN4aeo119alpha7segment_tableE)
                  00004d1a    00000002     --HOLE-- [fill = 0]
                  00004d1c    00000070     driverlib.lib : interrupt.obj (.const)
                  00004d8c    0000006c                   : sysctl.obj (.const:g_pui32Xtals)
                  00004df8    00000048     aeo1_drivers.lib : ssi_drv8711.obj (.const:$P$T0$1)
                  00004e40    00000030     tiva_utils.lib : ustdlib.obj (.const:g_psDaysToMonth)
                  00004e70    00000028     rtsv7M4_T_le_v4SPD16_eabi.lib : typeinfo_.obj (.const:.typeinfo:_ZTSN10__cxxabiv123__fundamental_type_infoE)
                  00004e98    00000028     aeo1_drivers.lib : ssi_display.obj (.const:_ZTVN4aeo111ssi_displayE)
                  00004ec0    00000028                      : ssi_drv8711.obj (.const:_ZTVN4aeo111ssi_drv8711E)
                  00004ee8    00000028                      : ssi_peripheral.obj (.const:_ZTVN4aeo114ssi_peripheralE)
                  00004f10    00000028     tiva_utils.lib : uartstdio.obj (.const)
                  00004f38    00000025     rtsv7M4_T_le_v4SPD16_eabi.lib : typeinfo_.obj (.const:.typeinfo:_ZTSN10__cxxabiv120__si_class_type_infoE)
                  00004f5d    00000024                                   : typeinfo_.obj (.const:.typeinfo:_ZTSN10__cxxabiv119__pointer_type_infoE)
                  00004f81    00000022                                   : typeinfo_.obj (.const:.typeinfo:_ZTSN10__cxxabiv117__class_type_infoE)
                  00004fa3    00000022                                   : typeinfo_.obj (.const:.typeinfo:_ZTSN10__cxxabiv117__pbase_type_infoE)
                  00004fc5    00000003     --HOLE-- [fill = 0]
                  00004fc8    0000001c     tiva_utils.lib : ustdlib.obj (.const)
                  00004fe4    00000018     aeo1_drivers.lib : ssi_peripheral.obj (.const:.typeinfo:_ZTSN4aeo114ssi_peripheralE)
                  00004ffc    00000016                      : adc_potmeter.obj (.const:.typeinfo:_ZTSN4aeo112adc_potmeterE)
                  00005012    00000015                      : pwm_stepper.obj (.const:.typeinfo:_ZTSN4aeo111pwm_stepperE)
                  00005027    00000015                      : ssi_display.obj (.const:.typeinfo:_ZTSN4aeo111ssi_displayE)
                  0000503c    00000015                      : ssi_drv8711.obj (.const:.typeinfo:_ZTSN4aeo111ssi_drv8711E)
                  00005051    00000014                      : qei_sensor.obj (.const:.typeinfo:_ZTSN4aeo110qei_sensorE)
                  00005065    00000012                      : ssi_display.obj (.const:.string)
                  00005077    00000001     --HOLE-- [fill = 0]
                  00005078    00000012     tiva_utils.lib : uartstdio.obj (.const:.string)
                  0000508a    00000002     --HOLE-- [fill = 0]
                  0000508c    00000012                    : ustdlib.obj (.const:.string)
                  0000509e    00000002     --HOLE-- [fill = 0]
                  000050a0    00000010     rtsv7M4_T_le_v4SPD16_eabi.lib : typeinfo_.obj (.const:.typeinfo:_ZTIPKe)
                  000050b0    00000010     drv8711.obj (.const:.typeinfo:_ZTSN4aeo17drv8711E)
                  000050c0    00000010     rtsv7M4_T_le_v4SPD16_eabi.lib : typeinfo_.obj (.const:_ZTVN10__cxxabiv117__class_type_infoE)
                  000050d0    00000010                                   : typeinfo_.obj (.const:_ZTVN10__cxxabiv119__pointer_type_infoE)
                  000050e0    00000010                                   : typeinfo_.obj (.const:_ZTVN10__cxxabiv120__si_class_type_infoE)
                  000050f0    00000010                                   : typeinfo_.obj (.const:_ZTVN10__cxxabiv123__fundamental_type_infoE)
                  00005100    00000010     aeo1_drivers.lib : qei_sensor.obj (.const:_ZTVN4aeo110qei_sensorE)
                  00005110    00000010                      : pwm_stepper.obj (.const:_ZTVN4aeo111pwm_stepperE)
                  00005120    00000010                      : adc_potmeter.obj (.const:_ZTVN4aeo112adc_potmeterE)
                  00005130    00000010     drv8711.obj (.const:_ZTVN4aeo17drv8711E)
                  00005140    0000000d     rtsv7M4_T_le_v4SPD16_eabi.lib : typeinfo_.obj (.const:.typeinfo:_ZTSSt9type_info)
                  0000514d    00000003     --HOLE-- [fill = 0]
                  00005150    0000000c                                   : typeinfo_.obj (.const:.typeinfo:_ZTIN10__cxxabiv117__class_type_infoE)
                  0000515c    0000000c                                   : typeinfo_.obj (.const:.typeinfo:_ZTIN10__cxxabiv117__pbase_type_infoE)
                  00005168    0000000c                                   : typeinfo_.obj (.const:.typeinfo:_ZTIN10__cxxabiv119__pointer_type_infoE)
                  00005174    0000000c                                   : typeinfo_.obj (.const:.typeinfo:_ZTIN10__cxxabiv120__si_class_type_infoE)
                  00005180    0000000c                                   : typeinfo_.obj (.const:.typeinfo:_ZTIN10__cxxabiv123__fundamental_type_infoE)
                  0000518c    0000000c     aeo1_drivers.lib : ssi_display.obj (.const:.typeinfo:_ZTIN4aeo111ssi_displayE)
                  00005198    0000000c                      : ssi_drv8711.obj (.const:.typeinfo:_ZTIN4aeo111ssi_drv8711E)
                  000051a4    00000008                      : qei_sensor.obj (.const:.typeinfo:_ZTIN4aeo110qei_sensorE)
                  000051ac    00000008                      : pwm_stepper.obj (.const:.typeinfo:_ZTIN4aeo111pwm_stepperE)
                  000051b4    00000008                      : adc_potmeter.obj (.const:.typeinfo:_ZTIN4aeo112adc_potmeterE)
                  000051bc    00000008                      : ssi_peripheral.obj (.const:.typeinfo:_ZTIN4aeo114ssi_peripheralE)
                  000051c4    00000008     drv8711.obj (.const:.typeinfo:_ZTIN4aeo17drv8711E)
                  000051cc    00000008     rtsv7M4_T_le_v4SPD16_eabi.lib : typeinfo_.obj (.const:.typeinfo:_ZTISt9type_info)
                  000051d4    00000008                                   : typeinfo_.obj (.const:.typeinfo:_ZTIe)
                  000051dc    00000004                                   : typeinfo_.obj (.const:.typeinfo:_ZTSPKe)

.init_array 
*          0    000051e0    00000004     
                  000051e0    00000004     main.obj (.init_array)

.cinit     0    000051e8    00000248     
                  000051e8    0000021d     (.cinit..data.load) [load image, compression = rle]
                  00005405    00000003     --HOLE-- [fill = 0]
                  00005408    0000000c     (__TI_handler_table)
                  00005414    00000004     --HOLE-- [fill = 0]
                  00005418    00000008     (.cinit..bss.load) [load image, compression = zero_init]
                  00005420    00000010     (__TI_cinit_table)

.bss       0    20000000    00000701     UNINITIALIZED
                  20000000    00000400     tiva_utils.lib : uartstdio.obj (.bss:g_pcUARTTxBuffer)
                  20000400    000000b8     main.obj (.bss:g_oDrv8711)
                  200004b8    00000080     tiva_utils.lib : uartstdio.obj (.bss:g_pcUARTRxBuffer)
                  20000538    00000080     main.obj (.bss:g_zInput)
                  200005b8    0000007c     main.obj (.bss:g_oDialerDisplay)
                  20000634    0000007c     main.obj (.bss:g_oScaleDisplay)
                  200006b0    00000024     tiva_utils.lib : cmdline.obj (.bss:g_ppcArgv)
                  200006d4    00000020     main.obj (.bss)
                  200006f4    00000004     (.common:_ZSt16__dummy_typeinfo)
                  200006f8    00000004     (.common:__dso_handle)
                  200006fc    00000004     (.common:g_ui32PortNum)
                  20000700    00000001     (.common:g_bDisableEcho)

.data      0    20000704    00000294     UNINITIALIZED
                  20000704    000000b4     main.obj (.data:g_psCmdTable)
                  200007b8    000000a8     main.obj (.data:g_psRotaryMenu)
                  20000860    0000002c     aeo1_drivers.lib : ssi_peripheral.obj (.data:_ZN4aeo118SSI0_SpecificationE)
                  2000088c    0000002c                      : ssi_peripheral.obj (.data:_ZN4aeo118SSI1_SpecificationE)
                  200008b8    0000002c                      : ssi_peripheral.obj (.data:_ZN4aeo118SSI2_SpecificationE)
                  200008e4    0000002c                      : ssi_peripheral.obj (.data:_ZN4aeo118SSI3_SpecificationE)
                  20000910    0000001d     main.obj (.data)
                  2000092d    00000003     --HOLE--
                  20000930    00000015     tiva_utils.lib : uartstdio.obj (.data)
                  20000945    00000003     --HOLE--
                  20000948    00000010     aeo1_drivers.lib : adc_potmeter.obj (.data)
                  20000958    00000010                      : ssi_peripheral.obj (.data)
                  20000968    0000000c     rtsv7M4_T_le_v4SPD16_eabi.lib : memory.obj (.data)
                  20000974    00000008                                   : _lock.obj (.data)
                  2000097c    00000008                                   : exit.obj (.data)
                  20000984    00000004     aeo1_drivers.lib : pwm_stepper.obj (.data)
                  20000988    00000004                      : ssi_drv8711.obj (.data)
                  2000098c    00000004     rtsv7M4_T_le_v4SPD16_eabi.lib : dtor_list.obj (.data)
                  20000990    00000004                                   : stkdepth_vars.obj (.data)
                  20000994    00000004     tiva_utils.lib : ustdlib.obj (.data)

.stack     0    20000998    00000200     UNINITIALIZED
                  20000998    00000200     --HOLE--

.sysmem    0    20000b98    00000008     UNINITIALIZED
                  20000b98    00000008     rtsv7M4_T_le_v4SPD16_eabi.lib : memory.obj (.sysmem)


LINKER GENERATED COPY TABLES

__TI_cinit_table @ 00005420 records: 2, size/record: 8, table size: 16
	.data: load addr=000051e8, load size=0000021d bytes, run addr=20000704, run size=00000294 bytes, compression=rle
	.bss: load addr=00005418, load size=00000008 bytes, run addr=20000000, run size=00000701 bytes, compression=zero_init


LINKER GENERATED HANDLER TABLE

__TI_handler_table @ 00005408 records: 3, size/record: 4, table size: 12
	index: 0, handler: __TI_decompress_rle24
	index: 1, handler: __TI_decompress_none
	index: 2, handler: __TI_zero_init


GLOBAL SYMBOLS: SORTED ALPHABETICALLY BY Name 

address    name
--------   ----
00004631   ADCClockConfigSet
0000470d   ADCHardwareOversampleConfigure
000048f7   ADCIntClear
00004801   ADCIntDisable
000047c1   ADCIntEnable
0000455d   ADCIntStatus
00004691   ADCProcessorTrigger
000044b7   ADCSequenceConfigure
000045d7   ADCSequenceDataGet
0000480f   ADCSequenceDisable
0000481d   ADCSequenceEnable
00004009   ADCSequenceStepConfigure
000043b1   C$$EXIT
0000487f   CPUcpsid
0000488b   CPUcpsie
00003e2d   CmdLineProcess
0000458b   GPIODirModeSet
0000482b   GPIOIntDisable
00004897   GPIOIntEnable
00004287   GPIOIntTypeSet
00003a35   GPIOPadConfigSet
000042dd   GPIOPinConfigure
000049a3   GPIOPinRead
0000471f   GPIOPinTypeADC
00004731   GPIOPinTypeGPIOInput
00004649   GPIOPinTypeGPIOOutput
00004743   GPIOPinTypePWM
00004755   GPIOPinTypeQEI
00004767   GPIOPinTypeSSI
00004779   GPIOPinTypeUART
000049a9   GPIOPinWrite
00004169   IntDisable
000041c9   IntEnable
00004901   IntMasterDisable
0000490b   IntMasterEnable
00003841   OnADCInterrupt
0000248d   OnGPIOBInterrupt
000024a9   OnGPIOEInterrupt
00003341   OnPWM1Gen1Interrupt
00001f1d   OnSSI0Interrupt
00001f37   OnSSI1Interrupt
00001f51   OnSSI2Interrupt
00001f6b   OnSSI3Interrupt
000045b5   PWMGenConfigure
000048a3   PWMGenDisable
000048af   PWMGenEnable
000049af   PWMGenIntClear
00004915   PWMGenIntTrigEnable
000047d1   PWMGenPeriodSet
00004983   PWMIntEnable
0000478b   PWMOutputState
000045f5   PWMPulseWidthSet
00004839   QEIConfigure
0000491f   QEIEnable
000049cd   QEIPositionGet
000049d1   QEIPositionSet
000048eb   ResetISR
000051e0   SHT$$INIT_ARRAY$$Base
000051e4   SHT$$INIT_ARRAY$$Limit
000043f5   SSIConfigSetExpClk
000048bb   SSIDataGet
0000479d   SSIDataGetNonBlocking
00004929   SSIDataPut
00004847   SSIDataPutNonBlocking
00004933   SSIDisable
0000493d   SSIEnable
000049d5   SSIIntClear
00004947   SSIIntDisable
0000498b   SSIIntEnable
00004951   SSIIntStatus
00003b65   SysCtlClockGet
000049b5   SysCtlDelay
000046a9   SysCtlPWMClockSet
000044f5   SysCtlPeripheralEnable
00004529   SysCtlPeripheralPresent
000046bd   SysTickEnable
000046d1   SysTickIntEnable
00001c59   SysTickIntHandler
000047e1   SysTickPeriodSet
00004855   UARTCharGetNonBlocking
00004863   UARTCharPutNonBlocking
000048c7   UARTCharsAvail
000049bb   UARTClockSourceSet
00004437   UARTConfigSetExpClk
00004615   UARTDisable
000015c9   UARTEchoSet
000046e5   UARTEnable
000049c1   UARTFIFOLevelSet
00001573   UARTFlushRx
00001593   UARTFlushTx
000049d9   UARTIntClear
0000495b   UARTIntDisable
00004993   UARTIntEnable
00004965   UARTIntStatus
00001519   UARTPeek
000014f7   UARTRxBytesAvail
000048d3   UARTSpaceAvail
00000fdd   UARTStdioConfig
000015f5   UARTStdioIntHandler
00001505   UARTTxBytesFree
0000117f   UARTgetc
00001103   UARTgets
000014d3   UARTprintf
000011d9   UARTvprintf
00001063   UARTwrite
00001ced   _Z10Initializev
00001999   _Z12OnMenuDialeri
00001c15   _Z13ConfigureUARTv
00001a27   _Z14OnNumberDialeri
00001a61   _Z6OnFeedi
00001ae1   _Z6OnMovei
0000176b   _Z7CMD_setiPPc
00001943   _Z7MNU_setiPPc
00001841   _Z8CMD_diagiPPc
000017b1   _Z8CMD_feediPPc
000017a1   _Z8CMD_haltiPPc
000018f1   _Z8CMD_helpiPPc
00001791   _Z8CMD_idleiPPc
000017d7   _Z8CMD_moveiPPc
000018b1   _Z8CMD_stepiPPc
00001805   _Z8CMD_stopiPPc
00001827   _Z8CMD_textiPPc
00001751   _Z8CMD_zeroiPPc
00001961   _Z8MNU_feediPPc
00001977   _Z8MNU_moveiPPc
00001d89   _Z8MainLoopv
00001bb1   _Z8OnDialeri
000018a1   _Z9CMD_noerriPPc
00001891   _Z9CMD_resetiPPc
00001869   _Z9CMD_sleepiPPc
00003e1d   _ZN10__cxxabiv116__enum_type_infoD0Ev
00003e1b   _ZN10__cxxabiv116__enum_type_infoD1Ev
00003e1b   _ZN10__cxxabiv116__enum_type_infoD2Ev
00003e13   _ZN10__cxxabiv117__array_type_infoD0Ev
00003e11   _ZN10__cxxabiv117__array_type_infoD1Ev
00003e11   _ZN10__cxxabiv117__array_type_infoD2Ev
00003e09   _ZN10__cxxabiv117__class_type_infoD0Ev
00003e07   _ZN10__cxxabiv117__class_type_infoD1Ev
00003e07   _ZN10__cxxabiv117__class_type_infoD2Ev
00003dff   _ZN10__cxxabiv117__pbase_type_infoD0Ev
00003dfd   _ZN10__cxxabiv117__pbase_type_infoD1Ev
00003dfd   _ZN10__cxxabiv117__pbase_type_infoD2Ev
00003df5   _ZN10__cxxabiv119__pointer_type_infoD0Ev
00003df3   _ZN10__cxxabiv119__pointer_type_infoD1Ev
00003df3   _ZN10__cxxabiv119__pointer_type_infoD2Ev
00003deb   _ZN10__cxxabiv120__function_type_infoD0Ev
00003de9   _ZN10__cxxabiv120__function_type_infoD1Ev
00003de9   _ZN10__cxxabiv120__function_type_infoD2Ev
00003de1   _ZN10__cxxabiv120__si_class_type_infoD0Ev
00003ddf   _ZN10__cxxabiv120__si_class_type_infoD1Ev
00003ddf   _ZN10__cxxabiv120__si_class_type_infoD2Ev
00003dd7   _ZN10__cxxabiv121__vmi_class_type_infoD0Ev
00003dd5   _ZN10__cxxabiv121__vmi_class_type_infoD1Ev
00003dd5   _ZN10__cxxabiv121__vmi_class_type_infoD2Ev
00003dcd   _ZN10__cxxabiv123__fundamental_type_infoD0Ev
00003dcb   _ZN10__cxxabiv123__fundamental_type_infoD1Ev
00003dcb   _ZN10__cxxabiv123__fundamental_type_infoD2Ev
00003dc3   _ZN10__cxxabiv129__pointer_to_member_type_infoD0Ev
00003dc1   _ZN10__cxxabiv129__pointer_to_member_type_infoD1Ev
00003dc1   _ZN10__cxxabiv129__pointer_to_member_type_infoD2Ev
000030d5   _ZN4aeo110qei_sensor10InitializeEv
000030ff   _ZN4aeo110qei_sensor3GetEv
00003165   _ZN4aeo110qei_sensor3SetEi
0000319b   _ZN4aeo110qei_sensor4DiagEv
0000318b   _ZN4aeo110qei_sensor4ZeroEv
00003127   _ZN4aeo110qei_sensor8GetIndexEv
00003079   _ZN4aeo110qei_sensorC1ENS0_9device_idENS0_13configurationE
00003079   _ZN4aeo110qei_sensorC2ENS0_9device_idENS0_13configurationE
000030bf   _ZN4aeo110qei_sensorD0Ev
000030b3   _ZN4aeo110qei_sensorD1Ev
000030b3   _ZN4aeo110qei_sensorD2Ev
000033b7   _ZN4aeo111pwm_stepper10InitializeEv
000034bb   _ZN4aeo111pwm_stepper11OnInterruptEv
00003429   _ZN4aeo111pwm_stepper4DiagEv
00003435   _ZN4aeo111pwm_stepper4MoveEj
0000348d   _ZN4aeo111pwm_stepper4StopEb
0000335d   _ZN4aeo111pwm_stepperC1Ev
0000335d   _ZN4aeo111pwm_stepperC2Ev
000033a1   _ZN4aeo111pwm_stepperD0Ev
00003395   _ZN4aeo111pwm_stepperD1Ev
00003395   _ZN4aeo111pwm_stepperD2Ev
00003623   _ZN4aeo111ssi_display10InitializeEv
000037bd   _ZN4aeo111ssi_display14Digit2SegmentsEjjb
0000371f   _ZN4aeo111ssi_display3SetEPKc
00003641   _ZN4aeo111ssi_display3SetEii
0000362f   _ZN4aeo111ssi_display4DiagEv
000048df   _ZN4aeo111ssi_display4OnTxEv
000035dd   _ZN4aeo111ssi_displayC1ENS_14ssi_peripheral9device_idE
000035dd   _ZN4aeo111ssi_displayC2ENS_14ssi_peripheral9device_idE
0000360d   _ZN4aeo111ssi_displayD0Ev
000035ff   _ZN4aeo111ssi_displayD1Ev
000035ff   _ZN4aeo111ssi_displayD2Ev
0000250f   _ZN4aeo111ssi_drv871110InitializeEv
0000262d   _ZN4aeo111ssi_drv871111PrintStatusEj
00002705   _ZN4aeo111ssi_drv871115OnGpioInterruptENS0_5EventE
000025db   _ZN4aeo111ssi_drv87114DiagEv
00002771   _ZN4aeo111ssi_drv87114ReadEj
000026c9   _ZN4aeo111ssi_drv87115ResetEv
000026ab   _ZN4aeo111ssi_drv87115SleepEb
000027d1   _ZN4aeo111ssi_drv87115WriteEjj
000024c5   _ZN4aeo111ssi_drv8711C1Ev
000024c5   _ZN4aeo111ssi_drv8711C2Ev
000024f9   _ZN4aeo111ssi_drv8711D0Ev
000024eb   _ZN4aeo111ssi_drv8711D1Ev
000024eb   _ZN4aeo111ssi_drv8711D2Ev
000038ab   _ZN4aeo112adc_potmeter10InitializeEv
20000948   _ZN4aeo112adc_potmeter10m_nCounterE
00003927   _ZN4aeo112adc_potmeter11OnInterruptEv
20000950   _ZN4aeo112adc_potmeter14m_nReadCounterE
000039d1   _ZN4aeo112adc_potmeter15GetErrorCounterEv
2000094c   _ZN4aeo112adc_potmeter15m_nErrorCounterE
20000954   _ZN4aeo112adc_potmeter16m_pTheOneAndOnlyE
000039e9   _ZN4aeo112adc_potmeter4DiagEv
000039a3   _ZN4aeo112adc_potmeter7TriggerEv
000039b1   _ZN4aeo112adc_potmeter8GetValueEv
0000390b   _ZN4aeo112adc_potmeter9TerminateEv
00003853   _ZN4aeo112adc_potmeterC1Ev
00003853   _ZN4aeo112adc_potmeterC2Ev
00003895   _ZN4aeo112adc_potmeterD0Ev
00003871   _ZN4aeo112adc_potmeterD1Ev
00003871   _ZN4aeo112adc_potmeterD2Ev
00004105   _ZN4aeo113Alpha7SegmentEc
0000205f   _ZN4aeo114ssi_peripheral10InitializeEv
00002363   _ZN4aeo114ssi_peripheral10LoadTxFIFOEv
00002181   _ZN4aeo114ssi_peripheral11OnInterruptEv
00002399   _ZN4aeo114ssi_peripheral12UnloadRxFIFOEv
0000234b   _ZN4aeo114ssi_peripheral3GetEv
00002337   _ZN4aeo114ssi_peripheral3PutEj
00002245   _ZN4aeo114ssi_peripheral4DiagEv
0000496f   _ZN4aeo114ssi_peripheral4OnRxEv
00004979   _ZN4aeo114ssi_peripheral4OnTxEv
000022db   _ZN4aeo114ssi_peripheral9TerminateEv
00001f85   _ZN4aeo114ssi_peripheralC1ENS0_9device_idEjb
00001f85   _ZN4aeo114ssi_peripheralC2ENS0_9device_idEjb
00002049   _ZN4aeo114ssi_peripheralD0Ev
00002035   _ZN4aeo114ssi_peripheralD1Ev
00002035   _ZN4aeo114ssi_peripheralD2Ev
20000860   _ZN4aeo118SSI0_SpecificationE
2000088c   _ZN4aeo118SSI1_SpecificationE
200008b8   _ZN4aeo118SSI2_SpecificationE
200008e4   _ZN4aeo118SSI3_SpecificationE
00002905   _ZN4aeo17drv871110InitializeEv
00002a3d   _ZN4aeo17drv871110SetDefaultEv
00002ba1   _ZN4aeo17drv871111ClearFaultsEv
00002bcd   _ZN4aeo17drv871116ReadAllRegistersEv
00002adb   _ZN4aeo17drv87114DiagEv
00002983   _ZN4aeo17drv87114FeedEi
00002955   _ZN4aeo17drv87114HaltEv
00002929   _ZN4aeo17drv87114IdleEv
00002993   _ZN4aeo17drv87114MoveEi
00002b01   _ZN4aeo17drv87114StepEjb
00002ab1   _ZN4aeo17drv87114StopEb
00002bb9   _ZN4aeo17drv87115ResetEv
00002b73   _ZN4aeo17drv87115SleepEb
00002a0f   _ZN4aeo17drv87119SetTorqueEj
000028b9   _ZN4aeo17drv8711C1Ev
000028b9   _ZN4aeo17drv8711C2Ev
000028ef   _ZN4aeo17drv8711D0Ev
000028d7   _ZN4aeo17drv8711D1Ev
000028d7   _ZN4aeo17drv8711D2Ev
000047f1   _ZNK4aeo114ssi_peripheral7IsEmptyEv
00003d83   _ZNKSt9type_info4nameEv
00003db3   _ZNKSt9type_info6beforeERKS_
00003d9d   _ZNKSt9type_infoeqERKS_
00003d87   _ZNKSt9type_infoneERKS_
00003d7b   _ZNSt9type_infoD0Ev
00003d79   _ZNSt9type_infoD1Ev
00003d79   _ZNSt9type_infoD2Ev
200006f4   _ZSt16__dummy_typeinfo
00003d71   _ZSt21__gen_dummy_typeinfosv
00005150   _ZTIN10__cxxabiv117__class_type_infoE
0000515c   _ZTIN10__cxxabiv117__pbase_type_infoE
00005168   _ZTIN10__cxxabiv119__pointer_type_infoE
00005174   _ZTIN10__cxxabiv120__si_class_type_infoE
00005180   _ZTIN10__cxxabiv123__fundamental_type_infoE
000051a4   _ZTIN4aeo110qei_sensorE
000051ac   _ZTIN4aeo111pwm_stepperE
0000518c   _ZTIN4aeo111ssi_displayE
00005198   _ZTIN4aeo111ssi_drv8711E
000051b4   _ZTIN4aeo112adc_potmeterE
000051bc   _ZTIN4aeo114ssi_peripheralE
000051c4   _ZTIN4aeo17drv8711E
000050a0   _ZTIPKe
000051cc   _ZTISt9type_info
000051d4   _ZTIe
00004f81   _ZTSN10__cxxabiv117__class_type_infoE
00004fa3   _ZTSN10__cxxabiv117__pbase_type_infoE
00004f5d   _ZTSN10__cxxabiv119__pointer_type_infoE
00004f38   _ZTSN10__cxxabiv120__si_class_type_infoE
00004e70   _ZTSN10__cxxabiv123__fundamental_type_infoE
00005051   _ZTSN4aeo110qei_sensorE
00005012   _ZTSN4aeo111pwm_stepperE
00005027   _ZTSN4aeo111ssi_displayE
0000503c   _ZTSN4aeo111ssi_drv8711E
00004ffc   _ZTSN4aeo112adc_potmeterE
00004fe4   _ZTSN4aeo114ssi_peripheralE
000050b0   _ZTSN4aeo17drv8711E
000051dc   _ZTSPKe
00005140   _ZTSSt9type_info
00004bfa   _ZTSe
000050c0   _ZTVN10__cxxabiv117__class_type_infoE
000050d0   _ZTVN10__cxxabiv119__pointer_type_infoE
000050e0   _ZTVN10__cxxabiv120__si_class_type_infoE
000050f0   _ZTVN10__cxxabiv123__fundamental_type_infoE
00005100   _ZTVN4aeo110qei_sensorE
00005110   _ZTVN4aeo111pwm_stepperE
00004e98   _ZTVN4aeo111ssi_displayE
00004ec0   _ZTVN4aeo111ssi_drv8711E
00005120   _ZTVN4aeo112adc_potmeterE
00004ee8   _ZTVN4aeo114ssi_peripheralE
00005130   _ZTVN4aeo17drv8711E
0000499b   _ZdlPv
20000b98   __STACK_END
00000200   __STACK_SIZE
20000b98   __STACK_TOP
00000008   __SYSMEM_SIZE
00005420   __TI_CINIT_Base
00005430   __TI_CINIT_Limit
00005408   __TI_Handler_Table_Base
00005414   __TI_Handler_Table_Limit
00000001   __TI_args_main
00003f75   __TI_auto_init
2000097c   __TI_cleanup_ptr
00004871   __TI_decompress_none
000049c7   __TI_decompress_rle24
20000980   __TI_dtors_ptr
00000000   __TI_static_base__
000047af   __TI_zero_init
00003cd5   __aeabi_atexit
00004103   __aeabi_idiv0
00004089   __aeabi_memclr
00004089   __aeabi_memclr4
00004089   __aeabi_memclr8
00003ed9   __aeabi_memcpy
00003ed9   __aeabi_memcpy4
00003ed9   __aeabi_memcpy8
0000408b   __aeabi_memset
0000408b   __aeabi_memset4
0000408b   __aeabi_memset8
00004477   __aeabi_uidiv
00004477   __aeabi_uidivmod
ffffffff   __binit__
ffffffff   __c_args__
00003cc3   __cxa_atexit
00003c7d   __cxa_finalize
00003cbd   __cxa_ia64_exit
200006f8   __dso_handle
20000998   __stack
00001df7   __sti___8_main_cpp_1c94e432
00004661   _args_main
00004325   _c_int00
20000974   _lock
00004707   _nop
000046ff   _register_lock
000046f9   _register_unlock
20000b98   _sys_memory
20000978   _unlock
000043b5   abort
00003cc7   atexit
ffffffff   binit
00003041   calloc
0000436d   copy_in
000043bd   exit
00002d91   free
200005b8   g_oDialerDisplay
20000400   g_oDrv8711
200006e4   g_oLinearScale
200006d4   g_oRotaryDialer
20000634   g_oScaleDisplay
00000000   g_pfnVectors
20000704   g_psCmdTable
200007b8   g_psRotaryMenu
00001de5   main
20000990   main_func_sp
00002d29   malloc
00002f5d   memalign
00003ed9   memcpy
00004091   memset
00002c9d   minit
00002e51   realloc
00004679   strcmp
00000751   ulocaltime
0000094f   umktime
00000ec9   urand
00000721   usnprintf
000006ef   usprintf
00000eb9   usrand
00000e31   ustrcasecmp
00000ea5   ustrcmp
00000d35   ustrlen
00000d8d   ustrncasecmp
00000e45   ustrncmp
0000026d   ustrncpy
00000d57   ustrstr
00000afd   ustrtof
000009c5   ustrtoul
000002c5   uvsnprintf


GLOBAL SYMBOLS: SORTED BY Symbol Address 

address    name
--------   ----
00000000   __TI_static_base__
00000000   g_pfnVectors
00000001   __TI_args_main
00000008   __SYSMEM_SIZE
00000200   __STACK_SIZE
0000026d   ustrncpy
000002c5   uvsnprintf
000006ef   usprintf
00000721   usnprintf
00000751   ulocaltime
0000094f   umktime
000009c5   ustrtoul
00000afd   ustrtof
00000d35   ustrlen
00000d57   ustrstr
00000d8d   ustrncasecmp
00000e31   ustrcasecmp
00000e45   ustrncmp
00000ea5   ustrcmp
00000eb9   usrand
00000ec9   urand
00000fdd   UARTStdioConfig
00001063   UARTwrite
00001103   UARTgets
0000117f   UARTgetc
000011d9   UARTvprintf
000014d3   UARTprintf
000014f7   UARTRxBytesAvail
00001505   UARTTxBytesFree
00001519   UARTPeek
00001573   UARTFlushRx
00001593   UARTFlushTx
000015c9   UARTEchoSet
000015f5   UARTStdioIntHandler
00001751   _Z8CMD_zeroiPPc
0000176b   _Z7CMD_setiPPc
00001791   _Z8CMD_idleiPPc
000017a1   _Z8CMD_haltiPPc
000017b1   _Z8CMD_feediPPc
000017d7   _Z8CMD_moveiPPc
00001805   _Z8CMD_stopiPPc
00001827   _Z8CMD_textiPPc
00001841   _Z8CMD_diagiPPc
00001869   _Z9CMD_sleepiPPc
00001891   _Z9CMD_resetiPPc
000018a1   _Z9CMD_noerriPPc
000018b1   _Z8CMD_stepiPPc
000018f1   _Z8CMD_helpiPPc
00001943   _Z7MNU_setiPPc
00001961   _Z8MNU_feediPPc
00001977   _Z8MNU_moveiPPc
00001999   _Z12OnMenuDialeri
00001a27   _Z14OnNumberDialeri
00001a61   _Z6OnFeedi
00001ae1   _Z6OnMovei
00001bb1   _Z8OnDialeri
00001c15   _Z13ConfigureUARTv
00001c59   SysTickIntHandler
00001ced   _Z10Initializev
00001d89   _Z8MainLoopv
00001de5   main
00001df7   __sti___8_main_cpp_1c94e432
00001f1d   OnSSI0Interrupt
00001f37   OnSSI1Interrupt
00001f51   OnSSI2Interrupt
00001f6b   OnSSI3Interrupt
00001f85   _ZN4aeo114ssi_peripheralC1ENS0_9device_idEjb
00001f85   _ZN4aeo114ssi_peripheralC2ENS0_9device_idEjb
00002035   _ZN4aeo114ssi_peripheralD1Ev
00002035   _ZN4aeo114ssi_peripheralD2Ev
00002049   _ZN4aeo114ssi_peripheralD0Ev
0000205f   _ZN4aeo114ssi_peripheral10InitializeEv
00002181   _ZN4aeo114ssi_peripheral11OnInterruptEv
00002245   _ZN4aeo114ssi_peripheral4DiagEv
000022db   _ZN4aeo114ssi_peripheral9TerminateEv
00002337   _ZN4aeo114ssi_peripheral3PutEj
0000234b   _ZN4aeo114ssi_peripheral3GetEv
00002363   _ZN4aeo114ssi_peripheral10LoadTxFIFOEv
00002399   _ZN4aeo114ssi_peripheral12UnloadRxFIFOEv
0000248d   OnGPIOBInterrupt
000024a9   OnGPIOEInterrupt
000024c5   _ZN4aeo111ssi_drv8711C1Ev
000024c5   _ZN4aeo111ssi_drv8711C2Ev
000024eb   _ZN4aeo111ssi_drv8711D1Ev
000024eb   _ZN4aeo111ssi_drv8711D2Ev
000024f9   _ZN4aeo111ssi_drv8711D0Ev
0000250f   _ZN4aeo111ssi_drv871110InitializeEv
000025db   _ZN4aeo111ssi_drv87114DiagEv
0000262d   _ZN4aeo111ssi_drv871111PrintStatusEj
000026ab   _ZN4aeo111ssi_drv87115SleepEb
000026c9   _ZN4aeo111ssi_drv87115ResetEv
00002705   _ZN4aeo111ssi_drv871115OnGpioInterruptENS0_5EventE
00002771   _ZN4aeo111ssi_drv87114ReadEj
000027d1   _ZN4aeo111ssi_drv87115WriteEjj
000028b9   _ZN4aeo17drv8711C1Ev
000028b9   _ZN4aeo17drv8711C2Ev
000028d7   _ZN4aeo17drv8711D1Ev
000028d7   _ZN4aeo17drv8711D2Ev
000028ef   _ZN4aeo17drv8711D0Ev
00002905   _ZN4aeo17drv871110InitializeEv
00002929   _ZN4aeo17drv87114IdleEv
00002955   _ZN4aeo17drv87114HaltEv
00002983   _ZN4aeo17drv87114FeedEi
00002993   _ZN4aeo17drv87114MoveEi
00002a0f   _ZN4aeo17drv87119SetTorqueEj
00002a3d   _ZN4aeo17drv871110SetDefaultEv
00002ab1   _ZN4aeo17drv87114StopEb
00002adb   _ZN4aeo17drv87114DiagEv
00002b01   _ZN4aeo17drv87114StepEjb
00002b73   _ZN4aeo17drv87115SleepEb
00002ba1   _ZN4aeo17drv871111ClearFaultsEv
00002bb9   _ZN4aeo17drv87115ResetEv
00002bcd   _ZN4aeo17drv871116ReadAllRegistersEv
00002c9d   minit
00002d29   malloc
00002d91   free
00002e51   realloc
00002f5d   memalign
00003041   calloc
00003079   _ZN4aeo110qei_sensorC1ENS0_9device_idENS0_13configurationE
00003079   _ZN4aeo110qei_sensorC2ENS0_9device_idENS0_13configurationE
000030b3   _ZN4aeo110qei_sensorD1Ev
000030b3   _ZN4aeo110qei_sensorD2Ev
000030bf   _ZN4aeo110qei_sensorD0Ev
000030d5   _ZN4aeo110qei_sensor10InitializeEv
000030ff   _ZN4aeo110qei_sensor3GetEv
00003127   _ZN4aeo110qei_sensor8GetIndexEv
00003165   _ZN4aeo110qei_sensor3SetEi
0000318b   _ZN4aeo110qei_sensor4ZeroEv
0000319b   _ZN4aeo110qei_sensor4DiagEv
00003341   OnPWM1Gen1Interrupt
0000335d   _ZN4aeo111pwm_stepperC1Ev
0000335d   _ZN4aeo111pwm_stepperC2Ev
00003395   _ZN4aeo111pwm_stepperD1Ev
00003395   _ZN4aeo111pwm_stepperD2Ev
000033a1   _ZN4aeo111pwm_stepperD0Ev
000033b7   _ZN4aeo111pwm_stepper10InitializeEv
00003429   _ZN4aeo111pwm_stepper4DiagEv
00003435   _ZN4aeo111pwm_stepper4MoveEj
0000348d   _ZN4aeo111pwm_stepper4StopEb
000034bb   _ZN4aeo111pwm_stepper11OnInterruptEv
000035dd   _ZN4aeo111ssi_displayC1ENS_14ssi_peripheral9device_idE
000035dd   _ZN4aeo111ssi_displayC2ENS_14ssi_peripheral9device_idE
000035ff   _ZN4aeo111ssi_displayD1Ev
000035ff   _ZN4aeo111ssi_displayD2Ev
0000360d   _ZN4aeo111ssi_displayD0Ev
00003623   _ZN4aeo111ssi_display10InitializeEv
0000362f   _ZN4aeo111ssi_display4DiagEv
00003641   _ZN4aeo111ssi_display3SetEii
0000371f   _ZN4aeo111ssi_display3SetEPKc
000037bd   _ZN4aeo111ssi_display14Digit2SegmentsEjjb
00003841   OnADCInterrupt
00003853   _ZN4aeo112adc_potmeterC1Ev
00003853   _ZN4aeo112adc_potmeterC2Ev
00003871   _ZN4aeo112adc_potmeterD1Ev
00003871   _ZN4aeo112adc_potmeterD2Ev
00003895   _ZN4aeo112adc_potmeterD0Ev
000038ab   _ZN4aeo112adc_potmeter10InitializeEv
0000390b   _ZN4aeo112adc_potmeter9TerminateEv
00003927   _ZN4aeo112adc_potmeter11OnInterruptEv
000039a3   _ZN4aeo112adc_potmeter7TriggerEv
000039b1   _ZN4aeo112adc_potmeter8GetValueEv
000039d1   _ZN4aeo112adc_potmeter15GetErrorCounterEv
000039e9   _ZN4aeo112adc_potmeter4DiagEv
00003a35   GPIOPadConfigSet
00003b65   SysCtlClockGet
00003c7d   __cxa_finalize
00003cbd   __cxa_ia64_exit
00003cc3   __cxa_atexit
00003cc7   atexit
00003cd5   __aeabi_atexit
00003d71   _ZSt21__gen_dummy_typeinfosv
00003d79   _ZNSt9type_infoD1Ev
00003d79   _ZNSt9type_infoD2Ev
00003d7b   _ZNSt9type_infoD0Ev
00003d83   _ZNKSt9type_info4nameEv
00003d87   _ZNKSt9type_infoneERKS_
00003d9d   _ZNKSt9type_infoeqERKS_
00003db3   _ZNKSt9type_info6beforeERKS_
00003dc1   _ZN10__cxxabiv129__pointer_to_member_type_infoD1Ev
00003dc1   _ZN10__cxxabiv129__pointer_to_member_type_infoD2Ev
00003dc3   _ZN10__cxxabiv129__pointer_to_member_type_infoD0Ev
00003dcb   _ZN10__cxxabiv123__fundamental_type_infoD1Ev
00003dcb   _ZN10__cxxabiv123__fundamental_type_infoD2Ev
00003dcd   _ZN10__cxxabiv123__fundamental_type_infoD0Ev
00003dd5   _ZN10__cxxabiv121__vmi_class_type_infoD1Ev
00003dd5   _ZN10__cxxabiv121__vmi_class_type_infoD2Ev
00003dd7   _ZN10__cxxabiv121__vmi_class_type_infoD0Ev
00003ddf   _ZN10__cxxabiv120__si_class_type_infoD1Ev
00003ddf   _ZN10__cxxabiv120__si_class_type_infoD2Ev
00003de1   _ZN10__cxxabiv120__si_class_type_infoD0Ev
00003de9   _ZN10__cxxabiv120__function_type_infoD1Ev
00003de9   _ZN10__cxxabiv120__function_type_infoD2Ev
00003deb   _ZN10__cxxabiv120__function_type_infoD0Ev
00003df3   _ZN10__cxxabiv119__pointer_type_infoD1Ev
00003df3   _ZN10__cxxabiv119__pointer_type_infoD2Ev
00003df5   _ZN10__cxxabiv119__pointer_type_infoD0Ev
00003dfd   _ZN10__cxxabiv117__pbase_type_infoD1Ev
00003dfd   _ZN10__cxxabiv117__pbase_type_infoD2Ev
00003dff   _ZN10__cxxabiv117__pbase_type_infoD0Ev
00003e07   _ZN10__cxxabiv117__class_type_infoD1Ev
00003e07   _ZN10__cxxabiv117__class_type_infoD2Ev
00003e09   _ZN10__cxxabiv117__class_type_infoD0Ev
00003e11   _ZN10__cxxabiv117__array_type_infoD1Ev
00003e11   _ZN10__cxxabiv117__array_type_infoD2Ev
00003e13   _ZN10__cxxabiv117__array_type_infoD0Ev
00003e1b   _ZN10__cxxabiv116__enum_type_infoD1Ev
00003e1b   _ZN10__cxxabiv116__enum_type_infoD2Ev
00003e1d   _ZN10__cxxabiv116__enum_type_infoD0Ev
00003e2d   CmdLineProcess
00003ed9   __aeabi_memcpy
00003ed9   __aeabi_memcpy4
00003ed9   __aeabi_memcpy8
00003ed9   memcpy
00003f75   __TI_auto_init
00004009   ADCSequenceStepConfigure
00004089   __aeabi_memclr
00004089   __aeabi_memclr4
00004089   __aeabi_memclr8
0000408b   __aeabi_memset
0000408b   __aeabi_memset4
0000408b   __aeabi_memset8
00004091   memset
00004103   __aeabi_idiv0
00004105   _ZN4aeo113Alpha7SegmentEc
00004169   IntDisable
000041c9   IntEnable
00004287   GPIOIntTypeSet
000042dd   GPIOPinConfigure
00004325   _c_int00
0000436d   copy_in
000043b1   C$$EXIT
000043b5   abort
000043bd   exit
000043f5   SSIConfigSetExpClk
00004437   UARTConfigSetExpClk
00004477   __aeabi_uidiv
00004477   __aeabi_uidivmod
000044b7   ADCSequenceConfigure
000044f5   SysCtlPeripheralEnable
00004529   SysCtlPeripheralPresent
0000455d   ADCIntStatus
0000458b   GPIODirModeSet
000045b5   PWMGenConfigure
000045d7   ADCSequenceDataGet
000045f5   PWMPulseWidthSet
00004615   UARTDisable
00004631   ADCClockConfigSet
00004649   GPIOPinTypeGPIOOutput
00004661   _args_main
00004679   strcmp
00004691   ADCProcessorTrigger
000046a9   SysCtlPWMClockSet
000046bd   SysTickEnable
000046d1   SysTickIntEnable
000046e5   UARTEnable
000046f9   _register_unlock
000046ff   _register_lock
00004707   _nop
0000470d   ADCHardwareOversampleConfigure
0000471f   GPIOPinTypeADC
00004731   GPIOPinTypeGPIOInput
00004743   GPIOPinTypePWM
00004755   GPIOPinTypeQEI
00004767   GPIOPinTypeSSI
00004779   GPIOPinTypeUART
0000478b   PWMOutputState
0000479d   SSIDataGetNonBlocking
000047af   __TI_zero_init
000047c1   ADCIntEnable
000047d1   PWMGenPeriodSet
000047e1   SysTickPeriodSet
000047f1   _ZNK4aeo114ssi_peripheral7IsEmptyEv
00004801   ADCIntDisable
0000480f   ADCSequenceDisable
0000481d   ADCSequenceEnable
0000482b   GPIOIntDisable
00004839   QEIConfigure
00004847   SSIDataPutNonBlocking
00004855   UARTCharGetNonBlocking
00004863   UARTCharPutNonBlocking
00004871   __TI_decompress_none
0000487f   CPUcpsid
0000488b   CPUcpsie
00004897   GPIOIntEnable
000048a3   PWMGenDisable
000048af   PWMGenEnable
000048bb   SSIDataGet
000048c7   UARTCharsAvail
000048d3   UARTSpaceAvail
000048df   _ZN4aeo111ssi_display4OnTxEv
000048eb   ResetISR
000048f7   ADCIntClear
00004901   IntMasterDisable
0000490b   IntMasterEnable
00004915   PWMGenIntTrigEnable
0000491f   QEIEnable
00004929   SSIDataPut
00004933   SSIDisable
0000493d   SSIEnable
00004947   SSIIntDisable
00004951   SSIIntStatus
0000495b   UARTIntDisable
00004965   UARTIntStatus
0000496f   _ZN4aeo114ssi_peripheral4OnRxEv
00004979   _ZN4aeo114ssi_peripheral4OnTxEv
00004983   PWMIntEnable
0000498b   SSIIntEnable
00004993   UARTIntEnable
0000499b   _ZdlPv
000049a3   GPIOPinRead
000049a9   GPIOPinWrite
000049af   PWMGenIntClear
000049b5   SysCtlDelay
000049bb   UARTClockSourceSet
000049c1   UARTFIFOLevelSet
000049c7   __TI_decompress_rle24
000049cd   QEIPositionGet
000049d1   QEIPositionSet
000049d5   SSIIntClear
000049d9   UARTIntClear
00004bfa   _ZTSe
00004e70   _ZTSN10__cxxabiv123__fundamental_type_infoE
00004e98   _ZTVN4aeo111ssi_displayE
00004ec0   _ZTVN4aeo111ssi_drv8711E
00004ee8   _ZTVN4aeo114ssi_peripheralE
00004f38   _ZTSN10__cxxabiv120__si_class_type_infoE
00004f5d   _ZTSN10__cxxabiv119__pointer_type_infoE
00004f81   _ZTSN10__cxxabiv117__class_type_infoE
00004fa3   _ZTSN10__cxxabiv117__pbase_type_infoE
00004fe4   _ZTSN4aeo114ssi_peripheralE
00004ffc   _ZTSN4aeo112adc_potmeterE
00005012   _ZTSN4aeo111pwm_stepperE
00005027   _ZTSN4aeo111ssi_displayE
0000503c   _ZTSN4aeo111ssi_drv8711E
00005051   _ZTSN4aeo110qei_sensorE
000050a0   _ZTIPKe
000050b0   _ZTSN4aeo17drv8711E
000050c0   _ZTVN10__cxxabiv117__class_type_infoE
000050d0   _ZTVN10__cxxabiv119__pointer_type_infoE
000050e0   _ZTVN10__cxxabiv120__si_class_type_infoE
000050f0   _ZTVN10__cxxabiv123__fundamental_type_infoE
00005100   _ZTVN4aeo110qei_sensorE
00005110   _ZTVN4aeo111pwm_stepperE
00005120   _ZTVN4aeo112adc_potmeterE
00005130   _ZTVN4aeo17drv8711E
00005140   _ZTSSt9type_info
00005150   _ZTIN10__cxxabiv117__class_type_infoE
0000515c   _ZTIN10__cxxabiv117__pbase_type_infoE
00005168   _ZTIN10__cxxabiv119__pointer_type_infoE
00005174   _ZTIN10__cxxabiv120__si_class_type_infoE
00005180   _ZTIN10__cxxabiv123__fundamental_type_infoE
0000518c   _ZTIN4aeo111ssi_displayE
00005198   _ZTIN4aeo111ssi_drv8711E
000051a4   _ZTIN4aeo110qei_sensorE
000051ac   _ZTIN4aeo111pwm_stepperE
000051b4   _ZTIN4aeo112adc_potmeterE
000051bc   _ZTIN4aeo114ssi_peripheralE
000051c4   _ZTIN4aeo17drv8711E
000051cc   _ZTISt9type_info
000051d4   _ZTIe
000051dc   _ZTSPKe
000051e0   SHT$$INIT_ARRAY$$Base
000051e4   SHT$$INIT_ARRAY$$Limit
00005408   __TI_Handler_Table_Base
00005414   __TI_Handler_Table_Limit
00005420   __TI_CINIT_Base
00005430   __TI_CINIT_Limit
20000400   g_oDrv8711
200005b8   g_oDialerDisplay
20000634   g_oScaleDisplay
200006d4   g_oRotaryDialer
200006e4   g_oLinearScale
200006f4   _ZSt16__dummy_typeinfo
200006f8   __dso_handle
20000704   g_psCmdTable
200007b8   g_psRotaryMenu
20000860   _ZN4aeo118SSI0_SpecificationE
2000088c   _ZN4aeo118SSI1_SpecificationE
200008b8   _ZN4aeo118SSI2_SpecificationE
200008e4   _ZN4aeo118SSI3_SpecificationE
20000948   _ZN4aeo112adc_potmeter10m_nCounterE
2000094c   _ZN4aeo112adc_potmeter15m_nErrorCounterE
20000950   _ZN4aeo112adc_potmeter14m_nReadCounterE
20000954   _ZN4aeo112adc_potmeter16m_pTheOneAndOnlyE
20000974   _lock
20000978   _unlock
2000097c   __TI_cleanup_ptr
20000980   __TI_dtors_ptr
20000990   main_func_sp
20000998   __stack
20000b98   __STACK_END
20000b98   __STACK_TOP
20000b98   _sys_memory
ffffffff   __binit__
ffffffff   __c_args__
ffffffff   binit

[397 symbols]
