******************************************************************************
                  TI ARM Linker PC v5.2.3                      
******************************************************************************
>> Linked Fri Mar 27 13:16:50 2015

OUTPUT FILE NAME:   <test_drv8711.out>
ENTRY POINT SYMBOL: "_c_int00"  address: 00002391


MEMORY CONFIGURATION

         name            origin    length      used     unused   attr    fill
----------------------  --------  ---------  --------  --------  ----  --------
  FLASH                 00000000   00040000  00002fec  0003d014  R  X
  SRAM                  20000000   00008000  00000951  000076af  RW X


SEGMENT ALLOCATION MAP

run origin  load origin   length   init length attrs members
----------  ----------- ---------- ----------- ----- -------
00000000    00000000    00002ff0   00002ff0    r-x
  00000000    00000000    0000026c   0000026c    r-- .intvecs
  0000026c    0000026c    00002724   00002724    r-x .text
  00002990    00002990    00000528   00000528    r-- .const
  00002eb8    00002eb8    00000004   00000004    r-- .init_array
  00002ec0    00002ec0    00000130   00000130    r-- .cinit
20000000    20000000    00000958   00000000    rw-
  20000000    20000000    000005ed   00000000    rw- .bss
  200005f0    200005f0    00000200   00000000    rw- .stack
  200007f0    200007f0    0000015c   00000000    rw- .data
  20000950    20000950    00000008   00000000    rw- .sysmem


SECTION ALLOCATION MAP

 output                                  attributes/
section   page    origin      length       input sections
--------  ----  ----------  ----------   ----------------
.intvecs   0    00000000    0000026c     
                  00000000    0000026c     tm4c123gh6pm_startup_ccs.obj (.intvecs)

.text      0    0000026c    00002724     
                  0000026c    00000860     tiva_utils.lib : uartstdio.obj (.text)
                  00000acc    000003dc     rtsv7M4_T_le_v4SPD16_eabi.lib : memory.obj (.text)
                  00000ea8    000002c8     aeo1_drivers.lib : ssi_peripheral.obj (.text)
                  00001170    000002b0     main.obj (.text)
                  00001420    0000024c     aeo1_drivers.lib : ssi_display.obj (.text)
                  0000166c    0000022c                      : qei_sensor.obj (.text)
                  00001898    000001f4                      : adc_potmeter.obj (.text)
                  00001a8c    00000130     driverlib.lib : gpio.obj (.text:GPIOPadConfigSet)
                  00001bbc    00000118                   : sysctl.obj (.text:SysCtlClockGet)
                  00001cd4    000000f4     rtsv7M4_T_le_v4SPD16_eabi.lib : dtor_list.obj (.text)
                  00001dc8    000000cc     commands.obj (.text)
                  00001e94    000000bc     rtsv7M4_T_le_v4SPD16_eabi.lib : typeinfo_.obj (.text)
                  00001f50    000000ac     tiva_utils.lib : cmdline.obj (.text)
                  00001ffc    0000009c     rtsv7M4_T_le_v4SPD16_eabi.lib : memcpy_t2.obj (.text)
                  00002098    00000080     driverlib.lib : adc.obj (.text:ADCSequenceStepConfigure)
                  00002118    0000007a     rtsv7M4_T_le_v4SPD16_eabi.lib : memset_t2.obj (.text)
                  00002192    00000002                                   : i_div0.obj (.text)
                  00002194    0000006c                                   : autoinit.obj (.text)
                  00002200    0000006a                                   : copy_decompress_rle.obj (.text)
                  0000226a    00000002     --HOLE-- [fill = 0]
                  0000226c    00000064     aeo1_drivers.lib : alpha7segment.obj (.text)
                  000022d0    00000060     driverlib.lib : interrupt.obj (.text:IntDisable)
                  00002330    00000060                   : interrupt.obj (.text:IntEnable)
                  00002390    00000050     rtsv7M4_T_le_v4SPD16_eabi.lib : boot.obj (.text)
                  000023e0    0000004c                                   : cpy_tbl.obj (.text)
                  0000242c    00000048     driverlib.lib : gpio.obj (.text:GPIOPinConfigure)
                  00002474    00000044     drv8711.obj (.text)
                  000024b8    00000044     rtsv7M4_T_le_v4SPD16_eabi.lib : exit.obj (.text)
                  000024fc    00000042     driverlib.lib : ssi.obj (.text:SSIConfigSetExpClk)
                  0000253e    00000040                   : uart.obj (.text:UARTConfigSetExpClk)
                  0000257e    00000040     rtsv7M4_T_le_v4SPD16_eabi.lib : u_divt2.obj (.text)
                  000025be    0000003e     driverlib.lib : adc.obj (.text:ADCSequenceConfigure)
                  000025fc    00000034                   : sysctl.obj (.text:SysCtlPeripheralEnable)
                  00002630    00000034                   : sysctl.obj (.text:SysCtlPeripheralPresent)
                  00002664    0000002e                   : adc.obj (.text:ADCIntStatus)
                  00002692    0000002a                   : gpio.obj (.text:GPIODirModeSet)
                  000026bc    0000001e                   : adc.obj (.text:ADCSequenceDataGet)
                  000026da    00000002     --HOLE-- [fill = 0]
                  000026dc    0000001c                   : uart.obj (.text:UARTDisable)
                  000026f8    00000018                   : adc.obj (.text:ADCClockConfigSet)
                  00002710    00000018     rtsv7M4_T_le_v4SPD16_eabi.lib : args_main.obj (.text)
                  00002728    00000018                                   : strcmp.obj (.text)
                  00002740    00000016     driverlib.lib : adc.obj (.text:ADCProcessorTrigger)
                  00002756    00000002     --HOLE-- [fill = 0]
                  00002758    00000014                   : systick.obj (.text:SysTickEnable)
                  0000276c    00000014                   : systick.obj (.text:SysTickIntEnable)
                  00002780    00000014                   : uart.obj (.text:UARTEnable)
                  00002794    00000014     rtsv7M4_T_le_v4SPD16_eabi.lib : _lock.obj (.text)
                  000027a8    00000012     driverlib.lib : adc.obj (.text:ADCHardwareOversampleConfigure)
                  000027ba    00000012                   : gpio.obj (.text:GPIOPinTypeADC)
                  000027cc    00000012                   : gpio.obj (.text:GPIOPinTypeQEI)
                  000027de    00000012                   : gpio.obj (.text:GPIOPinTypeSSI)
                  000027f0    00000012                   : gpio.obj (.text:GPIOPinTypeUART)
                  00002802    00000012                   : ssi.obj (.text:SSIDataGetNonBlocking)
                  00002814    00000010                   : adc.obj (.text:ADCIntEnable)
                  00002824    00000010                   : systick.obj (.text:SysTickPeriodSet)
                  00002834    0000000e                   : adc.obj (.text:ADCIntDisable)
                  00002842    0000000e                   : adc.obj (.text:ADCSequenceDisable)
                  00002850    0000000e                   : adc.obj (.text:ADCSequenceEnable)
                  0000285e    0000000e                   : qei.obj (.text:QEIConfigure)
                  0000286c    0000000e                   : ssi.obj (.text:SSIDataPutNonBlocking)
                  0000287a    0000000e                   : uart.obj (.text:UARTCharGetNonBlocking)
                  00002888    0000000e                   : uart.obj (.text:UARTCharPutNonBlocking)
                  00002896    0000000e     rtsv7M4_T_le_v4SPD16_eabi.lib : copy_decompress_none.obj (.text:decompress:none)
                  000028a4    0000000c     driverlib.lib : cpu.obj (.text:CPUcpsid)
                  000028b0    0000000c                   : cpu.obj (.text:CPUcpsie)
                  000028bc    0000000c                   : uart.obj (.text:UARTCharsAvail)
                  000028c8    0000000c                   : uart.obj (.text:UARTSpaceAvail)
                  000028d4    0000000c     rtsv7M4_T_le_v4SPD16_eabi.lib : copy_zero_init.obj (.text:decompress:ZI)
                  000028e0    0000000c     tm4c123gh6pm_startup_ccs.obj (.text)
                  000028ec    0000000a     driverlib.lib : adc.obj (.text:ADCIntClear)
                  000028f6    0000000a                   : interrupt.obj (.text:IntMasterDisable)
                  00002900    0000000a                   : interrupt.obj (.text:IntMasterEnable)
                  0000290a    0000000a                   : qei.obj (.text:QEIEnable)
                  00002914    0000000a                   : ssi.obj (.text:SSIDisable)
                  0000291e    0000000a                   : ssi.obj (.text:SSIEnable)
                  00002928    0000000a                   : ssi.obj (.text:SSIIntDisable)
                  00002932    0000000a                   : ssi.obj (.text:SSIIntStatus)
                  0000293c    0000000a                   : uart.obj (.text:UARTIntDisable)
                  00002946    0000000a                   : uart.obj (.text:UARTIntStatus)
                  00002950    00000008                   : ssi.obj (.text:SSIIntEnable)
                  00002958    00000008                   : uart.obj (.text:UARTIntEnable)
                  00002960    00000008     rtsv7M4_T_le_v4SPD16_eabi.lib : delete.obj (.text)
                  00002968    00000006     driverlib.lib : sysctl.obj (.text:SysCtlDelay)
                  0000296e    00000006                   : uart.obj (.text:UARTClockSourceSet)
                  00002974    00000006                   : uart.obj (.text:UARTFIFOLevelSet)
                  0000297a    00000006     rtsv7M4_T_le_v4SPD16_eabi.lib : copy_decompress_rle.obj (.text:decompress:rle24)
                  00002980    00000004     driverlib.lib : qei.obj (.text:QEIPositionGet)
                  00002984    00000004                   : ssi.obj (.text:SSIIntClear)
                  00002988    00000004                   : uart.obj (.text:UARTIntClear)
                  0000298c    00000004     rtsv7M4_T_le_v4SPD16_eabi.lib : pre_init.obj (.text)

.const     0    00002990    00000528     
                  00002990    000000b2     commands.obj (.const:.string)
                  00002a42    00000002     rtsv7M4_T_le_v4SPD16_eabi.lib : typeinfo_.obj (.const:.typeinfo:_ZTSe)
                  00002a44    00000090     driverlib.lib : gpio.obj (.const:g_pui32GPIOBaseAddrs)
                  00002ad4    00000070                   : interrupt.obj (.const)
                  00002b44    0000006c                   : sysctl.obj (.const:g_pui32Xtals)
                  00002bb0    0000005a     aeo1_drivers.lib : alpha7segment.obj (.const:_ZN4aeo119alpha7segment_tableE)
                  00002c0a    00000028     rtsv7M4_T_le_v4SPD16_eabi.lib : typeinfo_.obj (.const:.typeinfo:_ZTSN10__cxxabiv123__fundamental_type_infoE)
                  00002c32    00000002     --HOLE-- [fill = 0]
                  00002c34    00000028     tiva_utils.lib : uartstdio.obj (.const)
                  00002c5c    00000025     rtsv7M4_T_le_v4SPD16_eabi.lib : typeinfo_.obj (.const:.typeinfo:_ZTSN10__cxxabiv120__si_class_type_infoE)
                  00002c81    00000024                                   : typeinfo_.obj (.const:.typeinfo:_ZTSN10__cxxabiv119__pointer_type_infoE)
                  00002ca5    00000022                                   : typeinfo_.obj (.const:.typeinfo:_ZTSN10__cxxabiv117__class_type_infoE)
                  00002cc7    00000022                                   : typeinfo_.obj (.const:.typeinfo:_ZTSN10__cxxabiv117__pbase_type_infoE)
                  00002ce9    00000018     aeo1_drivers.lib : ssi_peripheral.obj (.const:.typeinfo:_ZTSN4aeo114ssi_peripheralE)
                  00002d01    00000003     --HOLE-- [fill = 0]
                  00002d04    00000018                      : ssi_display.obj (.const:_ZTVN4aeo111ssi_displayE)
                  00002d1c    00000018                      : ssi_peripheral.obj (.const:_ZTVN4aeo114ssi_peripheralE)
                  00002d34    00000016                      : adc_potmeter.obj (.const:.typeinfo:_ZTSN4aeo112adc_potmeterE)
                  00002d4a    00000015                      : ssi_display.obj (.const:.typeinfo:_ZTSN4aeo111ssi_displayE)
                  00002d5f    00000014                      : qei_sensor.obj (.const:.typeinfo:_ZTSN4aeo110qei_sensorE)
                  00002d73    00000012                      : ssi_display.obj (.const:.string)
                  00002d85    00000003     --HOLE-- [fill = 0]
                  00002d88    00000012     tiva_utils.lib : uartstdio.obj (.const:.string)
                  00002d9a    00000002     --HOLE-- [fill = 0]
                  00002d9c    00000010     rtsv7M4_T_le_v4SPD16_eabi.lib : typeinfo_.obj (.const:.typeinfo:_ZTIPKe)
                  00002dac    00000010     drv8711.obj (.const:.typeinfo:_ZTSN4aeo17drv8711E)
                  00002dbc    00000010     rtsv7M4_T_le_v4SPD16_eabi.lib : typeinfo_.obj (.const:_ZTVN10__cxxabiv117__class_type_infoE)
                  00002dcc    00000010                                   : typeinfo_.obj (.const:_ZTVN10__cxxabiv119__pointer_type_infoE)
                  00002ddc    00000010                                   : typeinfo_.obj (.const:_ZTVN10__cxxabiv120__si_class_type_infoE)
                  00002dec    00000010                                   : typeinfo_.obj (.const:_ZTVN10__cxxabiv123__fundamental_type_infoE)
                  00002dfc    00000010     aeo1_drivers.lib : qei_sensor.obj (.const:_ZTVN4aeo110qei_sensorE)
                  00002e0c    00000010                      : adc_potmeter.obj (.const:_ZTVN4aeo112adc_potmeterE)
                  00002e1c    00000010     drv8711.obj (.const:_ZTVN4aeo17drv8711E)
                  00002e2c    0000000d     rtsv7M4_T_le_v4SPD16_eabi.lib : typeinfo_.obj (.const:.typeinfo:_ZTSSt9type_info)
                  00002e39    00000003     --HOLE-- [fill = 0]
                  00002e3c    0000000c                                   : typeinfo_.obj (.const:.typeinfo:_ZTIN10__cxxabiv117__class_type_infoE)
                  00002e48    0000000c                                   : typeinfo_.obj (.const:.typeinfo:_ZTIN10__cxxabiv117__pbase_type_infoE)
                  00002e54    0000000c                                   : typeinfo_.obj (.const:.typeinfo:_ZTIN10__cxxabiv119__pointer_type_infoE)
                  00002e60    0000000c                                   : typeinfo_.obj (.const:.typeinfo:_ZTIN10__cxxabiv120__si_class_type_infoE)
                  00002e6c    0000000c                                   : typeinfo_.obj (.const:.typeinfo:_ZTIN10__cxxabiv123__fundamental_type_infoE)
                  00002e78    0000000c     aeo1_drivers.lib : ssi_display.obj (.const:.typeinfo:_ZTIN4aeo111ssi_displayE)
                  00002e84    00000008                      : qei_sensor.obj (.const:.typeinfo:_ZTIN4aeo110qei_sensorE)
                  00002e8c    00000008                      : adc_potmeter.obj (.const:.typeinfo:_ZTIN4aeo112adc_potmeterE)
                  00002e94    00000008                      : ssi_peripheral.obj (.const:.typeinfo:_ZTIN4aeo114ssi_peripheralE)
                  00002e9c    00000008     drv8711.obj (.const:.typeinfo:_ZTIN4aeo17drv8711E)
                  00002ea4    00000008     rtsv7M4_T_le_v4SPD16_eabi.lib : typeinfo_.obj (.const:.typeinfo:_ZTISt9type_info)
                  00002eac    00000008                                   : typeinfo_.obj (.const:.typeinfo:_ZTIe)
                  00002eb4    00000004                                   : typeinfo_.obj (.const:.typeinfo:_ZTSPKe)

.init_array 
*          0    00002eb8    00000004     
                  00002eb8    00000004     main.obj (.init_array)

.cinit     0    00002ec0    00000130     
                  00002ec0    00000106     (.cinit..data.load) [load image, compression = rle]
                  00002fc6    00000002     --HOLE-- [fill = 0]
                  00002fc8    0000000c     (__TI_handler_table)
                  00002fd4    00000004     --HOLE-- [fill = 0]
                  00002fd8    00000008     (.cinit..bss.load) [load image, compression = zero_init]
                  00002fe0    00000010     (__TI_cinit_table)

.bss       0    20000000    000005ed     UNINITIALIZED
                  20000000    00000400     tiva_utils.lib : uartstdio.obj (.bss:g_pcUARTTxBuffer)
                  20000400    00000080                    : uartstdio.obj (.bss:g_pcUARTRxBuffer)
                  20000480    00000080     main.obj (.bss:g_zInput)
                  20000500    00000054     main.obj (.bss:g_oDisplay1)
                  20000554    00000054     main.obj (.bss:g_oDisplay2)
                  200005a8    00000024     tiva_utils.lib : cmdline.obj (.bss:g_ppcArgv)
                  200005cc    00000014     main.obj (.bss)
                  200005e0    00000004     (.common:_ZSt16__dummy_typeinfo)
                  200005e4    00000004     (.common:__dso_handle)
                  200005e8    00000004     (.common:g_ui32PortNum)
                  200005ec    00000001     (.common:g_bDisableEcho)

.TI.noinit 
*          0    20000000    00000000     UNINITIALIZED

.stack     0    200005f0    00000200     UNINITIALIZED
                  200005f0    00000200     --HOLE--

.data      0    200007f0    0000015c     UNINITIALIZED
                  200007f0    00000048     commands.obj (.data:g_psCmdTable)
                  20000838    0000002c     aeo1_drivers.lib : ssi_peripheral.obj (.data:_ZN4aeo118SSI0_SpecificationE)
                  20000864    0000002c                      : ssi_peripheral.obj (.data:_ZN4aeo118SSI1_SpecificationE)
                  20000890    0000002c                      : ssi_peripheral.obj (.data:_ZN4aeo118SSI2_SpecificationE)
                  200008bc    0000002c                      : ssi_peripheral.obj (.data:_ZN4aeo118SSI3_SpecificationE)
                  200008e8    00000015     tiva_utils.lib : uartstdio.obj (.data)
                  200008fd    00000003     --HOLE--
                  20000900    00000010     aeo1_drivers.lib : adc_potmeter.obj (.data)
                  20000910    00000010                      : ssi_peripheral.obj (.data)
                  20000920    0000000c     rtsv7M4_T_le_v4SPD16_eabi.lib : memory.obj (.data)
                  2000092c    00000008     main.obj (.data)
                  20000934    00000008     rtsv7M4_T_le_v4SPD16_eabi.lib : _lock.obj (.data)
                  2000093c    00000008                                   : exit.obj (.data)
                  20000944    00000004                                   : dtor_list.obj (.data)
                  20000948    00000004                                   : stkdepth_vars.obj (.data)

.TI.persistent 
*          0    200007f0    00000000     UNINITIALIZED

.sysmem    0    20000950    00000008     UNINITIALIZED
                  20000950    00000008     rtsv7M4_T_le_v4SPD16_eabi.lib : memory.obj (.sysmem)


LINKER GENERATED COPY TABLES

__TI_cinit_table @ 00002fe0 records: 2, size/record: 8, table size: 16
	.data: load addr=00002ec0, load size=00000106 bytes, run addr=200007f0, run size=0000015c bytes, compression=rle
	.bss: load addr=00002fd8, load size=00000008 bytes, run addr=20000000, run size=000005ed bytes, compression=zero_init


LINKER GENERATED HANDLER TABLE

__TI_handler_table @ 00002fc8 records: 3, size/record: 4, table size: 12
	index: 0, handler: __TI_decompress_rle24
	index: 1, handler: __TI_decompress_none
	index: 2, handler: __TI_zero_init


GLOBAL SYMBOLS: SORTED ALPHABETICALLY BY Name 

address   name                                                      
-------   ----                                                      
000026f9  ADCClockConfigSet                                         
000027a9  ADCHardwareOversampleConfigure                            
000028ed  ADCIntClear                                               
00002835  ADCIntDisable                                             
00002815  ADCIntEnable                                              
00002665  ADCIntStatus                                              
00002741  ADCProcessorTrigger                                       
000025bf  ADCSequenceConfigure                                      
000026bd  ADCSequenceDataGet                                        
00002843  ADCSequenceDisable                                        
00002851  ADCSequenceEnable                                         
00002099  ADCSequenceStepConfigure                                  
000024b9  C$$EXIT                                                   
000028a5  CPUcpsid                                                  
000028b1  CPUcpsie                                                  
00001f51  CmdLineProcess                                            
00002693  GPIODirModeSet                                            
00001a8d  GPIOPadConfigSet                                          
0000242d  GPIOPinConfigure                                          
000027bb  GPIOPinTypeADC                                            
000027cd  GPIOPinTypeQEI                                            
000027df  GPIOPinTypeSSI                                            
000027f1  GPIOPinTypeUART                                           
000022d1  IntDisable                                                
00002331  IntEnable                                                 
000028f7  IntMasterDisable                                          
00002901  IntMasterEnable                                           
00001899  OnADCInterrupt                                            
00000ea9  OnSSI0Interrupt                                           
00000ec3  OnSSI1Interrupt                                           
00000edd  OnSSI2Interrupt                                           
00000ef7  OnSSI3Interrupt                                           
0000285f  QEIConfigure                                              
0000290b  QEIEnable                                                 
00002981  QEIPositionGet                                            
000028e1  ResetISR                                                  
00002eb8  SHT$$INIT_ARRAY$$Base                                     
00002ebc  SHT$$INIT_ARRAY$$Limit                                    
000024fd  SSIConfigSetExpClk                                        
00002803  SSIDataGetNonBlocking                                     
0000286d  SSIDataPutNonBlocking                                     
00002915  SSIDisable                                                
0000291f  SSIEnable                                                 
00002985  SSIIntClear                                               
00002929  SSIIntDisable                                             
00002951  SSIIntEnable                                              
00002933  SSIIntStatus                                              
00001bbd  SysCtlClockGet                                            
00002969  SysCtlDelay                                               
000025fd  SysCtlPeripheralEnable                                    
00002631  SysCtlPeripheralPresent                                   
00002759  SysTickEnable                                             
0000276d  SysTickIntEnable                                          
000011ad  SysTickIntHandler                                         
00002825  SysTickPeriodSet                                          
0000287b  UARTCharGetNonBlocking                                    
00002889  UARTCharPutNonBlocking                                    
000028bd  UARTCharsAvail                                            
0000296f  UARTClockSourceSet                                        
0000253f  UARTConfigSetExpClk                                       
000026dd  UARTDisable                                               
00000945  UARTEchoSet                                               
00002781  UARTEnable                                                
00002975  UARTFIFOLevelSet                                          
000008ef  UARTFlushRx                                               
0000090f  UARTFlushTx                                               
00002989  UARTIntClear                                              
0000293d  UARTIntDisable                                            
00002959  UARTIntEnable                                             
00002947  UARTIntStatus                                             
00000895  UARTPeek                                                  
00000873  UARTRxBytesAvail                                          
000028c9  UARTSpaceAvail                                            
00000359  UARTStdioConfig                                           
00000971  UARTStdioIntHandler                                       
00000881  UARTTxBytesFree                                           
000004fb  UARTgetc                                                  
0000047f  UARTgets                                                  
0000084f  UARTprintf                                                
00000555  UARTvprintf                                               
000003df  UARTwrite                                                 
0000120d  _Z10Initializev                                           
00001e35  _Z13CMD_set_scaleiPPc                                     
00001171  _Z13ConfigureUARTv                                        
00001e27  _Z14CMD_set_dialeriPPc                                    
00001e43  _Z8CMD_diagiPPc                                           
00001dc9  _Z8CMD_helpiPPc                                           
0000128d  _Z8MainLoopv                                              
00001e19  _Z9CMD_dummyiPPc                                          
00001f41  _ZN10__cxxabiv116__enum_type_infoD0Ev                     
00001f3f  _ZN10__cxxabiv116__enum_type_infoD1Ev                     
00001f3f  _ZN10__cxxabiv116__enum_type_infoD2Ev                     
00001f37  _ZN10__cxxabiv117__array_type_infoD0Ev                    
00001f35  _ZN10__cxxabiv117__array_type_infoD1Ev                    
00001f35  _ZN10__cxxabiv117__array_type_infoD2Ev                    
00001f2d  _ZN10__cxxabiv117__class_type_infoD0Ev                    
00001f2b  _ZN10__cxxabiv117__class_type_infoD1Ev                    
00001f2b  _ZN10__cxxabiv117__class_type_infoD2Ev                    
00001f23  _ZN10__cxxabiv117__pbase_type_infoD0Ev                    
00001f21  _ZN10__cxxabiv117__pbase_type_infoD1Ev                    
00001f21  _ZN10__cxxabiv117__pbase_type_infoD2Ev                    
00001f19  _ZN10__cxxabiv119__pointer_type_infoD0Ev                  
00001f17  _ZN10__cxxabiv119__pointer_type_infoD1Ev                  
00001f17  _ZN10__cxxabiv119__pointer_type_infoD2Ev                  
00001f0f  _ZN10__cxxabiv120__function_type_infoD0Ev                 
00001f0d  _ZN10__cxxabiv120__function_type_infoD1Ev                 
00001f0d  _ZN10__cxxabiv120__function_type_infoD2Ev                 
00001f05  _ZN10__cxxabiv120__si_class_type_infoD0Ev                 
00001f03  _ZN10__cxxabiv120__si_class_type_infoD1Ev                 
00001f03  _ZN10__cxxabiv120__si_class_type_infoD2Ev                 
00001efb  _ZN10__cxxabiv121__vmi_class_type_infoD0Ev                
00001ef9  _ZN10__cxxabiv121__vmi_class_type_infoD1Ev                
00001ef9  _ZN10__cxxabiv121__vmi_class_type_infoD2Ev                
00001ef1  _ZN10__cxxabiv123__fundamental_type_infoD0Ev              
00001eef  _ZN10__cxxabiv123__fundamental_type_infoD1Ev              
00001eef  _ZN10__cxxabiv123__fundamental_type_infoD2Ev              
00001ee7  _ZN10__cxxabiv129__pointer_to_member_type_infoD0Ev        
00001ee5  _ZN10__cxxabiv129__pointer_to_member_type_infoD1Ev        
00001ee5  _ZN10__cxxabiv129__pointer_to_member_type_infoD2Ev        
000016b9  _ZN4aeo110qei_sensor10InitializeEv                        
000016e3  _ZN4aeo110qei_sensor3GetEv                                
0000170d  _ZN4aeo110qei_sensor4DiagEv                               
0000166d  _ZN4aeo110qei_sensorC1ENS0_9device_idENS0_13configurationE
0000166d  _ZN4aeo110qei_sensorC2ENS0_9device_idENS0_13configurationE
000016a3  _ZN4aeo110qei_sensorD0Ev                                  
00001697  _ZN4aeo110qei_sensorD1Ev                                  
00001697  _ZN4aeo110qei_sensorD2Ev                                  
00001469  _ZN4aeo111ssi_display10InitializeEv                       
000015f9  _ZN4aeo111ssi_display14Digit2SegmentsEjjb                 
0000155b  _ZN4aeo111ssi_display3SetEPKc                             
0000147d  _ZN4aeo111ssi_display3SetEii                              
00001421  _ZN4aeo111ssi_displayC1ENS_14ssi_peripheral9device_idE    
00001421  _ZN4aeo111ssi_displayC2ENS_14ssi_peripheral9device_idE    
00001453  _ZN4aeo111ssi_displayD0Ev                                 
00001445  _ZN4aeo111ssi_displayD1Ev                                 
00001445  _ZN4aeo111ssi_displayD2Ev                                 
00001903  _ZN4aeo112adc_potmeter10InitializeEv                      
20000900  _ZN4aeo112adc_potmeter10m_nCounterE                       
0000197f  _ZN4aeo112adc_potmeter11OnInterruptEv                     
20000908  _ZN4aeo112adc_potmeter14m_nReadCounterE                   
00001a29  _ZN4aeo112adc_potmeter15GetErrorCounterEv                 
20000904  _ZN4aeo112adc_potmeter15m_nErrorCounterE                  
2000090c  _ZN4aeo112adc_potmeter16m_pTheOneAndOnlyE                 
00001a41  _ZN4aeo112adc_potmeter4DiagEv                             
000019fb  _ZN4aeo112adc_potmeter7TriggerEv                          
00001a09  _ZN4aeo112adc_potmeter8GetValueEv                         
00001963  _ZN4aeo112adc_potmeter9TerminateEv                        
000018ab  _ZN4aeo112adc_potmeterC1Ev                                
000018ab  _ZN4aeo112adc_potmeterC2Ev                                
000018ed  _ZN4aeo112adc_potmeterD0Ev                                
000018c9  _ZN4aeo112adc_potmeterD1Ev                                
000018c9  _ZN4aeo112adc_potmeterD2Ev                                
0000226d  _ZN4aeo113Alpha7SegmentEc                                 
00000f95  _ZN4aeo114ssi_peripheral10InitializeEv                    
20000910  _ZN4aeo114ssi_peripheral10m_pTheSSI0E                     
20000914  _ZN4aeo114ssi_peripheral10m_pTheSSI1E                     
20000918  _ZN4aeo114ssi_peripheral10m_pTheSSI2E                     
2000091c  _ZN4aeo114ssi_peripheral10m_pTheSSI3E                     
00001093  _ZN4aeo114ssi_peripheral11OnInterruptEv                   
00001115  _ZN4aeo114ssi_peripheral8LoadFIFOEv                       
000010b9  _ZN4aeo114ssi_peripheral9TerminateEv                      
00000f11  _ZN4aeo114ssi_peripheralC1ENS0_9device_idE                
00000f11  _ZN4aeo114ssi_peripheralC2ENS0_9device_idE                
00000f7f  _ZN4aeo114ssi_peripheralD0Ev                              
00000f6b  _ZN4aeo114ssi_peripheralD1Ev                              
00000f6b  _ZN4aeo114ssi_peripheralD2Ev                              
20000838  _ZN4aeo118SSI0_SpecificationE                             
20000864  _ZN4aeo118SSI1_SpecificationE                             
20000890  _ZN4aeo118SSI2_SpecificationE                             
200008bc  _ZN4aeo118SSI3_SpecificationE                             
000024a9  _ZN4aeo17drv871110InitializeEv                            
00002475  _ZN4aeo17drv8711C1Ev                                      
00002475  _ZN4aeo17drv8711C2Ev                                      
00002493  _ZN4aeo17drv8711D0Ev                                      
00002487  _ZN4aeo17drv8711D1Ev                                      
00002487  _ZN4aeo17drv8711D2Ev                                      
00001ea7  _ZNKSt9type_info4nameEv                                   
00001ed7  _ZNKSt9type_info6beforeERKS_                              
00001ec1  _ZNKSt9type_infoeqERKS_                                   
00001eab  _ZNKSt9type_infoneERKS_                                   
00001e9f  _ZNSt9type_infoD0Ev                                       
00001e9d  _ZNSt9type_infoD1Ev                                       
00001e9d  _ZNSt9type_infoD2Ev                                       
200005e0  _ZSt16__dummy_typeinfo                                    
00001e95  _ZSt21__gen_dummy_typeinfosv                              
00002e3c  _ZTIN10__cxxabiv117__class_type_infoE                     
00002e48  _ZTIN10__cxxabiv117__pbase_type_infoE                     
00002e54  _ZTIN10__cxxabiv119__pointer_type_infoE                   
00002e60  _ZTIN10__cxxabiv120__si_class_type_infoE                  
00002e6c  _ZTIN10__cxxabiv123__fundamental_type_infoE               
00002e84  _ZTIN4aeo110qei_sensorE                                   
00002e78  _ZTIN4aeo111ssi_displayE                                  
00002e8c  _ZTIN4aeo112adc_potmeterE                                 
00002e94  _ZTIN4aeo114ssi_peripheralE                               
00002e9c  _ZTIN4aeo17drv8711E                                       
00002d9c  _ZTIPKe                                                   
00002ea4  _ZTISt9type_info                                          
00002eac  _ZTIe                                                     
00002ca5  _ZTSN10__cxxabiv117__class_type_infoE                     
00002cc7  _ZTSN10__cxxabiv117__pbase_type_infoE                     
00002c81  _ZTSN10__cxxabiv119__pointer_type_infoE                   
00002c5c  _ZTSN10__cxxabiv120__si_class_type_infoE                  
00002c0a  _ZTSN10__cxxabiv123__fundamental_type_infoE               
00002d5f  _ZTSN4aeo110qei_sensorE                                   
00002d4a  _ZTSN4aeo111ssi_displayE                                  
00002d34  _ZTSN4aeo112adc_potmeterE                                 
00002ce9  _ZTSN4aeo114ssi_peripheralE                               
00002dac  _ZTSN4aeo17drv8711E                                       
00002eb4  _ZTSPKe                                                   
00002e2c  _ZTSSt9type_info                                          
00002a42  _ZTSe                                                     
00002dbc  _ZTVN10__cxxabiv117__class_type_infoE                     
00002dcc  _ZTVN10__cxxabiv119__pointer_type_infoE                   
00002ddc  _ZTVN10__cxxabiv120__si_class_type_infoE                  
00002dec  _ZTVN10__cxxabiv123__fundamental_type_infoE               
00002dfc  _ZTVN4aeo110qei_sensorE                                   
00002d04  _ZTVN4aeo111ssi_displayE                                  
00002e0c  _ZTVN4aeo112adc_potmeterE                                 
00002d1c  _ZTVN4aeo114ssi_peripheralE                               
00002e1c  _ZTVN4aeo17drv8711E                                       
00002961  _ZdlPv                                                    
200007f0  __STACK_END                                               
00000200  __STACK_SIZE                                              
200007f0  __STACK_TOP                                               
00000008  __SYSMEM_SIZE                                             
00002fe0  __TI_CINIT_Base                                           
00002ff0  __TI_CINIT_Limit                                          
00002fc8  __TI_Handler_Table_Base                                   
00002fd4  __TI_Handler_Table_Limit                                  
00002195  __TI_auto_init                                            
2000093c  __TI_cleanup_ptr                                          
00002897  __TI_decompress_none                                      
0000297b  __TI_decompress_rle24                                     
20000940  __TI_dtors_ptr                                            
00000000  __TI_static_base__                                        
000028d5  __TI_zero_init                                            
00001d2b  __aeabi_atexit                                            
00002193  __aeabi_idiv0                                             
00002119  __aeabi_memclr                                            
00002119  __aeabi_memclr4                                           
00002119  __aeabi_memclr8                                           
00001ffd  __aeabi_memcpy                                            
00001ffd  __aeabi_memcpy4                                           
00001ffd  __aeabi_memcpy8                                           
0000211b  __aeabi_memset                                            
0000211b  __aeabi_memset4                                           
0000211b  __aeabi_memset8                                           
0000257f  __aeabi_uidiv                                             
0000257f  __aeabi_uidivmod                                          
ffffffff  __binit__                                                 
ffffffff  __c_args__                                                
00001d6f  __cxa_atexit                                              
00001cd5  __cxa_finalize                                            
00001d17  __cxa_ia64_exit                                           
200005e4  __dso_handle                                              
200005f0  __stack                                                   
000012f5  __sti___8_main_cpp_89f6d04f                               
00002711  _args_main                                                
00002391  _c_int00                                                  
20000934  _lock                                                     
000027a3  _nop                                                      
0000279b  _register_lock                                            
00002795  _register_unlock                                          
20000950  _sys_memory                                               
0000298d  _system_pre_init                                          
20000938  _unlock                                                   
000024bd  abort                                                     
00001d1d  atexit                                                    
ffffffff  binit                                                     
00000e75  calloc                                                    
000023e1  copy_in                                                   
000024c5  exit                                                      
00000bc3  free                                                      
20000500  g_oDisplay1                                               
20000554  g_oDisplay2                                               
200005dc  g_oDrv8711                                                
200005d4  g_oLinearScale                                            
200005cc  g_oRotaryDialer                                           
00000000  g_pfnVectors                                              
200007f0  g_psCmdTable                                              
000012e3  main                                                      
20000948  main_func_sp                                              
00000b5b  malloc                                                    
00000d91  memalign                                                  
00001ffd  memcpy                                                    
00002121  memset                                                    
00000acd  minit                                                     
00000c85  realloc                                                   
00002729  strcmp                                                    


GLOBAL SYMBOLS: SORTED BY Symbol Address 

address   name                                                      
-------   ----                                                      
00000000  __TI_static_base__                                        
00000000  g_pfnVectors                                              
00000008  __SYSMEM_SIZE                                             
00000200  __STACK_SIZE                                              
00000359  UARTStdioConfig                                           
000003df  UARTwrite                                                 
0000047f  UARTgets                                                  
000004fb  UARTgetc                                                  
00000555  UARTvprintf                                               
0000084f  UARTprintf                                                
00000873  UARTRxBytesAvail                                          
00000881  UARTTxBytesFree                                           
00000895  UARTPeek                                                  
000008ef  UARTFlushRx                                               
0000090f  UARTFlushTx                                               
00000945  UARTEchoSet                                               
00000971  UARTStdioIntHandler                                       
00000acd  minit                                                     
00000b5b  malloc                                                    
00000bc3  free                                                      
00000c85  realloc                                                   
00000d91  memalign                                                  
00000e75  calloc                                                    
00000ea9  OnSSI0Interrupt                                           
00000ec3  OnSSI1Interrupt                                           
00000edd  OnSSI2Interrupt                                           
00000ef7  OnSSI3Interrupt                                           
00000f11  _ZN4aeo114ssi_peripheralC1ENS0_9device_idE                
00000f11  _ZN4aeo114ssi_peripheralC2ENS0_9device_idE                
00000f6b  _ZN4aeo114ssi_peripheralD1Ev                              
00000f6b  _ZN4aeo114ssi_peripheralD2Ev                              
00000f7f  _ZN4aeo114ssi_peripheralD0Ev                              
00000f95  _ZN4aeo114ssi_peripheral10InitializeEv                    
00001093  _ZN4aeo114ssi_peripheral11OnInterruptEv                   
000010b9  _ZN4aeo114ssi_peripheral9TerminateEv                      
00001115  _ZN4aeo114ssi_peripheral8LoadFIFOEv                       
00001171  _Z13ConfigureUARTv                                        
000011ad  SysTickIntHandler                                         
0000120d  _Z10Initializev                                           
0000128d  _Z8MainLoopv                                              
000012e3  main                                                      
000012f5  __sti___8_main_cpp_89f6d04f                               
00001421  _ZN4aeo111ssi_displayC1ENS_14ssi_peripheral9device_idE    
00001421  _ZN4aeo111ssi_displayC2ENS_14ssi_peripheral9device_idE    
00001445  _ZN4aeo111ssi_displayD1Ev                                 
00001445  _ZN4aeo111ssi_displayD2Ev                                 
00001453  _ZN4aeo111ssi_displayD0Ev                                 
00001469  _ZN4aeo111ssi_display10InitializeEv                       
0000147d  _ZN4aeo111ssi_display3SetEii                              
0000155b  _ZN4aeo111ssi_display3SetEPKc                             
000015f9  _ZN4aeo111ssi_display14Digit2SegmentsEjjb                 
0000166d  _ZN4aeo110qei_sensorC1ENS0_9device_idENS0_13configurationE
0000166d  _ZN4aeo110qei_sensorC2ENS0_9device_idENS0_13configurationE
00001697  _ZN4aeo110qei_sensorD1Ev                                  
00001697  _ZN4aeo110qei_sensorD2Ev                                  
000016a3  _ZN4aeo110qei_sensorD0Ev                                  
000016b9  _ZN4aeo110qei_sensor10InitializeEv                        
000016e3  _ZN4aeo110qei_sensor3GetEv                                
0000170d  _ZN4aeo110qei_sensor4DiagEv                               
00001899  OnADCInterrupt                                            
000018ab  _ZN4aeo112adc_potmeterC1Ev                                
000018ab  _ZN4aeo112adc_potmeterC2Ev                                
000018c9  _ZN4aeo112adc_potmeterD1Ev                                
000018c9  _ZN4aeo112adc_potmeterD2Ev                                
000018ed  _ZN4aeo112adc_potmeterD0Ev                                
00001903  _ZN4aeo112adc_potmeter10InitializeEv                      
00001963  _ZN4aeo112adc_potmeter9TerminateEv                        
0000197f  _ZN4aeo112adc_potmeter11OnInterruptEv                     
000019fb  _ZN4aeo112adc_potmeter7TriggerEv                          
00001a09  _ZN4aeo112adc_potmeter8GetValueEv                         
00001a29  _ZN4aeo112adc_potmeter15GetErrorCounterEv                 
00001a41  _ZN4aeo112adc_potmeter4DiagEv                             
00001a8d  GPIOPadConfigSet                                          
00001bbd  SysCtlClockGet                                            
00001cd5  __cxa_finalize                                            
00001d17  __cxa_ia64_exit                                           
00001d1d  atexit                                                    
00001d2b  __aeabi_atexit                                            
00001d6f  __cxa_atexit                                              
00001dc9  _Z8CMD_helpiPPc                                           
00001e19  _Z9CMD_dummyiPPc                                          
00001e27  _Z14CMD_set_dialeriPPc                                    
00001e35  _Z13CMD_set_scaleiPPc                                     
00001e43  _Z8CMD_diagiPPc                                           
00001e95  _ZSt21__gen_dummy_typeinfosv                              
00001e9d  _ZNSt9type_infoD1Ev                                       
00001e9d  _ZNSt9type_infoD2Ev                                       
00001e9f  _ZNSt9type_infoD0Ev                                       
00001ea7  _ZNKSt9type_info4nameEv                                   
00001eab  _ZNKSt9type_infoneERKS_                                   
00001ec1  _ZNKSt9type_infoeqERKS_                                   
00001ed7  _ZNKSt9type_info6beforeERKS_                              
00001ee5  _ZN10__cxxabiv129__pointer_to_member_type_infoD1Ev        
00001ee5  _ZN10__cxxabiv129__pointer_to_member_type_infoD2Ev        
00001ee7  _ZN10__cxxabiv129__pointer_to_member_type_infoD0Ev        
00001eef  _ZN10__cxxabiv123__fundamental_type_infoD1Ev              
00001eef  _ZN10__cxxabiv123__fundamental_type_infoD2Ev              
00001ef1  _ZN10__cxxabiv123__fundamental_type_infoD0Ev              
00001ef9  _ZN10__cxxabiv121__vmi_class_type_infoD1Ev                
00001ef9  _ZN10__cxxabiv121__vmi_class_type_infoD2Ev                
00001efb  _ZN10__cxxabiv121__vmi_class_type_infoD0Ev                
00001f03  _ZN10__cxxabiv120__si_class_type_infoD1Ev                 
00001f03  _ZN10__cxxabiv120__si_class_type_infoD2Ev                 
00001f05  _ZN10__cxxabiv120__si_class_type_infoD0Ev                 
00001f0d  _ZN10__cxxabiv120__function_type_infoD1Ev                 
00001f0d  _ZN10__cxxabiv120__function_type_infoD2Ev                 
00001f0f  _ZN10__cxxabiv120__function_type_infoD0Ev                 
00001f17  _ZN10__cxxabiv119__pointer_type_infoD1Ev                  
00001f17  _ZN10__cxxabiv119__pointer_type_infoD2Ev                  
00001f19  _ZN10__cxxabiv119__pointer_type_infoD0Ev                  
00001f21  _ZN10__cxxabiv117__pbase_type_infoD1Ev                    
00001f21  _ZN10__cxxabiv117__pbase_type_infoD2Ev                    
00001f23  _ZN10__cxxabiv117__pbase_type_infoD0Ev                    
00001f2b  _ZN10__cxxabiv117__class_type_infoD1Ev                    
00001f2b  _ZN10__cxxabiv117__class_type_infoD2Ev                    
00001f2d  _ZN10__cxxabiv117__class_type_infoD0Ev                    
00001f35  _ZN10__cxxabiv117__array_type_infoD1Ev                    
00001f35  _ZN10__cxxabiv117__array_type_infoD2Ev                    
00001f37  _ZN10__cxxabiv117__array_type_infoD0Ev                    
00001f3f  _ZN10__cxxabiv116__enum_type_infoD1Ev                     
00001f3f  _ZN10__cxxabiv116__enum_type_infoD2Ev                     
00001f41  _ZN10__cxxabiv116__enum_type_infoD0Ev                     
00001f51  CmdLineProcess                                            
00001ffd  __aeabi_memcpy                                            
00001ffd  __aeabi_memcpy4                                           
00001ffd  __aeabi_memcpy8                                           
00001ffd  memcpy                                                    
00002099  ADCSequenceStepConfigure                                  
00002119  __aeabi_memclr                                            
00002119  __aeabi_memclr4                                           
00002119  __aeabi_memclr8                                           
0000211b  __aeabi_memset                                            
0000211b  __aeabi_memset4                                           
0000211b  __aeabi_memset8                                           
00002121  memset                                                    
00002193  __aeabi_idiv0                                             
00002195  __TI_auto_init                                            
0000226d  _ZN4aeo113Alpha7SegmentEc                                 
000022d1  IntDisable                                                
00002331  IntEnable                                                 
00002391  _c_int00                                                  
000023e1  copy_in                                                   
0000242d  GPIOPinConfigure                                          
00002475  _ZN4aeo17drv8711C1Ev                                      
00002475  _ZN4aeo17drv8711C2Ev                                      
00002487  _ZN4aeo17drv8711D1Ev                                      
00002487  _ZN4aeo17drv8711D2Ev                                      
00002493  _ZN4aeo17drv8711D0Ev                                      
000024a9  _ZN4aeo17drv871110InitializeEv                            
000024b9  C$$EXIT                                                   
000024bd  abort                                                     
000024c5  exit                                                      
000024fd  SSIConfigSetExpClk                                        
0000253f  UARTConfigSetExpClk                                       
0000257f  __aeabi_uidiv                                             
0000257f  __aeabi_uidivmod                                          
000025bf  ADCSequenceConfigure                                      
000025fd  SysCtlPeripheralEnable                                    
00002631  SysCtlPeripheralPresent                                   
00002665  ADCIntStatus                                              
00002693  GPIODirModeSet                                            
000026bd  ADCSequenceDataGet                                        
000026dd  UARTDisable                                               
000026f9  ADCClockConfigSet                                         
00002711  _args_main                                                
00002729  strcmp                                                    
00002741  ADCProcessorTrigger                                       
00002759  SysTickEnable                                             
0000276d  SysTickIntEnable                                          
00002781  UARTEnable                                                
00002795  _register_unlock                                          
0000279b  _register_lock                                            
000027a3  _nop                                                      
000027a9  ADCHardwareOversampleConfigure                            
000027bb  GPIOPinTypeADC                                            
000027cd  GPIOPinTypeQEI                                            
000027df  GPIOPinTypeSSI                                            
000027f1  GPIOPinTypeUART                                           
00002803  SSIDataGetNonBlocking                                     
00002815  ADCIntEnable                                              
00002825  SysTickPeriodSet                                          
00002835  ADCIntDisable                                             
00002843  ADCSequenceDisable                                        
00002851  ADCSequenceEnable                                         
0000285f  QEIConfigure                                              
0000286d  SSIDataPutNonBlocking                                     
0000287b  UARTCharGetNonBlocking                                    
00002889  UARTCharPutNonBlocking                                    
00002897  __TI_decompress_none                                      
000028a5  CPUcpsid                                                  
000028b1  CPUcpsie                                                  
000028bd  UARTCharsAvail                                            
000028c9  UARTSpaceAvail                                            
000028d5  __TI_zero_init                                            
000028e1  ResetISR                                                  
000028ed  ADCIntClear                                               
000028f7  IntMasterDisable                                          
00002901  IntMasterEnable                                           
0000290b  QEIEnable                                                 
00002915  SSIDisable                                                
0000291f  SSIEnable                                                 
00002929  SSIIntDisable                                             
00002933  SSIIntStatus                                              
0000293d  UARTIntDisable                                            
00002947  UARTIntStatus                                             
00002951  SSIIntEnable                                              
00002959  UARTIntEnable                                             
00002961  _ZdlPv                                                    
00002969  SysCtlDelay                                               
0000296f  UARTClockSourceSet                                        
00002975  UARTFIFOLevelSet                                          
0000297b  __TI_decompress_rle24                                     
00002981  QEIPositionGet                                            
00002985  SSIIntClear                                               
00002989  UARTIntClear                                              
0000298d  _system_pre_init                                          
00002a42  _ZTSe                                                     
00002c0a  _ZTSN10__cxxabiv123__fundamental_type_infoE               
00002c5c  _ZTSN10__cxxabiv120__si_class_type_infoE                  
00002c81  _ZTSN10__cxxabiv119__pointer_type_infoE                   
00002ca5  _ZTSN10__cxxabiv117__class_type_infoE                     
00002cc7  _ZTSN10__cxxabiv117__pbase_type_infoE                     
00002ce9  _ZTSN4aeo114ssi_peripheralE                               
00002d04  _ZTVN4aeo111ssi_displayE                                  
00002d1c  _ZTVN4aeo114ssi_peripheralE                               
00002d34  _ZTSN4aeo112adc_potmeterE                                 
00002d4a  _ZTSN4aeo111ssi_displayE                                  
00002d5f  _ZTSN4aeo110qei_sensorE                                   
00002d9c  _ZTIPKe                                                   
00002dac  _ZTSN4aeo17drv8711E                                       
00002dbc  _ZTVN10__cxxabiv117__class_type_infoE                     
00002dcc  _ZTVN10__cxxabiv119__pointer_type_infoE                   
00002ddc  _ZTVN10__cxxabiv120__si_class_type_infoE                  
00002dec  _ZTVN10__cxxabiv123__fundamental_type_infoE               
00002dfc  _ZTVN4aeo110qei_sensorE                                   
00002e0c  _ZTVN4aeo112adc_potmeterE                                 
00002e1c  _ZTVN4aeo17drv8711E                                       
00002e2c  _ZTSSt9type_info                                          
00002e3c  _ZTIN10__cxxabiv117__class_type_infoE                     
00002e48  _ZTIN10__cxxabiv117__pbase_type_infoE                     
00002e54  _ZTIN10__cxxabiv119__pointer_type_infoE                   
00002e60  _ZTIN10__cxxabiv120__si_class_type_infoE                  
00002e6c  _ZTIN10__cxxabiv123__fundamental_type_infoE               
00002e78  _ZTIN4aeo111ssi_displayE                                  
00002e84  _ZTIN4aeo110qei_sensorE                                   
00002e8c  _ZTIN4aeo112adc_potmeterE                                 
00002e94  _ZTIN4aeo114ssi_peripheralE                               
00002e9c  _ZTIN4aeo17drv8711E                                       
00002ea4  _ZTISt9type_info                                          
00002eac  _ZTIe                                                     
00002eb4  _ZTSPKe                                                   
00002eb8  SHT$$INIT_ARRAY$$Base                                     
00002ebc  SHT$$INIT_ARRAY$$Limit                                    
00002fc8  __TI_Handler_Table_Base                                   
00002fd4  __TI_Handler_Table_Limit                                  
00002fe0  __TI_CINIT_Base                                           
00002ff0  __TI_CINIT_Limit                                          
20000500  g_oDisplay1                                               
20000554  g_oDisplay2                                               
200005cc  g_oRotaryDialer                                           
200005d4  g_oLinearScale                                            
200005dc  g_oDrv8711                                                
200005e0  _ZSt16__dummy_typeinfo                                    
200005e4  __dso_handle                                              
200005f0  __stack                                                   
200007f0  __STACK_END                                               
200007f0  __STACK_TOP                                               
200007f0  g_psCmdTable                                              
20000838  _ZN4aeo118SSI0_SpecificationE                             
20000864  _ZN4aeo118SSI1_SpecificationE                             
20000890  _ZN4aeo118SSI2_SpecificationE                             
200008bc  _ZN4aeo118SSI3_SpecificationE                             
20000900  _ZN4aeo112adc_potmeter10m_nCounterE                       
20000904  _ZN4aeo112adc_potmeter15m_nErrorCounterE                  
20000908  _ZN4aeo112adc_potmeter14m_nReadCounterE                   
2000090c  _ZN4aeo112adc_potmeter16m_pTheOneAndOnlyE                 
20000910  _ZN4aeo114ssi_peripheral10m_pTheSSI0E                     
20000914  _ZN4aeo114ssi_peripheral10m_pTheSSI1E                     
20000918  _ZN4aeo114ssi_peripheral10m_pTheSSI2E                     
2000091c  _ZN4aeo114ssi_peripheral10m_pTheSSI3E                     
20000934  _lock                                                     
20000938  _unlock                                                   
2000093c  __TI_cleanup_ptr                                          
20000940  __TI_dtors_ptr                                            
20000948  main_func_sp                                              
20000950  _sys_memory                                               
ffffffff  __binit__                                                 
ffffffff  __c_args__                                                
ffffffff  binit                                                     

[289 symbols]
