******************************************************************************
                  TI ARM Linker PC v5.1.11                     
******************************************************************************
>> Linked Tue Mar 24 13:13:27 2015

OUTPUT FILE NAME:   <test_drv8711.out>
ENTRY POINT SYMBOL: "_c_int00"  address: 00001ed9


MEMORY CONFIGURATION

         name            origin    length      used     unused   attr    fill
----------------------  --------  ---------  --------  --------  ----  --------
  FLASH                 00000000   00040000  00002828  0003d7d8  R  X
  SRAM                  20000000   00008000  000008e1  0000771f  RW X


SEGMENT ALLOCATION MAP

run origin  load origin   length   init length attrs members
----------  ----------- ---------- ----------- ----- -------
00000000    00000000    00002828   00002828    r-x
  00000000    00000000    0000026c   0000026c    r-- .intvecs
  0000026c    0000026c    000020b4   000020b4    r-x .text
  00002320    00002320    0000042c   0000042c    r-- .const
  0000274c    0000274c    00000004   00000004    r-- .init_array
  00002750    00002750    000000d8   000000d8    r-- .cinit
20000000    20000000    000008e8   00000000    rw-
  20000000    20000000    000005e9   00000000    rw- .bss
  200005ec    200005ec    00000200   00000000    rw- .stack
  200007ec    200007ec    000000f0   00000000    rw- .data
  200008e0    200008e0    00000008   00000000    rw- .sysmem


SECTION ALLOCATION MAP

 output                                  attributes/
section   page    origin      length       input sections
--------  ----  ----------  ----------   ----------------
.intvecs   0    00000000    0000026c     
                  00000000    0000026c     tm4c123gh6pm_startup_ccs.obj (.intvecs)

.text      0    0000026c    000020b4     
                  0000026c    00000860     tiva_utils.lib : uartstdio.obj (.text)
                  00000acc    000003e0     aeo1_drivers.lib : ssi_display.obj (.text)
                  00000eac    000003dc     rtsv7M4_T_le_v4SPD16_eabi.lib : memory.obj (.text)
                  00001288    00000224     aeo1_drivers.lib : qei_sensor.obj (.text)
                  000014ac    00000220     main.obj (.text)
                  000016cc    00000130     driverlib.lib : gpio.obj (.text:GPIOPadConfigSet)
                  000017fc    00000118                   : sysctl.obj (.text:SysCtlClockGet)
                  00001914    000000f4     rtsv7M4_T_le_v4SPD16_eabi.lib : dtor_list.obj (.text)
                  00001a08    000000d0     commands.obj (.text)
                  00001ad8    000000bc     rtsv7M4_T_le_v4SPD16_eabi.lib : typeinfo_.obj (.text)
                  00001b94    000000ac     tiva_utils.lib : cmdline.obj (.text)
                  00001c40    0000009c     rtsv7M4_T_le_v4SPD16_eabi.lib : memcpy_t2.obj (.text)
                  00001cdc    00000094                                   : auto_init.obj (.text)
                  00001d70    00000060     driverlib.lib : interrupt.obj (.text:IntDisable)
                  00001dd0    00000060                   : interrupt.obj (.text:IntEnable)
                  00001e30    0000005e     rtsv7M4_T_le_v4SPD16_eabi.lib : copy_decompress_rle.obj (.text)
                  00001e8e    00000002                                   : i_div0.obj (.text)
                  00001e90    00000048     driverlib.lib : gpio.obj (.text:GPIOPinConfigure)
                  00001ed8    00000048     rtsv7M4_T_le_v4SPD16_eabi.lib : boot.obj (.text)
                  00001f20    00000044                                   : cpy_tbl.obj (.text)
                  00001f64    00000044                                   : exit.obj (.text)
                  00001fa8    00000042     driverlib.lib : ssi.obj (.text:SSIConfigSetExpClk)
                  00001fea    00000040                   : uart.obj (.text:UARTConfigSetExpClk)
                  0000202a    00000040     rtsv7M4_T_le_v4SPD16_eabi.lib : u_divt2.obj (.text)
                  0000206a    00000002     --HOLE-- [fill = 0]
                  0000206c    00000034     driverlib.lib : sysctl.obj (.text:SysCtlPeripheralEnable)
                  000020a0    00000034                   : sysctl.obj (.text:SysCtlPeripheralPresent)
                  000020d4    0000002a                   : gpio.obj (.text:GPIODirModeSet)
                  000020fe    00000002     --HOLE-- [fill = 0]
                  00002100    0000001c                   : uart.obj (.text:UARTDisable)
                  0000211c    00000018     rtsv7M4_T_le_v4SPD16_eabi.lib : args_main.obj (.text)
                  00002134    00000018                                   : strcmp.obj (.text)
                  0000214c    00000014     driverlib.lib : systick.obj (.text:SysTickEnable)
                  00002160    00000014                   : systick.obj (.text:SysTickIntEnable)
                  00002174    00000014                   : uart.obj (.text:UARTEnable)
                  00002188    00000014     rtsv7M4_T_le_v4SPD16_eabi.lib : _lock.obj (.text)
                  0000219c    00000012     driverlib.lib : gpio.obj (.text:GPIOPinTypeQEI)
                  000021ae    00000012                   : gpio.obj (.text:GPIOPinTypeSSI)
                  000021c0    00000012                   : gpio.obj (.text:GPIOPinTypeUART)
                  000021d2    00000012                   : ssi.obj (.text:SSIDataGetNonBlocking)
                  000021e4    00000012     rtsv7M4_T_le_v4SPD16_eabi.lib : copy_zero_init.obj (.text:decompress:ZI)
                  000021f6    00000002     --HOLE-- [fill = 0]
                  000021f8    00000010     driverlib.lib : systick.obj (.text:SysTickPeriodSet)
                  00002208    0000000e                   : qei.obj (.text:QEIConfigure)
                  00002216    0000000e                   : ssi.obj (.text:SSIDataPutNonBlocking)
                  00002224    0000000e                   : uart.obj (.text:UARTCharGetNonBlocking)
                  00002232    0000000e                   : uart.obj (.text:UARTCharPutNonBlocking)
                  00002240    0000000e     rtsv7M4_T_le_v4SPD16_eabi.lib : copy_decompress_none.obj (.text:decompress:none)
                  0000224e    0000000c     driverlib.lib : cpu.obj (.text:CPUcpsid)
                  0000225a    0000000c                   : cpu.obj (.text:CPUcpsie)
                  00002266    0000000c                   : uart.obj (.text:UARTCharsAvail)
                  00002272    0000000c                   : uart.obj (.text:UARTSpaceAvail)
                  0000227e    0000000c     tm4c123gh6pm_startup_ccs.obj (.text)
                  0000228a    0000000a     driverlib.lib : interrupt.obj (.text:IntMasterDisable)
                  00002294    0000000a                   : interrupt.obj (.text:IntMasterEnable)
                  0000229e    0000000a                   : qei.obj (.text:QEIEnable)
                  000022a8    0000000a                   : ssi.obj (.text:SSIDisable)
                  000022b2    0000000a                   : ssi.obj (.text:SSIEnable)
                  000022bc    0000000a                   : ssi.obj (.text:SSIIntDisable)
                  000022c6    0000000a                   : ssi.obj (.text:SSIIntStatus)
                  000022d0    0000000a                   : uart.obj (.text:UARTIntDisable)
                  000022da    0000000a                   : uart.obj (.text:UARTIntStatus)
                  000022e4    00000008                   : ssi.obj (.text:SSIIntEnable)
                  000022ec    00000008                   : uart.obj (.text:UARTIntEnable)
                  000022f4    00000008     rtsv7M4_T_le_v4SPD16_eabi.lib : delete.obj (.text)
                  000022fc    00000006     driverlib.lib : sysctl.obj (.text:SysCtlDelay)
                  00002302    00000006                   : uart.obj (.text:UARTClockSourceSet)
                  00002308    00000006                   : uart.obj (.text:UARTFIFOLevelSet)
                  0000230e    00000006     rtsv7M4_T_le_v4SPD16_eabi.lib : copy_decompress_rle.obj (.text:decompress:rle24)
                  00002314    00000004     driverlib.lib : qei.obj (.text:QEIPositionGet)
                  00002318    00000004                   : ssi.obj (.text:SSIIntClear)
                  0000231c    00000004                   : uart.obj (.text:UARTIntClear)

.const     0    00002320    0000042c     
                  00002320    000000b2     commands.obj (.const:.string)
                  000023d2    00000002     rtsv7M4_T_le_v4SPD16_eabi.lib : typeinfo_.obj (.const:.typeinfo:_ZTSe)
                  000023d4    00000090     driverlib.lib : gpio.obj (.const:g_pui32GPIOBaseAddrs)
                  00002464    00000070                   : interrupt.obj (.const)
                  000024d4    0000006c                   : sysctl.obj (.const:g_pui32Xtals)
                  00002540    00000028     rtsv7M4_T_le_v4SPD16_eabi.lib : typeinfo_.obj (.const:.typeinfo:_ZTSN10__cxxabiv123__fundamental_type_infoE)
                  00002568    00000028     tiva_utils.lib : uartstdio.obj (.const)
                  00002590    00000025     rtsv7M4_T_le_v4SPD16_eabi.lib : typeinfo_.obj (.const:.typeinfo:_ZTSN10__cxxabiv120__si_class_type_infoE)
                  000025b5    00000024                                   : typeinfo_.obj (.const:.typeinfo:_ZTSN10__cxxabiv119__pointer_type_infoE)
                  000025d9    00000022                                   : typeinfo_.obj (.const:.typeinfo:_ZTSN10__cxxabiv117__class_type_infoE)
                  000025fb    00000022                                   : typeinfo_.obj (.const:.typeinfo:_ZTSN10__cxxabiv117__pbase_type_infoE)
                  0000261d    00000015     aeo1_drivers.lib : ssi_display.obj (.const:.typeinfo:_ZTSN4aeo111ssi_displayE)
                  00002632    00000014                      : qei_sensor.obj (.const:.typeinfo:_ZTSN4aeo110qei_sensorE)
                  00002646    00000012                      : ssi_display.obj (.const:.string)
                  00002658    00000012     tiva_utils.lib : uartstdio.obj (.const:.string)
                  0000266a    00000002     --HOLE-- [fill = 0]
                  0000266c    00000010     rtsv7M4_T_le_v4SPD16_eabi.lib : typeinfo_.obj (.const:.typeinfo:_ZTIPKe)
                  0000267c    00000010                                   : typeinfo_.obj (.const:_ZTVN10__cxxabiv117__class_type_infoE)
                  0000268c    00000010                                   : typeinfo_.obj (.const:_ZTVN10__cxxabiv119__pointer_type_infoE)
                  0000269c    00000010                                   : typeinfo_.obj (.const:_ZTVN10__cxxabiv120__si_class_type_infoE)
                  000026ac    00000010                                   : typeinfo_.obj (.const:_ZTVN10__cxxabiv123__fundamental_type_infoE)
                  000026bc    00000010     aeo1_drivers.lib : qei_sensor.obj (.const:_ZTVN4aeo110qei_sensorE)
                  000026cc    00000010                      : ssi_display.obj (.const:_ZTVN4aeo111ssi_displayE)
                  000026dc    0000000d     rtsv7M4_T_le_v4SPD16_eabi.lib : typeinfo_.obj (.const:.typeinfo:_ZTSSt9type_info)
                  000026e9    00000003     --HOLE-- [fill = 0]
                  000026ec    0000000c                                   : typeinfo_.obj (.const:.typeinfo:_ZTIN10__cxxabiv117__class_type_infoE)
                  000026f8    0000000c                                   : typeinfo_.obj (.const:.typeinfo:_ZTIN10__cxxabiv117__pbase_type_infoE)
                  00002704    0000000c                                   : typeinfo_.obj (.const:.typeinfo:_ZTIN10__cxxabiv119__pointer_type_infoE)
                  00002710    0000000c                                   : typeinfo_.obj (.const:.typeinfo:_ZTIN10__cxxabiv120__si_class_type_infoE)
                  0000271c    0000000c                                   : typeinfo_.obj (.const:.typeinfo:_ZTIN10__cxxabiv123__fundamental_type_infoE)
                  00002728    00000008     aeo1_drivers.lib : qei_sensor.obj (.const:.typeinfo:_ZTIN4aeo110qei_sensorE)
                  00002730    00000008                      : ssi_display.obj (.const:.typeinfo:_ZTIN4aeo111ssi_displayE)
                  00002738    00000008     rtsv7M4_T_le_v4SPD16_eabi.lib : typeinfo_.obj (.const:.typeinfo:_ZTISt9type_info)
                  00002740    00000008                                   : typeinfo_.obj (.const:.typeinfo:_ZTIe)
                  00002748    00000004                                   : typeinfo_.obj (.const:.typeinfo:_ZTSPKe)

.init_array 
*          0    0000274c    00000004     
                  0000274c    00000004     main.obj (.init_array)

.cinit     0    00002750    000000d8     
                  00002750    000000b0     (.cinit..data.load) [load image, compression = rle]
                  00002800    0000000c     (__TI_handler_table)
                  0000280c    00000004     --HOLE-- [fill = 0]
                  00002810    00000008     (.cinit..bss.load) [load image, compression = zero_init]
                  00002818    00000010     (__TI_cinit_table)

.bss       0    20000000    000005e9     UNINITIALIZED
                  20000000    00000400     tiva_utils.lib : uartstdio.obj (.bss:g_pcUARTTxBuffer)
                  20000400    00000080                    : uartstdio.obj (.bss:g_pcUARTRxBuffer)
                  20000480    00000080     main.obj (.bss:g_zInput)
                  20000500    00000054     main.obj (.bss:g_oDisplay1)
                  20000554    00000054     main.obj (.bss:g_oDisplay2)
                  200005a8    00000024     tiva_utils.lib : cmdline.obj (.bss:g_ppcArgv)
                  200005cc    00000010     main.obj (.bss)
                  200005dc    00000004     (.common:_ZSt16__dummy_typeinfo)
                  200005e0    00000004     (.common:__dso_handle)
                  200005e4    00000004     (.common:g_ui32PortNum)
                  200005e8    00000001     (.common:g_bDisableEcho)

.stack     0    200005ec    00000200     UNINITIALIZED
                  200005ec    00000200     --HOLE--

.data      0    200007ec    000000f0     UNINITIALIZED
                  200007ec    00000048     commands.obj (.data:g_psCmdTable)
                  20000834    0000002c     aeo1_drivers.lib : ssi_display.obj (.data:_ZN4aeo112Display_SSI1E)
                  20000860    0000002c                      : ssi_display.obj (.data:_ZN4aeo112Display_SSI3E)
                  2000088c    00000015     tiva_utils.lib : uartstdio.obj (.data)
                  200008a1    00000003     --HOLE--
                  200008a4    00000014     aeo1_drivers.lib : ssi_display.obj (.data)
                  200008b8    0000000c     rtsv7M4_T_le_v4SPD16_eabi.lib : memory.obj (.data)
                  200008c4    00000008                                   : _lock.obj (.data)
                  200008cc    00000008                                   : exit.obj (.data)
                  200008d4    00000004                                   : dtor_list.obj (.data)
                  200008d8    00000004                                   : stkdepth_vars.obj (.data)

.sysmem    0    200008e0    00000008     UNINITIALIZED
                  200008e0    00000008     rtsv7M4_T_le_v4SPD16_eabi.lib : memory.obj (.sysmem)


LINKER GENERATED COPY TABLES

__TI_cinit_table @ 00002818 records: 2, size/record: 8, table size: 16
	.data: load addr=00002750, load size=000000b0 bytes, run addr=200007ec, run size=000000f0 bytes, compression=rle
	.bss: load addr=00002810, load size=00000008 bytes, run addr=20000000, run size=000005e9 bytes, compression=zero_init


LINKER GENERATED HANDLER TABLE

__TI_handler_table @ 00002800 records: 3, size/record: 4, table size: 12
	index: 0, handler: __TI_decompress_rle24
	index: 1, handler: __TI_decompress_none
	index: 2, handler: __TI_zero_init


GLOBAL SYMBOLS: SORTED ALPHABETICALLY BY Name 

address    name
--------   ----
00001f65   C$$EXIT
0000224f   CPUcpsid
0000225b   CPUcpsie
00001b95   CmdLineProcess
000020d5   GPIODirModeSet
000016cd   GPIOPadConfigSet
00001e91   GPIOPinConfigure
0000219d   GPIOPinTypeQEI
000021af   GPIOPinTypeSSI
000021c1   GPIOPinTypeUART
00001d71   IntDisable
00001dd1   IntEnable
0000228b   IntMasterDisable
00002295   IntMasterEnable
00000acd   OnSSI1Interrupt
00000adf   OnSSI3Interrupt
00002209   QEIConfigure
0000229f   QEIEnable
00002315   QEIPositionGet
0000227f   ResetISR
0000274c   SHT$$INIT_ARRAY$$Base
00002750   SHT$$INIT_ARRAY$$Limit
00001fa9   SSIConfigSetExpClk
000021d3   SSIDataGetNonBlocking
00002217   SSIDataPutNonBlocking
000022a9   SSIDisable
000022b3   SSIEnable
00002319   SSIIntClear
000022bd   SSIIntDisable
000022e5   SSIIntEnable
000022c7   SSIIntStatus
000017fd   SysCtlClockGet
000022fd   SysCtlDelay
0000206d   SysCtlPeripheralEnable
000020a1   SysCtlPeripheralPresent
0000214d   SysTickEnable
00002161   SysTickIntEnable
000014e9   SysTickIntHandler
000021f9   SysTickPeriodSet
00002225   UARTCharGetNonBlocking
00002233   UARTCharPutNonBlocking
00002267   UARTCharsAvail
00002303   UARTClockSourceSet
00001feb   UARTConfigSetExpClk
00002101   UARTDisable
00000945   UARTEchoSet
00002175   UARTEnable
00002309   UARTFIFOLevelSet
000008ef   UARTFlushRx
0000090f   UARTFlushTx
0000231d   UARTIntClear
000022d1   UARTIntDisable
000022ed   UARTIntEnable
000022db   UARTIntStatus
00000895   UARTPeek
00000873   UARTRxBytesAvail
00002273   UARTSpaceAvail
00000359   UARTStdioConfig
00000971   UARTStdioIntHandler
00000881   UARTTxBytesFree
000004fb   UARTgetc
0000047f   UARTgets
0000084f   UARTprintf
00000555   UARTvprintf
000003df   UARTwrite
0000150d   _Z10Initializev
00001a77   _Z13CMD_set_scaleiPPc
000014ad   _Z13ConfigureUARTv
00001a69   _Z14CMD_set_dialeriPPc
00001a85   _Z8CMD_diagiPPc
00001a09   _Z8CMD_helpiPPc
00001575   _Z8MainLoopv
00001a5b   _Z9CMD_dummyiPPc
00001b85   _ZN10__cxxabiv116__enum_type_infoD0Ev
00001b83   _ZN10__cxxabiv116__enum_type_infoD1Ev
00001b83   _ZN10__cxxabiv116__enum_type_infoD2Ev
00001b7b   _ZN10__cxxabiv117__array_type_infoD0Ev
00001b79   _ZN10__cxxabiv117__array_type_infoD1Ev
00001b79   _ZN10__cxxabiv117__array_type_infoD2Ev
00001b71   _ZN10__cxxabiv117__class_type_infoD0Ev
00001b6f   _ZN10__cxxabiv117__class_type_infoD1Ev
00001b6f   _ZN10__cxxabiv117__class_type_infoD2Ev
00001b67   _ZN10__cxxabiv117__pbase_type_infoD0Ev
00001b65   _ZN10__cxxabiv117__pbase_type_infoD1Ev
00001b65   _ZN10__cxxabiv117__pbase_type_infoD2Ev
00001b5d   _ZN10__cxxabiv119__pointer_type_infoD0Ev
00001b5b   _ZN10__cxxabiv119__pointer_type_infoD1Ev
00001b5b   _ZN10__cxxabiv119__pointer_type_infoD2Ev
00001b53   _ZN10__cxxabiv120__function_type_infoD0Ev
00001b51   _ZN10__cxxabiv120__function_type_infoD1Ev
00001b51   _ZN10__cxxabiv120__function_type_infoD2Ev
00001b49   _ZN10__cxxabiv120__si_class_type_infoD0Ev
00001b47   _ZN10__cxxabiv120__si_class_type_infoD1Ev
00001b47   _ZN10__cxxabiv120__si_class_type_infoD2Ev
00001b3f   _ZN10__cxxabiv121__vmi_class_type_infoD0Ev
00001b3d   _ZN10__cxxabiv121__vmi_class_type_infoD1Ev
00001b3d   _ZN10__cxxabiv121__vmi_class_type_infoD2Ev
00001b35   _ZN10__cxxabiv123__fundamental_type_infoD0Ev
00001b33   _ZN10__cxxabiv123__fundamental_type_infoD1Ev
00001b33   _ZN10__cxxabiv123__fundamental_type_infoD2Ev
00001b2b   _ZN10__cxxabiv129__pointer_to_member_type_infoD0Ev
00001b29   _ZN10__cxxabiv129__pointer_to_member_type_infoD1Ev
00001b29   _ZN10__cxxabiv129__pointer_to_member_type_infoD2Ev
000012c9   _ZN4aeo110qei_sensor10InitializeEv
000012eb   _ZN4aeo110qei_sensor3GetEv
00001315   _ZN4aeo110qei_sensor4DiagEv
00001289   _ZN4aeo110qei_sensorC1ENS0_9device_idE
00001289   _ZN4aeo110qei_sensorC2ENS0_9device_idE
000012b3   _ZN4aeo110qei_sensorD0Ev
000012a7   _ZN4aeo110qei_sensorD1Ev
000012a7   _ZN4aeo110qei_sensorD2Ev
00000b59   _ZN4aeo111ssi_display10InitializeEv
200008a4   _ZN4aeo111ssi_display10m_nCounterE
200008b0   _ZN4aeo111ssi_display10m_pTheSSI1E
200008b4   _ZN4aeo111ssi_display10m_pTheSSI3E
00000d81   _ZN4aeo111ssi_display11OnInterruptEv
200008a8   _ZN4aeo111ssi_display13m_nEotCounterE
00000dd7   _ZN4aeo111ssi_display14Digit2SegmentsEjjb
200008ac   _ZN4aeo111ssi_display18m_nOverflowCounterE
00000c97   _ZN4aeo111ssi_display3SetEii
00000dc1   _ZN4aeo111ssi_display4DiagEv
00000e43   _ZN4aeo111ssi_display8LoadFIFOEv
00000c4d   _ZN4aeo111ssi_display9TerminateEv
00000af1   _ZN4aeo111ssi_displayC1ENS0_9device_idE
00000af1   _ZN4aeo111ssi_displayC2ENS0_9device_idE
00000b43   _ZN4aeo111ssi_displayD0Ev
00000b2f   _ZN4aeo111ssi_displayD1Ev
00000b2f   _ZN4aeo111ssi_displayD2Ev
20000834   _ZN4aeo112Display_SSI1E
20000860   _ZN4aeo112Display_SSI3E
00001aeb   _ZNKSt9type_info4nameEv
00001b1b   _ZNKSt9type_info6beforeERKS_
00001b05   _ZNKSt9type_infoeqERKS_
00001aef   _ZNKSt9type_infoneERKS_
00001ae3   _ZNSt9type_infoD0Ev
00001ae1   _ZNSt9type_infoD1Ev
00001ae1   _ZNSt9type_infoD2Ev
200005dc   _ZSt16__dummy_typeinfo
00001ad9   _ZSt21__gen_dummy_typeinfosv
000026ec   _ZTIN10__cxxabiv117__class_type_infoE
000026f8   _ZTIN10__cxxabiv117__pbase_type_infoE
00002704   _ZTIN10__cxxabiv119__pointer_type_infoE
00002710   _ZTIN10__cxxabiv120__si_class_type_infoE
0000271c   _ZTIN10__cxxabiv123__fundamental_type_infoE
00002728   _ZTIN4aeo110qei_sensorE
00002730   _ZTIN4aeo111ssi_displayE
0000266c   _ZTIPKe
00002738   _ZTISt9type_info
00002740   _ZTIe
000025d9   _ZTSN10__cxxabiv117__class_type_infoE
000025fb   _ZTSN10__cxxabiv117__pbase_type_infoE
000025b5   _ZTSN10__cxxabiv119__pointer_type_infoE
00002590   _ZTSN10__cxxabiv120__si_class_type_infoE
00002540   _ZTSN10__cxxabiv123__fundamental_type_infoE
00002632   _ZTSN4aeo110qei_sensorE
0000261d   _ZTSN4aeo111ssi_displayE
00002748   _ZTSPKe
000026dc   _ZTSSt9type_info
000023d2   _ZTSe
0000267c   _ZTVN10__cxxabiv117__class_type_infoE
0000268c   _ZTVN10__cxxabiv119__pointer_type_infoE
0000269c   _ZTVN10__cxxabiv120__si_class_type_infoE
000026ac   _ZTVN10__cxxabiv123__fundamental_type_infoE
000026bc   _ZTVN4aeo110qei_sensorE
000026cc   _ZTVN4aeo111ssi_displayE
000022f5   _ZdlPv
200007ec   __STACK_END
00000200   __STACK_SIZE
200007ec   __STACK_TOP
00000008   __SYSMEM_SIZE
00002818   __TI_CINIT_Base
00002828   __TI_CINIT_Limit
00002800   __TI_Handler_Table_Base
0000280c   __TI_Handler_Table_Limit
00000001   __TI_args_main
00001cdd   __TI_auto_init
200008cc   __TI_cleanup_ptr
00002241   __TI_decompress_none
0000230f   __TI_decompress_rle24
200008d0   __TI_dtors_ptr
00000000   __TI_static_base__
000021e5   __TI_zero_init
0000196d   __aeabi_atexit
00001e8f   __aeabi_idiv0
00001c41   __aeabi_memcpy
00001c41   __aeabi_memcpy4
00001c41   __aeabi_memcpy8
0000202b   __aeabi_uidiv
0000202b   __aeabi_uidivmod
ffffffff   __binit__
ffffffff   __c_args__
0000195b   __cxa_atexit
00001915   __cxa_finalize
00001955   __cxa_ia64_exit
200005e0   __dso_handle
200005ec   __stack
000015dd   __sti___8_main_cpp_89f6d04f
0000211d   _args_main
00001ed9   _c_int00
200008c4   _lock
00002197   _nop
0000218f   _register_lock
00002189   _register_unlock
200008e0   _sys_memory
200008c8   _unlock
00001f69   abort
0000195f   atexit
ffffffff   binit
00001251   calloc
00001f21   copy_in
00001f71   exit
00000fa1   free
20000500   g_oDisplay1
20000554   g_oDisplay2
200005d4   g_oLinearScale
200005cc   g_oRotaryDialer
00000000   g_pfnVectors
200007ec   g_psCmdTable
000015cb   main
200008d8   main_func_sp
00000f39   malloc
0000116d   memalign
00001c41   memcpy
00000ead   minit
00001061   realloc
00002135   strcmp


GLOBAL SYMBOLS: SORTED BY Symbol Address 

address    name
--------   ----
00000000   __TI_static_base__
00000000   g_pfnVectors
00000001   __TI_args_main
00000008   __SYSMEM_SIZE
00000200   __STACK_SIZE
00000359   UARTStdioConfig
000003df   UARTwrite
0000047f   UARTgets
000004fb   UARTgetc
00000555   UARTvprintf
0000084f   UARTprintf
00000873   UARTRxBytesAvail
00000881   UARTTxBytesFree
00000895   UARTPeek
000008ef   UARTFlushRx
0000090f   UARTFlushTx
00000945   UARTEchoSet
00000971   UARTStdioIntHandler
00000acd   OnSSI1Interrupt
00000adf   OnSSI3Interrupt
00000af1   _ZN4aeo111ssi_displayC1ENS0_9device_idE
00000af1   _ZN4aeo111ssi_displayC2ENS0_9device_idE
00000b2f   _ZN4aeo111ssi_displayD1Ev
00000b2f   _ZN4aeo111ssi_displayD2Ev
00000b43   _ZN4aeo111ssi_displayD0Ev
00000b59   _ZN4aeo111ssi_display10InitializeEv
00000c4d   _ZN4aeo111ssi_display9TerminateEv
00000c97   _ZN4aeo111ssi_display3SetEii
00000d81   _ZN4aeo111ssi_display11OnInterruptEv
00000dc1   _ZN4aeo111ssi_display4DiagEv
00000dd7   _ZN4aeo111ssi_display14Digit2SegmentsEjjb
00000e43   _ZN4aeo111ssi_display8LoadFIFOEv
00000ead   minit
00000f39   malloc
00000fa1   free
00001061   realloc
0000116d   memalign
00001251   calloc
00001289   _ZN4aeo110qei_sensorC1ENS0_9device_idE
00001289   _ZN4aeo110qei_sensorC2ENS0_9device_idE
000012a7   _ZN4aeo110qei_sensorD1Ev
000012a7   _ZN4aeo110qei_sensorD2Ev
000012b3   _ZN4aeo110qei_sensorD0Ev
000012c9   _ZN4aeo110qei_sensor10InitializeEv
000012eb   _ZN4aeo110qei_sensor3GetEv
00001315   _ZN4aeo110qei_sensor4DiagEv
000014ad   _Z13ConfigureUARTv
000014e9   SysTickIntHandler
0000150d   _Z10Initializev
00001575   _Z8MainLoopv
000015cb   main
000015dd   __sti___8_main_cpp_89f6d04f
000016cd   GPIOPadConfigSet
000017fd   SysCtlClockGet
00001915   __cxa_finalize
00001955   __cxa_ia64_exit
0000195b   __cxa_atexit
0000195f   atexit
0000196d   __aeabi_atexit
00001a09   _Z8CMD_helpiPPc
00001a5b   _Z9CMD_dummyiPPc
00001a69   _Z14CMD_set_dialeriPPc
00001a77   _Z13CMD_set_scaleiPPc
00001a85   _Z8CMD_diagiPPc
00001ad9   _ZSt21__gen_dummy_typeinfosv
00001ae1   _ZNSt9type_infoD1Ev
00001ae1   _ZNSt9type_infoD2Ev
00001ae3   _ZNSt9type_infoD0Ev
00001aeb   _ZNKSt9type_info4nameEv
00001aef   _ZNKSt9type_infoneERKS_
00001b05   _ZNKSt9type_infoeqERKS_
00001b1b   _ZNKSt9type_info6beforeERKS_
00001b29   _ZN10__cxxabiv129__pointer_to_member_type_infoD1Ev
00001b29   _ZN10__cxxabiv129__pointer_to_member_type_infoD2Ev
00001b2b   _ZN10__cxxabiv129__pointer_to_member_type_infoD0Ev
00001b33   _ZN10__cxxabiv123__fundamental_type_infoD1Ev
00001b33   _ZN10__cxxabiv123__fundamental_type_infoD2Ev
00001b35   _ZN10__cxxabiv123__fundamental_type_infoD0Ev
00001b3d   _ZN10__cxxabiv121__vmi_class_type_infoD1Ev
00001b3d   _ZN10__cxxabiv121__vmi_class_type_infoD2Ev
00001b3f   _ZN10__cxxabiv121__vmi_class_type_infoD0Ev
00001b47   _ZN10__cxxabiv120__si_class_type_infoD1Ev
00001b47   _ZN10__cxxabiv120__si_class_type_infoD2Ev
00001b49   _ZN10__cxxabiv120__si_class_type_infoD0Ev
00001b51   _ZN10__cxxabiv120__function_type_infoD1Ev
00001b51   _ZN10__cxxabiv120__function_type_infoD2Ev
00001b53   _ZN10__cxxabiv120__function_type_infoD0Ev
00001b5b   _ZN10__cxxabiv119__pointer_type_infoD1Ev
00001b5b   _ZN10__cxxabiv119__pointer_type_infoD2Ev
00001b5d   _ZN10__cxxabiv119__pointer_type_infoD0Ev
00001b65   _ZN10__cxxabiv117__pbase_type_infoD1Ev
00001b65   _ZN10__cxxabiv117__pbase_type_infoD2Ev
00001b67   _ZN10__cxxabiv117__pbase_type_infoD0Ev
00001b6f   _ZN10__cxxabiv117__class_type_infoD1Ev
00001b6f   _ZN10__cxxabiv117__class_type_infoD2Ev
00001b71   _ZN10__cxxabiv117__class_type_infoD0Ev
00001b79   _ZN10__cxxabiv117__array_type_infoD1Ev
00001b79   _ZN10__cxxabiv117__array_type_infoD2Ev
00001b7b   _ZN10__cxxabiv117__array_type_infoD0Ev
00001b83   _ZN10__cxxabiv116__enum_type_infoD1Ev
00001b83   _ZN10__cxxabiv116__enum_type_infoD2Ev
00001b85   _ZN10__cxxabiv116__enum_type_infoD0Ev
00001b95   CmdLineProcess
00001c41   __aeabi_memcpy
00001c41   __aeabi_memcpy4
00001c41   __aeabi_memcpy8
00001c41   memcpy
00001cdd   __TI_auto_init
00001d71   IntDisable
00001dd1   IntEnable
00001e8f   __aeabi_idiv0
00001e91   GPIOPinConfigure
00001ed9   _c_int00
00001f21   copy_in
00001f65   C$$EXIT
00001f69   abort
00001f71   exit
00001fa9   SSIConfigSetExpClk
00001feb   UARTConfigSetExpClk
0000202b   __aeabi_uidiv
0000202b   __aeabi_uidivmod
0000206d   SysCtlPeripheralEnable
000020a1   SysCtlPeripheralPresent
000020d5   GPIODirModeSet
00002101   UARTDisable
0000211d   _args_main
00002135   strcmp
0000214d   SysTickEnable
00002161   SysTickIntEnable
00002175   UARTEnable
00002189   _register_unlock
0000218f   _register_lock
00002197   _nop
0000219d   GPIOPinTypeQEI
000021af   GPIOPinTypeSSI
000021c1   GPIOPinTypeUART
000021d3   SSIDataGetNonBlocking
000021e5   __TI_zero_init
000021f9   SysTickPeriodSet
00002209   QEIConfigure
00002217   SSIDataPutNonBlocking
00002225   UARTCharGetNonBlocking
00002233   UARTCharPutNonBlocking
00002241   __TI_decompress_none
0000224f   CPUcpsid
0000225b   CPUcpsie
00002267   UARTCharsAvail
00002273   UARTSpaceAvail
0000227f   ResetISR
0000228b   IntMasterDisable
00002295   IntMasterEnable
0000229f   QEIEnable
000022a9   SSIDisable
000022b3   SSIEnable
000022bd   SSIIntDisable
000022c7   SSIIntStatus
000022d1   UARTIntDisable
000022db   UARTIntStatus
000022e5   SSIIntEnable
000022ed   UARTIntEnable
000022f5   _ZdlPv
000022fd   SysCtlDelay
00002303   UARTClockSourceSet
00002309   UARTFIFOLevelSet
0000230f   __TI_decompress_rle24
00002315   QEIPositionGet
00002319   SSIIntClear
0000231d   UARTIntClear
000023d2   _ZTSe
00002540   _ZTSN10__cxxabiv123__fundamental_type_infoE
00002590   _ZTSN10__cxxabiv120__si_class_type_infoE
000025b5   _ZTSN10__cxxabiv119__pointer_type_infoE
000025d9   _ZTSN10__cxxabiv117__class_type_infoE
000025fb   _ZTSN10__cxxabiv117__pbase_type_infoE
0000261d   _ZTSN4aeo111ssi_displayE
00002632   _ZTSN4aeo110qei_sensorE
0000266c   _ZTIPKe
0000267c   _ZTVN10__cxxabiv117__class_type_infoE
0000268c   _ZTVN10__cxxabiv119__pointer_type_infoE
0000269c   _ZTVN10__cxxabiv120__si_class_type_infoE
000026ac   _ZTVN10__cxxabiv123__fundamental_type_infoE
000026bc   _ZTVN4aeo110qei_sensorE
000026cc   _ZTVN4aeo111ssi_displayE
000026dc   _ZTSSt9type_info
000026ec   _ZTIN10__cxxabiv117__class_type_infoE
000026f8   _ZTIN10__cxxabiv117__pbase_type_infoE
00002704   _ZTIN10__cxxabiv119__pointer_type_infoE
00002710   _ZTIN10__cxxabiv120__si_class_type_infoE
0000271c   _ZTIN10__cxxabiv123__fundamental_type_infoE
00002728   _ZTIN4aeo110qei_sensorE
00002730   _ZTIN4aeo111ssi_displayE
00002738   _ZTISt9type_info
00002740   _ZTIe
00002748   _ZTSPKe
0000274c   SHT$$INIT_ARRAY$$Base
00002750   SHT$$INIT_ARRAY$$Limit
00002800   __TI_Handler_Table_Base
0000280c   __TI_Handler_Table_Limit
00002818   __TI_CINIT_Base
00002828   __TI_CINIT_Limit
20000500   g_oDisplay1
20000554   g_oDisplay2
200005cc   g_oRotaryDialer
200005d4   g_oLinearScale
200005dc   _ZSt16__dummy_typeinfo
200005e0   __dso_handle
200005ec   __stack
200007ec   __STACK_END
200007ec   __STACK_TOP
200007ec   g_psCmdTable
20000834   _ZN4aeo112Display_SSI1E
20000860   _ZN4aeo112Display_SSI3E
200008a4   _ZN4aeo111ssi_display10m_nCounterE
200008a8   _ZN4aeo111ssi_display13m_nEotCounterE
200008ac   _ZN4aeo111ssi_display18m_nOverflowCounterE
200008b0   _ZN4aeo111ssi_display10m_pTheSSI1E
200008b4   _ZN4aeo111ssi_display10m_pTheSSI3E
200008c4   _lock
200008c8   _unlock
200008cc   __TI_cleanup_ptr
200008d0   __TI_dtors_ptr
200008d8   main_func_sp
200008e0   _sys_memory
ffffffff   __binit__
ffffffff   __c_args__
ffffffff   binit

[226 symbols]
