******************************************************************************
                  TI ARM Linker PC v5.2.6                      
******************************************************************************
>> Linked Wed Dec 02 10:04:52 2015

OUTPUT FILE NAME:   <test_drv8711.out>
ENTRY POINT SYMBOL: "_c_int00"  address: 000043c1


MEMORY CONFIGURATION

         name            origin    length      used     unused   attr    fill
----------------------  --------  ---------  --------  --------  ----  --------
  FLASH                 00000000   00040000  0000558c  0003aa74  R  X
  SRAM                  20000000   00008000  00000b99  00007467  RW X


SEGMENT ALLOCATION MAP

run origin  load origin   length   init length attrs members
----------  ----------- ---------- ----------- ----- -------
00000000    00000000    00005590   00005590    r-x
  00000000    00000000    0000026c   0000026c    r-- .intvecs
  0000026c    0000026c    00004870   00004870    r-x .text
  00004adc    00004adc    00000844   00000844    r-- .const
  00005320    00005320    00000004   00000004    r-- .init_array
  00005328    00005328    00000268   00000268    r-- .cinit
20000000    20000000    00000ba0   00000000    rw-
  20000000    20000000    000006dd   00000000    rw- .bss
  200006e0    200006e0    000002b4   00000000    rw- .data
  20000994    20000994    00000200   00000000    rw- .stack
  20000b98    20000b98    00000008   00000000    rw- .sysmem


SECTION ALLOCATION MAP

 output                                  attributes/
section   page    origin      length       input sections
--------  ----  ----------  ----------   ----------------
.intvecs   0    00000000    0000026c     
                  00000000    0000026c     tm4c123gh6pm_startup_ccs.obj (.intvecs)

.text      0    0000026c    00004870     
                  0000026c    00000c84     tiva_utils.lib : ustdlib.obj (.text)
                  00000ef0    00000860                    : uartstdio.obj (.text)
                  00001750    000007cc     main.obj (.text)
                  00001f1c    00000558     aeo1_drivers.lib : ssi_peripheral.obj (.text)
                  00002474    000004c8                      : ssi_drv8711.obj (.text)
                  0000293c    000003dc     rtsv7M4_T_le_v4SPD16_eabi.lib : memory.obj (.text)
                  00002d18    000003d4     drv8711.obj (.text)
                  000030ec    00000310     aeo1_drivers.lib : pwm_stepper.obj (.text)
                  000033fc    000002e0                      : qei_sensor.obj (.text)
                  000036dc    00000264                      : ssi_display.obj (.text)
                  00003940    000001f4                      : adc_potmeter.obj (.text)
                  00003b34    00000130     driverlib.lib : gpio.obj (.text:GPIOPadConfigSet)
                  00003c64    0000010c                   : sysctl.obj (.text:SysCtlClockGet)
                  00003d70    000000f4     rtsv7M4_T_le_v4SPD16_eabi.lib : dtor_list.obj (.text)
                  00003e64    000000bc                                   : typeinfo_.obj (.text)
                  00003f20    000000ac     tiva_utils.lib : cmdline.obj (.text)
                  00003fcc    0000009c     rtsv7M4_T_le_v4SPD16_eabi.lib : memcpy_t2.obj (.text)
                  00004068    0000007a     driverlib.lib : adc.obj (.text:ADCSequenceStepConfigure)
                  000040e2    0000007a     rtsv7M4_T_le_v4SPD16_eabi.lib : memset_t2.obj (.text)
                  0000415c    0000006c                                   : autoinit.obj (.text)
                  000041c8    0000006a                                   : copy_decompress_rle.obj (.text)
                  00004232    00000002                                   : i_div0.obj (.text)
                  00004234    00000068     driverlib.lib : interrupt.obj (.text:IntDisable)
                  0000429c    00000068                   : interrupt.obj (.text:IntEnable)
                  00004304    00000064     aeo1_drivers.lib : alpha7segment.obj (.text)
                  00004368    00000056     driverlib.lib : gpio.obj (.text:GPIOIntTypeSet)
                  000043be    00000002     --HOLE-- [fill = 0]
                  000043c0    00000050     rtsv7M4_T_le_v4SPD16_eabi.lib : boot.obj (.text)
                  00004410    0000004c                                   : cpy_tbl.obj (.text)
                  0000445c    00000048     driverlib.lib : gpio.obj (.text:GPIOPinConfigure)
                  000044a4    00000044     rtsv7M4_T_le_v4SPD16_eabi.lib : exit.obj (.text)
                  000044e8    00000042     driverlib.lib : uart.obj (.text:UARTConfigSetExpClk)
                  0000452a    00000040     rtsv7M4_T_le_v4SPD16_eabi.lib : u_divt2.obj (.text)
                  0000456a    0000003e     driverlib.lib : adc.obj (.text:ADCSequenceConfigure)
                  000045a8    0000003c                   : ssi.obj (.text:SSIConfigSetExpClk)
                  000045e4    00000038                   : sysctl.obj (.text:SysCtlPeripheralPresent)
                  0000461c    00000034                   : sysctl.obj (.text:SysCtlPeripheralEnable)
                  00004650    0000002e                   : adc.obj (.text:ADCIntStatus)
                  0000467e    0000002a                   : gpio.obj (.text:GPIODirModeSet)
                  000046a8    00000022                   : pwm.obj (.text:PWMGenConfigure)
                  000046ca    0000001e                   : adc.obj (.text:ADCSequenceDataGet)
                  000046e8    0000001e                   : pwm.obj (.text:PWMPulseWidthSet)
                  00004706    00000002     --HOLE-- [fill = 0]
                  00004708    0000001c                   : uart.obj (.text:UARTDisable)
                  00004724    00000018                   : adc.obj (.text:ADCClockConfigSet)
                  0000473c    00000018                   : adc.obj (.text:ADCProcessorTrigger)
                  00004754    00000018                   : gpio.obj (.text:GPIOPinTypeGPIOOutput)
                  0000476c    00000018     rtsv7M4_T_le_v4SPD16_eabi.lib : args_main.obj (.text)
                  00004784    00000018                                   : strcmp.obj (.text)
                  0000479c    00000014     driverlib.lib : sysctl.obj (.text:SysCtlPWMClockSet)
                  000047b0    00000014                   : systick.obj (.text:SysTickEnable)
                  000047c4    00000014                   : systick.obj (.text:SysTickIntEnable)
                  000047d8    00000014                   : uart.obj (.text:UARTEnable)
                  000047ec    00000014     rtsv7M4_T_le_v4SPD16_eabi.lib : _lock.obj (.text)
                  00004800    00000012     driverlib.lib : adc.obj (.text:ADCHardwareOversampleConfigure)
                  00004812    00000012                   : gpio.obj (.text:GPIOPinTypeADC)
                  00004824    00000012                   : gpio.obj (.text:GPIOPinTypeGPIOInput)
                  00004836    00000012                   : gpio.obj (.text:GPIOPinTypePWM)
                  00004848    00000012                   : gpio.obj (.text:GPIOPinTypeQEI)
                  0000485a    00000012                   : gpio.obj (.text:GPIOPinTypeSSI)
                  0000486c    00000012                   : gpio.obj (.text:GPIOPinTypeUART)
                  0000487e    00000012                   : pwm.obj (.text:PWMOutputState)
                  00004890    00000012                   : ssi.obj (.text:SSIDataGetNonBlocking)
                  000048a2    00000010                   : adc.obj (.text:ADCIntEnable)
                  000048b2    00000010                   : interrupt.obj (.text:IntMasterDisable)
                  000048c2    00000010                   : interrupt.obj (.text:IntMasterEnable)
                  000048d2    00000010                   : pwm.obj (.text:PWMGenPeriodSet)
                  000048e2    00000002     --HOLE-- [fill = 0]
                  000048e4    00000010                   : systick.obj (.text:SysTickPeriodSet)
                  000048f4    00000010     aeo1_drivers.lib : ssi_display.obj (.text:_ZNK4aeo114ssi_peripheral7IsEmptyEv)
                  00004904    0000000e     driverlib.lib : adc.obj (.text:ADCIntDisable)
                  00004912    0000000e                   : adc.obj (.text:ADCSequenceDisable)
                  00004920    0000000e                   : adc.obj (.text:ADCSequenceEnable)
                  0000492e    0000000e                   : gpio.obj (.text:GPIOIntDisable)
                  0000493c    0000000e                   : qei.obj (.text:QEIConfigure)
                  0000494a    0000000e                   : ssi.obj (.text:SSIDataPutNonBlocking)
                  00004958    0000000e                   : uart.obj (.text:UARTCharGetNonBlocking)
                  00004966    0000000e                   : uart.obj (.text:UARTCharPutNonBlocking)
                  00004974    0000000e     rtsv7M4_T_le_v4SPD16_eabi.lib : copy_decompress_none.obj (.text:decompress:none)
                  00004982    0000000c     driverlib.lib : cpu.obj (.text:CPUcpsid)
                  0000498e    0000000c                   : cpu.obj (.text:CPUcpsie)
                  0000499a    0000000c                   : gpio.obj (.text:GPIOIntEnable)
                  000049a6    0000000c                   : pwm.obj (.text:PWMGenDisable)
                  000049b2    0000000c                   : pwm.obj (.text:PWMGenEnable)
                  000049be    0000000c                   : ssi.obj (.text:SSIDataGet)
                  000049ca    0000000c                   : uart.obj (.text:UARTCharsAvail)
                  000049d6    0000000c                   : uart.obj (.text:UARTSpaceAvail)
                  000049e2    0000000c     aeo1_drivers.lib : ssi_display.obj (.text:_ZN4aeo111ssi_display4OnTxEv)
                  000049ee    0000000c     rtsv7M4_T_le_v4SPD16_eabi.lib : copy_zero_init.obj (.text:decompress:ZI)
                  000049fa    0000000c     tm4c123gh6pm_startup_ccs.obj (.text)
                  00004a06    0000000a     driverlib.lib : adc.obj (.text:ADCIntClear)
                  00004a10    0000000a                   : pwm.obj (.text:PWMGenIntTrigEnable)
                  00004a1a    0000000a                   : qei.obj (.text:QEIEnable)
                  00004a24    0000000a                   : ssi.obj (.text:SSIDataPut)
                  00004a2e    0000000a                   : ssi.obj (.text:SSIDisable)
                  00004a38    0000000a                   : ssi.obj (.text:SSIEnable)
                  00004a42    0000000a                   : ssi.obj (.text:SSIIntDisable)
                  00004a4c    0000000a                   : ssi.obj (.text:SSIIntStatus)
                  00004a56    0000000a                   : uart.obj (.text:UARTIntDisable)
                  00004a60    0000000a                   : uart.obj (.text:UARTIntStatus)
                  00004a6a    0000000a     aeo1_drivers.lib : ssi_display.obj (.text:_ZN4aeo114ssi_peripheral4OnRxEv)
                  00004a74    0000000a                      : ssi_drv8711.obj (.text:_ZN4aeo114ssi_peripheral4OnTxEv)
                  00004a7e    00000008     driverlib.lib : pwm.obj (.text:PWMIntEnable)
                  00004a86    00000008                   : ssi.obj (.text:SSIIntEnable)
                  00004a8e    00000008                   : uart.obj (.text:UARTIntEnable)
                  00004a96    00000008     rtsv7M4_T_le_v4SPD16_eabi.lib : delete.obj (.text)
                  00004a9e    00000006     driverlib.lib : gpio.obj (.text:GPIOPinRead)
                  00004aa4    00000006                   : gpio.obj (.text:GPIOPinWrite)
                  00004aaa    00000006                   : pwm.obj (.text:PWMGenIntClear)
                  00004ab0    00000006                   : sysctl.obj (.text:SysCtlDelay)
                  00004ab6    00000006                   : uart.obj (.text:UARTClockSourceSet)
                  00004abc    00000006                   : uart.obj (.text:UARTFIFOLevelSet)
                  00004ac2    00000006     rtsv7M4_T_le_v4SPD16_eabi.lib : copy_decompress_rle.obj (.text:decompress:rle24)
                  00004ac8    00000004     driverlib.lib : qei.obj (.text:QEIPositionGet)
                  00004acc    00000004                   : qei.obj (.text:QEIPositionSet)
                  00004ad0    00000004                   : ssi.obj (.text:SSIIntClear)
                  00004ad4    00000004                   : uart.obj (.text:UARTIntClear)
                  00004ad8    00000004     rtsv7M4_T_le_v4SPD16_eabi.lib : pre_init.obj (.text)

.const     0    00004adc    00000844     
                  00004adc    0000025e     main.obj (.const:.string)
                  00004d3a    00000002     rtsv7M4_T_le_v4SPD16_eabi.lib : typeinfo_.obj (.const:.typeinfo:_ZTSe)
                  00004d3c    00000090     driverlib.lib : gpio.obj (.const:g_pui32GPIOBaseAddrs)
                  00004dcc    0000008e     aeo1_drivers.lib : alpha7segment.obj (.const:_ZN4aeo119alpha7segment_tableE)
                  00004e5a    00000002     --HOLE-- [fill = 0]
                  00004e5c    00000070     driverlib.lib : interrupt.obj (.const)
                  00004ecc    0000006c                   : sysctl.obj (.const:g_pui32Xtals)
                  00004f38    00000048     aeo1_drivers.lib : ssi_drv8711.obj (.const:$P$T0$1)
                  00004f80    00000030     tiva_utils.lib : ustdlib.obj (.const:g_psDaysToMonth)
                  00004fb0    00000028     rtsv7M4_T_le_v4SPD16_eabi.lib : typeinfo_.obj (.const:.typeinfo:_ZTSN10__cxxabiv123__fundamental_type_infoE)
                  00004fd8    00000028     aeo1_drivers.lib : ssi_display.obj (.const:_ZTVN4aeo111ssi_displayE)
                  00005000    00000028                      : ssi_drv8711.obj (.const:_ZTVN4aeo111ssi_drv8711E)
                  00005028    00000028                      : ssi_peripheral.obj (.const:_ZTVN4aeo114ssi_peripheralE)
                  00005050    00000028     tiva_utils.lib : uartstdio.obj (.const)
                  00005078    00000025     rtsv7M4_T_le_v4SPD16_eabi.lib : typeinfo_.obj (.const:.typeinfo:_ZTSN10__cxxabiv120__si_class_type_infoE)
                  0000509d    00000024                                   : typeinfo_.obj (.const:.typeinfo:_ZTSN10__cxxabiv119__pointer_type_infoE)
                  000050c1    00000022                                   : typeinfo_.obj (.const:.typeinfo:_ZTSN10__cxxabiv117__class_type_infoE)
                  000050e3    00000022                                   : typeinfo_.obj (.const:.typeinfo:_ZTSN10__cxxabiv117__pbase_type_infoE)
                  00005105    00000003     --HOLE-- [fill = 0]
                  00005108    0000001c     tiva_utils.lib : ustdlib.obj (.const)
                  00005124    00000018     aeo1_drivers.lib : ssi_peripheral.obj (.const:.typeinfo:_ZTSN4aeo114ssi_peripheralE)
                  0000513c    00000016                      : adc_potmeter.obj (.const:.typeinfo:_ZTSN4aeo112adc_potmeterE)
                  00005152    00000015                      : pwm_stepper.obj (.const:.typeinfo:_ZTSN4aeo111pwm_stepperE)
                  00005167    00000015                      : ssi_display.obj (.const:.typeinfo:_ZTSN4aeo111ssi_displayE)
                  0000517c    00000015                      : ssi_drv8711.obj (.const:.typeinfo:_ZTSN4aeo111ssi_drv8711E)
                  00005191    00000014                      : qei_sensor.obj (.const:.typeinfo:_ZTSN4aeo110qei_sensorE)
                  000051a5    00000012                      : ssi_display.obj (.const:.string)
                  000051b7    00000001     --HOLE-- [fill = 0]
                  000051b8    00000012     tiva_utils.lib : uartstdio.obj (.const:.string)
                  000051ca    00000002     --HOLE-- [fill = 0]
                  000051cc    00000012                    : ustdlib.obj (.const:.string)
                  000051de    00000002     --HOLE-- [fill = 0]
                  000051e0    00000010     rtsv7M4_T_le_v4SPD16_eabi.lib : typeinfo_.obj (.const:.typeinfo:_ZTIPKe)
                  000051f0    00000010     drv8711.obj (.const:.typeinfo:_ZTSN4aeo17drv8711E)
                  00005200    00000010     rtsv7M4_T_le_v4SPD16_eabi.lib : typeinfo_.obj (.const:_ZTVN10__cxxabiv117__class_type_infoE)
                  00005210    00000010                                   : typeinfo_.obj (.const:_ZTVN10__cxxabiv119__pointer_type_infoE)
                  00005220    00000010                                   : typeinfo_.obj (.const:_ZTVN10__cxxabiv120__si_class_type_infoE)
                  00005230    00000010                                   : typeinfo_.obj (.const:_ZTVN10__cxxabiv123__fundamental_type_infoE)
                  00005240    00000010     aeo1_drivers.lib : qei_sensor.obj (.const:_ZTVN4aeo110qei_sensorE)
                  00005250    00000010                      : pwm_stepper.obj (.const:_ZTVN4aeo111pwm_stepperE)
                  00005260    00000010                      : adc_potmeter.obj (.const:_ZTVN4aeo112adc_potmeterE)
                  00005270    00000010     drv8711.obj (.const:_ZTVN4aeo17drv8711E)
                  00005280    0000000d     rtsv7M4_T_le_v4SPD16_eabi.lib : typeinfo_.obj (.const:.typeinfo:_ZTSSt9type_info)
                  0000528d    00000003     --HOLE-- [fill = 0]
                  00005290    0000000c                                   : typeinfo_.obj (.const:.typeinfo:_ZTIN10__cxxabiv117__class_type_infoE)
                  0000529c    0000000c                                   : typeinfo_.obj (.const:.typeinfo:_ZTIN10__cxxabiv117__pbase_type_infoE)
                  000052a8    0000000c                                   : typeinfo_.obj (.const:.typeinfo:_ZTIN10__cxxabiv119__pointer_type_infoE)
                  000052b4    0000000c                                   : typeinfo_.obj (.const:.typeinfo:_ZTIN10__cxxabiv120__si_class_type_infoE)
                  000052c0    0000000c                                   : typeinfo_.obj (.const:.typeinfo:_ZTIN10__cxxabiv123__fundamental_type_infoE)
                  000052cc    0000000c     aeo1_drivers.lib : ssi_display.obj (.const:.typeinfo:_ZTIN4aeo111ssi_displayE)
                  000052d8    0000000c                      : ssi_drv8711.obj (.const:.typeinfo:_ZTIN4aeo111ssi_drv8711E)
                  000052e4    00000008                      : qei_sensor.obj (.const:.typeinfo:_ZTIN4aeo110qei_sensorE)
                  000052ec    00000008                      : pwm_stepper.obj (.const:.typeinfo:_ZTIN4aeo111pwm_stepperE)
                  000052f4    00000008                      : adc_potmeter.obj (.const:.typeinfo:_ZTIN4aeo112adc_potmeterE)
                  000052fc    00000008                      : ssi_peripheral.obj (.const:.typeinfo:_ZTIN4aeo114ssi_peripheralE)
                  00005304    00000008     drv8711.obj (.const:.typeinfo:_ZTIN4aeo17drv8711E)
                  0000530c    00000008     rtsv7M4_T_le_v4SPD16_eabi.lib : typeinfo_.obj (.const:.typeinfo:_ZTISt9type_info)
                  00005314    00000008                                   : typeinfo_.obj (.const:.typeinfo:_ZTIe)
                  0000531c    00000004                                   : typeinfo_.obj (.const:.typeinfo:_ZTSPKe)

.init_array 
*          0    00005320    00000004     
                  00005320    00000004     main.obj (.init_array)

.cinit     0    00005328    00000268     
                  00005328    0000023d     (.cinit..data.load) [load image, compression = rle]
                  00005565    00000003     --HOLE-- [fill = 0]
                  00005568    0000000c     (__TI_handler_table)
                  00005574    00000004     --HOLE-- [fill = 0]
                  00005578    00000008     (.cinit..bss.load) [load image, compression = zero_init]
                  00005580    00000010     (__TI_cinit_table)

.bss       0    20000000    000006dd     UNINITIALIZED
                  20000000    00000400     tiva_utils.lib : uartstdio.obj (.bss:g_pcUARTTxBuffer)
                  20000400    000000ac     main.obj (.bss:g_oDrv8711)
                  200004ac    00000080     tiva_utils.lib : uartstdio.obj (.bss:g_pcUARTRxBuffer)
                  2000052c    00000080     main.obj (.bss:g_zInput)
                  200005ac    00000070     main.obj (.bss:g_oDialerDisplay)
                  2000061c    00000070     main.obj (.bss:g_oScaleDisplay)
                  2000068c    00000024     tiva_utils.lib : cmdline.obj (.bss:g_ppcArgv)
                  200006b0    00000020     main.obj (.bss)
                  200006d0    00000004     (.common:_ZSt16__dummy_typeinfo)
                  200006d4    00000004     (.common:__dso_handle)
                  200006d8    00000004     (.common:g_ui32PortNum)
                  200006dc    00000001     (.common:g_bDisableEcho)

.TI.noinit 
*          0    20000000    00000000     UNINITIALIZED

.data      0    200006e0    000002b4     UNINITIALIZED
                  200006e0    000000b4     main.obj (.data:g_psCmdTable)
                  20000794    000000a8     main.obj (.data:g_psRotaryMenu)
                  2000083c    00000034     aeo1_drivers.lib : ssi_peripheral.obj (.data:_ZN4aeo118SSI0_SpecificationE)
                  20000870    00000034                      : ssi_peripheral.obj (.data:_ZN4aeo118SSI1_SpecificationE)
                  200008a4    00000034                      : ssi_peripheral.obj (.data:_ZN4aeo118SSI2_SpecificationE)
                  200008d8    00000034                      : ssi_peripheral.obj (.data:_ZN4aeo118SSI3_SpecificationE)
                  2000090c    0000001d     main.obj (.data)
                  20000929    00000003     --HOLE--
                  2000092c    00000015     tiva_utils.lib : uartstdio.obj (.data)
                  20000941    00000003     --HOLE--
                  20000944    00000010     aeo1_drivers.lib : adc_potmeter.obj (.data)
                  20000954    00000010                      : ssi_peripheral.obj (.data)
                  20000964    0000000c     rtsv7M4_T_le_v4SPD16_eabi.lib : memory.obj (.data)
                  20000970    00000008                                   : _lock.obj (.data)
                  20000978    00000008                                   : exit.obj (.data)
                  20000980    00000004     aeo1_drivers.lib : pwm_stepper.obj (.data)
                  20000984    00000004                      : ssi_drv8711.obj (.data)
                  20000988    00000004     rtsv7M4_T_le_v4SPD16_eabi.lib : dtor_list.obj (.data)
                  2000098c    00000004                                   : stkdepth_vars.obj (.data)
                  20000990    00000004     tiva_utils.lib : ustdlib.obj (.data)

.TI.persistent 
*          0    200006e0    00000000     UNINITIALIZED

.stack     0    20000994    00000200     UNINITIALIZED
                  20000994    00000200     --HOLE--

.sysmem    0    20000b98    00000008     UNINITIALIZED
                  20000b98    00000008     rtsv7M4_T_le_v4SPD16_eabi.lib : memory.obj (.sysmem)


LINKER GENERATED COPY TABLES

__TI_cinit_table @ 00005580 records: 2, size/record: 8, table size: 16
	.data: load addr=00005328, load size=0000023d bytes, run addr=200006e0, run size=000002b4 bytes, compression=rle
	.bss: load addr=00005578, load size=00000008 bytes, run addr=20000000, run size=000006dd bytes, compression=zero_init


LINKER GENERATED HANDLER TABLE

__TI_handler_table @ 00005568 records: 3, size/record: 4, table size: 12
	index: 0, handler: __TI_decompress_rle24
	index: 1, handler: __TI_decompress_none
	index: 2, handler: __TI_zero_init


GLOBAL SYMBOLS: SORTED ALPHABETICALLY BY Name 

address   name                                                      
-------   ----                                                      
00004725  ADCClockConfigSet                                         
00004801  ADCHardwareOversampleConfigure                            
00004a07  ADCIntClear                                               
00004905  ADCIntDisable                                             
000048a3  ADCIntEnable                                              
00004651  ADCIntStatus                                              
0000473d  ADCProcessorTrigger                                       
0000456b  ADCSequenceConfigure                                      
000046cb  ADCSequenceDataGet                                        
00004913  ADCSequenceDisable                                        
00004921  ADCSequenceEnable                                         
00004069  ADCSequenceStepConfigure                                  
000044a5  C$$EXIT                                                   
00004983  CPUcpsid                                                  
0000498f  CPUcpsie                                                  
00003f21  CmdLineProcess                                            
0000467f  GPIODirModeSet                                            
0000492f  GPIOIntDisable                                            
0000499b  GPIOIntEnable                                             
00004369  GPIOIntTypeSet                                            
00003b35  GPIOPadConfigSet                                          
0000445d  GPIOPinConfigure                                          
00004a9f  GPIOPinRead                                               
00004813  GPIOPinTypeADC                                            
00004825  GPIOPinTypeGPIOInput                                      
00004755  GPIOPinTypeGPIOOutput                                     
00004837  GPIOPinTypePWM                                            
00004849  GPIOPinTypeQEI                                            
0000485b  GPIOPinTypeSSI                                            
0000486d  GPIOPinTypeUART                                           
00004aa5  GPIOPinWrite                                              
00004235  IntDisable                                                
0000429d  IntEnable                                                 
000048b3  IntMasterDisable                                          
000048c3  IntMasterEnable                                           
00003941  OnADCInterrupt                                            
00002475  OnGPIOBInterrupt                                          
00002491  OnGPIOEInterrupt                                          
000030ed  OnPWM1Gen1Interrupt                                       
00001f1d  OnSSI0Interrupt                                           
00001f37  OnSSI1Interrupt                                           
00001f51  OnSSI2Interrupt                                           
00001f6b  OnSSI3Interrupt                                           
000046a9  PWMGenConfigure                                           
000049a7  PWMGenDisable                                             
000049b3  PWMGenEnable                                              
00004aab  PWMGenIntClear                                            
00004a11  PWMGenIntTrigEnable                                       
000048d3  PWMGenPeriodSet                                           
00004a7f  PWMIntEnable                                              
0000487f  PWMOutputState                                            
000046e9  PWMPulseWidthSet                                          
0000493d  QEIConfigure                                              
00004a1b  QEIEnable                                                 
00004ac9  QEIPositionGet                                            
00004acd  QEIPositionSet                                            
000049fb  ResetISR                                                  
00005320  SHT$$INIT_ARRAY$$Base                                     
00005324  SHT$$INIT_ARRAY$$Limit                                    
000045a9  SSIConfigSetExpClk                                        
000049bf  SSIDataGet                                                
00004891  SSIDataGetNonBlocking                                     
00004a25  SSIDataPut                                                
0000494b  SSIDataPutNonBlocking                                     
00004a2f  SSIDisable                                                
00004a39  SSIEnable                                                 
00004ad1  SSIIntClear                                               
00004a43  SSIIntDisable                                             
00004a87  SSIIntEnable                                              
00004a4d  SSIIntStatus                                              
00003c65  SysCtlClockGet                                            
00004ab1  SysCtlDelay                                               
0000479d  SysCtlPWMClockSet                                         
0000461d  SysCtlPeripheralEnable                                    
000045e5  SysCtlPeripheralPresent                                   
000047b1  SysTickEnable                                             
000047c5  SysTickIntEnable                                          
00001c59  SysTickIntHandler                                         
000048e5  SysTickPeriodSet                                          
00004959  UARTCharGetNonBlocking                                    
00004967  UARTCharPutNonBlocking                                    
000049cb  UARTCharsAvail                                            
00004ab7  UARTClockSourceSet                                        
000044e9  UARTConfigSetExpClk                                       
00004709  UARTDisable                                               
000015c9  UARTEchoSet                                               
000047d9  UARTEnable                                                
00004abd  UARTFIFOLevelSet                                          
00001573  UARTFlushRx                                               
00001593  UARTFlushTx                                               
00004ad5  UARTIntClear                                              
00004a57  UARTIntDisable                                            
00004a8f  UARTIntEnable                                             
00004a61  UARTIntStatus                                             
00001519  UARTPeek                                                  
000014f7  UARTRxBytesAvail                                          
000049d7  UARTSpaceAvail                                            
00000fdd  UARTStdioConfig                                           
000015f5  UARTStdioIntHandler                                       
00001505  UARTTxBytesFree                                           
0000117f  UARTgetc                                                  
00001103  UARTgets                                                  
000014d3  UARTprintf                                                
000011d9  UARTvprintf                                               
00001063  UARTwrite                                                 
00001ced  _Z10Initializev                                           
00001999  _Z12OnMenuDialeri                                         
00001c15  _Z13ConfigureUARTv                                        
00001a27  _Z14OnNumberDialeri                                       
00001a61  _Z6OnFeedi                                                
00001ae1  _Z6OnMovei                                                
0000176b  _Z7CMD_setiPPc                                            
00001941  _Z7MNU_setiPPc                                            
00001841  _Z8CMD_diagiPPc                                           
000017b1  _Z8CMD_feediPPc                                           
000017a1  _Z8CMD_haltiPPc                                           
000018f1  _Z8CMD_helpiPPc                                           
00001791  _Z8CMD_idleiPPc                                           
000017d7  _Z8CMD_moveiPPc                                           
000018b1  _Z8CMD_stepiPPc                                           
00001805  _Z8CMD_stopiPPc                                           
00001827  _Z8CMD_textiPPc                                           
00001751  _Z8CMD_zeroiPPc                                           
0000195f  _Z8MNU_feediPPc                                           
00001975  _Z8MNU_moveiPPc                                           
00001d89  _Z8MainLoopv                                              
00001bb1  _Z8OnDialeri                                              
000018a1  _Z9CMD_noerriPPc                                          
00001891  _Z9CMD_resetiPPc                                          
00001869  _Z9CMD_sleepiPPc                                          
00003f11  _ZN10__cxxabiv116__enum_type_infoD0Ev                     
00003f0f  _ZN10__cxxabiv116__enum_type_infoD1Ev                     
00003f0f  _ZN10__cxxabiv116__enum_type_infoD2Ev                     
00003f07  _ZN10__cxxabiv117__array_type_infoD0Ev                    
00003f05  _ZN10__cxxabiv117__array_type_infoD1Ev                    
00003f05  _ZN10__cxxabiv117__array_type_infoD2Ev                    
00003efd  _ZN10__cxxabiv117__class_type_infoD0Ev                    
00003efb  _ZN10__cxxabiv117__class_type_infoD1Ev                    
00003efb  _ZN10__cxxabiv117__class_type_infoD2Ev                    
00003ef3  _ZN10__cxxabiv117__pbase_type_infoD0Ev                    
00003ef1  _ZN10__cxxabiv117__pbase_type_infoD1Ev                    
00003ef1  _ZN10__cxxabiv117__pbase_type_infoD2Ev                    
00003ee9  _ZN10__cxxabiv119__pointer_type_infoD0Ev                  
00003ee7  _ZN10__cxxabiv119__pointer_type_infoD1Ev                  
00003ee7  _ZN10__cxxabiv119__pointer_type_infoD2Ev                  
00003edf  _ZN10__cxxabiv120__function_type_infoD0Ev                 
00003edd  _ZN10__cxxabiv120__function_type_infoD1Ev                 
00003edd  _ZN10__cxxabiv120__function_type_infoD2Ev                 
00003ed5  _ZN10__cxxabiv120__si_class_type_infoD0Ev                 
00003ed3  _ZN10__cxxabiv120__si_class_type_infoD1Ev                 
00003ed3  _ZN10__cxxabiv120__si_class_type_infoD2Ev                 
00003ecb  _ZN10__cxxabiv121__vmi_class_type_infoD0Ev                
00003ec9  _ZN10__cxxabiv121__vmi_class_type_infoD1Ev                
00003ec9  _ZN10__cxxabiv121__vmi_class_type_infoD2Ev                
00003ec1  _ZN10__cxxabiv123__fundamental_type_infoD0Ev              
00003ebf  _ZN10__cxxabiv123__fundamental_type_infoD1Ev              
00003ebf  _ZN10__cxxabiv123__fundamental_type_infoD2Ev              
00003eb7  _ZN10__cxxabiv129__pointer_to_member_type_infoD0Ev        
00003eb5  _ZN10__cxxabiv129__pointer_to_member_type_infoD1Ev        
00003eb5  _ZN10__cxxabiv129__pointer_to_member_type_infoD2Ev        
00003459  _ZN4aeo110qei_sensor10InitializeEv                        
00003483  _ZN4aeo110qei_sensor3GetEv                                
000034e9  _ZN4aeo110qei_sensor3SetEi                                
0000351f  _ZN4aeo110qei_sensor4DiagEv                               
0000350f  _ZN4aeo110qei_sensor4ZeroEv                               
000034ab  _ZN4aeo110qei_sensor8GetIndexEv                           
000033fd  _ZN4aeo110qei_sensorC1ENS0_9device_idENS0_13configurationE
000033fd  _ZN4aeo110qei_sensorC2ENS0_9device_idENS0_13configurationE
00003443  _ZN4aeo110qei_sensorD0Ev                                  
00003437  _ZN4aeo110qei_sensorD1Ev                                  
00003437  _ZN4aeo110qei_sensorD2Ev                                  
00003163  _ZN4aeo111pwm_stepper10InitializeEv                       
00003287  _ZN4aeo111pwm_stepper11OnInterruptEv                      
000031d5  _ZN4aeo111pwm_stepper4DiagEv                              
00003201  _ZN4aeo111pwm_stepper4MoveEj                              
00003259  _ZN4aeo111pwm_stepper4StopEb                              
00003109  _ZN4aeo111pwm_stepperC1Ev                                 
00003109  _ZN4aeo111pwm_stepperC2Ev                                 
0000314d  _ZN4aeo111pwm_stepperD0Ev                                 
00003141  _ZN4aeo111pwm_stepperD1Ev                                 
00003141  _ZN4aeo111pwm_stepperD2Ev                                 
00003723  _ZN4aeo111ssi_display10InitializeEv                       
000038bd  _ZN4aeo111ssi_display14Digit2SegmentsEjjb                 
0000381f  _ZN4aeo111ssi_display3SetEPKc                             
00003741  _ZN4aeo111ssi_display3SetEii                              
0000372f  _ZN4aeo111ssi_display4DiagEv                              
000049e3  _ZN4aeo111ssi_display4OnTxEv                              
000036dd  _ZN4aeo111ssi_displayC1ENS_14ssi_peripheral9device_idE    
000036dd  _ZN4aeo111ssi_displayC2ENS_14ssi_peripheral9device_idE    
0000370d  _ZN4aeo111ssi_displayD0Ev                                 
000036ff  _ZN4aeo111ssi_displayD1Ev                                 
000036ff  _ZN4aeo111ssi_displayD2Ev                                 
000024f7  _ZN4aeo111ssi_drv871110InitializeEv                       
00002651  _ZN4aeo111ssi_drv871111PrintStatusEj                      
0000272d  _ZN4aeo111ssi_drv871115OnGpioInterruptENS0_5EventE        
000025c3  _ZN4aeo111ssi_drv87114DiagEv                              
00002787  _ZN4aeo111ssi_drv87114ReadEj                              
000026f1  _ZN4aeo111ssi_drv87115ResetEv                             
000026cd  _ZN4aeo111ssi_drv87115SleepEb                             
000027e1  _ZN4aeo111ssi_drv87115WriteEjj                            
000024ad  _ZN4aeo111ssi_drv8711C1Ev                                 
000024ad  _ZN4aeo111ssi_drv8711C2Ev                                 
000024e1  _ZN4aeo111ssi_drv8711D0Ev                                 
000024d3  _ZN4aeo111ssi_drv8711D1Ev                                 
000024d3  _ZN4aeo111ssi_drv8711D2Ev                                 
000039ab  _ZN4aeo112adc_potmeter10InitializeEv                      
20000944  _ZN4aeo112adc_potmeter10m_nCounterE                       
00003a27  _ZN4aeo112adc_potmeter11OnInterruptEv                     
2000094c  _ZN4aeo112adc_potmeter14m_nReadCounterE                   
00003ad1  _ZN4aeo112adc_potmeter15GetErrorCounterEv                 
20000948  _ZN4aeo112adc_potmeter15m_nErrorCounterE                  
20000950  _ZN4aeo112adc_potmeter16m_pTheOneAndOnlyE                 
00003ae9  _ZN4aeo112adc_potmeter4DiagEv                             
00003aa3  _ZN4aeo112adc_potmeter7TriggerEv                          
00003ab1  _ZN4aeo112adc_potmeter8GetValueEv                         
00003a0b  _ZN4aeo112adc_potmeter9TerminateEv                        
00003953  _ZN4aeo112adc_potmeterC1Ev                                
00003953  _ZN4aeo112adc_potmeterC2Ev                                
00003995  _ZN4aeo112adc_potmeterD0Ev                                
00003971  _ZN4aeo112adc_potmeterD1Ev                                
00003971  _ZN4aeo112adc_potmeterD2Ev                                
00004305  _ZN4aeo113Alpha7SegmentEc                                 
00002051  _ZN4aeo114ssi_peripheral10InitializeEv                    
0000234f  _ZN4aeo114ssi_peripheral10LoadTxFIFOEv                    
00002199  _ZN4aeo114ssi_peripheral11OnInterruptEv                   
00002385  _ZN4aeo114ssi_peripheral12UnloadRxFIFOEv                  
00002337  _ZN4aeo114ssi_peripheral3GetEv                            
00002323  _ZN4aeo114ssi_peripheral3PutEj                            
00002239  _ZN4aeo114ssi_peripheral4DiagEv                           
00004a6b  _ZN4aeo114ssi_peripheral4OnRxEv                           
00004a75  _ZN4aeo114ssi_peripheral4OnTxEv                           
000022c7  _ZN4aeo114ssi_peripheral9TerminateEv                      
00001f85  _ZN4aeo114ssi_peripheralC1ENS0_9device_idEjb              
00001f85  _ZN4aeo114ssi_peripheralC2ENS0_9device_idEjb              
0000203b  _ZN4aeo114ssi_peripheralD0Ev                              
00002027  _ZN4aeo114ssi_peripheralD1Ev                              
00002027  _ZN4aeo114ssi_peripheralD2Ev                              
2000083c  _ZN4aeo118SSI0_SpecificationE                             
20000870  _ZN4aeo118SSI1_SpecificationE                             
200008a4  _ZN4aeo118SSI2_SpecificationE                             
200008d8  _ZN4aeo118SSI3_SpecificationE                             
00002d65  _ZN4aeo17drv871110InitializeEv                            
00002e9d  _ZN4aeo17drv871110SetDefaultEv                            
00002ffd  _ZN4aeo17drv871111ClearFaultsEv                           
00003029  _ZN4aeo17drv871116ReadAllRegistersEv                      
00002f3b  _ZN4aeo17drv87114DiagEv                                   
00002de3  _ZN4aeo17drv87114FeedEi                                   
00002db5  _ZN4aeo17drv87114HaltEv                                   
00002d89  _ZN4aeo17drv87114IdleEv                                   
00002df3  _ZN4aeo17drv87114MoveEi                                   
00002f5d  _ZN4aeo17drv87114StepEjb                                  
00002f11  _ZN4aeo17drv87114StopEb                                   
00003015  _ZN4aeo17drv87115ResetEv                                  
00002fcf  _ZN4aeo17drv87115SleepEb                                  
00002e6f  _ZN4aeo17drv87119SetTorqueEj                              
00002d19  _ZN4aeo17drv8711C1Ev                                      
00002d19  _ZN4aeo17drv8711C2Ev                                      
00002d4f  _ZN4aeo17drv8711D0Ev                                      
00002d37  _ZN4aeo17drv8711D1Ev                                      
00002d37  _ZN4aeo17drv8711D2Ev                                      
000048f5  _ZNK4aeo114ssi_peripheral7IsEmptyEv                       
00003e77  _ZNKSt9type_info4nameEv                                   
00003ea7  _ZNKSt9type_info6beforeERKS_                              
00003e91  _ZNKSt9type_infoeqERKS_                                   
00003e7b  _ZNKSt9type_infoneERKS_                                   
00003e6f  _ZNSt9type_infoD0Ev                                       
00003e6d  _ZNSt9type_infoD1Ev                                       
00003e6d  _ZNSt9type_infoD2Ev                                       
200006d0  _ZSt16__dummy_typeinfo                                    
00003e65  _ZSt21__gen_dummy_typeinfosv                              
00005290  _ZTIN10__cxxabiv117__class_type_infoE                     
0000529c  _ZTIN10__cxxabiv117__pbase_type_infoE                     
000052a8  _ZTIN10__cxxabiv119__pointer_type_infoE                   
000052b4  _ZTIN10__cxxabiv120__si_class_type_infoE                  
000052c0  _ZTIN10__cxxabiv123__fundamental_type_infoE               
000052e4  _ZTIN4aeo110qei_sensorE                                   
000052ec  _ZTIN4aeo111pwm_stepperE                                  
000052cc  _ZTIN4aeo111ssi_displayE                                  
000052d8  _ZTIN4aeo111ssi_drv8711E                                  
000052f4  _ZTIN4aeo112adc_potmeterE                                 
000052fc  _ZTIN4aeo114ssi_peripheralE                               
00005304  _ZTIN4aeo17drv8711E                                       
000051e0  _ZTIPKe                                                   
0000530c  _ZTISt9type_info                                          
00005314  _ZTIe                                                     
000050c1  _ZTSN10__cxxabiv117__class_type_infoE                     
000050e3  _ZTSN10__cxxabiv117__pbase_type_infoE                     
0000509d  _ZTSN10__cxxabiv119__pointer_type_infoE                   
00005078  _ZTSN10__cxxabiv120__si_class_type_infoE                  
00004fb0  _ZTSN10__cxxabiv123__fundamental_type_infoE               
00005191  _ZTSN4aeo110qei_sensorE                                   
00005152  _ZTSN4aeo111pwm_stepperE                                  
00005167  _ZTSN4aeo111ssi_displayE                                  
0000517c  _ZTSN4aeo111ssi_drv8711E                                  
0000513c  _ZTSN4aeo112adc_potmeterE                                 
00005124  _ZTSN4aeo114ssi_peripheralE                               
000051f0  _ZTSN4aeo17drv8711E                                       
0000531c  _ZTSPKe                                                   
00005280  _ZTSSt9type_info                                          
00004d3a  _ZTSe                                                     
00005200  _ZTVN10__cxxabiv117__class_type_infoE                     
00005210  _ZTVN10__cxxabiv119__pointer_type_infoE                   
00005220  _ZTVN10__cxxabiv120__si_class_type_infoE                  
00005230  _ZTVN10__cxxabiv123__fundamental_type_infoE               
00005240  _ZTVN4aeo110qei_sensorE                                   
00005250  _ZTVN4aeo111pwm_stepperE                                  
00004fd8  _ZTVN4aeo111ssi_displayE                                  
00005000  _ZTVN4aeo111ssi_drv8711E                                  
00005260  _ZTVN4aeo112adc_potmeterE                                 
00005028  _ZTVN4aeo114ssi_peripheralE                               
00005270  _ZTVN4aeo17drv8711E                                       
00004a97  _ZdlPv                                                    
20000b94  __STACK_END                                               
00000200  __STACK_SIZE                                              
20000b94  __STACK_TOP                                               
00000008  __SYSMEM_SIZE                                             
00005580  __TI_CINIT_Base                                           
00005590  __TI_CINIT_Limit                                          
00005568  __TI_Handler_Table_Base                                   
00005574  __TI_Handler_Table_Limit                                  
0000415d  __TI_auto_init                                            
20000978  __TI_cleanup_ptr                                          
00004975  __TI_decompress_none                                      
00004ac3  __TI_decompress_rle24                                     
2000097c  __TI_dtors_ptr                                            
00000000  __TI_static_base__                                        
000049ef  __TI_zero_init                                            
00003dc7  __aeabi_atexit                                            
00004233  __aeabi_idiv0                                             
000040e3  __aeabi_memclr                                            
000040e3  __aeabi_memclr4                                           
000040e3  __aeabi_memclr8                                           
00003fcd  __aeabi_memcpy                                            
00003fcd  __aeabi_memcpy4                                           
00003fcd  __aeabi_memcpy8                                           
000040e5  __aeabi_memset                                            
000040e5  __aeabi_memset4                                           
000040e5  __aeabi_memset8                                           
0000452b  __aeabi_uidiv                                             
0000452b  __aeabi_uidivmod                                          
ffffffff  __binit__                                                 
ffffffff  __c_args__                                                
00003e0b  __cxa_atexit                                              
00003d71  __cxa_finalize                                            
00003db3  __cxa_ia64_exit                                           
200006d4  __dso_handle                                              
20000994  __stack                                                   
00001df7  __sti___8_main_cpp_1c94e432                               
0000476d  _args_main                                                
000043c1  _c_int00                                                  
20000970  _lock                                                     
000047fb  _nop                                                      
000047f3  _register_lock                                            
000047ed  _register_unlock                                          
20000b98  _sys_memory                                               
00004ad9  _system_pre_init                                          
20000974  _unlock                                                   
000044a9  abort                                                     
00003db9  atexit                                                    
ffffffff  binit                                                     
00002ce5  calloc                                                    
00004411  copy_in                                                   
000044b1  exit                                                      
00002a33  free                                                      
200005ac  g_oDialerDisplay                                          
20000400  g_oDrv8711                                                
200006c0  g_oLinearScale                                            
200006b0  g_oRotaryDialer                                           
2000061c  g_oScaleDisplay                                           
00000000  g_pfnVectors                                              
200006e0  g_psCmdTable                                              
20000794  g_psRotaryMenu                                            
00001de5  main                                                      
2000098c  main_func_sp                                              
000029cb  malloc                                                    
00002c01  memalign                                                  
00003fcd  memcpy                                                    
000040eb  memset                                                    
0000293d  minit                                                     
00002af5  realloc                                                   
00004785  strcmp                                                    
00000751  ulocaltime                                                
0000094f  umktime                                                   
00000ec9  urand                                                     
00000721  usnprintf                                                 
000006ef  usprintf                                                  
00000eb9  usrand                                                    
00000e31  ustrcasecmp                                               
00000ea5  ustrcmp                                                   
00000d35  ustrlen                                                   
00000d8d  ustrncasecmp                                              
00000e45  ustrncmp                                                  
0000026d  ustrncpy                                                  
00000d57  ustrstr                                                   
00000afd  ustrtof                                                   
000009c5  ustrtoul                                                  
000002c5  uvsnprintf                                                


GLOBAL SYMBOLS: SORTED BY Symbol Address 

address   name                                                      
-------   ----                                                      
00000000  __TI_static_base__                                        
00000000  g_pfnVectors                                              
00000008  __SYSMEM_SIZE                                             
00000200  __STACK_SIZE                                              
0000026d  ustrncpy                                                  
000002c5  uvsnprintf                                                
000006ef  usprintf                                                  
00000721  usnprintf                                                 
00000751  ulocaltime                                                
0000094f  umktime                                                   
000009c5  ustrtoul                                                  
00000afd  ustrtof                                                   
00000d35  ustrlen                                                   
00000d57  ustrstr                                                   
00000d8d  ustrncasecmp                                              
00000e31  ustrcasecmp                                               
00000e45  ustrncmp                                                  
00000ea5  ustrcmp                                                   
00000eb9  usrand                                                    
00000ec9  urand                                                     
00000fdd  UARTStdioConfig                                           
00001063  UARTwrite                                                 
00001103  UARTgets                                                  
0000117f  UARTgetc                                                  
000011d9  UARTvprintf                                               
000014d3  UARTprintf                                                
000014f7  UARTRxBytesAvail                                          
00001505  UARTTxBytesFree                                           
00001519  UARTPeek                                                  
00001573  UARTFlushRx                                               
00001593  UARTFlushTx                                               
000015c9  UARTEchoSet                                               
000015f5  UARTStdioIntHandler                                       
00001751  _Z8CMD_zeroiPPc                                           
0000176b  _Z7CMD_setiPPc                                            
00001791  _Z8CMD_idleiPPc                                           
000017a1  _Z8CMD_haltiPPc                                           
000017b1  _Z8CMD_feediPPc                                           
000017d7  _Z8CMD_moveiPPc                                           
00001805  _Z8CMD_stopiPPc                                           
00001827  _Z8CMD_textiPPc                                           
00001841  _Z8CMD_diagiPPc                                           
00001869  _Z9CMD_sleepiPPc                                          
00001891  _Z9CMD_resetiPPc                                          
000018a1  _Z9CMD_noerriPPc                                          
000018b1  _Z8CMD_stepiPPc                                           
000018f1  _Z8CMD_helpiPPc                                           
00001941  _Z7MNU_setiPPc                                            
0000195f  _Z8MNU_feediPPc                                           
00001975  _Z8MNU_moveiPPc                                           
00001999  _Z12OnMenuDialeri                                         
00001a27  _Z14OnNumberDialeri                                       
00001a61  _Z6OnFeedi                                                
00001ae1  _Z6OnMovei                                                
00001bb1  _Z8OnDialeri                                              
00001c15  _Z13ConfigureUARTv                                        
00001c59  SysTickIntHandler                                         
00001ced  _Z10Initializev                                           
00001d89  _Z8MainLoopv                                              
00001de5  main                                                      
00001df7  __sti___8_main_cpp_1c94e432                               
00001f1d  OnSSI0Interrupt                                           
00001f37  OnSSI1Interrupt                                           
00001f51  OnSSI2Interrupt                                           
00001f6b  OnSSI3Interrupt                                           
00001f85  _ZN4aeo114ssi_peripheralC1ENS0_9device_idEjb              
00001f85  _ZN4aeo114ssi_peripheralC2ENS0_9device_idEjb              
00002027  _ZN4aeo114ssi_peripheralD1Ev                              
00002027  _ZN4aeo114ssi_peripheralD2Ev                              
0000203b  _ZN4aeo114ssi_peripheralD0Ev                              
00002051  _ZN4aeo114ssi_peripheral10InitializeEv                    
00002199  _ZN4aeo114ssi_peripheral11OnInterruptEv                   
00002239  _ZN4aeo114ssi_peripheral4DiagEv                           
000022c7  _ZN4aeo114ssi_peripheral9TerminateEv                      
00002323  _ZN4aeo114ssi_peripheral3PutEj                            
00002337  _ZN4aeo114ssi_peripheral3GetEv                            
0000234f  _ZN4aeo114ssi_peripheral10LoadTxFIFOEv                    
00002385  _ZN4aeo114ssi_peripheral12UnloadRxFIFOEv                  
00002475  OnGPIOBInterrupt                                          
00002491  OnGPIOEInterrupt                                          
000024ad  _ZN4aeo111ssi_drv8711C1Ev                                 
000024ad  _ZN4aeo111ssi_drv8711C2Ev                                 
000024d3  _ZN4aeo111ssi_drv8711D1Ev                                 
000024d3  _ZN4aeo111ssi_drv8711D2Ev                                 
000024e1  _ZN4aeo111ssi_drv8711D0Ev                                 
000024f7  _ZN4aeo111ssi_drv871110InitializeEv                       
000025c3  _ZN4aeo111ssi_drv87114DiagEv                              
00002651  _ZN4aeo111ssi_drv871111PrintStatusEj                      
000026cd  _ZN4aeo111ssi_drv87115SleepEb                             
000026f1  _ZN4aeo111ssi_drv87115ResetEv                             
0000272d  _ZN4aeo111ssi_drv871115OnGpioInterruptENS0_5EventE        
00002787  _ZN4aeo111ssi_drv87114ReadEj                              
000027e1  _ZN4aeo111ssi_drv87115WriteEjj                            
0000293d  minit                                                     
000029cb  malloc                                                    
00002a33  free                                                      
00002af5  realloc                                                   
00002c01  memalign                                                  
00002ce5  calloc                                                    
00002d19  _ZN4aeo17drv8711C1Ev                                      
00002d19  _ZN4aeo17drv8711C2Ev                                      
00002d37  _ZN4aeo17drv8711D1Ev                                      
00002d37  _ZN4aeo17drv8711D2Ev                                      
00002d4f  _ZN4aeo17drv8711D0Ev                                      
00002d65  _ZN4aeo17drv871110InitializeEv                            
00002d89  _ZN4aeo17drv87114IdleEv                                   
00002db5  _ZN4aeo17drv87114HaltEv                                   
00002de3  _ZN4aeo17drv87114FeedEi                                   
00002df3  _ZN4aeo17drv87114MoveEi                                   
00002e6f  _ZN4aeo17drv87119SetTorqueEj                              
00002e9d  _ZN4aeo17drv871110SetDefaultEv                            
00002f11  _ZN4aeo17drv87114StopEb                                   
00002f3b  _ZN4aeo17drv87114DiagEv                                   
00002f5d  _ZN4aeo17drv87114StepEjb                                  
00002fcf  _ZN4aeo17drv87115SleepEb                                  
00002ffd  _ZN4aeo17drv871111ClearFaultsEv                           
00003015  _ZN4aeo17drv87115ResetEv                                  
00003029  _ZN4aeo17drv871116ReadAllRegistersEv                      
000030ed  OnPWM1Gen1Interrupt                                       
00003109  _ZN4aeo111pwm_stepperC1Ev                                 
00003109  _ZN4aeo111pwm_stepperC2Ev                                 
00003141  _ZN4aeo111pwm_stepperD1Ev                                 
00003141  _ZN4aeo111pwm_stepperD2Ev                                 
0000314d  _ZN4aeo111pwm_stepperD0Ev                                 
00003163  _ZN4aeo111pwm_stepper10InitializeEv                       
000031d5  _ZN4aeo111pwm_stepper4DiagEv                              
00003201  _ZN4aeo111pwm_stepper4MoveEj                              
00003259  _ZN4aeo111pwm_stepper4StopEb                              
00003287  _ZN4aeo111pwm_stepper11OnInterruptEv                      
000033fd  _ZN4aeo110qei_sensorC1ENS0_9device_idENS0_13configurationE
000033fd  _ZN4aeo110qei_sensorC2ENS0_9device_idENS0_13configurationE
00003437  _ZN4aeo110qei_sensorD1Ev                                  
00003437  _ZN4aeo110qei_sensorD2Ev                                  
00003443  _ZN4aeo110qei_sensorD0Ev                                  
00003459  _ZN4aeo110qei_sensor10InitializeEv                        
00003483  _ZN4aeo110qei_sensor3GetEv                                
000034ab  _ZN4aeo110qei_sensor8GetIndexEv                           
000034e9  _ZN4aeo110qei_sensor3SetEi                                
0000350f  _ZN4aeo110qei_sensor4ZeroEv                               
0000351f  _ZN4aeo110qei_sensor4DiagEv                               
000036dd  _ZN4aeo111ssi_displayC1ENS_14ssi_peripheral9device_idE    
000036dd  _ZN4aeo111ssi_displayC2ENS_14ssi_peripheral9device_idE    
000036ff  _ZN4aeo111ssi_displayD1Ev                                 
000036ff  _ZN4aeo111ssi_displayD2Ev                                 
0000370d  _ZN4aeo111ssi_displayD0Ev                                 
00003723  _ZN4aeo111ssi_display10InitializeEv                       
0000372f  _ZN4aeo111ssi_display4DiagEv                              
00003741  _ZN4aeo111ssi_display3SetEii                              
0000381f  _ZN4aeo111ssi_display3SetEPKc                             
000038bd  _ZN4aeo111ssi_display14Digit2SegmentsEjjb                 
00003941  OnADCInterrupt                                            
00003953  _ZN4aeo112adc_potmeterC1Ev                                
00003953  _ZN4aeo112adc_potmeterC2Ev                                
00003971  _ZN4aeo112adc_potmeterD1Ev                                
00003971  _ZN4aeo112adc_potmeterD2Ev                                
00003995  _ZN4aeo112adc_potmeterD0Ev                                
000039ab  _ZN4aeo112adc_potmeter10InitializeEv                      
00003a0b  _ZN4aeo112adc_potmeter9TerminateEv                        
00003a27  _ZN4aeo112adc_potmeter11OnInterruptEv                     
00003aa3  _ZN4aeo112adc_potmeter7TriggerEv                          
00003ab1  _ZN4aeo112adc_potmeter8GetValueEv                         
00003ad1  _ZN4aeo112adc_potmeter15GetErrorCounterEv                 
00003ae9  _ZN4aeo112adc_potmeter4DiagEv                             
00003b35  GPIOPadConfigSet                                          
00003c65  SysCtlClockGet                                            
00003d71  __cxa_finalize                                            
00003db3  __cxa_ia64_exit                                           
00003db9  atexit                                                    
00003dc7  __aeabi_atexit                                            
00003e0b  __cxa_atexit                                              
00003e65  _ZSt21__gen_dummy_typeinfosv                              
00003e6d  _ZNSt9type_infoD1Ev                                       
00003e6d  _ZNSt9type_infoD2Ev                                       
00003e6f  _ZNSt9type_infoD0Ev                                       
00003e77  _ZNKSt9type_info4nameEv                                   
00003e7b  _ZNKSt9type_infoneERKS_                                   
00003e91  _ZNKSt9type_infoeqERKS_                                   
00003ea7  _ZNKSt9type_info6beforeERKS_                              
00003eb5  _ZN10__cxxabiv129__pointer_to_member_type_infoD1Ev        
00003eb5  _ZN10__cxxabiv129__pointer_to_member_type_infoD2Ev        
00003eb7  _ZN10__cxxabiv129__pointer_to_member_type_infoD0Ev        
00003ebf  _ZN10__cxxabiv123__fundamental_type_infoD1Ev              
00003ebf  _ZN10__cxxabiv123__fundamental_type_infoD2Ev              
00003ec1  _ZN10__cxxabiv123__fundamental_type_infoD0Ev              
00003ec9  _ZN10__cxxabiv121__vmi_class_type_infoD1Ev                
00003ec9  _ZN10__cxxabiv121__vmi_class_type_infoD2Ev                
00003ecb  _ZN10__cxxabiv121__vmi_class_type_infoD0Ev                
00003ed3  _ZN10__cxxabiv120__si_class_type_infoD1Ev                 
00003ed3  _ZN10__cxxabiv120__si_class_type_infoD2Ev                 
00003ed5  _ZN10__cxxabiv120__si_class_type_infoD0Ev                 
00003edd  _ZN10__cxxabiv120__function_type_infoD1Ev                 
00003edd  _ZN10__cxxabiv120__function_type_infoD2Ev                 
00003edf  _ZN10__cxxabiv120__function_type_infoD0Ev                 
00003ee7  _ZN10__cxxabiv119__pointer_type_infoD1Ev                  
00003ee7  _ZN10__cxxabiv119__pointer_type_infoD2Ev                  
00003ee9  _ZN10__cxxabiv119__pointer_type_infoD0Ev                  
00003ef1  _ZN10__cxxabiv117__pbase_type_infoD1Ev                    
00003ef1  _ZN10__cxxabiv117__pbase_type_infoD2Ev                    
00003ef3  _ZN10__cxxabiv117__pbase_type_infoD0Ev                    
00003efb  _ZN10__cxxabiv117__class_type_infoD1Ev                    
00003efb  _ZN10__cxxabiv117__class_type_infoD2Ev                    
00003efd  _ZN10__cxxabiv117__class_type_infoD0Ev                    
00003f05  _ZN10__cxxabiv117__array_type_infoD1Ev                    
00003f05  _ZN10__cxxabiv117__array_type_infoD2Ev                    
00003f07  _ZN10__cxxabiv117__array_type_infoD0Ev                    
00003f0f  _ZN10__cxxabiv116__enum_type_infoD1Ev                     
00003f0f  _ZN10__cxxabiv116__enum_type_infoD2Ev                     
00003f11  _ZN10__cxxabiv116__enum_type_infoD0Ev                     
00003f21  CmdLineProcess                                            
00003fcd  __aeabi_memcpy                                            
00003fcd  __aeabi_memcpy4                                           
00003fcd  __aeabi_memcpy8                                           
00003fcd  memcpy                                                    
00004069  ADCSequenceStepConfigure                                  
000040e3  __aeabi_memclr                                            
000040e3  __aeabi_memclr4                                           
000040e3  __aeabi_memclr8                                           
000040e5  __aeabi_memset                                            
000040e5  __aeabi_memset4                                           
000040e5  __aeabi_memset8                                           
000040eb  memset                                                    
0000415d  __TI_auto_init                                            
00004233  __aeabi_idiv0                                             
00004235  IntDisable                                                
0000429d  IntEnable                                                 
00004305  _ZN4aeo113Alpha7SegmentEc                                 
00004369  GPIOIntTypeSet                                            
000043c1  _c_int00                                                  
00004411  copy_in                                                   
0000445d  GPIOPinConfigure                                          
000044a5  C$$EXIT                                                   
000044a9  abort                                                     
000044b1  exit                                                      
000044e9  UARTConfigSetExpClk                                       
0000452b  __aeabi_uidiv                                             
0000452b  __aeabi_uidivmod                                          
0000456b  ADCSequenceConfigure                                      
000045a9  SSIConfigSetExpClk                                        
000045e5  SysCtlPeripheralPresent                                   
0000461d  SysCtlPeripheralEnable                                    
00004651  ADCIntStatus                                              
0000467f  GPIODirModeSet                                            
000046a9  PWMGenConfigure                                           
000046cb  ADCSequenceDataGet                                        
000046e9  PWMPulseWidthSet                                          
00004709  UARTDisable                                               
00004725  ADCClockConfigSet                                         
0000473d  ADCProcessorTrigger                                       
00004755  GPIOPinTypeGPIOOutput                                     
0000476d  _args_main                                                
00004785  strcmp                                                    
0000479d  SysCtlPWMClockSet                                         
000047b1  SysTickEnable                                             
000047c5  SysTickIntEnable                                          
000047d9  UARTEnable                                                
000047ed  _register_unlock                                          
000047f3  _register_lock                                            
000047fb  _nop                                                      
00004801  ADCHardwareOversampleConfigure                            
00004813  GPIOPinTypeADC                                            
00004825  GPIOPinTypeGPIOInput                                      
00004837  GPIOPinTypePWM                                            
00004849  GPIOPinTypeQEI                                            
0000485b  GPIOPinTypeSSI                                            
0000486d  GPIOPinTypeUART                                           
0000487f  PWMOutputState                                            
00004891  SSIDataGetNonBlocking                                     
000048a3  ADCIntEnable                                              
000048b3  IntMasterDisable                                          
000048c3  IntMasterEnable                                           
000048d3  PWMGenPeriodSet                                           
000048e5  SysTickPeriodSet                                          
000048f5  _ZNK4aeo114ssi_peripheral7IsEmptyEv                       
00004905  ADCIntDisable                                             
00004913  ADCSequenceDisable                                        
00004921  ADCSequenceEnable                                         
0000492f  GPIOIntDisable                                            
0000493d  QEIConfigure                                              
0000494b  SSIDataPutNonBlocking                                     
00004959  UARTCharGetNonBlocking                                    
00004967  UARTCharPutNonBlocking                                    
00004975  __TI_decompress_none                                      
00004983  CPUcpsid                                                  
0000498f  CPUcpsie                                                  
0000499b  GPIOIntEnable                                             
000049a7  PWMGenDisable                                             
000049b3  PWMGenEnable                                              
000049bf  SSIDataGet                                                
000049cb  UARTCharsAvail                                            
000049d7  UARTSpaceAvail                                            
000049e3  _ZN4aeo111ssi_display4OnTxEv                              
000049ef  __TI_zero_init                                            
000049fb  ResetISR                                                  
00004a07  ADCIntClear                                               
00004a11  PWMGenIntTrigEnable                                       
00004a1b  QEIEnable                                                 
00004a25  SSIDataPut                                                
00004a2f  SSIDisable                                                
00004a39  SSIEnable                                                 
00004a43  SSIIntDisable                                             
00004a4d  SSIIntStatus                                              
00004a57  UARTIntDisable                                            
00004a61  UARTIntStatus                                             
00004a6b  _ZN4aeo114ssi_peripheral4OnRxEv                           
00004a75  _ZN4aeo114ssi_peripheral4OnTxEv                           
00004a7f  PWMIntEnable                                              
00004a87  SSIIntEnable                                              
00004a8f  UARTIntEnable                                             
00004a97  _ZdlPv                                                    
00004a9f  GPIOPinRead                                               
00004aa5  GPIOPinWrite                                              
00004aab  PWMGenIntClear                                            
00004ab1  SysCtlDelay                                               
00004ab7  UARTClockSourceSet                                        
00004abd  UARTFIFOLevelSet                                          
00004ac3  __TI_decompress_rle24                                     
00004ac9  QEIPositionGet                                            
00004acd  QEIPositionSet                                            
00004ad1  SSIIntClear                                               
00004ad5  UARTIntClear                                              
00004ad9  _system_pre_init                                          
00004d3a  _ZTSe                                                     
00004fb0  _ZTSN10__cxxabiv123__fundamental_type_infoE               
00004fd8  _ZTVN4aeo111ssi_displayE                                  
00005000  _ZTVN4aeo111ssi_drv8711E                                  
00005028  _ZTVN4aeo114ssi_peripheralE                               
00005078  _ZTSN10__cxxabiv120__si_class_type_infoE                  
0000509d  _ZTSN10__cxxabiv119__pointer_type_infoE                   
000050c1  _ZTSN10__cxxabiv117__class_type_infoE                     
000050e3  _ZTSN10__cxxabiv117__pbase_type_infoE                     
00005124  _ZTSN4aeo114ssi_peripheralE                               
0000513c  _ZTSN4aeo112adc_potmeterE                                 
00005152  _ZTSN4aeo111pwm_stepperE                                  
00005167  _ZTSN4aeo111ssi_displayE                                  
0000517c  _ZTSN4aeo111ssi_drv8711E                                  
00005191  _ZTSN4aeo110qei_sensorE                                   
000051e0  _ZTIPKe                                                   
000051f0  _ZTSN4aeo17drv8711E                                       
00005200  _ZTVN10__cxxabiv117__class_type_infoE                     
00005210  _ZTVN10__cxxabiv119__pointer_type_infoE                   
00005220  _ZTVN10__cxxabiv120__si_class_type_infoE                  
00005230  _ZTVN10__cxxabiv123__fundamental_type_infoE               
00005240  _ZTVN4aeo110qei_sensorE                                   
00005250  _ZTVN4aeo111pwm_stepperE                                  
00005260  _ZTVN4aeo112adc_potmeterE                                 
00005270  _ZTVN4aeo17drv8711E                                       
00005280  _ZTSSt9type_info                                          
00005290  _ZTIN10__cxxabiv117__class_type_infoE                     
0000529c  _ZTIN10__cxxabiv117__pbase_type_infoE                     
000052a8  _ZTIN10__cxxabiv119__pointer_type_infoE                   
000052b4  _ZTIN10__cxxabiv120__si_class_type_infoE                  
000052c0  _ZTIN10__cxxabiv123__fundamental_type_infoE               
000052cc  _ZTIN4aeo111ssi_displayE                                  
000052d8  _ZTIN4aeo111ssi_drv8711E                                  
000052e4  _ZTIN4aeo110qei_sensorE                                   
000052ec  _ZTIN4aeo111pwm_stepperE                                  
000052f4  _ZTIN4aeo112adc_potmeterE                                 
000052fc  _ZTIN4aeo114ssi_peripheralE                               
00005304  _ZTIN4aeo17drv8711E                                       
0000530c  _ZTISt9type_info                                          
00005314  _ZTIe                                                     
0000531c  _ZTSPKe                                                   
00005320  SHT$$INIT_ARRAY$$Base                                     
00005324  SHT$$INIT_ARRAY$$Limit                                    
00005568  __TI_Handler_Table_Base                                   
00005574  __TI_Handler_Table_Limit                                  
00005580  __TI_CINIT_Base                                           
00005590  __TI_CINIT_Limit                                          
20000400  g_oDrv8711                                                
200005ac  g_oDialerDisplay                                          
2000061c  g_oScaleDisplay                                           
200006b0  g_oRotaryDialer                                           
200006c0  g_oLinearScale                                            
200006d0  _ZSt16__dummy_typeinfo                                    
200006d4  __dso_handle                                              
200006e0  g_psCmdTable                                              
20000794  g_psRotaryMenu                                            
2000083c  _ZN4aeo118SSI0_SpecificationE                             
20000870  _ZN4aeo118SSI1_SpecificationE                             
200008a4  _ZN4aeo118SSI2_SpecificationE                             
200008d8  _ZN4aeo118SSI3_SpecificationE                             
20000944  _ZN4aeo112adc_potmeter10m_nCounterE                       
20000948  _ZN4aeo112adc_potmeter15m_nErrorCounterE                  
2000094c  _ZN4aeo112adc_potmeter14m_nReadCounterE                   
20000950  _ZN4aeo112adc_potmeter16m_pTheOneAndOnlyE                 
20000970  _lock                                                     
20000974  _unlock                                                   
20000978  __TI_cleanup_ptr                                          
2000097c  __TI_dtors_ptr                                            
2000098c  main_func_sp                                              
20000994  __stack                                                   
20000b94  __STACK_END                                               
20000b94  __STACK_TOP                                               
20000b98  _sys_memory                                               
ffffffff  __binit__                                                 
ffffffff  __c_args__                                                
ffffffff  binit                                                     

[397 symbols]
