******************************************************************************
                  TI ARM Linker PC v5.1.11                     
******************************************************************************
>> Linked Mon Mar 30 00:35:30 2015

OUTPUT FILE NAME:   <test_drv8711.out>
ENTRY POINT SYMBOL: "_c_int00"  address: 00003655


MEMORY CONFIGURATION

         name            origin    length      used     unused   attr    fill
----------------------  --------  ---------  --------  --------  ----  --------
  FLASH                 00000000   00040000  00004516  0003baea  R  X
  SRAM                  20000000   00008000  00000a89  00007577  RW X


SEGMENT ALLOCATION MAP

run origin  load origin   length   init length attrs members
----------  ----------- ---------- ----------- ----- -------
00000000    00000000    00004518   00004518    r-x
  00000000    00000000    0000026c   0000026c    r-- .intvecs
  0000026c    0000026c    0000395a   0000395a    r-x .text
  00003bc8    00003bc8    00000764   00000764    r-- .const
  0000432c    0000432c    00000004   00000004    r-- .init_array
  00004330    00004330    000001e8   000001e8    r-- .cinit
20000000    20000000    00000a90   00000000    rw-
  20000000    20000000    00000655   00000000    rw- .bss
  20000658    20000658    0000022c   00000000    rw- .data
  20000884    20000884    00000200   00000000    rw- .stack
  20000a88    20000a88    00000008   00000000    rw- .sysmem


SECTION ALLOCATION MAP

 output                                  attributes/
section   page    origin      length       input sections
--------  ----  ----------  ----------   ----------------
.intvecs   0    00000000    0000026c     
                  00000000    0000026c     tm4c123gh6pm_startup_ccs.obj (.intvecs)

.text      0    0000026c    0000395a     
                  0000026c    00000c84     tiva_utils.lib : ustdlib.obj (.text)
                  00000ef0    00000860                    : uartstdio.obj (.text)
                  00001750    000005f8     main.obj (.text)
                  00001d48    000003dc     rtsv7M4_T_le_v4SPD16_eabi.lib : memory.obj (.text)
                  00002124    00000344     aeo1_drivers.lib : ssi_peripheral.obj (.text)
                  00002468    000002c8                      : qei_sensor.obj (.text)
                  00002730    00000258                      : ssi_display.obj (.text)
                  00002988    000001f4                      : adc_potmeter.obj (.text)
                  00002b7c    00000130     driverlib.lib : gpio.obj (.text:GPIOPadConfigSet)
                  00002cac    00000128     drv8711.obj (.text)
                  00002dd4    00000118     driverlib.lib : sysctl.obj (.text:SysCtlClockGet)
                  00002eec    000000f4     rtsv7M4_T_le_v4SPD16_eabi.lib : dtor_list.obj (.text)
                  00002fe0    000000bc                                   : typeinfo_.obj (.text)
                  0000309c    000000ac     tiva_utils.lib : cmdline.obj (.text)
                  00003148    0000009c     rtsv7M4_T_le_v4SPD16_eabi.lib : memcpy_t2.obj (.text)
                  000031e4    00000094                                   : auto_init.obj (.text)
                  00003278    00000080     driverlib.lib : adc.obj (.text:ADCSequenceStepConfigure)
                  000032f8    0000007a     rtsv7M4_T_le_v4SPD16_eabi.lib : memset_t2.obj (.text)
                  00003372    00000002                                   : i_div0.obj (.text)
                  00003374    0000006c     aeo1_drivers.lib : ssi_drv8711.obj (.text)
                  000033e0    00000064                      : alpha7segment.obj (.text)
                  00003444    00000060     driverlib.lib : interrupt.obj (.text:IntDisable)
                  000034a4    00000060                   : interrupt.obj (.text:IntEnable)
                  00003504    0000005e     rtsv7M4_T_le_v4SPD16_eabi.lib : copy_decompress_rle.obj (.text)
                  00003562    00000002     --HOLE-- [fill = 0]
                  00003564    00000054     aeo1_drivers.lib : gpio_stepper.obj (.text)
                  000035b8    00000054                      : pwm_stepper.obj (.text)
                  0000360c    00000048     driverlib.lib : gpio.obj (.text:GPIOPinConfigure)
                  00003654    00000048     rtsv7M4_T_le_v4SPD16_eabi.lib : boot.obj (.text)
                  0000369c    00000044                                   : cpy_tbl.obj (.text)
                  000036e0    00000044                                   : exit.obj (.text)
                  00003724    00000042     driverlib.lib : ssi.obj (.text:SSIConfigSetExpClk)
                  00003766    00000040                   : uart.obj (.text:UARTConfigSetExpClk)
                  000037a6    00000040     rtsv7M4_T_le_v4SPD16_eabi.lib : u_divt2.obj (.text)
                  000037e6    0000003e     driverlib.lib : adc.obj (.text:ADCSequenceConfigure)
                  00003824    00000034                   : sysctl.obj (.text:SysCtlPeripheralEnable)
                  00003858    00000034                   : sysctl.obj (.text:SysCtlPeripheralPresent)
                  0000388c    0000002e                   : adc.obj (.text:ADCIntStatus)
                  000038ba    0000002a                   : gpio.obj (.text:GPIODirModeSet)
                  000038e4    0000001e                   : adc.obj (.text:ADCSequenceDataGet)
                  00003902    00000002     --HOLE-- [fill = 0]
                  00003904    0000001c                   : uart.obj (.text:UARTDisable)
                  00003920    00000018                   : adc.obj (.text:ADCClockConfigSet)
                  00003938    00000018     rtsv7M4_T_le_v4SPD16_eabi.lib : args_main.obj (.text)
                  00003950    00000018                                   : strcmp.obj (.text)
                  00003968    00000016     driverlib.lib : adc.obj (.text:ADCProcessorTrigger)
                  0000397e    00000002     --HOLE-- [fill = 0]
                  00003980    00000014                   : systick.obj (.text:SysTickEnable)
                  00003994    00000014                   : systick.obj (.text:SysTickIntEnable)
                  000039a8    00000014                   : uart.obj (.text:UARTEnable)
                  000039bc    00000014     rtsv7M4_T_le_v4SPD16_eabi.lib : _lock.obj (.text)
                  000039d0    00000012     driverlib.lib : adc.obj (.text:ADCHardwareOversampleConfigure)
                  000039e2    00000012                   : gpio.obj (.text:GPIOPinTypeADC)
                  000039f4    00000012                   : gpio.obj (.text:GPIOPinTypeQEI)
                  00003a06    00000012                   : gpio.obj (.text:GPIOPinTypeSSI)
                  00003a18    00000012                   : gpio.obj (.text:GPIOPinTypeUART)
                  00003a2a    00000012                   : ssi.obj (.text:SSIDataGetNonBlocking)
                  00003a3c    00000012     rtsv7M4_T_le_v4SPD16_eabi.lib : copy_zero_init.obj (.text:decompress:ZI)
                  00003a4e    00000010     driverlib.lib : adc.obj (.text:ADCIntEnable)
                  00003a5e    00000002     --HOLE-- [fill = 0]
                  00003a60    00000010                   : systick.obj (.text:SysTickPeriodSet)
                  00003a70    0000000e                   : adc.obj (.text:ADCIntDisable)
                  00003a7e    0000000e                   : adc.obj (.text:ADCSequenceDisable)
                  00003a8c    0000000e                   : adc.obj (.text:ADCSequenceEnable)
                  00003a9a    0000000e                   : qei.obj (.text:QEIConfigure)
                  00003aa8    0000000e                   : ssi.obj (.text:SSIDataPutNonBlocking)
                  00003ab6    0000000e                   : uart.obj (.text:UARTCharGetNonBlocking)
                  00003ac4    0000000e                   : uart.obj (.text:UARTCharPutNonBlocking)
                  00003ad2    0000000e     rtsv7M4_T_le_v4SPD16_eabi.lib : copy_decompress_none.obj (.text:decompress:none)
                  00003ae0    0000000c     driverlib.lib : cpu.obj (.text:CPUcpsid)
                  00003aec    0000000c                   : cpu.obj (.text:CPUcpsie)
                  00003af8    0000000c                   : uart.obj (.text:UARTCharsAvail)
                  00003b04    0000000c                   : uart.obj (.text:UARTSpaceAvail)
                  00003b10    0000000c     tm4c123gh6pm_startup_ccs.obj (.text)
                  00003b1c    0000000a     driverlib.lib : adc.obj (.text:ADCIntClear)
                  00003b26    0000000a                   : interrupt.obj (.text:IntMasterDisable)
                  00003b30    0000000a                   : interrupt.obj (.text:IntMasterEnable)
                  00003b3a    0000000a                   : qei.obj (.text:QEIEnable)
                  00003b44    0000000a                   : ssi.obj (.text:SSIDisable)
                  00003b4e    0000000a                   : ssi.obj (.text:SSIEnable)
                  00003b58    0000000a                   : ssi.obj (.text:SSIIntDisable)
                  00003b62    0000000a                   : ssi.obj (.text:SSIIntStatus)
                  00003b6c    0000000a                   : uart.obj (.text:UARTIntDisable)
                  00003b76    0000000a                   : uart.obj (.text:UARTIntStatus)
                  00003b80    00000008                   : ssi.obj (.text:SSIIntEnable)
                  00003b88    00000008                   : uart.obj (.text:UARTIntEnable)
                  00003b90    00000008     rtsv7M4_T_le_v4SPD16_eabi.lib : delete.obj (.text)
                  00003b98    00000006     driverlib.lib : gpio.obj (.text:GPIOPinRead)
                  00003b9e    00000006                   : sysctl.obj (.text:SysCtlDelay)
                  00003ba4    00000006                   : uart.obj (.text:UARTClockSourceSet)
                  00003baa    00000006                   : uart.obj (.text:UARTFIFOLevelSet)
                  00003bb0    00000006     rtsv7M4_T_le_v4SPD16_eabi.lib : copy_decompress_rle.obj (.text:decompress:rle24)
                  00003bb6    00000004     driverlib.lib : qei.obj (.text:QEIPositionGet)
                  00003bba    00000004                   : qei.obj (.text:QEIPositionSet)
                  00003bbe    00000004                   : ssi.obj (.text:SSIIntClear)
                  00003bc2    00000004                   : uart.obj (.text:UARTIntClear)

.const     0    00003bc8    00000764     
                  00003bc8    000001a2     main.obj (.const:.string)
                  00003d6a    00000002     rtsv7M4_T_le_v4SPD16_eabi.lib : typeinfo_.obj (.const:.typeinfo:_ZTSe)
                  00003d6c    00000090     driverlib.lib : gpio.obj (.const:g_pui32GPIOBaseAddrs)
                  00003dfc    0000008e     aeo1_drivers.lib : alpha7segment.obj (.const:_ZN4aeo119alpha7segment_tableE)
                  00003e8a    00000002     --HOLE-- [fill = 0]
                  00003e8c    00000070     driverlib.lib : interrupt.obj (.const)
                  00003efc    0000006c                   : sysctl.obj (.const:g_pui32Xtals)
                  00003f68    00000030     tiva_utils.lib : ustdlib.obj (.const:g_psDaysToMonth)
                  00003f98    00000028     rtsv7M4_T_le_v4SPD16_eabi.lib : typeinfo_.obj (.const:.typeinfo:_ZTSN10__cxxabiv123__fundamental_type_infoE)
                  00003fc0    00000028     tiva_utils.lib : uartstdio.obj (.const)
                  00003fe8    00000025     rtsv7M4_T_le_v4SPD16_eabi.lib : typeinfo_.obj (.const:.typeinfo:_ZTSN10__cxxabiv120__si_class_type_infoE)
                  0000400d    00000024                                   : typeinfo_.obj (.const:.typeinfo:_ZTSN10__cxxabiv119__pointer_type_infoE)
                  00004031    00000003     --HOLE-- [fill = 0]
                  00004034    00000024     aeo1_drivers.lib : ssi_display.obj (.const:_ZTVN4aeo111ssi_displayE)
                  00004058    00000024                      : ssi_drv8711.obj (.const:_ZTVN4aeo111ssi_drv8711E)
                  0000407c    00000024                      : ssi_peripheral.obj (.const:_ZTVN4aeo114ssi_peripheralE)
                  000040a0    00000022     rtsv7M4_T_le_v4SPD16_eabi.lib : typeinfo_.obj (.const:.typeinfo:_ZTSN10__cxxabiv117__class_type_infoE)
                  000040c2    00000022                                   : typeinfo_.obj (.const:.typeinfo:_ZTSN10__cxxabiv117__pbase_type_infoE)
                  000040e4    0000001c     tiva_utils.lib : ustdlib.obj (.const)
                  00004100    00000018     aeo1_drivers.lib : ssi_peripheral.obj (.const:.typeinfo:_ZTSN4aeo114ssi_peripheralE)
                  00004118    00000016                      : adc_potmeter.obj (.const:.typeinfo:_ZTSN4aeo112adc_potmeterE)
                  0000412e    00000016                      : gpio_stepper.obj (.const:.typeinfo:_ZTSN4aeo112gpio_stepperE)
                  00004144    00000015                      : pwm_stepper.obj (.const:.typeinfo:_ZTSN4aeo111pwm_stepperE)
                  00004159    00000015                      : ssi_display.obj (.const:.typeinfo:_ZTSN4aeo111ssi_displayE)
                  0000416e    00000015                      : ssi_drv8711.obj (.const:.typeinfo:_ZTSN4aeo111ssi_drv8711E)
                  00004183    00000014                      : qei_sensor.obj (.const:.typeinfo:_ZTSN4aeo110qei_sensorE)
                  00004197    00000012                      : ssi_display.obj (.const:.string)
                  000041a9    00000003     --HOLE-- [fill = 0]
                  000041ac    00000012     tiva_utils.lib : uartstdio.obj (.const:.string)
                  000041be    00000002     --HOLE-- [fill = 0]
                  000041c0    00000012                    : ustdlib.obj (.const:.string)
                  000041d2    00000002     --HOLE-- [fill = 0]
                  000041d4    00000010     rtsv7M4_T_le_v4SPD16_eabi.lib : typeinfo_.obj (.const:.typeinfo:_ZTIPKe)
                  000041e4    00000010     drv8711.obj (.const:.typeinfo:_ZTSN4aeo17drv8711E)
                  000041f4    00000010     rtsv7M4_T_le_v4SPD16_eabi.lib : typeinfo_.obj (.const:_ZTVN10__cxxabiv117__class_type_infoE)
                  00004204    00000010                                   : typeinfo_.obj (.const:_ZTVN10__cxxabiv119__pointer_type_infoE)
                  00004214    00000010                                   : typeinfo_.obj (.const:_ZTVN10__cxxabiv120__si_class_type_infoE)
                  00004224    00000010                                   : typeinfo_.obj (.const:_ZTVN10__cxxabiv123__fundamental_type_infoE)
                  00004234    00000010     aeo1_drivers.lib : qei_sensor.obj (.const:_ZTVN4aeo110qei_sensorE)
                  00004244    00000010                      : pwm_stepper.obj (.const:_ZTVN4aeo111pwm_stepperE)
                  00004254    00000010                      : adc_potmeter.obj (.const:_ZTVN4aeo112adc_potmeterE)
                  00004264    00000010                      : gpio_stepper.obj (.const:_ZTVN4aeo112gpio_stepperE)
                  00004274    00000010     drv8711.obj (.const:_ZTVN4aeo17drv8711E)
                  00004284    0000000d     rtsv7M4_T_le_v4SPD16_eabi.lib : typeinfo_.obj (.const:.typeinfo:_ZTSSt9type_info)
                  00004291    00000003     --HOLE-- [fill = 0]
                  00004294    0000000c                                   : typeinfo_.obj (.const:.typeinfo:_ZTIN10__cxxabiv117__class_type_infoE)
                  000042a0    0000000c                                   : typeinfo_.obj (.const:.typeinfo:_ZTIN10__cxxabiv117__pbase_type_infoE)
                  000042ac    0000000c                                   : typeinfo_.obj (.const:.typeinfo:_ZTIN10__cxxabiv119__pointer_type_infoE)
                  000042b8    0000000c                                   : typeinfo_.obj (.const:.typeinfo:_ZTIN10__cxxabiv120__si_class_type_infoE)
                  000042c4    0000000c                                   : typeinfo_.obj (.const:.typeinfo:_ZTIN10__cxxabiv123__fundamental_type_infoE)
                  000042d0    0000000c     aeo1_drivers.lib : ssi_display.obj (.const:.typeinfo:_ZTIN4aeo111ssi_displayE)
                  000042dc    0000000c                      : ssi_drv8711.obj (.const:.typeinfo:_ZTIN4aeo111ssi_drv8711E)
                  000042e8    00000008                      : qei_sensor.obj (.const:.typeinfo:_ZTIN4aeo110qei_sensorE)
                  000042f0    00000008                      : pwm_stepper.obj (.const:.typeinfo:_ZTIN4aeo111pwm_stepperE)
                  000042f8    00000008                      : adc_potmeter.obj (.const:.typeinfo:_ZTIN4aeo112adc_potmeterE)
                  00004300    00000008                      : gpio_stepper.obj (.const:.typeinfo:_ZTIN4aeo112gpio_stepperE)
                  00004308    00000008                      : ssi_peripheral.obj (.const:.typeinfo:_ZTIN4aeo114ssi_peripheralE)
                  00004310    00000008     drv8711.obj (.const:.typeinfo:_ZTIN4aeo17drv8711E)
                  00004318    00000008     rtsv7M4_T_le_v4SPD16_eabi.lib : typeinfo_.obj (.const:.typeinfo:_ZTISt9type_info)
                  00004320    00000008                                   : typeinfo_.obj (.const:.typeinfo:_ZTIe)
                  00004328    00000004                                   : typeinfo_.obj (.const:.typeinfo:_ZTSPKe)

.init_array 
*          0    0000432c    00000004     
                  0000432c    00000004     main.obj (.init_array)

.cinit     0    00004330    000001e8     
                  00004330    000001bf     (.cinit..data.load) [load image, compression = rle]
                  000044ef    00000001     --HOLE-- [fill = 0]
                  000044f0    0000000c     (__TI_handler_table)
                  000044fc    00000004     --HOLE-- [fill = 0]
                  00004500    00000008     (.cinit..bss.load) [load image, compression = zero_init]
                  00004508    00000010     (__TI_cinit_table)

.bss       0    20000000    00000655     UNINITIALIZED
                  20000000    00000400     tiva_utils.lib : uartstdio.obj (.bss:g_pcUARTTxBuffer)
                  20000400    00000080                    : uartstdio.obj (.bss:g_pcUARTRxBuffer)
                  20000480    00000080     main.obj (.bss:g_zInput)
                  20000500    0000005c     main.obj (.bss:g_oDrv8711)
                  2000055c    00000054     main.obj (.bss:g_oDialerDisplay)
                  200005b0    00000054     main.obj (.bss:g_oScaleDisplay)
                  20000604    00000024     tiva_utils.lib : cmdline.obj (.bss:g_ppcArgv)
                  20000628    00000020     main.obj (.bss)
                  20000648    00000004     (.common:_ZSt16__dummy_typeinfo)
                  2000064c    00000004     (.common:__dso_handle)
                  20000650    00000004     (.common:g_ui32PortNum)
                  20000654    00000001     (.common:g_bDisableEcho)

.data      0    20000658    0000022c     UNINITIALIZED
                  20000658    00000084     main.obj (.data:g_psCmdTable)
                  200006dc    00000084     main.obj (.data:g_psRotaryMenu)
                  20000760    0000002c     aeo1_drivers.lib : ssi_peripheral.obj (.data:_ZN4aeo118SSI0_SpecificationE)
                  2000078c    0000002c                      : ssi_peripheral.obj (.data:_ZN4aeo118SSI1_SpecificationE)
                  200007b8    0000002c                      : ssi_peripheral.obj (.data:_ZN4aeo118SSI2_SpecificationE)
                  200007e4    0000002c                      : ssi_peripheral.obj (.data:_ZN4aeo118SSI3_SpecificationE)
                  20000810    00000015     tiva_utils.lib : uartstdio.obj (.data)
                  20000825    00000003     --HOLE--
                  20000828    00000011     main.obj (.data)
                  20000839    00000003     --HOLE--
                  2000083c    00000010     aeo1_drivers.lib : adc_potmeter.obj (.data)
                  2000084c    00000010                      : ssi_peripheral.obj (.data)
                  2000085c    0000000c     rtsv7M4_T_le_v4SPD16_eabi.lib : memory.obj (.data)
                  20000868    00000008                                   : _lock.obj (.data)
                  20000870    00000008                                   : exit.obj (.data)
                  20000878    00000004                                   : dtor_list.obj (.data)
                  2000087c    00000004                                   : stkdepth_vars.obj (.data)
                  20000880    00000004     tiva_utils.lib : ustdlib.obj (.data)

.stack     0    20000884    00000200     UNINITIALIZED
                  20000884    00000200     --HOLE--

.sysmem    0    20000a88    00000008     UNINITIALIZED
                  20000a88    00000008     rtsv7M4_T_le_v4SPD16_eabi.lib : memory.obj (.sysmem)


LINKER GENERATED COPY TABLES

__TI_cinit_table @ 00004508 records: 2, size/record: 8, table size: 16
	.data: load addr=00004330, load size=000001bf bytes, run addr=20000658, run size=0000022c bytes, compression=rle
	.bss: load addr=00004500, load size=00000008 bytes, run addr=20000000, run size=00000655 bytes, compression=zero_init


LINKER GENERATED HANDLER TABLE

__TI_handler_table @ 000044f0 records: 3, size/record: 4, table size: 12
	index: 0, handler: __TI_decompress_rle24
	index: 1, handler: __TI_decompress_none
	index: 2, handler: __TI_zero_init


GLOBAL SYMBOLS: SORTED ALPHABETICALLY BY Name 

address    name
--------   ----
00003921   ADCClockConfigSet
000039d1   ADCHardwareOversampleConfigure
00003b1d   ADCIntClear
00003a71   ADCIntDisable
00003a4f   ADCIntEnable
0000388d   ADCIntStatus
00003969   ADCProcessorTrigger
000037e7   ADCSequenceConfigure
000038e5   ADCSequenceDataGet
00003a7f   ADCSequenceDisable
00003a8d   ADCSequenceEnable
00003279   ADCSequenceStepConfigure
000036e1   C$$EXIT
00003ae1   CPUcpsid
00003aed   CPUcpsie
0000309d   CmdLineProcess
000038bb   GPIODirModeSet
00002b7d   GPIOPadConfigSet
0000360d   GPIOPinConfigure
00003b99   GPIOPinRead
000039e3   GPIOPinTypeADC
000039f5   GPIOPinTypeQEI
00003a07   GPIOPinTypeSSI
00003a19   GPIOPinTypeUART
00003445   IntDisable
000034a5   IntEnable
00003b27   IntMasterDisable
00003b31   IntMasterEnable
00002989   OnADCInterrupt
00002125   OnSSI0Interrupt
0000213f   OnSSI1Interrupt
00002159   OnSSI2Interrupt
00002173   OnSSI3Interrupt
00003a9b   QEIConfigure
00003b3b   QEIEnable
00003bb7   QEIPositionGet
00003bbb   QEIPositionSet
00003b11   ResetISR
0000432c   SHT$$INIT_ARRAY$$Base
00004330   SHT$$INIT_ARRAY$$Limit
00003725   SSIConfigSetExpClk
00003a2b   SSIDataGetNonBlocking
00003aa9   SSIDataPutNonBlocking
00003b45   SSIDisable
00003b4f   SSIEnable
00003bbf   SSIIntClear
00003b59   SSIIntDisable
00003b81   SSIIntEnable
00003b63   SSIIntStatus
00002dd5   SysCtlClockGet
00003b9f   SysCtlDelay
00003825   SysCtlPeripheralEnable
00003859   SysCtlPeripheralPresent
00003981   SysTickEnable
00003995   SysTickIntEnable
00001a51   SysTickIntHandler
00003a61   SysTickPeriodSet
00003ab7   UARTCharGetNonBlocking
00003ac5   UARTCharPutNonBlocking
00003af9   UARTCharsAvail
00003ba5   UARTClockSourceSet
00003767   UARTConfigSetExpClk
00003905   UARTDisable
000015c9   UARTEchoSet
000039a9   UARTEnable
00003bab   UARTFIFOLevelSet
00001573   UARTFlushRx
00001593   UARTFlushTx
00003bc3   UARTIntClear
00003b6d   UARTIntDisable
00003b89   UARTIntEnable
00003b77   UARTIntStatus
00001519   UARTPeek
000014f7   UARTRxBytesAvail
00003b05   UARTSpaceAvail
00000fdd   UARTStdioConfig
000015f5   UARTStdioIntHandler
00001505   UARTTxBytesFree
0000117f   UARTgetc
00001103   UARTgets
000014d3   UARTprintf
000011d9   UARTvprintf
00001063   UARTwrite
00001b31   _Z10Initializev
000018eb   _Z12OnMenuDialeri
00001a11   _Z13ConfigureUARTv
00001979   _Z14OnNumberDialeri
0000176b   _Z7CMD_setiPPc
000018a1   _Z7MNU_setiPPc
00001827   _Z8CMD_diagiPPc
000017b1   _Z8CMD_feediPPc
000017a1   _Z8CMD_haltiPPc
0000184f   _Z8CMD_helpiPPc
00001791   _Z8CMD_idleiPPc
000017d7   _Z8CMD_moveiPPc
000017fd   _Z8CMD_stopiPPc
0000180d   _Z8CMD_textiPPc
00001751   _Z8CMD_zeroiPPc
000018bf   _Z8MNU_feediPPc
000018d5   _Z8MNU_moveiPPc
00001bbd   _Z8MainLoopv
000019a9   _Z8OnDialeri
0000308d   _ZN10__cxxabiv116__enum_type_infoD0Ev
0000308b   _ZN10__cxxabiv116__enum_type_infoD1Ev
0000308b   _ZN10__cxxabiv116__enum_type_infoD2Ev
00003083   _ZN10__cxxabiv117__array_type_infoD0Ev
00003081   _ZN10__cxxabiv117__array_type_infoD1Ev
00003081   _ZN10__cxxabiv117__array_type_infoD2Ev
00003079   _ZN10__cxxabiv117__class_type_infoD0Ev
00003077   _ZN10__cxxabiv117__class_type_infoD1Ev
00003077   _ZN10__cxxabiv117__class_type_infoD2Ev
0000306f   _ZN10__cxxabiv117__pbase_type_infoD0Ev
0000306d   _ZN10__cxxabiv117__pbase_type_infoD1Ev
0000306d   _ZN10__cxxabiv117__pbase_type_infoD2Ev
00003065   _ZN10__cxxabiv119__pointer_type_infoD0Ev
00003063   _ZN10__cxxabiv119__pointer_type_infoD1Ev
00003063   _ZN10__cxxabiv119__pointer_type_infoD2Ev
0000305b   _ZN10__cxxabiv120__function_type_infoD0Ev
00003059   _ZN10__cxxabiv120__function_type_infoD1Ev
00003059   _ZN10__cxxabiv120__function_type_infoD2Ev
00003051   _ZN10__cxxabiv120__si_class_type_infoD0Ev
0000304f   _ZN10__cxxabiv120__si_class_type_infoD1Ev
0000304f   _ZN10__cxxabiv120__si_class_type_infoD2Ev
00003047   _ZN10__cxxabiv121__vmi_class_type_infoD0Ev
00003045   _ZN10__cxxabiv121__vmi_class_type_infoD1Ev
00003045   _ZN10__cxxabiv121__vmi_class_type_infoD2Ev
0000303d   _ZN10__cxxabiv123__fundamental_type_infoD0Ev
0000303b   _ZN10__cxxabiv123__fundamental_type_infoD1Ev
0000303b   _ZN10__cxxabiv123__fundamental_type_infoD2Ev
00003033   _ZN10__cxxabiv129__pointer_to_member_type_infoD0Ev
00003031   _ZN10__cxxabiv129__pointer_to_member_type_infoD1Ev
00003031   _ZN10__cxxabiv129__pointer_to_member_type_infoD2Ev
000024c5   _ZN4aeo110qei_sensor10InitializeEv
000024ef   _ZN4aeo110qei_sensor3GetEv
00002555   _ZN4aeo110qei_sensor3SetEi
0000258b   _ZN4aeo110qei_sensor4DiagEv
0000257b   _ZN4aeo110qei_sensor4ZeroEv
00002517   _ZN4aeo110qei_sensor8GetIndexEv
00002469   _ZN4aeo110qei_sensorC1ENS0_9device_idENS0_13configurationE
00002469   _ZN4aeo110qei_sensorC2ENS0_9device_idENS0_13configurationE
000024af   _ZN4aeo110qei_sensorD0Ev
000024a3   _ZN4aeo110qei_sensorD1Ev
000024a3   _ZN4aeo110qei_sensorD2Ev
000035ed   _ZN4aeo111pwm_stepper4DiagEv
000035b9   _ZN4aeo111pwm_stepperC1Ev
000035b9   _ZN4aeo111pwm_stepperC2Ev
000035d7   _ZN4aeo111pwm_stepperD0Ev
000035cb   _ZN4aeo111pwm_stepperD1Ev
000035cb   _ZN4aeo111pwm_stepperD2Ev
00002779   _ZN4aeo111ssi_display10InitializeEv
00002915   _ZN4aeo111ssi_display14Digit2SegmentsEjjb
00002871   _ZN4aeo111ssi_display3SetEPKc
0000278d   _ZN4aeo111ssi_display3SetEii
00002731   _ZN4aeo111ssi_displayC1ENS_14ssi_peripheral9device_idE
00002731   _ZN4aeo111ssi_displayC2ENS_14ssi_peripheral9device_idE
00002763   _ZN4aeo111ssi_displayD0Ev
00002755   _ZN4aeo111ssi_displayD1Ev
00002755   _ZN4aeo111ssi_displayD2Ev
000033b5   _ZN4aeo111ssi_drv871110InitializeEv
000033c1   _ZN4aeo111ssi_drv87114DiagEv
00003375   _ZN4aeo111ssi_drv8711C1ENS_14ssi_peripheral9device_idE
00003375   _ZN4aeo111ssi_drv8711C2ENS_14ssi_peripheral9device_idE
0000339f   _ZN4aeo111ssi_drv8711D0Ev
00003391   _ZN4aeo111ssi_drv8711D1Ev
00003391   _ZN4aeo111ssi_drv8711D2Ev
000029f3   _ZN4aeo112adc_potmeter10InitializeEv
2000083c   _ZN4aeo112adc_potmeter10m_nCounterE
00002a6f   _ZN4aeo112adc_potmeter11OnInterruptEv
20000844   _ZN4aeo112adc_potmeter14m_nReadCounterE
00002b19   _ZN4aeo112adc_potmeter15GetErrorCounterEv
20000840   _ZN4aeo112adc_potmeter15m_nErrorCounterE
20000848   _ZN4aeo112adc_potmeter16m_pTheOneAndOnlyE
00002b31   _ZN4aeo112adc_potmeter4DiagEv
00002aeb   _ZN4aeo112adc_potmeter7TriggerEv
00002af9   _ZN4aeo112adc_potmeter8GetValueEv
00002a53   _ZN4aeo112adc_potmeter9TerminateEv
0000299b   _ZN4aeo112adc_potmeterC1Ev
0000299b   _ZN4aeo112adc_potmeterC2Ev
000029dd   _ZN4aeo112adc_potmeterD0Ev
000029b9   _ZN4aeo112adc_potmeterD1Ev
000029b9   _ZN4aeo112adc_potmeterD2Ev
00003599   _ZN4aeo112gpio_stepper4DiagEv
00003565   _ZN4aeo112gpio_stepperC1Ev
00003565   _ZN4aeo112gpio_stepperC2Ev
00003583   _ZN4aeo112gpio_stepperD0Ev
00003577   _ZN4aeo112gpio_stepperD1Ev
00003577   _ZN4aeo112gpio_stepperD2Ev
000033e1   _ZN4aeo113Alpha7SegmentEc
00002211   _ZN4aeo114ssi_peripheral10InitializeEv
0000230f   _ZN4aeo114ssi_peripheral11OnInterruptEv
0000233b   _ZN4aeo114ssi_peripheral4DiagEv
000023f1   _ZN4aeo114ssi_peripheral8LoadFIFOEv
00002381   _ZN4aeo114ssi_peripheral9TerminateEv
0000218d   _ZN4aeo114ssi_peripheralC1ENS0_9device_idE
0000218d   _ZN4aeo114ssi_peripheralC2ENS0_9device_idE
000021fb   _ZN4aeo114ssi_peripheralD0Ev
000021e7   _ZN4aeo114ssi_peripheralD1Ev
000021e7   _ZN4aeo114ssi_peripheralD2Ev
20000760   _ZN4aeo118SSI0_SpecificationE
2000078c   _ZN4aeo118SSI1_SpecificationE
200007b8   _ZN4aeo118SSI2_SpecificationE
200007e4   _ZN4aeo118SSI3_SpecificationE
00002d0b   _ZN4aeo17drv871110InitializeEv
00002d59   _ZN4aeo17drv87114DiagEv
00002d2d   _ZN4aeo17drv87114FeedEi
00002d21   _ZN4aeo17drv87114HaltEv
00002d15   _ZN4aeo17drv87114IdleEv
00002d3d   _ZN4aeo17drv87114MoveEi
00002d4d   _ZN4aeo17drv87114StopEv
00002cad   _ZN4aeo17drv8711C1Ev
00002cad   _ZN4aeo17drv8711C2Ev
00002cf5   _ZN4aeo17drv8711D0Ev
00002cd5   _ZN4aeo17drv8711D1Ev
00002cd5   _ZN4aeo17drv8711D2Ev
00002ff3   _ZNKSt9type_info4nameEv
00003023   _ZNKSt9type_info6beforeERKS_
0000300d   _ZNKSt9type_infoeqERKS_
00002ff7   _ZNKSt9type_infoneERKS_
00002feb   _ZNSt9type_infoD0Ev
00002fe9   _ZNSt9type_infoD1Ev
00002fe9   _ZNSt9type_infoD2Ev
20000648   _ZSt16__dummy_typeinfo
00002fe1   _ZSt21__gen_dummy_typeinfosv
00004294   _ZTIN10__cxxabiv117__class_type_infoE
000042a0   _ZTIN10__cxxabiv117__pbase_type_infoE
000042ac   _ZTIN10__cxxabiv119__pointer_type_infoE
000042b8   _ZTIN10__cxxabiv120__si_class_type_infoE
000042c4   _ZTIN10__cxxabiv123__fundamental_type_infoE
000042e8   _ZTIN4aeo110qei_sensorE
000042f0   _ZTIN4aeo111pwm_stepperE
000042d0   _ZTIN4aeo111ssi_displayE
000042dc   _ZTIN4aeo111ssi_drv8711E
000042f8   _ZTIN4aeo112adc_potmeterE
00004300   _ZTIN4aeo112gpio_stepperE
00004308   _ZTIN4aeo114ssi_peripheralE
00004310   _ZTIN4aeo17drv8711E
000041d4   _ZTIPKe
00004318   _ZTISt9type_info
00004320   _ZTIe
000040a0   _ZTSN10__cxxabiv117__class_type_infoE
000040c2   _ZTSN10__cxxabiv117__pbase_type_infoE
0000400d   _ZTSN10__cxxabiv119__pointer_type_infoE
00003fe8   _ZTSN10__cxxabiv120__si_class_type_infoE
00003f98   _ZTSN10__cxxabiv123__fundamental_type_infoE
00004183   _ZTSN4aeo110qei_sensorE
00004144   _ZTSN4aeo111pwm_stepperE
00004159   _ZTSN4aeo111ssi_displayE
0000416e   _ZTSN4aeo111ssi_drv8711E
00004118   _ZTSN4aeo112adc_potmeterE
0000412e   _ZTSN4aeo112gpio_stepperE
00004100   _ZTSN4aeo114ssi_peripheralE
000041e4   _ZTSN4aeo17drv8711E
00004328   _ZTSPKe
00004284   _ZTSSt9type_info
00003d6a   _ZTSe
000041f4   _ZTVN10__cxxabiv117__class_type_infoE
00004204   _ZTVN10__cxxabiv119__pointer_type_infoE
00004214   _ZTVN10__cxxabiv120__si_class_type_infoE
00004224   _ZTVN10__cxxabiv123__fundamental_type_infoE
00004234   _ZTVN4aeo110qei_sensorE
00004244   _ZTVN4aeo111pwm_stepperE
00004034   _ZTVN4aeo111ssi_displayE
00004058   _ZTVN4aeo111ssi_drv8711E
00004254   _ZTVN4aeo112adc_potmeterE
00004264   _ZTVN4aeo112gpio_stepperE
0000407c   _ZTVN4aeo114ssi_peripheralE
00004274   _ZTVN4aeo17drv8711E
00003b91   _ZdlPv
20000a84   __STACK_END
00000200   __STACK_SIZE
20000a84   __STACK_TOP
00000008   __SYSMEM_SIZE
00004508   __TI_CINIT_Base
00004518   __TI_CINIT_Limit
000044f0   __TI_Handler_Table_Base
000044fc   __TI_Handler_Table_Limit
00000001   __TI_args_main
000031e5   __TI_auto_init
20000870   __TI_cleanup_ptr
00003ad3   __TI_decompress_none
00003bb1   __TI_decompress_rle24
20000874   __TI_dtors_ptr
00000000   __TI_static_base__
00003a3d   __TI_zero_init
00002f45   __aeabi_atexit
00003373   __aeabi_idiv0
000032f9   __aeabi_memclr
000032f9   __aeabi_memclr4
000032f9   __aeabi_memclr8
00003149   __aeabi_memcpy
00003149   __aeabi_memcpy4
00003149   __aeabi_memcpy8
000032fb   __aeabi_memset
000032fb   __aeabi_memset4
000032fb   __aeabi_memset8
000037a7   __aeabi_uidiv
000037a7   __aeabi_uidivmod
ffffffff   __binit__
ffffffff   __c_args__
00002f33   __cxa_atexit
00002eed   __cxa_finalize
00002f2d   __cxa_ia64_exit
2000064c   __dso_handle
20000884   __stack
00001c25   __sti___8_main_cpp_1c94e432
00003939   _args_main
00003655   _c_int00
20000868   _lock
000039cb   _nop
000039c3   _register_lock
000039bd   _register_unlock
20000a88   _sys_memory
2000086c   _unlock
000036e5   abort
00002f37   atexit
ffffffff   binit
000020ed   calloc
0000369d   copy_in
000036ed   exit
00001e3d   free
2000055c   g_oDialerDisplay
20000500   g_oDrv8711
20000638   g_oLinearScale
20000628   g_oRotaryDialer
200005b0   g_oScaleDisplay
00000000   g_pfnVectors
20000658   g_psCmdTable
200006dc   g_psRotaryMenu
00001c13   main
2000087c   main_func_sp
00001dd5   malloc
00002009   memalign
00003149   memcpy
00003301   memset
00001d49   minit
00001efd   realloc
00003951   strcmp
00000751   ulocaltime
0000094f   umktime
00000ec9   urand
00000721   usnprintf
000006ef   usprintf
00000eb9   usrand
00000e31   ustrcasecmp
00000ea5   ustrcmp
00000d35   ustrlen
00000d8d   ustrncasecmp
00000e45   ustrncmp
0000026d   ustrncpy
00000d57   ustrstr
00000afd   ustrtof
000009c5   ustrtoul
000002c5   uvsnprintf


GLOBAL SYMBOLS: SORTED BY Symbol Address 

address    name
--------   ----
00000000   __TI_static_base__
00000000   g_pfnVectors
00000001   __TI_args_main
00000008   __SYSMEM_SIZE
00000200   __STACK_SIZE
0000026d   ustrncpy
000002c5   uvsnprintf
000006ef   usprintf
00000721   usnprintf
00000751   ulocaltime
0000094f   umktime
000009c5   ustrtoul
00000afd   ustrtof
00000d35   ustrlen
00000d57   ustrstr
00000d8d   ustrncasecmp
00000e31   ustrcasecmp
00000e45   ustrncmp
00000ea5   ustrcmp
00000eb9   usrand
00000ec9   urand
00000fdd   UARTStdioConfig
00001063   UARTwrite
00001103   UARTgets
0000117f   UARTgetc
000011d9   UARTvprintf
000014d3   UARTprintf
000014f7   UARTRxBytesAvail
00001505   UARTTxBytesFree
00001519   UARTPeek
00001573   UARTFlushRx
00001593   UARTFlushTx
000015c9   UARTEchoSet
000015f5   UARTStdioIntHandler
00001751   _Z8CMD_zeroiPPc
0000176b   _Z7CMD_setiPPc
00001791   _Z8CMD_idleiPPc
000017a1   _Z8CMD_haltiPPc
000017b1   _Z8CMD_feediPPc
000017d7   _Z8CMD_moveiPPc
000017fd   _Z8CMD_stopiPPc
0000180d   _Z8CMD_textiPPc
00001827   _Z8CMD_diagiPPc
0000184f   _Z8CMD_helpiPPc
000018a1   _Z7MNU_setiPPc
000018bf   _Z8MNU_feediPPc
000018d5   _Z8MNU_moveiPPc
000018eb   _Z12OnMenuDialeri
00001979   _Z14OnNumberDialeri
000019a9   _Z8OnDialeri
00001a11   _Z13ConfigureUARTv
00001a51   SysTickIntHandler
00001b31   _Z10Initializev
00001bbd   _Z8MainLoopv
00001c13   main
00001c25   __sti___8_main_cpp_1c94e432
00001d49   minit
00001dd5   malloc
00001e3d   free
00001efd   realloc
00002009   memalign
000020ed   calloc
00002125   OnSSI0Interrupt
0000213f   OnSSI1Interrupt
00002159   OnSSI2Interrupt
00002173   OnSSI3Interrupt
0000218d   _ZN4aeo114ssi_peripheralC1ENS0_9device_idE
0000218d   _ZN4aeo114ssi_peripheralC2ENS0_9device_idE
000021e7   _ZN4aeo114ssi_peripheralD1Ev
000021e7   _ZN4aeo114ssi_peripheralD2Ev
000021fb   _ZN4aeo114ssi_peripheralD0Ev
00002211   _ZN4aeo114ssi_peripheral10InitializeEv
0000230f   _ZN4aeo114ssi_peripheral11OnInterruptEv
0000233b   _ZN4aeo114ssi_peripheral4DiagEv
00002381   _ZN4aeo114ssi_peripheral9TerminateEv
000023f1   _ZN4aeo114ssi_peripheral8LoadFIFOEv
00002469   _ZN4aeo110qei_sensorC1ENS0_9device_idENS0_13configurationE
00002469   _ZN4aeo110qei_sensorC2ENS0_9device_idENS0_13configurationE
000024a3   _ZN4aeo110qei_sensorD1Ev
000024a3   _ZN4aeo110qei_sensorD2Ev
000024af   _ZN4aeo110qei_sensorD0Ev
000024c5   _ZN4aeo110qei_sensor10InitializeEv
000024ef   _ZN4aeo110qei_sensor3GetEv
00002517   _ZN4aeo110qei_sensor8GetIndexEv
00002555   _ZN4aeo110qei_sensor3SetEi
0000257b   _ZN4aeo110qei_sensor4ZeroEv
0000258b   _ZN4aeo110qei_sensor4DiagEv
00002731   _ZN4aeo111ssi_displayC1ENS_14ssi_peripheral9device_idE
00002731   _ZN4aeo111ssi_displayC2ENS_14ssi_peripheral9device_idE
00002755   _ZN4aeo111ssi_displayD1Ev
00002755   _ZN4aeo111ssi_displayD2Ev
00002763   _ZN4aeo111ssi_displayD0Ev
00002779   _ZN4aeo111ssi_display10InitializeEv
0000278d   _ZN4aeo111ssi_display3SetEii
00002871   _ZN4aeo111ssi_display3SetEPKc
00002915   _ZN4aeo111ssi_display14Digit2SegmentsEjjb
00002989   OnADCInterrupt
0000299b   _ZN4aeo112adc_potmeterC1Ev
0000299b   _ZN4aeo112adc_potmeterC2Ev
000029b9   _ZN4aeo112adc_potmeterD1Ev
000029b9   _ZN4aeo112adc_potmeterD2Ev
000029dd   _ZN4aeo112adc_potmeterD0Ev
000029f3   _ZN4aeo112adc_potmeter10InitializeEv
00002a53   _ZN4aeo112adc_potmeter9TerminateEv
00002a6f   _ZN4aeo112adc_potmeter11OnInterruptEv
00002aeb   _ZN4aeo112adc_potmeter7TriggerEv
00002af9   _ZN4aeo112adc_potmeter8GetValueEv
00002b19   _ZN4aeo112adc_potmeter15GetErrorCounterEv
00002b31   _ZN4aeo112adc_potmeter4DiagEv
00002b7d   GPIOPadConfigSet
00002cad   _ZN4aeo17drv8711C1Ev
00002cad   _ZN4aeo17drv8711C2Ev
00002cd5   _ZN4aeo17drv8711D1Ev
00002cd5   _ZN4aeo17drv8711D2Ev
00002cf5   _ZN4aeo17drv8711D0Ev
00002d0b   _ZN4aeo17drv871110InitializeEv
00002d15   _ZN4aeo17drv87114IdleEv
00002d21   _ZN4aeo17drv87114HaltEv
00002d2d   _ZN4aeo17drv87114FeedEi
00002d3d   _ZN4aeo17drv87114MoveEi
00002d4d   _ZN4aeo17drv87114StopEv
00002d59   _ZN4aeo17drv87114DiagEv
00002dd5   SysCtlClockGet
00002eed   __cxa_finalize
00002f2d   __cxa_ia64_exit
00002f33   __cxa_atexit
00002f37   atexit
00002f45   __aeabi_atexit
00002fe1   _ZSt21__gen_dummy_typeinfosv
00002fe9   _ZNSt9type_infoD1Ev
00002fe9   _ZNSt9type_infoD2Ev
00002feb   _ZNSt9type_infoD0Ev
00002ff3   _ZNKSt9type_info4nameEv
00002ff7   _ZNKSt9type_infoneERKS_
0000300d   _ZNKSt9type_infoeqERKS_
00003023   _ZNKSt9type_info6beforeERKS_
00003031   _ZN10__cxxabiv129__pointer_to_member_type_infoD1Ev
00003031   _ZN10__cxxabiv129__pointer_to_member_type_infoD2Ev
00003033   _ZN10__cxxabiv129__pointer_to_member_type_infoD0Ev
0000303b   _ZN10__cxxabiv123__fundamental_type_infoD1Ev
0000303b   _ZN10__cxxabiv123__fundamental_type_infoD2Ev
0000303d   _ZN10__cxxabiv123__fundamental_type_infoD0Ev
00003045   _ZN10__cxxabiv121__vmi_class_type_infoD1Ev
00003045   _ZN10__cxxabiv121__vmi_class_type_infoD2Ev
00003047   _ZN10__cxxabiv121__vmi_class_type_infoD0Ev
0000304f   _ZN10__cxxabiv120__si_class_type_infoD1Ev
0000304f   _ZN10__cxxabiv120__si_class_type_infoD2Ev
00003051   _ZN10__cxxabiv120__si_class_type_infoD0Ev
00003059   _ZN10__cxxabiv120__function_type_infoD1Ev
00003059   _ZN10__cxxabiv120__function_type_infoD2Ev
0000305b   _ZN10__cxxabiv120__function_type_infoD0Ev
00003063   _ZN10__cxxabiv119__pointer_type_infoD1Ev
00003063   _ZN10__cxxabiv119__pointer_type_infoD2Ev
00003065   _ZN10__cxxabiv119__pointer_type_infoD0Ev
0000306d   _ZN10__cxxabiv117__pbase_type_infoD1Ev
0000306d   _ZN10__cxxabiv117__pbase_type_infoD2Ev
0000306f   _ZN10__cxxabiv117__pbase_type_infoD0Ev
00003077   _ZN10__cxxabiv117__class_type_infoD1Ev
00003077   _ZN10__cxxabiv117__class_type_infoD2Ev
00003079   _ZN10__cxxabiv117__class_type_infoD0Ev
00003081   _ZN10__cxxabiv117__array_type_infoD1Ev
00003081   _ZN10__cxxabiv117__array_type_infoD2Ev
00003083   _ZN10__cxxabiv117__array_type_infoD0Ev
0000308b   _ZN10__cxxabiv116__enum_type_infoD1Ev
0000308b   _ZN10__cxxabiv116__enum_type_infoD2Ev
0000308d   _ZN10__cxxabiv116__enum_type_infoD0Ev
0000309d   CmdLineProcess
00003149   __aeabi_memcpy
00003149   __aeabi_memcpy4
00003149   __aeabi_memcpy8
00003149   memcpy
000031e5   __TI_auto_init
00003279   ADCSequenceStepConfigure
000032f9   __aeabi_memclr
000032f9   __aeabi_memclr4
000032f9   __aeabi_memclr8
000032fb   __aeabi_memset
000032fb   __aeabi_memset4
000032fb   __aeabi_memset8
00003301   memset
00003373   __aeabi_idiv0
00003375   _ZN4aeo111ssi_drv8711C1ENS_14ssi_peripheral9device_idE
00003375   _ZN4aeo111ssi_drv8711C2ENS_14ssi_peripheral9device_idE
00003391   _ZN4aeo111ssi_drv8711D1Ev
00003391   _ZN4aeo111ssi_drv8711D2Ev
0000339f   _ZN4aeo111ssi_drv8711D0Ev
000033b5   _ZN4aeo111ssi_drv871110InitializeEv
000033c1   _ZN4aeo111ssi_drv87114DiagEv
000033e1   _ZN4aeo113Alpha7SegmentEc
00003445   IntDisable
000034a5   IntEnable
00003565   _ZN4aeo112gpio_stepperC1Ev
00003565   _ZN4aeo112gpio_stepperC2Ev
00003577   _ZN4aeo112gpio_stepperD1Ev
00003577   _ZN4aeo112gpio_stepperD2Ev
00003583   _ZN4aeo112gpio_stepperD0Ev
00003599   _ZN4aeo112gpio_stepper4DiagEv
000035b9   _ZN4aeo111pwm_stepperC1Ev
000035b9   _ZN4aeo111pwm_stepperC2Ev
000035cb   _ZN4aeo111pwm_stepperD1Ev
000035cb   _ZN4aeo111pwm_stepperD2Ev
000035d7   _ZN4aeo111pwm_stepperD0Ev
000035ed   _ZN4aeo111pwm_stepper4DiagEv
0000360d   GPIOPinConfigure
00003655   _c_int00
0000369d   copy_in
000036e1   C$$EXIT
000036e5   abort
000036ed   exit
00003725   SSIConfigSetExpClk
00003767   UARTConfigSetExpClk
000037a7   __aeabi_uidiv
000037a7   __aeabi_uidivmod
000037e7   ADCSequenceConfigure
00003825   SysCtlPeripheralEnable
00003859   SysCtlPeripheralPresent
0000388d   ADCIntStatus
000038bb   GPIODirModeSet
000038e5   ADCSequenceDataGet
00003905   UARTDisable
00003921   ADCClockConfigSet
00003939   _args_main
00003951   strcmp
00003969   ADCProcessorTrigger
00003981   SysTickEnable
00003995   SysTickIntEnable
000039a9   UARTEnable
000039bd   _register_unlock
000039c3   _register_lock
000039cb   _nop
000039d1   ADCHardwareOversampleConfigure
000039e3   GPIOPinTypeADC
000039f5   GPIOPinTypeQEI
00003a07   GPIOPinTypeSSI
00003a19   GPIOPinTypeUART
00003a2b   SSIDataGetNonBlocking
00003a3d   __TI_zero_init
00003a4f   ADCIntEnable
00003a61   SysTickPeriodSet
00003a71   ADCIntDisable
00003a7f   ADCSequenceDisable
00003a8d   ADCSequenceEnable
00003a9b   QEIConfigure
00003aa9   SSIDataPutNonBlocking
00003ab7   UARTCharGetNonBlocking
00003ac5   UARTCharPutNonBlocking
00003ad3   __TI_decompress_none
00003ae1   CPUcpsid
00003aed   CPUcpsie
00003af9   UARTCharsAvail
00003b05   UARTSpaceAvail
00003b11   ResetISR
00003b1d   ADCIntClear
00003b27   IntMasterDisable
00003b31   IntMasterEnable
00003b3b   QEIEnable
00003b45   SSIDisable
00003b4f   SSIEnable
00003b59   SSIIntDisable
00003b63   SSIIntStatus
00003b6d   UARTIntDisable
00003b77   UARTIntStatus
00003b81   SSIIntEnable
00003b89   UARTIntEnable
00003b91   _ZdlPv
00003b99   GPIOPinRead
00003b9f   SysCtlDelay
00003ba5   UARTClockSourceSet
00003bab   UARTFIFOLevelSet
00003bb1   __TI_decompress_rle24
00003bb7   QEIPositionGet
00003bbb   QEIPositionSet
00003bbf   SSIIntClear
00003bc3   UARTIntClear
00003d6a   _ZTSe
00003f98   _ZTSN10__cxxabiv123__fundamental_type_infoE
00003fe8   _ZTSN10__cxxabiv120__si_class_type_infoE
0000400d   _ZTSN10__cxxabiv119__pointer_type_infoE
00004034   _ZTVN4aeo111ssi_displayE
00004058   _ZTVN4aeo111ssi_drv8711E
0000407c   _ZTVN4aeo114ssi_peripheralE
000040a0   _ZTSN10__cxxabiv117__class_type_infoE
000040c2   _ZTSN10__cxxabiv117__pbase_type_infoE
00004100   _ZTSN4aeo114ssi_peripheralE
00004118   _ZTSN4aeo112adc_potmeterE
0000412e   _ZTSN4aeo112gpio_stepperE
00004144   _ZTSN4aeo111pwm_stepperE
00004159   _ZTSN4aeo111ssi_displayE
0000416e   _ZTSN4aeo111ssi_drv8711E
00004183   _ZTSN4aeo110qei_sensorE
000041d4   _ZTIPKe
000041e4   _ZTSN4aeo17drv8711E
000041f4   _ZTVN10__cxxabiv117__class_type_infoE
00004204   _ZTVN10__cxxabiv119__pointer_type_infoE
00004214   _ZTVN10__cxxabiv120__si_class_type_infoE
00004224   _ZTVN10__cxxabiv123__fundamental_type_infoE
00004234   _ZTVN4aeo110qei_sensorE
00004244   _ZTVN4aeo111pwm_stepperE
00004254   _ZTVN4aeo112adc_potmeterE
00004264   _ZTVN4aeo112gpio_stepperE
00004274   _ZTVN4aeo17drv8711E
00004284   _ZTSSt9type_info
00004294   _ZTIN10__cxxabiv117__class_type_infoE
000042a0   _ZTIN10__cxxabiv117__pbase_type_infoE
000042ac   _ZTIN10__cxxabiv119__pointer_type_infoE
000042b8   _ZTIN10__cxxabiv120__si_class_type_infoE
000042c4   _ZTIN10__cxxabiv123__fundamental_type_infoE
000042d0   _ZTIN4aeo111ssi_displayE
000042dc   _ZTIN4aeo111ssi_drv8711E
000042e8   _ZTIN4aeo110qei_sensorE
000042f0   _ZTIN4aeo111pwm_stepperE
000042f8   _ZTIN4aeo112adc_potmeterE
00004300   _ZTIN4aeo112gpio_stepperE
00004308   _ZTIN4aeo114ssi_peripheralE
00004310   _ZTIN4aeo17drv8711E
00004318   _ZTISt9type_info
00004320   _ZTIe
00004328   _ZTSPKe
0000432c   SHT$$INIT_ARRAY$$Base
00004330   SHT$$INIT_ARRAY$$Limit
000044f0   __TI_Handler_Table_Base
000044fc   __TI_Handler_Table_Limit
00004508   __TI_CINIT_Base
00004518   __TI_CINIT_Limit
20000500   g_oDrv8711
2000055c   g_oDialerDisplay
200005b0   g_oScaleDisplay
20000628   g_oRotaryDialer
20000638   g_oLinearScale
20000648   _ZSt16__dummy_typeinfo
2000064c   __dso_handle
20000658   g_psCmdTable
200006dc   g_psRotaryMenu
20000760   _ZN4aeo118SSI0_SpecificationE
2000078c   _ZN4aeo118SSI1_SpecificationE
200007b8   _ZN4aeo118SSI2_SpecificationE
200007e4   _ZN4aeo118SSI3_SpecificationE
2000083c   _ZN4aeo112adc_potmeter10m_nCounterE
20000840   _ZN4aeo112adc_potmeter15m_nErrorCounterE
20000844   _ZN4aeo112adc_potmeter14m_nReadCounterE
20000848   _ZN4aeo112adc_potmeter16m_pTheOneAndOnlyE
20000868   _lock
2000086c   _unlock
20000870   __TI_cleanup_ptr
20000874   __TI_dtors_ptr
2000087c   main_func_sp
20000884   __stack
20000a84   __STACK_END
20000a84   __STACK_TOP
20000a88   _sys_memory
ffffffff   __binit__
ffffffff   __c_args__
ffffffff   binit

[353 symbols]
