******************************************************************************
                  TI ARM Linker PC v5.1.11                     
******************************************************************************
>> Linked Sun Mar 29 20:49:49 2015

OUTPUT FILE NAME:   <test_drv8711.out>
ENTRY POINT SYMBOL: "_c_int00"  address: 00003605


MEMORY CONFIGURATION

         name            origin    length      used     unused   attr    fill
----------------------  --------  ---------  --------  --------  ----  --------
  FLASH                 00000000   00040000  000044ce  0003bb32  R  X
  SRAM                  20000000   00008000  00000a89  00007577  RW X


SEGMENT ALLOCATION MAP

run origin  load origin   length   init length attrs members
----------  ----------- ---------- ----------- ----- -------
00000000    00000000    000044d0   000044d0    r-x
  00000000    00000000    0000026c   0000026c    r-- .intvecs
  0000026c    0000026c    0000390a   0000390a    r-x .text
  00003b78    00003b78    00000764   00000764    r-- .const
  000042dc    000042dc    00000004   00000004    r-- .init_array
  000042e0    000042e0    000001f0   000001f0    r-- .cinit
20000000    20000000    00000a90   00000000    rw-
  20000000    20000000    00000655   00000000    rw- .bss
  20000658    20000658    0000022c   00000000    rw- .data
  20000884    20000884    00000200   00000000    rw- .stack
  20000a88    20000a88    00000008   00000000    rw- .sysmem


SECTION ALLOCATION MAP

 output                                  attributes/
section   page    origin      length       input sections
--------  ----  ----------  ----------   ----------------
.intvecs   0    00000000    0000026c     
                  00000000    0000026c     tm4c123gh6pm_startup_ccs.obj (.intvecs)

.text      0    0000026c    0000390a     
                  0000026c    00000c84     tiva_utils.lib : ustdlib.obj (.text)
                  00000ef0    00000860                    : uartstdio.obj (.text)
                  00001750    000005a8     main.obj (.text)
                  00001cf8    000003dc     rtsv7M4_T_le_v4SPD16_eabi.lib : memory.obj (.text)
                  000020d4    00000344     aeo1_drivers.lib : ssi_peripheral.obj (.text)
                  00002418    000002c8                      : qei_sensor.obj (.text)
                  000026e0    00000258                      : ssi_display.obj (.text)
                  00002938    000001f4                      : adc_potmeter.obj (.text)
                  00002b2c    00000130     driverlib.lib : gpio.obj (.text:GPIOPadConfigSet)
                  00002c5c    00000128     drv8711.obj (.text)
                  00002d84    00000118     driverlib.lib : sysctl.obj (.text:SysCtlClockGet)
                  00002e9c    000000f4     rtsv7M4_T_le_v4SPD16_eabi.lib : dtor_list.obj (.text)
                  00002f90    000000bc                                   : typeinfo_.obj (.text)
                  0000304c    000000ac     tiva_utils.lib : cmdline.obj (.text)
                  000030f8    0000009c     rtsv7M4_T_le_v4SPD16_eabi.lib : memcpy_t2.obj (.text)
                  00003194    00000094                                   : auto_init.obj (.text)
                  00003228    00000080     driverlib.lib : adc.obj (.text:ADCSequenceStepConfigure)
                  000032a8    0000007a     rtsv7M4_T_le_v4SPD16_eabi.lib : memset_t2.obj (.text)
                  00003322    00000002                                   : i_div0.obj (.text)
                  00003324    0000006c     aeo1_drivers.lib : ssi_drv8711.obj (.text)
                  00003390    00000064                      : alpha7segment.obj (.text)
                  000033f4    00000060     driverlib.lib : interrupt.obj (.text:IntDisable)
                  00003454    00000060                   : interrupt.obj (.text:IntEnable)
                  000034b4    0000005e     rtsv7M4_T_le_v4SPD16_eabi.lib : copy_decompress_rle.obj (.text)
                  00003512    00000002     --HOLE-- [fill = 0]
                  00003514    00000054     aeo1_drivers.lib : gpio_stepper.obj (.text)
                  00003568    00000054                      : pwm_stepper.obj (.text)
                  000035bc    00000048     driverlib.lib : gpio.obj (.text:GPIOPinConfigure)
                  00003604    00000048     rtsv7M4_T_le_v4SPD16_eabi.lib : boot.obj (.text)
                  0000364c    00000044                                   : cpy_tbl.obj (.text)
                  00003690    00000044                                   : exit.obj (.text)
                  000036d4    00000042     driverlib.lib : ssi.obj (.text:SSIConfigSetExpClk)
                  00003716    00000040                   : uart.obj (.text:UARTConfigSetExpClk)
                  00003756    00000040     rtsv7M4_T_le_v4SPD16_eabi.lib : u_divt2.obj (.text)
                  00003796    0000003e     driverlib.lib : adc.obj (.text:ADCSequenceConfigure)
                  000037d4    00000034                   : sysctl.obj (.text:SysCtlPeripheralEnable)
                  00003808    00000034                   : sysctl.obj (.text:SysCtlPeripheralPresent)
                  0000383c    0000002e                   : adc.obj (.text:ADCIntStatus)
                  0000386a    0000002a                   : gpio.obj (.text:GPIODirModeSet)
                  00003894    0000001e                   : adc.obj (.text:ADCSequenceDataGet)
                  000038b2    00000002     --HOLE-- [fill = 0]
                  000038b4    0000001c                   : uart.obj (.text:UARTDisable)
                  000038d0    00000018                   : adc.obj (.text:ADCClockConfigSet)
                  000038e8    00000018     rtsv7M4_T_le_v4SPD16_eabi.lib : args_main.obj (.text)
                  00003900    00000018                                   : strcmp.obj (.text)
                  00003918    00000016     driverlib.lib : adc.obj (.text:ADCProcessorTrigger)
                  0000392e    00000002     --HOLE-- [fill = 0]
                  00003930    00000014                   : systick.obj (.text:SysTickEnable)
                  00003944    00000014                   : systick.obj (.text:SysTickIntEnable)
                  00003958    00000014                   : uart.obj (.text:UARTEnable)
                  0000396c    00000014     rtsv7M4_T_le_v4SPD16_eabi.lib : _lock.obj (.text)
                  00003980    00000012     driverlib.lib : adc.obj (.text:ADCHardwareOversampleConfigure)
                  00003992    00000012                   : gpio.obj (.text:GPIOPinTypeADC)
                  000039a4    00000012                   : gpio.obj (.text:GPIOPinTypeQEI)
                  000039b6    00000012                   : gpio.obj (.text:GPIOPinTypeSSI)
                  000039c8    00000012                   : gpio.obj (.text:GPIOPinTypeUART)
                  000039da    00000012                   : ssi.obj (.text:SSIDataGetNonBlocking)
                  000039ec    00000012     rtsv7M4_T_le_v4SPD16_eabi.lib : copy_zero_init.obj (.text:decompress:ZI)
                  000039fe    00000010     driverlib.lib : adc.obj (.text:ADCIntEnable)
                  00003a0e    00000002     --HOLE-- [fill = 0]
                  00003a10    00000010                   : systick.obj (.text:SysTickPeriodSet)
                  00003a20    0000000e                   : adc.obj (.text:ADCIntDisable)
                  00003a2e    0000000e                   : adc.obj (.text:ADCSequenceDisable)
                  00003a3c    0000000e                   : adc.obj (.text:ADCSequenceEnable)
                  00003a4a    0000000e                   : qei.obj (.text:QEIConfigure)
                  00003a58    0000000e                   : ssi.obj (.text:SSIDataPutNonBlocking)
                  00003a66    0000000e                   : uart.obj (.text:UARTCharGetNonBlocking)
                  00003a74    0000000e                   : uart.obj (.text:UARTCharPutNonBlocking)
                  00003a82    0000000e     rtsv7M4_T_le_v4SPD16_eabi.lib : copy_decompress_none.obj (.text:decompress:none)
                  00003a90    0000000c     driverlib.lib : cpu.obj (.text:CPUcpsid)
                  00003a9c    0000000c                   : cpu.obj (.text:CPUcpsie)
                  00003aa8    0000000c                   : uart.obj (.text:UARTCharsAvail)
                  00003ab4    0000000c                   : uart.obj (.text:UARTSpaceAvail)
                  00003ac0    0000000c     tm4c123gh6pm_startup_ccs.obj (.text)
                  00003acc    0000000a     driverlib.lib : adc.obj (.text:ADCIntClear)
                  00003ad6    0000000a                   : interrupt.obj (.text:IntMasterDisable)
                  00003ae0    0000000a                   : interrupt.obj (.text:IntMasterEnable)
                  00003aea    0000000a                   : qei.obj (.text:QEIEnable)
                  00003af4    0000000a                   : ssi.obj (.text:SSIDisable)
                  00003afe    0000000a                   : ssi.obj (.text:SSIEnable)
                  00003b08    0000000a                   : ssi.obj (.text:SSIIntDisable)
                  00003b12    0000000a                   : ssi.obj (.text:SSIIntStatus)
                  00003b1c    0000000a                   : uart.obj (.text:UARTIntDisable)
                  00003b26    0000000a                   : uart.obj (.text:UARTIntStatus)
                  00003b30    00000008                   : ssi.obj (.text:SSIIntEnable)
                  00003b38    00000008                   : uart.obj (.text:UARTIntEnable)
                  00003b40    00000008     rtsv7M4_T_le_v4SPD16_eabi.lib : delete.obj (.text)
                  00003b48    00000006     driverlib.lib : gpio.obj (.text:GPIOPinRead)
                  00003b4e    00000006                   : sysctl.obj (.text:SysCtlDelay)
                  00003b54    00000006                   : uart.obj (.text:UARTClockSourceSet)
                  00003b5a    00000006                   : uart.obj (.text:UARTFIFOLevelSet)
                  00003b60    00000006     rtsv7M4_T_le_v4SPD16_eabi.lib : copy_decompress_rle.obj (.text:decompress:rle24)
                  00003b66    00000004     driverlib.lib : qei.obj (.text:QEIPositionGet)
                  00003b6a    00000004                   : qei.obj (.text:QEIPositionSet)
                  00003b6e    00000004                   : ssi.obj (.text:SSIIntClear)
                  00003b72    00000004                   : uart.obj (.text:UARTIntClear)

.const     0    00003b78    00000764     
                  00003b78    000001a2     main.obj (.const:.string)
                  00003d1a    00000002     rtsv7M4_T_le_v4SPD16_eabi.lib : typeinfo_.obj (.const:.typeinfo:_ZTSe)
                  00003d1c    00000090     driverlib.lib : gpio.obj (.const:g_pui32GPIOBaseAddrs)
                  00003dac    0000008e     aeo1_drivers.lib : alpha7segment.obj (.const:_ZN4aeo119alpha7segment_tableE)
                  00003e3a    00000002     --HOLE-- [fill = 0]
                  00003e3c    00000070     driverlib.lib : interrupt.obj (.const)
                  00003eac    0000006c                   : sysctl.obj (.const:g_pui32Xtals)
                  00003f18    00000030     tiva_utils.lib : ustdlib.obj (.const:g_psDaysToMonth)
                  00003f48    00000028     rtsv7M4_T_le_v4SPD16_eabi.lib : typeinfo_.obj (.const:.typeinfo:_ZTSN10__cxxabiv123__fundamental_type_infoE)
                  00003f70    00000028     tiva_utils.lib : uartstdio.obj (.const)
                  00003f98    00000025     rtsv7M4_T_le_v4SPD16_eabi.lib : typeinfo_.obj (.const:.typeinfo:_ZTSN10__cxxabiv120__si_class_type_infoE)
                  00003fbd    00000024                                   : typeinfo_.obj (.const:.typeinfo:_ZTSN10__cxxabiv119__pointer_type_infoE)
                  00003fe1    00000003     --HOLE-- [fill = 0]
                  00003fe4    00000024     aeo1_drivers.lib : ssi_display.obj (.const:_ZTVN4aeo111ssi_displayE)
                  00004008    00000024                      : ssi_drv8711.obj (.const:_ZTVN4aeo111ssi_drv8711E)
                  0000402c    00000024                      : ssi_peripheral.obj (.const:_ZTVN4aeo114ssi_peripheralE)
                  00004050    00000022     rtsv7M4_T_le_v4SPD16_eabi.lib : typeinfo_.obj (.const:.typeinfo:_ZTSN10__cxxabiv117__class_type_infoE)
                  00004072    00000022                                   : typeinfo_.obj (.const:.typeinfo:_ZTSN10__cxxabiv117__pbase_type_infoE)
                  00004094    0000001c     tiva_utils.lib : ustdlib.obj (.const)
                  000040b0    00000018     aeo1_drivers.lib : ssi_peripheral.obj (.const:.typeinfo:_ZTSN4aeo114ssi_peripheralE)
                  000040c8    00000016                      : adc_potmeter.obj (.const:.typeinfo:_ZTSN4aeo112adc_potmeterE)
                  000040de    00000016                      : gpio_stepper.obj (.const:.typeinfo:_ZTSN4aeo112gpio_stepperE)
                  000040f4    00000015                      : pwm_stepper.obj (.const:.typeinfo:_ZTSN4aeo111pwm_stepperE)
                  00004109    00000015                      : ssi_display.obj (.const:.typeinfo:_ZTSN4aeo111ssi_displayE)
                  0000411e    00000015                      : ssi_drv8711.obj (.const:.typeinfo:_ZTSN4aeo111ssi_drv8711E)
                  00004133    00000014                      : qei_sensor.obj (.const:.typeinfo:_ZTSN4aeo110qei_sensorE)
                  00004147    00000012                      : ssi_display.obj (.const:.string)
                  00004159    00000003     --HOLE-- [fill = 0]
                  0000415c    00000012     tiva_utils.lib : uartstdio.obj (.const:.string)
                  0000416e    00000002     --HOLE-- [fill = 0]
                  00004170    00000012                    : ustdlib.obj (.const:.string)
                  00004182    00000002     --HOLE-- [fill = 0]
                  00004184    00000010     rtsv7M4_T_le_v4SPD16_eabi.lib : typeinfo_.obj (.const:.typeinfo:_ZTIPKe)
                  00004194    00000010     drv8711.obj (.const:.typeinfo:_ZTSN4aeo17drv8711E)
                  000041a4    00000010     rtsv7M4_T_le_v4SPD16_eabi.lib : typeinfo_.obj (.const:_ZTVN10__cxxabiv117__class_type_infoE)
                  000041b4    00000010                                   : typeinfo_.obj (.const:_ZTVN10__cxxabiv119__pointer_type_infoE)
                  000041c4    00000010                                   : typeinfo_.obj (.const:_ZTVN10__cxxabiv120__si_class_type_infoE)
                  000041d4    00000010                                   : typeinfo_.obj (.const:_ZTVN10__cxxabiv123__fundamental_type_infoE)
                  000041e4    00000010     aeo1_drivers.lib : qei_sensor.obj (.const:_ZTVN4aeo110qei_sensorE)
                  000041f4    00000010                      : pwm_stepper.obj (.const:_ZTVN4aeo111pwm_stepperE)
                  00004204    00000010                      : adc_potmeter.obj (.const:_ZTVN4aeo112adc_potmeterE)
                  00004214    00000010                      : gpio_stepper.obj (.const:_ZTVN4aeo112gpio_stepperE)
                  00004224    00000010     drv8711.obj (.const:_ZTVN4aeo17drv8711E)
                  00004234    0000000d     rtsv7M4_T_le_v4SPD16_eabi.lib : typeinfo_.obj (.const:.typeinfo:_ZTSSt9type_info)
                  00004241    00000003     --HOLE-- [fill = 0]
                  00004244    0000000c                                   : typeinfo_.obj (.const:.typeinfo:_ZTIN10__cxxabiv117__class_type_infoE)
                  00004250    0000000c                                   : typeinfo_.obj (.const:.typeinfo:_ZTIN10__cxxabiv117__pbase_type_infoE)
                  0000425c    0000000c                                   : typeinfo_.obj (.const:.typeinfo:_ZTIN10__cxxabiv119__pointer_type_infoE)
                  00004268    0000000c                                   : typeinfo_.obj (.const:.typeinfo:_ZTIN10__cxxabiv120__si_class_type_infoE)
                  00004274    0000000c                                   : typeinfo_.obj (.const:.typeinfo:_ZTIN10__cxxabiv123__fundamental_type_infoE)
                  00004280    0000000c     aeo1_drivers.lib : ssi_display.obj (.const:.typeinfo:_ZTIN4aeo111ssi_displayE)
                  0000428c    0000000c                      : ssi_drv8711.obj (.const:.typeinfo:_ZTIN4aeo111ssi_drv8711E)
                  00004298    00000008                      : qei_sensor.obj (.const:.typeinfo:_ZTIN4aeo110qei_sensorE)
                  000042a0    00000008                      : pwm_stepper.obj (.const:.typeinfo:_ZTIN4aeo111pwm_stepperE)
                  000042a8    00000008                      : adc_potmeter.obj (.const:.typeinfo:_ZTIN4aeo112adc_potmeterE)
                  000042b0    00000008                      : gpio_stepper.obj (.const:.typeinfo:_ZTIN4aeo112gpio_stepperE)
                  000042b8    00000008                      : ssi_peripheral.obj (.const:.typeinfo:_ZTIN4aeo114ssi_peripheralE)
                  000042c0    00000008     drv8711.obj (.const:.typeinfo:_ZTIN4aeo17drv8711E)
                  000042c8    00000008     rtsv7M4_T_le_v4SPD16_eabi.lib : typeinfo_.obj (.const:.typeinfo:_ZTISt9type_info)
                  000042d0    00000008                                   : typeinfo_.obj (.const:.typeinfo:_ZTIe)
                  000042d8    00000004                                   : typeinfo_.obj (.const:.typeinfo:_ZTSPKe)

.init_array 
*          0    000042dc    00000004     
                  000042dc    00000004     main.obj (.init_array)

.cinit     0    000042e0    000001f0     
                  000042e0    000001c6     (.cinit..data.load) [load image, compression = rle]
                  000044a6    00000002     --HOLE-- [fill = 0]
                  000044a8    0000000c     (__TI_handler_table)
                  000044b4    00000004     --HOLE-- [fill = 0]
                  000044b8    00000008     (.cinit..bss.load) [load image, compression = zero_init]
                  000044c0    00000010     (__TI_cinit_table)

.bss       0    20000000    00000655     UNINITIALIZED
                  20000000    00000400     tiva_utils.lib : uartstdio.obj (.bss:g_pcUARTTxBuffer)
                  20000400    00000080                    : uartstdio.obj (.bss:g_pcUARTRxBuffer)
                  20000480    00000080     main.obj (.bss:g_zInput)
                  20000500    0000005c     main.obj (.bss:g_oDrv8711)
                  2000055c    00000054     main.obj (.bss:g_oDialerDisplay)
                  200005b0    00000054     main.obj (.bss:g_oScaleDisplay)
                  20000604    00000024     tiva_utils.lib : cmdline.obj (.bss:g_ppcArgv)
                  20000628    00000020     main.obj (.bss)
                  20000648    00000004     (.common:_ZSt16__dummy_typeinfo)
                  2000064c    00000004     (.common:__dso_handle)
                  20000650    00000004     (.common:g_ui32PortNum)
                  20000654    00000001     (.common:g_bDisableEcho)

.data      0    20000658    0000022c     UNINITIALIZED
                  20000658    00000084     main.obj (.data:g_psCmdTable)
                  200006dc    00000084     main.obj (.data:g_psRotaryMenu)
                  20000760    0000002c     aeo1_drivers.lib : ssi_peripheral.obj (.data:_ZN4aeo118SSI0_SpecificationE)
                  2000078c    0000002c                      : ssi_peripheral.obj (.data:_ZN4aeo118SSI1_SpecificationE)
                  200007b8    0000002c                      : ssi_peripheral.obj (.data:_ZN4aeo118SSI2_SpecificationE)
                  200007e4    0000002c                      : ssi_peripheral.obj (.data:_ZN4aeo118SSI3_SpecificationE)
                  20000810    00000015     tiva_utils.lib : uartstdio.obj (.data)
                  20000825    00000003     --HOLE--
                  20000828    00000011     main.obj (.data)
                  20000839    00000003     --HOLE--
                  2000083c    00000010     aeo1_drivers.lib : adc_potmeter.obj (.data)
                  2000084c    00000010                      : ssi_peripheral.obj (.data)
                  2000085c    0000000c     rtsv7M4_T_le_v4SPD16_eabi.lib : memory.obj (.data)
                  20000868    00000008                                   : _lock.obj (.data)
                  20000870    00000008                                   : exit.obj (.data)
                  20000878    00000004                                   : dtor_list.obj (.data)
                  2000087c    00000004                                   : stkdepth_vars.obj (.data)
                  20000880    00000004     tiva_utils.lib : ustdlib.obj (.data)

.stack     0    20000884    00000200     UNINITIALIZED
                  20000884    00000200     --HOLE--

.sysmem    0    20000a88    00000008     UNINITIALIZED
                  20000a88    00000008     rtsv7M4_T_le_v4SPD16_eabi.lib : memory.obj (.sysmem)


LINKER GENERATED COPY TABLES

__TI_cinit_table @ 000044c0 records: 2, size/record: 8, table size: 16
	.data: load addr=000042e0, load size=000001c6 bytes, run addr=20000658, run size=0000022c bytes, compression=rle
	.bss: load addr=000044b8, load size=00000008 bytes, run addr=20000000, run size=00000655 bytes, compression=zero_init


LINKER GENERATED HANDLER TABLE

__TI_handler_table @ 000044a8 records: 3, size/record: 4, table size: 12
	index: 0, handler: __TI_decompress_rle24
	index: 1, handler: __TI_decompress_none
	index: 2, handler: __TI_zero_init


GLOBAL SYMBOLS: SORTED ALPHABETICALLY BY Name 

address    name
--------   ----
000038d1   ADCClockConfigSet
00003981   ADCHardwareOversampleConfigure
00003acd   ADCIntClear
00003a21   ADCIntDisable
000039ff   ADCIntEnable
0000383d   ADCIntStatus
00003919   ADCProcessorTrigger
00003797   ADCSequenceConfigure
00003895   ADCSequenceDataGet
00003a2f   ADCSequenceDisable
00003a3d   ADCSequenceEnable
00003229   ADCSequenceStepConfigure
00003691   C$$EXIT
00003a91   CPUcpsid
00003a9d   CPUcpsie
0000304d   CmdLineProcess
0000386b   GPIODirModeSet
00002b2d   GPIOPadConfigSet
000035bd   GPIOPinConfigure
00003b49   GPIOPinRead
00003993   GPIOPinTypeADC
000039a5   GPIOPinTypeQEI
000039b7   GPIOPinTypeSSI
000039c9   GPIOPinTypeUART
000033f5   IntDisable
00003455   IntEnable
00003ad7   IntMasterDisable
00003ae1   IntMasterEnable
00002939   OnADCInterrupt
000020d5   OnSSI0Interrupt
000020ef   OnSSI1Interrupt
00002109   OnSSI2Interrupt
00002123   OnSSI3Interrupt
00003a4b   QEIConfigure
00003aeb   QEIEnable
00003b67   QEIPositionGet
00003b6b   QEIPositionSet
00003ac1   ResetISR
000042dc   SHT$$INIT_ARRAY$$Base
000042e0   SHT$$INIT_ARRAY$$Limit
000036d5   SSIConfigSetExpClk
000039db   SSIDataGetNonBlocking
00003a59   SSIDataPutNonBlocking
00003af5   SSIDisable
00003aff   SSIEnable
00003b6f   SSIIntClear
00003b09   SSIIntDisable
00003b31   SSIIntEnable
00003b13   SSIIntStatus
00002d85   SysCtlClockGet
00003b4f   SysCtlDelay
000037d5   SysCtlPeripheralEnable
00003809   SysCtlPeripheralPresent
00003931   SysTickEnable
00003945   SysTickIntEnable
000019fd   SysTickIntHandler
00003a11   SysTickPeriodSet
00003a67   UARTCharGetNonBlocking
00003a75   UARTCharPutNonBlocking
00003aa9   UARTCharsAvail
00003b55   UARTClockSourceSet
00003717   UARTConfigSetExpClk
000038b5   UARTDisable
000015c9   UARTEchoSet
00003959   UARTEnable
00003b5b   UARTFIFOLevelSet
00001573   UARTFlushRx
00001593   UARTFlushTx
00003b73   UARTIntClear
00003b1d   UARTIntDisable
00003b39   UARTIntEnable
00003b27   UARTIntStatus
00001519   UARTPeek
000014f7   UARTRxBytesAvail
00003ab5   UARTSpaceAvail
00000fdd   UARTStdioConfig
000015f5   UARTStdioIntHandler
00001505   UARTTxBytesFree
0000117f   UARTgetc
00001103   UARTgets
000014d3   UARTprintf
000011d9   UARTvprintf
00001063   UARTwrite
00001a91   _Z10Initializev
000018eb   _Z12OnMenuDialeri
000019bd   _Z13ConfigureUARTv
00001975   _Z14OnNumberDialeri
0000176b   _Z7CMD_setiPPc
000018a1   _Z7MNU_setiPPc
00001827   _Z8CMD_diagiPPc
000017b1   _Z8CMD_feediPPc
000017a1   _Z8CMD_haltiPPc
0000184f   _Z8CMD_helpiPPc
00001791   _Z8CMD_idleiPPc
000017d7   _Z8CMD_moveiPPc
000017fd   _Z8CMD_stopiPPc
0000180d   _Z8CMD_textiPPc
00001751   _Z8CMD_zeroiPPc
000018bf   _Z8MNU_feediPPc
000018d5   _Z8MNU_moveiPPc
00001b6d   _Z8MainLoopv
0000199b   _Z8OnDialeri
0000303d   _ZN10__cxxabiv116__enum_type_infoD0Ev
0000303b   _ZN10__cxxabiv116__enum_type_infoD1Ev
0000303b   _ZN10__cxxabiv116__enum_type_infoD2Ev
00003033   _ZN10__cxxabiv117__array_type_infoD0Ev
00003031   _ZN10__cxxabiv117__array_type_infoD1Ev
00003031   _ZN10__cxxabiv117__array_type_infoD2Ev
00003029   _ZN10__cxxabiv117__class_type_infoD0Ev
00003027   _ZN10__cxxabiv117__class_type_infoD1Ev
00003027   _ZN10__cxxabiv117__class_type_infoD2Ev
0000301f   _ZN10__cxxabiv117__pbase_type_infoD0Ev
0000301d   _ZN10__cxxabiv117__pbase_type_infoD1Ev
0000301d   _ZN10__cxxabiv117__pbase_type_infoD2Ev
00003015   _ZN10__cxxabiv119__pointer_type_infoD0Ev
00003013   _ZN10__cxxabiv119__pointer_type_infoD1Ev
00003013   _ZN10__cxxabiv119__pointer_type_infoD2Ev
0000300b   _ZN10__cxxabiv120__function_type_infoD0Ev
00003009   _ZN10__cxxabiv120__function_type_infoD1Ev
00003009   _ZN10__cxxabiv120__function_type_infoD2Ev
00003001   _ZN10__cxxabiv120__si_class_type_infoD0Ev
00002fff   _ZN10__cxxabiv120__si_class_type_infoD1Ev
00002fff   _ZN10__cxxabiv120__si_class_type_infoD2Ev
00002ff7   _ZN10__cxxabiv121__vmi_class_type_infoD0Ev
00002ff5   _ZN10__cxxabiv121__vmi_class_type_infoD1Ev
00002ff5   _ZN10__cxxabiv121__vmi_class_type_infoD2Ev
00002fed   _ZN10__cxxabiv123__fundamental_type_infoD0Ev
00002feb   _ZN10__cxxabiv123__fundamental_type_infoD1Ev
00002feb   _ZN10__cxxabiv123__fundamental_type_infoD2Ev
00002fe3   _ZN10__cxxabiv129__pointer_to_member_type_infoD0Ev
00002fe1   _ZN10__cxxabiv129__pointer_to_member_type_infoD1Ev
00002fe1   _ZN10__cxxabiv129__pointer_to_member_type_infoD2Ev
00002475   _ZN4aeo110qei_sensor10InitializeEv
0000249f   _ZN4aeo110qei_sensor3GetEv
00002505   _ZN4aeo110qei_sensor3SetEi
0000253b   _ZN4aeo110qei_sensor4DiagEv
0000252b   _ZN4aeo110qei_sensor4ZeroEv
000024c7   _ZN4aeo110qei_sensor8GetIndexEv
00002419   _ZN4aeo110qei_sensorC1ENS0_9device_idENS0_13configurationE
00002419   _ZN4aeo110qei_sensorC2ENS0_9device_idENS0_13configurationE
0000245f   _ZN4aeo110qei_sensorD0Ev
00002453   _ZN4aeo110qei_sensorD1Ev
00002453   _ZN4aeo110qei_sensorD2Ev
0000359d   _ZN4aeo111pwm_stepper4DiagEv
00003569   _ZN4aeo111pwm_stepperC1Ev
00003569   _ZN4aeo111pwm_stepperC2Ev
00003587   _ZN4aeo111pwm_stepperD0Ev
0000357b   _ZN4aeo111pwm_stepperD1Ev
0000357b   _ZN4aeo111pwm_stepperD2Ev
00002729   _ZN4aeo111ssi_display10InitializeEv
000028c5   _ZN4aeo111ssi_display14Digit2SegmentsEjjb
00002821   _ZN4aeo111ssi_display3SetEPKc
0000273d   _ZN4aeo111ssi_display3SetEii
000026e1   _ZN4aeo111ssi_displayC1ENS_14ssi_peripheral9device_idE
000026e1   _ZN4aeo111ssi_displayC2ENS_14ssi_peripheral9device_idE
00002713   _ZN4aeo111ssi_displayD0Ev
00002705   _ZN4aeo111ssi_displayD1Ev
00002705   _ZN4aeo111ssi_displayD2Ev
00003365   _ZN4aeo111ssi_drv871110InitializeEv
00003371   _ZN4aeo111ssi_drv87114DiagEv
00003325   _ZN4aeo111ssi_drv8711C1ENS_14ssi_peripheral9device_idE
00003325   _ZN4aeo111ssi_drv8711C2ENS_14ssi_peripheral9device_idE
0000334f   _ZN4aeo111ssi_drv8711D0Ev
00003341   _ZN4aeo111ssi_drv8711D1Ev
00003341   _ZN4aeo111ssi_drv8711D2Ev
000029a3   _ZN4aeo112adc_potmeter10InitializeEv
2000083c   _ZN4aeo112adc_potmeter10m_nCounterE
00002a1f   _ZN4aeo112adc_potmeter11OnInterruptEv
20000844   _ZN4aeo112adc_potmeter14m_nReadCounterE
00002ac9   _ZN4aeo112adc_potmeter15GetErrorCounterEv
20000840   _ZN4aeo112adc_potmeter15m_nErrorCounterE
20000848   _ZN4aeo112adc_potmeter16m_pTheOneAndOnlyE
00002ae1   _ZN4aeo112adc_potmeter4DiagEv
00002a9b   _ZN4aeo112adc_potmeter7TriggerEv
00002aa9   _ZN4aeo112adc_potmeter8GetValueEv
00002a03   _ZN4aeo112adc_potmeter9TerminateEv
0000294b   _ZN4aeo112adc_potmeterC1Ev
0000294b   _ZN4aeo112adc_potmeterC2Ev
0000298d   _ZN4aeo112adc_potmeterD0Ev
00002969   _ZN4aeo112adc_potmeterD1Ev
00002969   _ZN4aeo112adc_potmeterD2Ev
00003549   _ZN4aeo112gpio_stepper4DiagEv
00003515   _ZN4aeo112gpio_stepperC1Ev
00003515   _ZN4aeo112gpio_stepperC2Ev
00003533   _ZN4aeo112gpio_stepperD0Ev
00003527   _ZN4aeo112gpio_stepperD1Ev
00003527   _ZN4aeo112gpio_stepperD2Ev
00003391   _ZN4aeo113Alpha7SegmentEc
000021c1   _ZN4aeo114ssi_peripheral10InitializeEv
000022bf   _ZN4aeo114ssi_peripheral11OnInterruptEv
000022eb   _ZN4aeo114ssi_peripheral4DiagEv
000023a1   _ZN4aeo114ssi_peripheral8LoadFIFOEv
00002331   _ZN4aeo114ssi_peripheral9TerminateEv
0000213d   _ZN4aeo114ssi_peripheralC1ENS0_9device_idE
0000213d   _ZN4aeo114ssi_peripheralC2ENS0_9device_idE
000021ab   _ZN4aeo114ssi_peripheralD0Ev
00002197   _ZN4aeo114ssi_peripheralD1Ev
00002197   _ZN4aeo114ssi_peripheralD2Ev
20000760   _ZN4aeo118SSI0_SpecificationE
2000078c   _ZN4aeo118SSI1_SpecificationE
200007b8   _ZN4aeo118SSI2_SpecificationE
200007e4   _ZN4aeo118SSI3_SpecificationE
00002cbb   _ZN4aeo17drv871110InitializeEv
00002d09   _ZN4aeo17drv87114DiagEv
00002cdd   _ZN4aeo17drv87114FeedEi
00002cd1   _ZN4aeo17drv87114HaltEv
00002cc5   _ZN4aeo17drv87114IdleEv
00002ced   _ZN4aeo17drv87114MoveEi
00002cfd   _ZN4aeo17drv87114StopEv
00002c5d   _ZN4aeo17drv8711C1Ev
00002c5d   _ZN4aeo17drv8711C2Ev
00002ca5   _ZN4aeo17drv8711D0Ev
00002c85   _ZN4aeo17drv8711D1Ev
00002c85   _ZN4aeo17drv8711D2Ev
00002fa3   _ZNKSt9type_info4nameEv
00002fd3   _ZNKSt9type_info6beforeERKS_
00002fbd   _ZNKSt9type_infoeqERKS_
00002fa7   _ZNKSt9type_infoneERKS_
00002f9b   _ZNSt9type_infoD0Ev
00002f99   _ZNSt9type_infoD1Ev
00002f99   _ZNSt9type_infoD2Ev
20000648   _ZSt16__dummy_typeinfo
00002f91   _ZSt21__gen_dummy_typeinfosv
00004244   _ZTIN10__cxxabiv117__class_type_infoE
00004250   _ZTIN10__cxxabiv117__pbase_type_infoE
0000425c   _ZTIN10__cxxabiv119__pointer_type_infoE
00004268   _ZTIN10__cxxabiv120__si_class_type_infoE
00004274   _ZTIN10__cxxabiv123__fundamental_type_infoE
00004298   _ZTIN4aeo110qei_sensorE
000042a0   _ZTIN4aeo111pwm_stepperE
00004280   _ZTIN4aeo111ssi_displayE
0000428c   _ZTIN4aeo111ssi_drv8711E
000042a8   _ZTIN4aeo112adc_potmeterE
000042b0   _ZTIN4aeo112gpio_stepperE
000042b8   _ZTIN4aeo114ssi_peripheralE
000042c0   _ZTIN4aeo17drv8711E
00004184   _ZTIPKe
000042c8   _ZTISt9type_info
000042d0   _ZTIe
00004050   _ZTSN10__cxxabiv117__class_type_infoE
00004072   _ZTSN10__cxxabiv117__pbase_type_infoE
00003fbd   _ZTSN10__cxxabiv119__pointer_type_infoE
00003f98   _ZTSN10__cxxabiv120__si_class_type_infoE
00003f48   _ZTSN10__cxxabiv123__fundamental_type_infoE
00004133   _ZTSN4aeo110qei_sensorE
000040f4   _ZTSN4aeo111pwm_stepperE
00004109   _ZTSN4aeo111ssi_displayE
0000411e   _ZTSN4aeo111ssi_drv8711E
000040c8   _ZTSN4aeo112adc_potmeterE
000040de   _ZTSN4aeo112gpio_stepperE
000040b0   _ZTSN4aeo114ssi_peripheralE
00004194   _ZTSN4aeo17drv8711E
000042d8   _ZTSPKe
00004234   _ZTSSt9type_info
00003d1a   _ZTSe
000041a4   _ZTVN10__cxxabiv117__class_type_infoE
000041b4   _ZTVN10__cxxabiv119__pointer_type_infoE
000041c4   _ZTVN10__cxxabiv120__si_class_type_infoE
000041d4   _ZTVN10__cxxabiv123__fundamental_type_infoE
000041e4   _ZTVN4aeo110qei_sensorE
000041f4   _ZTVN4aeo111pwm_stepperE
00003fe4   _ZTVN4aeo111ssi_displayE
00004008   _ZTVN4aeo111ssi_drv8711E
00004204   _ZTVN4aeo112adc_potmeterE
00004214   _ZTVN4aeo112gpio_stepperE
0000402c   _ZTVN4aeo114ssi_peripheralE
00004224   _ZTVN4aeo17drv8711E
00003b41   _ZdlPv
20000a84   __STACK_END
00000200   __STACK_SIZE
20000a84   __STACK_TOP
00000008   __SYSMEM_SIZE
000044c0   __TI_CINIT_Base
000044d0   __TI_CINIT_Limit
000044a8   __TI_Handler_Table_Base
000044b4   __TI_Handler_Table_Limit
00000001   __TI_args_main
00003195   __TI_auto_init
20000870   __TI_cleanup_ptr
00003a83   __TI_decompress_none
00003b61   __TI_decompress_rle24
20000874   __TI_dtors_ptr
00000000   __TI_static_base__
000039ed   __TI_zero_init
00002ef5   __aeabi_atexit
00003323   __aeabi_idiv0
000032a9   __aeabi_memclr
000032a9   __aeabi_memclr4
000032a9   __aeabi_memclr8
000030f9   __aeabi_memcpy
000030f9   __aeabi_memcpy4
000030f9   __aeabi_memcpy8
000032ab   __aeabi_memset
000032ab   __aeabi_memset4
000032ab   __aeabi_memset8
00003757   __aeabi_uidiv
00003757   __aeabi_uidivmod
ffffffff   __binit__
ffffffff   __c_args__
00002ee3   __cxa_atexit
00002e9d   __cxa_finalize
00002edd   __cxa_ia64_exit
2000064c   __dso_handle
20000884   __stack
00001bd5   __sti___8_main_cpp_1c94e432
000038e9   _args_main
00003605   _c_int00
20000868   _lock
0000397b   _nop
00003973   _register_lock
0000396d   _register_unlock
20000a88   _sys_memory
2000086c   _unlock
00003695   abort
00002ee7   atexit
ffffffff   binit
0000209d   calloc
0000364d   copy_in
0000369d   exit
00001ded   free
2000055c   g_oDialerDisplay
20000500   g_oDrv8711
20000638   g_oLinearScale
20000628   g_oRotaryDialer
200005b0   g_oScaleDisplay
00000000   g_pfnVectors
20000658   g_psCmdTable
200006dc   g_psRotaryMenu
00001bc3   main
2000087c   main_func_sp
00001d85   malloc
00001fb9   memalign
000030f9   memcpy
000032b1   memset
00001cf9   minit
00001ead   realloc
00003901   strcmp
00000751   ulocaltime
0000094f   umktime
00000ec9   urand
00000721   usnprintf
000006ef   usprintf
00000eb9   usrand
00000e31   ustrcasecmp
00000ea5   ustrcmp
00000d35   ustrlen
00000d8d   ustrncasecmp
00000e45   ustrncmp
0000026d   ustrncpy
00000d57   ustrstr
00000afd   ustrtof
000009c5   ustrtoul
000002c5   uvsnprintf


GLOBAL SYMBOLS: SORTED BY Symbol Address 

address    name
--------   ----
00000000   __TI_static_base__
00000000   g_pfnVectors
00000001   __TI_args_main
00000008   __SYSMEM_SIZE
00000200   __STACK_SIZE
0000026d   ustrncpy
000002c5   uvsnprintf
000006ef   usprintf
00000721   usnprintf
00000751   ulocaltime
0000094f   umktime
000009c5   ustrtoul
00000afd   ustrtof
00000d35   ustrlen
00000d57   ustrstr
00000d8d   ustrncasecmp
00000e31   ustrcasecmp
00000e45   ustrncmp
00000ea5   ustrcmp
00000eb9   usrand
00000ec9   urand
00000fdd   UARTStdioConfig
00001063   UARTwrite
00001103   UARTgets
0000117f   UARTgetc
000011d9   UARTvprintf
000014d3   UARTprintf
000014f7   UARTRxBytesAvail
00001505   UARTTxBytesFree
00001519   UARTPeek
00001573   UARTFlushRx
00001593   UARTFlushTx
000015c9   UARTEchoSet
000015f5   UARTStdioIntHandler
00001751   _Z8CMD_zeroiPPc
0000176b   _Z7CMD_setiPPc
00001791   _Z8CMD_idleiPPc
000017a1   _Z8CMD_haltiPPc
000017b1   _Z8CMD_feediPPc
000017d7   _Z8CMD_moveiPPc
000017fd   _Z8CMD_stopiPPc
0000180d   _Z8CMD_textiPPc
00001827   _Z8CMD_diagiPPc
0000184f   _Z8CMD_helpiPPc
000018a1   _Z7MNU_setiPPc
000018bf   _Z8MNU_feediPPc
000018d5   _Z8MNU_moveiPPc
000018eb   _Z12OnMenuDialeri
00001975   _Z14OnNumberDialeri
0000199b   _Z8OnDialeri
000019bd   _Z13ConfigureUARTv
000019fd   SysTickIntHandler
00001a91   _Z10Initializev
00001b6d   _Z8MainLoopv
00001bc3   main
00001bd5   __sti___8_main_cpp_1c94e432
00001cf9   minit
00001d85   malloc
00001ded   free
00001ead   realloc
00001fb9   memalign
0000209d   calloc
000020d5   OnSSI0Interrupt
000020ef   OnSSI1Interrupt
00002109   OnSSI2Interrupt
00002123   OnSSI3Interrupt
0000213d   _ZN4aeo114ssi_peripheralC1ENS0_9device_idE
0000213d   _ZN4aeo114ssi_peripheralC2ENS0_9device_idE
00002197   _ZN4aeo114ssi_peripheralD1Ev
00002197   _ZN4aeo114ssi_peripheralD2Ev
000021ab   _ZN4aeo114ssi_peripheralD0Ev
000021c1   _ZN4aeo114ssi_peripheral10InitializeEv
000022bf   _ZN4aeo114ssi_peripheral11OnInterruptEv
000022eb   _ZN4aeo114ssi_peripheral4DiagEv
00002331   _ZN4aeo114ssi_peripheral9TerminateEv
000023a1   _ZN4aeo114ssi_peripheral8LoadFIFOEv
00002419   _ZN4aeo110qei_sensorC1ENS0_9device_idENS0_13configurationE
00002419   _ZN4aeo110qei_sensorC2ENS0_9device_idENS0_13configurationE
00002453   _ZN4aeo110qei_sensorD1Ev
00002453   _ZN4aeo110qei_sensorD2Ev
0000245f   _ZN4aeo110qei_sensorD0Ev
00002475   _ZN4aeo110qei_sensor10InitializeEv
0000249f   _ZN4aeo110qei_sensor3GetEv
000024c7   _ZN4aeo110qei_sensor8GetIndexEv
00002505   _ZN4aeo110qei_sensor3SetEi
0000252b   _ZN4aeo110qei_sensor4ZeroEv
0000253b   _ZN4aeo110qei_sensor4DiagEv
000026e1   _ZN4aeo111ssi_displayC1ENS_14ssi_peripheral9device_idE
000026e1   _ZN4aeo111ssi_displayC2ENS_14ssi_peripheral9device_idE
00002705   _ZN4aeo111ssi_displayD1Ev
00002705   _ZN4aeo111ssi_displayD2Ev
00002713   _ZN4aeo111ssi_displayD0Ev
00002729   _ZN4aeo111ssi_display10InitializeEv
0000273d   _ZN4aeo111ssi_display3SetEii
00002821   _ZN4aeo111ssi_display3SetEPKc
000028c5   _ZN4aeo111ssi_display14Digit2SegmentsEjjb
00002939   OnADCInterrupt
0000294b   _ZN4aeo112adc_potmeterC1Ev
0000294b   _ZN4aeo112adc_potmeterC2Ev
00002969   _ZN4aeo112adc_potmeterD1Ev
00002969   _ZN4aeo112adc_potmeterD2Ev
0000298d   _ZN4aeo112adc_potmeterD0Ev
000029a3   _ZN4aeo112adc_potmeter10InitializeEv
00002a03   _ZN4aeo112adc_potmeter9TerminateEv
00002a1f   _ZN4aeo112adc_potmeter11OnInterruptEv
00002a9b   _ZN4aeo112adc_potmeter7TriggerEv
00002aa9   _ZN4aeo112adc_potmeter8GetValueEv
00002ac9   _ZN4aeo112adc_potmeter15GetErrorCounterEv
00002ae1   _ZN4aeo112adc_potmeter4DiagEv
00002b2d   GPIOPadConfigSet
00002c5d   _ZN4aeo17drv8711C1Ev
00002c5d   _ZN4aeo17drv8711C2Ev
00002c85   _ZN4aeo17drv8711D1Ev
00002c85   _ZN4aeo17drv8711D2Ev
00002ca5   _ZN4aeo17drv8711D0Ev
00002cbb   _ZN4aeo17drv871110InitializeEv
00002cc5   _ZN4aeo17drv87114IdleEv
00002cd1   _ZN4aeo17drv87114HaltEv
00002cdd   _ZN4aeo17drv87114FeedEi
00002ced   _ZN4aeo17drv87114MoveEi
00002cfd   _ZN4aeo17drv87114StopEv
00002d09   _ZN4aeo17drv87114DiagEv
00002d85   SysCtlClockGet
00002e9d   __cxa_finalize
00002edd   __cxa_ia64_exit
00002ee3   __cxa_atexit
00002ee7   atexit
00002ef5   __aeabi_atexit
00002f91   _ZSt21__gen_dummy_typeinfosv
00002f99   _ZNSt9type_infoD1Ev
00002f99   _ZNSt9type_infoD2Ev
00002f9b   _ZNSt9type_infoD0Ev
00002fa3   _ZNKSt9type_info4nameEv
00002fa7   _ZNKSt9type_infoneERKS_
00002fbd   _ZNKSt9type_infoeqERKS_
00002fd3   _ZNKSt9type_info6beforeERKS_
00002fe1   _ZN10__cxxabiv129__pointer_to_member_type_infoD1Ev
00002fe1   _ZN10__cxxabiv129__pointer_to_member_type_infoD2Ev
00002fe3   _ZN10__cxxabiv129__pointer_to_member_type_infoD0Ev
00002feb   _ZN10__cxxabiv123__fundamental_type_infoD1Ev
00002feb   _ZN10__cxxabiv123__fundamental_type_infoD2Ev
00002fed   _ZN10__cxxabiv123__fundamental_type_infoD0Ev
00002ff5   _ZN10__cxxabiv121__vmi_class_type_infoD1Ev
00002ff5   _ZN10__cxxabiv121__vmi_class_type_infoD2Ev
00002ff7   _ZN10__cxxabiv121__vmi_class_type_infoD0Ev
00002fff   _ZN10__cxxabiv120__si_class_type_infoD1Ev
00002fff   _ZN10__cxxabiv120__si_class_type_infoD2Ev
00003001   _ZN10__cxxabiv120__si_class_type_infoD0Ev
00003009   _ZN10__cxxabiv120__function_type_infoD1Ev
00003009   _ZN10__cxxabiv120__function_type_infoD2Ev
0000300b   _ZN10__cxxabiv120__function_type_infoD0Ev
00003013   _ZN10__cxxabiv119__pointer_type_infoD1Ev
00003013   _ZN10__cxxabiv119__pointer_type_infoD2Ev
00003015   _ZN10__cxxabiv119__pointer_type_infoD0Ev
0000301d   _ZN10__cxxabiv117__pbase_type_infoD1Ev
0000301d   _ZN10__cxxabiv117__pbase_type_infoD2Ev
0000301f   _ZN10__cxxabiv117__pbase_type_infoD0Ev
00003027   _ZN10__cxxabiv117__class_type_infoD1Ev
00003027   _ZN10__cxxabiv117__class_type_infoD2Ev
00003029   _ZN10__cxxabiv117__class_type_infoD0Ev
00003031   _ZN10__cxxabiv117__array_type_infoD1Ev
00003031   _ZN10__cxxabiv117__array_type_infoD2Ev
00003033   _ZN10__cxxabiv117__array_type_infoD0Ev
0000303b   _ZN10__cxxabiv116__enum_type_infoD1Ev
0000303b   _ZN10__cxxabiv116__enum_type_infoD2Ev
0000303d   _ZN10__cxxabiv116__enum_type_infoD0Ev
0000304d   CmdLineProcess
000030f9   __aeabi_memcpy
000030f9   __aeabi_memcpy4
000030f9   __aeabi_memcpy8
000030f9   memcpy
00003195   __TI_auto_init
00003229   ADCSequenceStepConfigure
000032a9   __aeabi_memclr
000032a9   __aeabi_memclr4
000032a9   __aeabi_memclr8
000032ab   __aeabi_memset
000032ab   __aeabi_memset4
000032ab   __aeabi_memset8
000032b1   memset
00003323   __aeabi_idiv0
00003325   _ZN4aeo111ssi_drv8711C1ENS_14ssi_peripheral9device_idE
00003325   _ZN4aeo111ssi_drv8711C2ENS_14ssi_peripheral9device_idE
00003341   _ZN4aeo111ssi_drv8711D1Ev
00003341   _ZN4aeo111ssi_drv8711D2Ev
0000334f   _ZN4aeo111ssi_drv8711D0Ev
00003365   _ZN4aeo111ssi_drv871110InitializeEv
00003371   _ZN4aeo111ssi_drv87114DiagEv
00003391   _ZN4aeo113Alpha7SegmentEc
000033f5   IntDisable
00003455   IntEnable
00003515   _ZN4aeo112gpio_stepperC1Ev
00003515   _ZN4aeo112gpio_stepperC2Ev
00003527   _ZN4aeo112gpio_stepperD1Ev
00003527   _ZN4aeo112gpio_stepperD2Ev
00003533   _ZN4aeo112gpio_stepperD0Ev
00003549   _ZN4aeo112gpio_stepper4DiagEv
00003569   _ZN4aeo111pwm_stepperC1Ev
00003569   _ZN4aeo111pwm_stepperC2Ev
0000357b   _ZN4aeo111pwm_stepperD1Ev
0000357b   _ZN4aeo111pwm_stepperD2Ev
00003587   _ZN4aeo111pwm_stepperD0Ev
0000359d   _ZN4aeo111pwm_stepper4DiagEv
000035bd   GPIOPinConfigure
00003605   _c_int00
0000364d   copy_in
00003691   C$$EXIT
00003695   abort
0000369d   exit
000036d5   SSIConfigSetExpClk
00003717   UARTConfigSetExpClk
00003757   __aeabi_uidiv
00003757   __aeabi_uidivmod
00003797   ADCSequenceConfigure
000037d5   SysCtlPeripheralEnable
00003809   SysCtlPeripheralPresent
0000383d   ADCIntStatus
0000386b   GPIODirModeSet
00003895   ADCSequenceDataGet
000038b5   UARTDisable
000038d1   ADCClockConfigSet
000038e9   _args_main
00003901   strcmp
00003919   ADCProcessorTrigger
00003931   SysTickEnable
00003945   SysTickIntEnable
00003959   UARTEnable
0000396d   _register_unlock
00003973   _register_lock
0000397b   _nop
00003981   ADCHardwareOversampleConfigure
00003993   GPIOPinTypeADC
000039a5   GPIOPinTypeQEI
000039b7   GPIOPinTypeSSI
000039c9   GPIOPinTypeUART
000039db   SSIDataGetNonBlocking
000039ed   __TI_zero_init
000039ff   ADCIntEnable
00003a11   SysTickPeriodSet
00003a21   ADCIntDisable
00003a2f   ADCSequenceDisable
00003a3d   ADCSequenceEnable
00003a4b   QEIConfigure
00003a59   SSIDataPutNonBlocking
00003a67   UARTCharGetNonBlocking
00003a75   UARTCharPutNonBlocking
00003a83   __TI_decompress_none
00003a91   CPUcpsid
00003a9d   CPUcpsie
00003aa9   UARTCharsAvail
00003ab5   UARTSpaceAvail
00003ac1   ResetISR
00003acd   ADCIntClear
00003ad7   IntMasterDisable
00003ae1   IntMasterEnable
00003aeb   QEIEnable
00003af5   SSIDisable
00003aff   SSIEnable
00003b09   SSIIntDisable
00003b13   SSIIntStatus
00003b1d   UARTIntDisable
00003b27   UARTIntStatus
00003b31   SSIIntEnable
00003b39   UARTIntEnable
00003b41   _ZdlPv
00003b49   GPIOPinRead
00003b4f   SysCtlDelay
00003b55   UARTClockSourceSet
00003b5b   UARTFIFOLevelSet
00003b61   __TI_decompress_rle24
00003b67   QEIPositionGet
00003b6b   QEIPositionSet
00003b6f   SSIIntClear
00003b73   UARTIntClear
00003d1a   _ZTSe
00003f48   _ZTSN10__cxxabiv123__fundamental_type_infoE
00003f98   _ZTSN10__cxxabiv120__si_class_type_infoE
00003fbd   _ZTSN10__cxxabiv119__pointer_type_infoE
00003fe4   _ZTVN4aeo111ssi_displayE
00004008   _ZTVN4aeo111ssi_drv8711E
0000402c   _ZTVN4aeo114ssi_peripheralE
00004050   _ZTSN10__cxxabiv117__class_type_infoE
00004072   _ZTSN10__cxxabiv117__pbase_type_infoE
000040b0   _ZTSN4aeo114ssi_peripheralE
000040c8   _ZTSN4aeo112adc_potmeterE
000040de   _ZTSN4aeo112gpio_stepperE
000040f4   _ZTSN4aeo111pwm_stepperE
00004109   _ZTSN4aeo111ssi_displayE
0000411e   _ZTSN4aeo111ssi_drv8711E
00004133   _ZTSN4aeo110qei_sensorE
00004184   _ZTIPKe
00004194   _ZTSN4aeo17drv8711E
000041a4   _ZTVN10__cxxabiv117__class_type_infoE
000041b4   _ZTVN10__cxxabiv119__pointer_type_infoE
000041c4   _ZTVN10__cxxabiv120__si_class_type_infoE
000041d4   _ZTVN10__cxxabiv123__fundamental_type_infoE
000041e4   _ZTVN4aeo110qei_sensorE
000041f4   _ZTVN4aeo111pwm_stepperE
00004204   _ZTVN4aeo112adc_potmeterE
00004214   _ZTVN4aeo112gpio_stepperE
00004224   _ZTVN4aeo17drv8711E
00004234   _ZTSSt9type_info
00004244   _ZTIN10__cxxabiv117__class_type_infoE
00004250   _ZTIN10__cxxabiv117__pbase_type_infoE
0000425c   _ZTIN10__cxxabiv119__pointer_type_infoE
00004268   _ZTIN10__cxxabiv120__si_class_type_infoE
00004274   _ZTIN10__cxxabiv123__fundamental_type_infoE
00004280   _ZTIN4aeo111ssi_displayE
0000428c   _ZTIN4aeo111ssi_drv8711E
00004298   _ZTIN4aeo110qei_sensorE
000042a0   _ZTIN4aeo111pwm_stepperE
000042a8   _ZTIN4aeo112adc_potmeterE
000042b0   _ZTIN4aeo112gpio_stepperE
000042b8   _ZTIN4aeo114ssi_peripheralE
000042c0   _ZTIN4aeo17drv8711E
000042c8   _ZTISt9type_info
000042d0   _ZTIe
000042d8   _ZTSPKe
000042dc   SHT$$INIT_ARRAY$$Base
000042e0   SHT$$INIT_ARRAY$$Limit
000044a8   __TI_Handler_Table_Base
000044b4   __TI_Handler_Table_Limit
000044c0   __TI_CINIT_Base
000044d0   __TI_CINIT_Limit
20000500   g_oDrv8711
2000055c   g_oDialerDisplay
200005b0   g_oScaleDisplay
20000628   g_oRotaryDialer
20000638   g_oLinearScale
20000648   _ZSt16__dummy_typeinfo
2000064c   __dso_handle
20000658   g_psCmdTable
200006dc   g_psRotaryMenu
20000760   _ZN4aeo118SSI0_SpecificationE
2000078c   _ZN4aeo118SSI1_SpecificationE
200007b8   _ZN4aeo118SSI2_SpecificationE
200007e4   _ZN4aeo118SSI3_SpecificationE
2000083c   _ZN4aeo112adc_potmeter10m_nCounterE
20000840   _ZN4aeo112adc_potmeter15m_nErrorCounterE
20000844   _ZN4aeo112adc_potmeter14m_nReadCounterE
20000848   _ZN4aeo112adc_potmeter16m_pTheOneAndOnlyE
20000868   _lock
2000086c   _unlock
20000870   __TI_cleanup_ptr
20000874   __TI_dtors_ptr
2000087c   main_func_sp
20000884   __stack
20000a84   __STACK_END
20000a84   __STACK_TOP
20000a88   _sys_memory
ffffffff   __binit__
ffffffff   __c_args__
ffffffff   binit

[353 symbols]
