******************************************************************************
                  TI ARM Linker PC v5.1.11                     
******************************************************************************
>> Linked Sun Mar 29 20:08:16 2015

OUTPUT FILE NAME:   <test_drv8711.out>
ENTRY POINT SYMBOL: "_c_int00"  address: 00003571


MEMORY CONFIGURATION

         name            origin    length      used     unused   attr    fill
----------------------  --------  ---------  --------  --------  ----  --------
  FLASH                 00000000   00040000  000043b6  0003bc4a  R  X
  SRAM                  20000000   00008000  00000a25  000075db  RW X


SEGMENT ALLOCATION MAP

run origin  load origin   length   init length attrs members
----------  ----------- ---------- ----------- ----- -------
00000000    00000000    000043b8   000043b8    r-x
  00000000    00000000    0000026c   0000026c    r-- .intvecs
  0000026c    0000026c    00003876   00003876    r-x .text
  00003ae4    00003ae4    00000740   00000740    r-- .const
  00004224    00004224    00000004   00000004    r-- .init_array
  00004228    00004228    00000190   00000190    r-- .cinit
20000000    20000000    00000a28   00000000    rw-
  20000000    20000000    00000655   00000000    rw- .bss
  20000658    20000658    00000200   00000000    rw- .stack
  20000858    20000858    000001c8   00000000    rw- .data
  20000a20    20000a20    00000008   00000000    rw- .sysmem


SECTION ALLOCATION MAP

 output                                  attributes/
section   page    origin      length       input sections
--------  ----  ----------  ----------   ----------------
.intvecs   0    00000000    0000026c     
                  00000000    0000026c     tm4c123gh6pm_startup_ccs.obj (.intvecs)

.text      0    0000026c    00003876     
                  0000026c    00000c84     tiva_utils.lib : ustdlib.obj (.text)
                  00000ef0    00000860                    : uartstdio.obj (.text)
                  00001750    00000514     main.obj (.text)
                  00001c64    000003dc     rtsv7M4_T_le_v4SPD16_eabi.lib : memory.obj (.text)
                  00002040    00000344     aeo1_drivers.lib : ssi_peripheral.obj (.text)
                  00002384    000002c8                      : qei_sensor.obj (.text)
                  0000264c    00000258                      : ssi_display.obj (.text)
                  000028a4    000001f4                      : adc_potmeter.obj (.text)
                  00002a98    00000130     driverlib.lib : gpio.obj (.text:GPIOPadConfigSet)
                  00002bc8    00000128     drv8711.obj (.text)
                  00002cf0    00000118     driverlib.lib : sysctl.obj (.text:SysCtlClockGet)
                  00002e08    000000f4     rtsv7M4_T_le_v4SPD16_eabi.lib : dtor_list.obj (.text)
                  00002efc    000000bc                                   : typeinfo_.obj (.text)
                  00002fb8    000000ac     tiva_utils.lib : cmdline.obj (.text)
                  00003064    0000009c     rtsv7M4_T_le_v4SPD16_eabi.lib : memcpy_t2.obj (.text)
                  00003100    00000094                                   : auto_init.obj (.text)
                  00003194    00000080     driverlib.lib : adc.obj (.text:ADCSequenceStepConfigure)
                  00003214    0000007a     rtsv7M4_T_le_v4SPD16_eabi.lib : memset_t2.obj (.text)
                  0000328e    00000002                                   : i_div0.obj (.text)
                  00003290    0000006c     aeo1_drivers.lib : ssi_drv8711.obj (.text)
                  000032fc    00000064                      : alpha7segment.obj (.text)
                  00003360    00000060     driverlib.lib : interrupt.obj (.text:IntDisable)
                  000033c0    00000060                   : interrupt.obj (.text:IntEnable)
                  00003420    0000005e     rtsv7M4_T_le_v4SPD16_eabi.lib : copy_decompress_rle.obj (.text)
                  0000347e    00000002     --HOLE-- [fill = 0]
                  00003480    00000054     aeo1_drivers.lib : gpio_stepper.obj (.text)
                  000034d4    00000054                      : pwm_stepper.obj (.text)
                  00003528    00000048     driverlib.lib : gpio.obj (.text:GPIOPinConfigure)
                  00003570    00000048     rtsv7M4_T_le_v4SPD16_eabi.lib : boot.obj (.text)
                  000035b8    00000044                                   : cpy_tbl.obj (.text)
                  000035fc    00000044                                   : exit.obj (.text)
                  00003640    00000042     driverlib.lib : ssi.obj (.text:SSIConfigSetExpClk)
                  00003682    00000040                   : uart.obj (.text:UARTConfigSetExpClk)
                  000036c2    00000040     rtsv7M4_T_le_v4SPD16_eabi.lib : u_divt2.obj (.text)
                  00003702    0000003e     driverlib.lib : adc.obj (.text:ADCSequenceConfigure)
                  00003740    00000034                   : sysctl.obj (.text:SysCtlPeripheralEnable)
                  00003774    00000034                   : sysctl.obj (.text:SysCtlPeripheralPresent)
                  000037a8    0000002e                   : adc.obj (.text:ADCIntStatus)
                  000037d6    0000002a                   : gpio.obj (.text:GPIODirModeSet)
                  00003800    0000001e                   : adc.obj (.text:ADCSequenceDataGet)
                  0000381e    00000002     --HOLE-- [fill = 0]
                  00003820    0000001c                   : uart.obj (.text:UARTDisable)
                  0000383c    00000018                   : adc.obj (.text:ADCClockConfigSet)
                  00003854    00000018     rtsv7M4_T_le_v4SPD16_eabi.lib : args_main.obj (.text)
                  0000386c    00000018                                   : strcmp.obj (.text)
                  00003884    00000016     driverlib.lib : adc.obj (.text:ADCProcessorTrigger)
                  0000389a    00000002     --HOLE-- [fill = 0]
                  0000389c    00000014                   : systick.obj (.text:SysTickEnable)
                  000038b0    00000014                   : systick.obj (.text:SysTickIntEnable)
                  000038c4    00000014                   : uart.obj (.text:UARTEnable)
                  000038d8    00000014     rtsv7M4_T_le_v4SPD16_eabi.lib : _lock.obj (.text)
                  000038ec    00000012     driverlib.lib : adc.obj (.text:ADCHardwareOversampleConfigure)
                  000038fe    00000012                   : gpio.obj (.text:GPIOPinTypeADC)
                  00003910    00000012                   : gpio.obj (.text:GPIOPinTypeQEI)
                  00003922    00000012                   : gpio.obj (.text:GPIOPinTypeSSI)
                  00003934    00000012                   : gpio.obj (.text:GPIOPinTypeUART)
                  00003946    00000012                   : ssi.obj (.text:SSIDataGetNonBlocking)
                  00003958    00000012     rtsv7M4_T_le_v4SPD16_eabi.lib : copy_zero_init.obj (.text:decompress:ZI)
                  0000396a    00000010     driverlib.lib : adc.obj (.text:ADCIntEnable)
                  0000397a    00000002     --HOLE-- [fill = 0]
                  0000397c    00000010                   : systick.obj (.text:SysTickPeriodSet)
                  0000398c    0000000e                   : adc.obj (.text:ADCIntDisable)
                  0000399a    0000000e                   : adc.obj (.text:ADCSequenceDisable)
                  000039a8    0000000e                   : adc.obj (.text:ADCSequenceEnable)
                  000039b6    0000000e                   : qei.obj (.text:QEIConfigure)
                  000039c4    0000000e                   : ssi.obj (.text:SSIDataPutNonBlocking)
                  000039d2    0000000e                   : uart.obj (.text:UARTCharGetNonBlocking)
                  000039e0    0000000e                   : uart.obj (.text:UARTCharPutNonBlocking)
                  000039ee    0000000e     rtsv7M4_T_le_v4SPD16_eabi.lib : copy_decompress_none.obj (.text:decompress:none)
                  000039fc    0000000c     driverlib.lib : cpu.obj (.text:CPUcpsid)
                  00003a08    0000000c                   : cpu.obj (.text:CPUcpsie)
                  00003a14    0000000c                   : uart.obj (.text:UARTCharsAvail)
                  00003a20    0000000c                   : uart.obj (.text:UARTSpaceAvail)
                  00003a2c    0000000c     tm4c123gh6pm_startup_ccs.obj (.text)
                  00003a38    0000000a     driverlib.lib : adc.obj (.text:ADCIntClear)
                  00003a42    0000000a                   : interrupt.obj (.text:IntMasterDisable)
                  00003a4c    0000000a                   : interrupt.obj (.text:IntMasterEnable)
                  00003a56    0000000a                   : qei.obj (.text:QEIEnable)
                  00003a60    0000000a                   : ssi.obj (.text:SSIDisable)
                  00003a6a    0000000a                   : ssi.obj (.text:SSIEnable)
                  00003a74    0000000a                   : ssi.obj (.text:SSIIntDisable)
                  00003a7e    0000000a                   : ssi.obj (.text:SSIIntStatus)
                  00003a88    0000000a                   : uart.obj (.text:UARTIntDisable)
                  00003a92    0000000a                   : uart.obj (.text:UARTIntStatus)
                  00003a9c    00000008                   : ssi.obj (.text:SSIIntEnable)
                  00003aa4    00000008                   : uart.obj (.text:UARTIntEnable)
                  00003aac    00000008     rtsv7M4_T_le_v4SPD16_eabi.lib : delete.obj (.text)
                  00003ab4    00000006     driverlib.lib : gpio.obj (.text:GPIOPinRead)
                  00003aba    00000006                   : sysctl.obj (.text:SysCtlDelay)
                  00003ac0    00000006                   : uart.obj (.text:UARTClockSourceSet)
                  00003ac6    00000006                   : uart.obj (.text:UARTFIFOLevelSet)
                  00003acc    00000006     rtsv7M4_T_le_v4SPD16_eabi.lib : copy_decompress_rle.obj (.text:decompress:rle24)
                  00003ad2    00000004     driverlib.lib : qei.obj (.text:QEIPositionGet)
                  00003ad6    00000004                   : qei.obj (.text:QEIPositionSet)
                  00003ada    00000004                   : ssi.obj (.text:SSIIntClear)
                  00003ade    00000004                   : uart.obj (.text:UARTIntClear)

.const     0    00003ae4    00000740     
                  00003ae4    00000180     main.obj (.const:.string)
                  00003c64    00000090     driverlib.lib : gpio.obj (.const:g_pui32GPIOBaseAddrs)
                  00003cf4    0000008e     aeo1_drivers.lib : alpha7segment.obj (.const:_ZN4aeo119alpha7segment_tableE)
                  00003d82    00000002     rtsv7M4_T_le_v4SPD16_eabi.lib : typeinfo_.obj (.const:.typeinfo:_ZTSe)
                  00003d84    00000070     driverlib.lib : interrupt.obj (.const)
                  00003df4    0000006c                   : sysctl.obj (.const:g_pui32Xtals)
                  00003e60    00000030     tiva_utils.lib : ustdlib.obj (.const:g_psDaysToMonth)
                  00003e90    00000028     rtsv7M4_T_le_v4SPD16_eabi.lib : typeinfo_.obj (.const:.typeinfo:_ZTSN10__cxxabiv123__fundamental_type_infoE)
                  00003eb8    00000028     tiva_utils.lib : uartstdio.obj (.const)
                  00003ee0    00000025     rtsv7M4_T_le_v4SPD16_eabi.lib : typeinfo_.obj (.const:.typeinfo:_ZTSN10__cxxabiv120__si_class_type_infoE)
                  00003f05    00000024                                   : typeinfo_.obj (.const:.typeinfo:_ZTSN10__cxxabiv119__pointer_type_infoE)
                  00003f29    00000003     --HOLE-- [fill = 0]
                  00003f2c    00000024     aeo1_drivers.lib : ssi_display.obj (.const:_ZTVN4aeo111ssi_displayE)
                  00003f50    00000024                      : ssi_drv8711.obj (.const:_ZTVN4aeo111ssi_drv8711E)
                  00003f74    00000024                      : ssi_peripheral.obj (.const:_ZTVN4aeo114ssi_peripheralE)
                  00003f98    00000022     rtsv7M4_T_le_v4SPD16_eabi.lib : typeinfo_.obj (.const:.typeinfo:_ZTSN10__cxxabiv117__class_type_infoE)
                  00003fba    00000022                                   : typeinfo_.obj (.const:.typeinfo:_ZTSN10__cxxabiv117__pbase_type_infoE)
                  00003fdc    0000001c     tiva_utils.lib : ustdlib.obj (.const)
                  00003ff8    00000018     aeo1_drivers.lib : ssi_peripheral.obj (.const:.typeinfo:_ZTSN4aeo114ssi_peripheralE)
                  00004010    00000016                      : adc_potmeter.obj (.const:.typeinfo:_ZTSN4aeo112adc_potmeterE)
                  00004026    00000016                      : gpio_stepper.obj (.const:.typeinfo:_ZTSN4aeo112gpio_stepperE)
                  0000403c    00000015                      : pwm_stepper.obj (.const:.typeinfo:_ZTSN4aeo111pwm_stepperE)
                  00004051    00000015                      : ssi_display.obj (.const:.typeinfo:_ZTSN4aeo111ssi_displayE)
                  00004066    00000015                      : ssi_drv8711.obj (.const:.typeinfo:_ZTSN4aeo111ssi_drv8711E)
                  0000407b    00000014                      : qei_sensor.obj (.const:.typeinfo:_ZTSN4aeo110qei_sensorE)
                  0000408f    00000012                      : ssi_display.obj (.const:.string)
                  000040a1    00000003     --HOLE-- [fill = 0]
                  000040a4    00000012     tiva_utils.lib : uartstdio.obj (.const:.string)
                  000040b6    00000002     --HOLE-- [fill = 0]
                  000040b8    00000012                    : ustdlib.obj (.const:.string)
                  000040ca    00000002     --HOLE-- [fill = 0]
                  000040cc    00000010     rtsv7M4_T_le_v4SPD16_eabi.lib : typeinfo_.obj (.const:.typeinfo:_ZTIPKe)
                  000040dc    00000010     drv8711.obj (.const:.typeinfo:_ZTSN4aeo17drv8711E)
                  000040ec    00000010     rtsv7M4_T_le_v4SPD16_eabi.lib : typeinfo_.obj (.const:_ZTVN10__cxxabiv117__class_type_infoE)
                  000040fc    00000010                                   : typeinfo_.obj (.const:_ZTVN10__cxxabiv119__pointer_type_infoE)
                  0000410c    00000010                                   : typeinfo_.obj (.const:_ZTVN10__cxxabiv120__si_class_type_infoE)
                  0000411c    00000010                                   : typeinfo_.obj (.const:_ZTVN10__cxxabiv123__fundamental_type_infoE)
                  0000412c    00000010     aeo1_drivers.lib : qei_sensor.obj (.const:_ZTVN4aeo110qei_sensorE)
                  0000413c    00000010                      : pwm_stepper.obj (.const:_ZTVN4aeo111pwm_stepperE)
                  0000414c    00000010                      : adc_potmeter.obj (.const:_ZTVN4aeo112adc_potmeterE)
                  0000415c    00000010                      : gpio_stepper.obj (.const:_ZTVN4aeo112gpio_stepperE)
                  0000416c    00000010     drv8711.obj (.const:_ZTVN4aeo17drv8711E)
                  0000417c    0000000d     rtsv7M4_T_le_v4SPD16_eabi.lib : typeinfo_.obj (.const:.typeinfo:_ZTSSt9type_info)
                  00004189    00000003     --HOLE-- [fill = 0]
                  0000418c    0000000c                                   : typeinfo_.obj (.const:.typeinfo:_ZTIN10__cxxabiv117__class_type_infoE)
                  00004198    0000000c                                   : typeinfo_.obj (.const:.typeinfo:_ZTIN10__cxxabiv117__pbase_type_infoE)
                  000041a4    0000000c                                   : typeinfo_.obj (.const:.typeinfo:_ZTIN10__cxxabiv119__pointer_type_infoE)
                  000041b0    0000000c                                   : typeinfo_.obj (.const:.typeinfo:_ZTIN10__cxxabiv120__si_class_type_infoE)
                  000041bc    0000000c                                   : typeinfo_.obj (.const:.typeinfo:_ZTIN10__cxxabiv123__fundamental_type_infoE)
                  000041c8    0000000c     aeo1_drivers.lib : ssi_display.obj (.const:.typeinfo:_ZTIN4aeo111ssi_displayE)
                  000041d4    0000000c                      : ssi_drv8711.obj (.const:.typeinfo:_ZTIN4aeo111ssi_drv8711E)
                  000041e0    00000008                      : qei_sensor.obj (.const:.typeinfo:_ZTIN4aeo110qei_sensorE)
                  000041e8    00000008                      : pwm_stepper.obj (.const:.typeinfo:_ZTIN4aeo111pwm_stepperE)
                  000041f0    00000008                      : adc_potmeter.obj (.const:.typeinfo:_ZTIN4aeo112adc_potmeterE)
                  000041f8    00000008                      : gpio_stepper.obj (.const:.typeinfo:_ZTIN4aeo112gpio_stepperE)
                  00004200    00000008                      : ssi_peripheral.obj (.const:.typeinfo:_ZTIN4aeo114ssi_peripheralE)
                  00004208    00000008     drv8711.obj (.const:.typeinfo:_ZTIN4aeo17drv8711E)
                  00004210    00000008     rtsv7M4_T_le_v4SPD16_eabi.lib : typeinfo_.obj (.const:.typeinfo:_ZTISt9type_info)
                  00004218    00000008                                   : typeinfo_.obj (.const:.typeinfo:_ZTIe)
                  00004220    00000004                                   : typeinfo_.obj (.const:.typeinfo:_ZTSPKe)

.init_array 
*          0    00004224    00000004     
                  00004224    00000004     main.obj (.init_array)

.cinit     0    00004228    00000190     
                  00004228    0000016a     (.cinit..data.load) [load image, compression = rle]
                  00004392    00000002     --HOLE-- [fill = 0]
                  00004394    0000000c     (__TI_handler_table)
                  000043a0    00000008     (.cinit..bss.load) [load image, compression = zero_init]
                  000043a8    00000010     (__TI_cinit_table)

.bss       0    20000000    00000655     UNINITIALIZED
                  20000000    00000400     tiva_utils.lib : uartstdio.obj (.bss:g_pcUARTTxBuffer)
                  20000400    00000080                    : uartstdio.obj (.bss:g_pcUARTRxBuffer)
                  20000480    00000080     main.obj (.bss:g_zInput)
                  20000500    0000005c     main.obj (.bss:g_oDrv8711)
                  2000055c    00000054     main.obj (.bss:g_oDialerDisplay)
                  200005b0    00000054     main.obj (.bss:g_oScaleDisplay)
                  20000604    00000024     tiva_utils.lib : cmdline.obj (.bss:g_ppcArgv)
                  20000628    00000020     main.obj (.bss)
                  20000648    00000004     (.common:_ZSt16__dummy_typeinfo)
                  2000064c    00000004     (.common:__dso_handle)
                  20000650    00000004     (.common:g_ui32PortNum)
                  20000654    00000001     (.common:g_bDisableEcho)

.stack     0    20000658    00000200     UNINITIALIZED
                  20000658    00000200     --HOLE--

.data      0    20000858    000001c8     UNINITIALIZED
                  20000858    000000a8     main.obj (.data:g_psCmdTable)
                  20000900    0000002c     aeo1_drivers.lib : ssi_peripheral.obj (.data:_ZN4aeo118SSI0_SpecificationE)
                  2000092c    0000002c                      : ssi_peripheral.obj (.data:_ZN4aeo118SSI1_SpecificationE)
                  20000958    0000002c                      : ssi_peripheral.obj (.data:_ZN4aeo118SSI2_SpecificationE)
                  20000984    0000002c                      : ssi_peripheral.obj (.data:_ZN4aeo118SSI3_SpecificationE)
                  200009b0    00000015     tiva_utils.lib : uartstdio.obj (.data)
                  200009c5    00000003     --HOLE--
                  200009c8    00000010     aeo1_drivers.lib : adc_potmeter.obj (.data)
                  200009d8    00000010                      : ssi_peripheral.obj (.data)
                  200009e8    0000000d     main.obj (.data)
                  200009f5    00000003     --HOLE--
                  200009f8    0000000c     rtsv7M4_T_le_v4SPD16_eabi.lib : memory.obj (.data)
                  20000a04    00000008                                   : _lock.obj (.data)
                  20000a0c    00000008                                   : exit.obj (.data)
                  20000a14    00000004                                   : dtor_list.obj (.data)
                  20000a18    00000004                                   : stkdepth_vars.obj (.data)
                  20000a1c    00000004     tiva_utils.lib : ustdlib.obj (.data)

.sysmem    0    20000a20    00000008     UNINITIALIZED
                  20000a20    00000008     rtsv7M4_T_le_v4SPD16_eabi.lib : memory.obj (.sysmem)


LINKER GENERATED COPY TABLES

__TI_cinit_table @ 000043a8 records: 2, size/record: 8, table size: 16
	.data: load addr=00004228, load size=0000016a bytes, run addr=20000858, run size=000001c8 bytes, compression=rle
	.bss: load addr=000043a0, load size=00000008 bytes, run addr=20000000, run size=00000655 bytes, compression=zero_init


LINKER GENERATED HANDLER TABLE

__TI_handler_table @ 00004394 records: 3, size/record: 4, table size: 12
	index: 0, handler: __TI_decompress_rle24
	index: 1, handler: __TI_decompress_none
	index: 2, handler: __TI_zero_init


GLOBAL SYMBOLS: SORTED ALPHABETICALLY BY Name 

address    name
--------   ----
0000383d   ADCClockConfigSet
000038ed   ADCHardwareOversampleConfigure
00003a39   ADCIntClear
0000398d   ADCIntDisable
0000396b   ADCIntEnable
000037a9   ADCIntStatus
00003885   ADCProcessorTrigger
00003703   ADCSequenceConfigure
00003801   ADCSequenceDataGet
0000399b   ADCSequenceDisable
000039a9   ADCSequenceEnable
00003195   ADCSequenceStepConfigure
000035fd   C$$EXIT
000039fd   CPUcpsid
00003a09   CPUcpsie
00002fb9   CmdLineProcess
000037d7   GPIODirModeSet
00002a99   GPIOPadConfigSet
00003529   GPIOPinConfigure
00003ab5   GPIOPinRead
000038ff   GPIOPinTypeADC
00003911   GPIOPinTypeQEI
00003923   GPIOPinTypeSSI
00003935   GPIOPinTypeUART
00003361   IntDisable
000033c1   IntEnable
00003a43   IntMasterDisable
00003a4d   IntMasterEnable
000028a5   OnADCInterrupt
00002041   OnSSI0Interrupt
0000205b   OnSSI1Interrupt
00002075   OnSSI2Interrupt
0000208f   OnSSI3Interrupt
000039b7   QEIConfigure
00003a57   QEIEnable
00003ad3   QEIPositionGet
00003ad7   QEIPositionSet
00003a2d   ResetISR
00004224   SHT$$INIT_ARRAY$$Base
00004228   SHT$$INIT_ARRAY$$Limit
00003641   SSIConfigSetExpClk
00003947   SSIDataGetNonBlocking
000039c5   SSIDataPutNonBlocking
00003a61   SSIDisable
00003a6b   SSIEnable
00003adb   SSIIntClear
00003a75   SSIIntDisable
00003a9d   SSIIntEnable
00003a7f   SSIIntStatus
00002cf1   SysCtlClockGet
00003abb   SysCtlDelay
00003741   SysCtlPeripheralEnable
00003775   SysCtlPeripheralPresent
0000389d   SysTickEnable
000038b1   SysTickIntEnable
00001967   SysTickIntHandler
0000397d   SysTickPeriodSet
000039d3   UARTCharGetNonBlocking
000039e1   UARTCharPutNonBlocking
00003a15   UARTCharsAvail
00003ac1   UARTClockSourceSet
00003683   UARTConfigSetExpClk
00003821   UARTDisable
000015c9   UARTEchoSet
000038c5   UARTEnable
00003ac7   UARTFIFOLevelSet
00001573   UARTFlushRx
00001593   UARTFlushTx
00003adf   UARTIntClear
00003a89   UARTIntDisable
00003aa5   UARTIntEnable
00003a93   UARTIntStatus
00001519   UARTPeek
000014f7   UARTRxBytesAvail
00003a21   UARTSpaceAvail
00000fdd   UARTStdioConfig
000015f5   UARTStdioIntHandler
00001505   UARTTxBytesFree
0000117f   UARTgetc
00001103   UARTgets
000014d3   UARTprintf
000011d9   UARTvprintf
00001063   UARTwrite
00001a09   _Z10Initializev
0000192b   _Z13ConfigureUARTv
0000176b   _Z7CMD_setiPPc
00001827   _Z8CMD_diagiPPc
000017b1   _Z8CMD_feediPPc
000017a1   _Z8CMD_haltiPPc
0000184f   _Z8CMD_helpiPPc
00001791   _Z8CMD_idleiPPc
000017d7   _Z8CMD_moveiPPc
000017fd   _Z8CMD_stopiPPc
0000180d   _Z8CMD_textiPPc
00001751   _Z8CMD_zeroiPPc
00001a99   _Z8MainLoopv
000018a1   _Z8OnDialeri
00002fa9   _ZN10__cxxabiv116__enum_type_infoD0Ev
00002fa7   _ZN10__cxxabiv116__enum_type_infoD1Ev
00002fa7   _ZN10__cxxabiv116__enum_type_infoD2Ev
00002f9f   _ZN10__cxxabiv117__array_type_infoD0Ev
00002f9d   _ZN10__cxxabiv117__array_type_infoD1Ev
00002f9d   _ZN10__cxxabiv117__array_type_infoD2Ev
00002f95   _ZN10__cxxabiv117__class_type_infoD0Ev
00002f93   _ZN10__cxxabiv117__class_type_infoD1Ev
00002f93   _ZN10__cxxabiv117__class_type_infoD2Ev
00002f8b   _ZN10__cxxabiv117__pbase_type_infoD0Ev
00002f89   _ZN10__cxxabiv117__pbase_type_infoD1Ev
00002f89   _ZN10__cxxabiv117__pbase_type_infoD2Ev
00002f81   _ZN10__cxxabiv119__pointer_type_infoD0Ev
00002f7f   _ZN10__cxxabiv119__pointer_type_infoD1Ev
00002f7f   _ZN10__cxxabiv119__pointer_type_infoD2Ev
00002f77   _ZN10__cxxabiv120__function_type_infoD0Ev
00002f75   _ZN10__cxxabiv120__function_type_infoD1Ev
00002f75   _ZN10__cxxabiv120__function_type_infoD2Ev
00002f6d   _ZN10__cxxabiv120__si_class_type_infoD0Ev
00002f6b   _ZN10__cxxabiv120__si_class_type_infoD1Ev
00002f6b   _ZN10__cxxabiv120__si_class_type_infoD2Ev
00002f63   _ZN10__cxxabiv121__vmi_class_type_infoD0Ev
00002f61   _ZN10__cxxabiv121__vmi_class_type_infoD1Ev
00002f61   _ZN10__cxxabiv121__vmi_class_type_infoD2Ev
00002f59   _ZN10__cxxabiv123__fundamental_type_infoD0Ev
00002f57   _ZN10__cxxabiv123__fundamental_type_infoD1Ev
00002f57   _ZN10__cxxabiv123__fundamental_type_infoD2Ev
00002f4f   _ZN10__cxxabiv129__pointer_to_member_type_infoD0Ev
00002f4d   _ZN10__cxxabiv129__pointer_to_member_type_infoD1Ev
00002f4d   _ZN10__cxxabiv129__pointer_to_member_type_infoD2Ev
000023e1   _ZN4aeo110qei_sensor10InitializeEv
0000240b   _ZN4aeo110qei_sensor3GetEv
00002471   _ZN4aeo110qei_sensor3SetEi
000024a7   _ZN4aeo110qei_sensor4DiagEv
00002497   _ZN4aeo110qei_sensor4ZeroEv
00002433   _ZN4aeo110qei_sensor8GetIndexEv
00002385   _ZN4aeo110qei_sensorC1ENS0_9device_idENS0_13configurationE
00002385   _ZN4aeo110qei_sensorC2ENS0_9device_idENS0_13configurationE
000023cb   _ZN4aeo110qei_sensorD0Ev
000023bf   _ZN4aeo110qei_sensorD1Ev
000023bf   _ZN4aeo110qei_sensorD2Ev
00003509   _ZN4aeo111pwm_stepper4DiagEv
000034d5   _ZN4aeo111pwm_stepperC1Ev
000034d5   _ZN4aeo111pwm_stepperC2Ev
000034f3   _ZN4aeo111pwm_stepperD0Ev
000034e7   _ZN4aeo111pwm_stepperD1Ev
000034e7   _ZN4aeo111pwm_stepperD2Ev
00002695   _ZN4aeo111ssi_display10InitializeEv
00002831   _ZN4aeo111ssi_display14Digit2SegmentsEjjb
0000278d   _ZN4aeo111ssi_display3SetEPKc
000026a9   _ZN4aeo111ssi_display3SetEii
0000264d   _ZN4aeo111ssi_displayC1ENS_14ssi_peripheral9device_idE
0000264d   _ZN4aeo111ssi_displayC2ENS_14ssi_peripheral9device_idE
0000267f   _ZN4aeo111ssi_displayD0Ev
00002671   _ZN4aeo111ssi_displayD1Ev
00002671   _ZN4aeo111ssi_displayD2Ev
000032d1   _ZN4aeo111ssi_drv871110InitializeEv
000032dd   _ZN4aeo111ssi_drv87114DiagEv
00003291   _ZN4aeo111ssi_drv8711C1ENS_14ssi_peripheral9device_idE
00003291   _ZN4aeo111ssi_drv8711C2ENS_14ssi_peripheral9device_idE
000032bb   _ZN4aeo111ssi_drv8711D0Ev
000032ad   _ZN4aeo111ssi_drv8711D1Ev
000032ad   _ZN4aeo111ssi_drv8711D2Ev
0000290f   _ZN4aeo112adc_potmeter10InitializeEv
200009c8   _ZN4aeo112adc_potmeter10m_nCounterE
0000298b   _ZN4aeo112adc_potmeter11OnInterruptEv
200009d0   _ZN4aeo112adc_potmeter14m_nReadCounterE
00002a35   _ZN4aeo112adc_potmeter15GetErrorCounterEv
200009cc   _ZN4aeo112adc_potmeter15m_nErrorCounterE
200009d4   _ZN4aeo112adc_potmeter16m_pTheOneAndOnlyE
00002a4d   _ZN4aeo112adc_potmeter4DiagEv
00002a07   _ZN4aeo112adc_potmeter7TriggerEv
00002a15   _ZN4aeo112adc_potmeter8GetValueEv
0000296f   _ZN4aeo112adc_potmeter9TerminateEv
000028b7   _ZN4aeo112adc_potmeterC1Ev
000028b7   _ZN4aeo112adc_potmeterC2Ev
000028f9   _ZN4aeo112adc_potmeterD0Ev
000028d5   _ZN4aeo112adc_potmeterD1Ev
000028d5   _ZN4aeo112adc_potmeterD2Ev
000034b5   _ZN4aeo112gpio_stepper4DiagEv
00003481   _ZN4aeo112gpio_stepperC1Ev
00003481   _ZN4aeo112gpio_stepperC2Ev
0000349f   _ZN4aeo112gpio_stepperD0Ev
00003493   _ZN4aeo112gpio_stepperD1Ev
00003493   _ZN4aeo112gpio_stepperD2Ev
000032fd   _ZN4aeo113Alpha7SegmentEc
0000212d   _ZN4aeo114ssi_peripheral10InitializeEv
0000222b   _ZN4aeo114ssi_peripheral11OnInterruptEv
00002257   _ZN4aeo114ssi_peripheral4DiagEv
0000230d   _ZN4aeo114ssi_peripheral8LoadFIFOEv
0000229d   _ZN4aeo114ssi_peripheral9TerminateEv
000020a9   _ZN4aeo114ssi_peripheralC1ENS0_9device_idE
000020a9   _ZN4aeo114ssi_peripheralC2ENS0_9device_idE
00002117   _ZN4aeo114ssi_peripheralD0Ev
00002103   _ZN4aeo114ssi_peripheralD1Ev
00002103   _ZN4aeo114ssi_peripheralD2Ev
20000900   _ZN4aeo118SSI0_SpecificationE
2000092c   _ZN4aeo118SSI1_SpecificationE
20000958   _ZN4aeo118SSI2_SpecificationE
20000984   _ZN4aeo118SSI3_SpecificationE
00002c27   _ZN4aeo17drv871110InitializeEv
00002c75   _ZN4aeo17drv87114DiagEv
00002c49   _ZN4aeo17drv87114FeedEi
00002c3d   _ZN4aeo17drv87114HaltEv
00002c31   _ZN4aeo17drv87114IdleEv
00002c59   _ZN4aeo17drv87114MoveEi
00002c69   _ZN4aeo17drv87114StopEv
00002bc9   _ZN4aeo17drv8711C1Ev
00002bc9   _ZN4aeo17drv8711C2Ev
00002c11   _ZN4aeo17drv8711D0Ev
00002bf1   _ZN4aeo17drv8711D1Ev
00002bf1   _ZN4aeo17drv8711D2Ev
00002f0f   _ZNKSt9type_info4nameEv
00002f3f   _ZNKSt9type_info6beforeERKS_
00002f29   _ZNKSt9type_infoeqERKS_
00002f13   _ZNKSt9type_infoneERKS_
00002f07   _ZNSt9type_infoD0Ev
00002f05   _ZNSt9type_infoD1Ev
00002f05   _ZNSt9type_infoD2Ev
20000648   _ZSt16__dummy_typeinfo
00002efd   _ZSt21__gen_dummy_typeinfosv
0000418c   _ZTIN10__cxxabiv117__class_type_infoE
00004198   _ZTIN10__cxxabiv117__pbase_type_infoE
000041a4   _ZTIN10__cxxabiv119__pointer_type_infoE
000041b0   _ZTIN10__cxxabiv120__si_class_type_infoE
000041bc   _ZTIN10__cxxabiv123__fundamental_type_infoE
000041e0   _ZTIN4aeo110qei_sensorE
000041e8   _ZTIN4aeo111pwm_stepperE
000041c8   _ZTIN4aeo111ssi_displayE
000041d4   _ZTIN4aeo111ssi_drv8711E
000041f0   _ZTIN4aeo112adc_potmeterE
000041f8   _ZTIN4aeo112gpio_stepperE
00004200   _ZTIN4aeo114ssi_peripheralE
00004208   _ZTIN4aeo17drv8711E
000040cc   _ZTIPKe
00004210   _ZTISt9type_info
00004218   _ZTIe
00003f98   _ZTSN10__cxxabiv117__class_type_infoE
00003fba   _ZTSN10__cxxabiv117__pbase_type_infoE
00003f05   _ZTSN10__cxxabiv119__pointer_type_infoE
00003ee0   _ZTSN10__cxxabiv120__si_class_type_infoE
00003e90   _ZTSN10__cxxabiv123__fundamental_type_infoE
0000407b   _ZTSN4aeo110qei_sensorE
0000403c   _ZTSN4aeo111pwm_stepperE
00004051   _ZTSN4aeo111ssi_displayE
00004066   _ZTSN4aeo111ssi_drv8711E
00004010   _ZTSN4aeo112adc_potmeterE
00004026   _ZTSN4aeo112gpio_stepperE
00003ff8   _ZTSN4aeo114ssi_peripheralE
000040dc   _ZTSN4aeo17drv8711E
00004220   _ZTSPKe
0000417c   _ZTSSt9type_info
00003d82   _ZTSe
000040ec   _ZTVN10__cxxabiv117__class_type_infoE
000040fc   _ZTVN10__cxxabiv119__pointer_type_infoE
0000410c   _ZTVN10__cxxabiv120__si_class_type_infoE
0000411c   _ZTVN10__cxxabiv123__fundamental_type_infoE
0000412c   _ZTVN4aeo110qei_sensorE
0000413c   _ZTVN4aeo111pwm_stepperE
00003f2c   _ZTVN4aeo111ssi_displayE
00003f50   _ZTVN4aeo111ssi_drv8711E
0000414c   _ZTVN4aeo112adc_potmeterE
0000415c   _ZTVN4aeo112gpio_stepperE
00003f74   _ZTVN4aeo114ssi_peripheralE
0000416c   _ZTVN4aeo17drv8711E
00003aad   _ZdlPv
20000858   __STACK_END
00000200   __STACK_SIZE
20000858   __STACK_TOP
00000008   __SYSMEM_SIZE
000043a8   __TI_CINIT_Base
000043b8   __TI_CINIT_Limit
00004394   __TI_Handler_Table_Base
000043a0   __TI_Handler_Table_Limit
00000001   __TI_args_main
00003101   __TI_auto_init
20000a0c   __TI_cleanup_ptr
000039ef   __TI_decompress_none
00003acd   __TI_decompress_rle24
20000a10   __TI_dtors_ptr
00000000   __TI_static_base__
00003959   __TI_zero_init
00002e61   __aeabi_atexit
0000328f   __aeabi_idiv0
00003215   __aeabi_memclr
00003215   __aeabi_memclr4
00003215   __aeabi_memclr8
00003065   __aeabi_memcpy
00003065   __aeabi_memcpy4
00003065   __aeabi_memcpy8
00003217   __aeabi_memset
00003217   __aeabi_memset4
00003217   __aeabi_memset8
000036c3   __aeabi_uidiv
000036c3   __aeabi_uidivmod
ffffffff   __binit__
ffffffff   __c_args__
00002e4f   __cxa_atexit
00002e09   __cxa_finalize
00002e49   __cxa_ia64_exit
2000064c   __dso_handle
20000658   __stack
00001b41   __sti___8_main_cpp_1c94e432
00003855   _args_main
00003571   _c_int00
20000a04   _lock
000038e7   _nop
000038df   _register_lock
000038d9   _register_unlock
20000a20   _sys_memory
20000a08   _unlock
00003601   abort
00002e53   atexit
ffffffff   binit
00002009   calloc
000035b9   copy_in
00003609   exit
00001d59   free
2000055c   g_oDialerDisplay
20000500   g_oDrv8711
20000638   g_oLinearScale
20000628   g_oRotaryDialer
200005b0   g_oScaleDisplay
00000000   g_pfnVectors
20000858   g_psCmdTable
00001aef   main
20000a18   main_func_sp
00001cf1   malloc
00001f25   memalign
00003065   memcpy
0000321d   memset
00001c65   minit
00001e19   realloc
0000386d   strcmp
00000751   ulocaltime
0000094f   umktime
00000ec9   urand
00000721   usnprintf
000006ef   usprintf
00000eb9   usrand
00000e31   ustrcasecmp
00000ea5   ustrcmp
00000d35   ustrlen
00000d8d   ustrncasecmp
00000e45   ustrncmp
0000026d   ustrncpy
00000d57   ustrstr
00000afd   ustrtof
000009c5   ustrtoul
000002c5   uvsnprintf


GLOBAL SYMBOLS: SORTED BY Symbol Address 

address    name
--------   ----
00000000   __TI_static_base__
00000000   g_pfnVectors
00000001   __TI_args_main
00000008   __SYSMEM_SIZE
00000200   __STACK_SIZE
0000026d   ustrncpy
000002c5   uvsnprintf
000006ef   usprintf
00000721   usnprintf
00000751   ulocaltime
0000094f   umktime
000009c5   ustrtoul
00000afd   ustrtof
00000d35   ustrlen
00000d57   ustrstr
00000d8d   ustrncasecmp
00000e31   ustrcasecmp
00000e45   ustrncmp
00000ea5   ustrcmp
00000eb9   usrand
00000ec9   urand
00000fdd   UARTStdioConfig
00001063   UARTwrite
00001103   UARTgets
0000117f   UARTgetc
000011d9   UARTvprintf
000014d3   UARTprintf
000014f7   UARTRxBytesAvail
00001505   UARTTxBytesFree
00001519   UARTPeek
00001573   UARTFlushRx
00001593   UARTFlushTx
000015c9   UARTEchoSet
000015f5   UARTStdioIntHandler
00001751   _Z8CMD_zeroiPPc
0000176b   _Z7CMD_setiPPc
00001791   _Z8CMD_idleiPPc
000017a1   _Z8CMD_haltiPPc
000017b1   _Z8CMD_feediPPc
000017d7   _Z8CMD_moveiPPc
000017fd   _Z8CMD_stopiPPc
0000180d   _Z8CMD_textiPPc
00001827   _Z8CMD_diagiPPc
0000184f   _Z8CMD_helpiPPc
000018a1   _Z8OnDialeri
0000192b   _Z13ConfigureUARTv
00001967   SysTickIntHandler
00001a09   _Z10Initializev
00001a99   _Z8MainLoopv
00001aef   main
00001b41   __sti___8_main_cpp_1c94e432
00001c65   minit
00001cf1   malloc
00001d59   free
00001e19   realloc
00001f25   memalign
00002009   calloc
00002041   OnSSI0Interrupt
0000205b   OnSSI1Interrupt
00002075   OnSSI2Interrupt
0000208f   OnSSI3Interrupt
000020a9   _ZN4aeo114ssi_peripheralC1ENS0_9device_idE
000020a9   _ZN4aeo114ssi_peripheralC2ENS0_9device_idE
00002103   _ZN4aeo114ssi_peripheralD1Ev
00002103   _ZN4aeo114ssi_peripheralD2Ev
00002117   _ZN4aeo114ssi_peripheralD0Ev
0000212d   _ZN4aeo114ssi_peripheral10InitializeEv
0000222b   _ZN4aeo114ssi_peripheral11OnInterruptEv
00002257   _ZN4aeo114ssi_peripheral4DiagEv
0000229d   _ZN4aeo114ssi_peripheral9TerminateEv
0000230d   _ZN4aeo114ssi_peripheral8LoadFIFOEv
00002385   _ZN4aeo110qei_sensorC1ENS0_9device_idENS0_13configurationE
00002385   _ZN4aeo110qei_sensorC2ENS0_9device_idENS0_13configurationE
000023bf   _ZN4aeo110qei_sensorD1Ev
000023bf   _ZN4aeo110qei_sensorD2Ev
000023cb   _ZN4aeo110qei_sensorD0Ev
000023e1   _ZN4aeo110qei_sensor10InitializeEv
0000240b   _ZN4aeo110qei_sensor3GetEv
00002433   _ZN4aeo110qei_sensor8GetIndexEv
00002471   _ZN4aeo110qei_sensor3SetEi
00002497   _ZN4aeo110qei_sensor4ZeroEv
000024a7   _ZN4aeo110qei_sensor4DiagEv
0000264d   _ZN4aeo111ssi_displayC1ENS_14ssi_peripheral9device_idE
0000264d   _ZN4aeo111ssi_displayC2ENS_14ssi_peripheral9device_idE
00002671   _ZN4aeo111ssi_displayD1Ev
00002671   _ZN4aeo111ssi_displayD2Ev
0000267f   _ZN4aeo111ssi_displayD0Ev
00002695   _ZN4aeo111ssi_display10InitializeEv
000026a9   _ZN4aeo111ssi_display3SetEii
0000278d   _ZN4aeo111ssi_display3SetEPKc
00002831   _ZN4aeo111ssi_display14Digit2SegmentsEjjb
000028a5   OnADCInterrupt
000028b7   _ZN4aeo112adc_potmeterC1Ev
000028b7   _ZN4aeo112adc_potmeterC2Ev
000028d5   _ZN4aeo112adc_potmeterD1Ev
000028d5   _ZN4aeo112adc_potmeterD2Ev
000028f9   _ZN4aeo112adc_potmeterD0Ev
0000290f   _ZN4aeo112adc_potmeter10InitializeEv
0000296f   _ZN4aeo112adc_potmeter9TerminateEv
0000298b   _ZN4aeo112adc_potmeter11OnInterruptEv
00002a07   _ZN4aeo112adc_potmeter7TriggerEv
00002a15   _ZN4aeo112adc_potmeter8GetValueEv
00002a35   _ZN4aeo112adc_potmeter15GetErrorCounterEv
00002a4d   _ZN4aeo112adc_potmeter4DiagEv
00002a99   GPIOPadConfigSet
00002bc9   _ZN4aeo17drv8711C1Ev
00002bc9   _ZN4aeo17drv8711C2Ev
00002bf1   _ZN4aeo17drv8711D1Ev
00002bf1   _ZN4aeo17drv8711D2Ev
00002c11   _ZN4aeo17drv8711D0Ev
00002c27   _ZN4aeo17drv871110InitializeEv
00002c31   _ZN4aeo17drv87114IdleEv
00002c3d   _ZN4aeo17drv87114HaltEv
00002c49   _ZN4aeo17drv87114FeedEi
00002c59   _ZN4aeo17drv87114MoveEi
00002c69   _ZN4aeo17drv87114StopEv
00002c75   _ZN4aeo17drv87114DiagEv
00002cf1   SysCtlClockGet
00002e09   __cxa_finalize
00002e49   __cxa_ia64_exit
00002e4f   __cxa_atexit
00002e53   atexit
00002e61   __aeabi_atexit
00002efd   _ZSt21__gen_dummy_typeinfosv
00002f05   _ZNSt9type_infoD1Ev
00002f05   _ZNSt9type_infoD2Ev
00002f07   _ZNSt9type_infoD0Ev
00002f0f   _ZNKSt9type_info4nameEv
00002f13   _ZNKSt9type_infoneERKS_
00002f29   _ZNKSt9type_infoeqERKS_
00002f3f   _ZNKSt9type_info6beforeERKS_
00002f4d   _ZN10__cxxabiv129__pointer_to_member_type_infoD1Ev
00002f4d   _ZN10__cxxabiv129__pointer_to_member_type_infoD2Ev
00002f4f   _ZN10__cxxabiv129__pointer_to_member_type_infoD0Ev
00002f57   _ZN10__cxxabiv123__fundamental_type_infoD1Ev
00002f57   _ZN10__cxxabiv123__fundamental_type_infoD2Ev
00002f59   _ZN10__cxxabiv123__fundamental_type_infoD0Ev
00002f61   _ZN10__cxxabiv121__vmi_class_type_infoD1Ev
00002f61   _ZN10__cxxabiv121__vmi_class_type_infoD2Ev
00002f63   _ZN10__cxxabiv121__vmi_class_type_infoD0Ev
00002f6b   _ZN10__cxxabiv120__si_class_type_infoD1Ev
00002f6b   _ZN10__cxxabiv120__si_class_type_infoD2Ev
00002f6d   _ZN10__cxxabiv120__si_class_type_infoD0Ev
00002f75   _ZN10__cxxabiv120__function_type_infoD1Ev
00002f75   _ZN10__cxxabiv120__function_type_infoD2Ev
00002f77   _ZN10__cxxabiv120__function_type_infoD0Ev
00002f7f   _ZN10__cxxabiv119__pointer_type_infoD1Ev
00002f7f   _ZN10__cxxabiv119__pointer_type_infoD2Ev
00002f81   _ZN10__cxxabiv119__pointer_type_infoD0Ev
00002f89   _ZN10__cxxabiv117__pbase_type_infoD1Ev
00002f89   _ZN10__cxxabiv117__pbase_type_infoD2Ev
00002f8b   _ZN10__cxxabiv117__pbase_type_infoD0Ev
00002f93   _ZN10__cxxabiv117__class_type_infoD1Ev
00002f93   _ZN10__cxxabiv117__class_type_infoD2Ev
00002f95   _ZN10__cxxabiv117__class_type_infoD0Ev
00002f9d   _ZN10__cxxabiv117__array_type_infoD1Ev
00002f9d   _ZN10__cxxabiv117__array_type_infoD2Ev
00002f9f   _ZN10__cxxabiv117__array_type_infoD0Ev
00002fa7   _ZN10__cxxabiv116__enum_type_infoD1Ev
00002fa7   _ZN10__cxxabiv116__enum_type_infoD2Ev
00002fa9   _ZN10__cxxabiv116__enum_type_infoD0Ev
00002fb9   CmdLineProcess
00003065   __aeabi_memcpy
00003065   __aeabi_memcpy4
00003065   __aeabi_memcpy8
00003065   memcpy
00003101   __TI_auto_init
00003195   ADCSequenceStepConfigure
00003215   __aeabi_memclr
00003215   __aeabi_memclr4
00003215   __aeabi_memclr8
00003217   __aeabi_memset
00003217   __aeabi_memset4
00003217   __aeabi_memset8
0000321d   memset
0000328f   __aeabi_idiv0
00003291   _ZN4aeo111ssi_drv8711C1ENS_14ssi_peripheral9device_idE
00003291   _ZN4aeo111ssi_drv8711C2ENS_14ssi_peripheral9device_idE
000032ad   _ZN4aeo111ssi_drv8711D1Ev
000032ad   _ZN4aeo111ssi_drv8711D2Ev
000032bb   _ZN4aeo111ssi_drv8711D0Ev
000032d1   _ZN4aeo111ssi_drv871110InitializeEv
000032dd   _ZN4aeo111ssi_drv87114DiagEv
000032fd   _ZN4aeo113Alpha7SegmentEc
00003361   IntDisable
000033c1   IntEnable
00003481   _ZN4aeo112gpio_stepperC1Ev
00003481   _ZN4aeo112gpio_stepperC2Ev
00003493   _ZN4aeo112gpio_stepperD1Ev
00003493   _ZN4aeo112gpio_stepperD2Ev
0000349f   _ZN4aeo112gpio_stepperD0Ev
000034b5   _ZN4aeo112gpio_stepper4DiagEv
000034d5   _ZN4aeo111pwm_stepperC1Ev
000034d5   _ZN4aeo111pwm_stepperC2Ev
000034e7   _ZN4aeo111pwm_stepperD1Ev
000034e7   _ZN4aeo111pwm_stepperD2Ev
000034f3   _ZN4aeo111pwm_stepperD0Ev
00003509   _ZN4aeo111pwm_stepper4DiagEv
00003529   GPIOPinConfigure
00003571   _c_int00
000035b9   copy_in
000035fd   C$$EXIT
00003601   abort
00003609   exit
00003641   SSIConfigSetExpClk
00003683   UARTConfigSetExpClk
000036c3   __aeabi_uidiv
000036c3   __aeabi_uidivmod
00003703   ADCSequenceConfigure
00003741   SysCtlPeripheralEnable
00003775   SysCtlPeripheralPresent
000037a9   ADCIntStatus
000037d7   GPIODirModeSet
00003801   ADCSequenceDataGet
00003821   UARTDisable
0000383d   ADCClockConfigSet
00003855   _args_main
0000386d   strcmp
00003885   ADCProcessorTrigger
0000389d   SysTickEnable
000038b1   SysTickIntEnable
000038c5   UARTEnable
000038d9   _register_unlock
000038df   _register_lock
000038e7   _nop
000038ed   ADCHardwareOversampleConfigure
000038ff   GPIOPinTypeADC
00003911   GPIOPinTypeQEI
00003923   GPIOPinTypeSSI
00003935   GPIOPinTypeUART
00003947   SSIDataGetNonBlocking
00003959   __TI_zero_init
0000396b   ADCIntEnable
0000397d   SysTickPeriodSet
0000398d   ADCIntDisable
0000399b   ADCSequenceDisable
000039a9   ADCSequenceEnable
000039b7   QEIConfigure
000039c5   SSIDataPutNonBlocking
000039d3   UARTCharGetNonBlocking
000039e1   UARTCharPutNonBlocking
000039ef   __TI_decompress_none
000039fd   CPUcpsid
00003a09   CPUcpsie
00003a15   UARTCharsAvail
00003a21   UARTSpaceAvail
00003a2d   ResetISR
00003a39   ADCIntClear
00003a43   IntMasterDisable
00003a4d   IntMasterEnable
00003a57   QEIEnable
00003a61   SSIDisable
00003a6b   SSIEnable
00003a75   SSIIntDisable
00003a7f   SSIIntStatus
00003a89   UARTIntDisable
00003a93   UARTIntStatus
00003a9d   SSIIntEnable
00003aa5   UARTIntEnable
00003aad   _ZdlPv
00003ab5   GPIOPinRead
00003abb   SysCtlDelay
00003ac1   UARTClockSourceSet
00003ac7   UARTFIFOLevelSet
00003acd   __TI_decompress_rle24
00003ad3   QEIPositionGet
00003ad7   QEIPositionSet
00003adb   SSIIntClear
00003adf   UARTIntClear
00003d82   _ZTSe
00003e90   _ZTSN10__cxxabiv123__fundamental_type_infoE
00003ee0   _ZTSN10__cxxabiv120__si_class_type_infoE
00003f05   _ZTSN10__cxxabiv119__pointer_type_infoE
00003f2c   _ZTVN4aeo111ssi_displayE
00003f50   _ZTVN4aeo111ssi_drv8711E
00003f74   _ZTVN4aeo114ssi_peripheralE
00003f98   _ZTSN10__cxxabiv117__class_type_infoE
00003fba   _ZTSN10__cxxabiv117__pbase_type_infoE
00003ff8   _ZTSN4aeo114ssi_peripheralE
00004010   _ZTSN4aeo112adc_potmeterE
00004026   _ZTSN4aeo112gpio_stepperE
0000403c   _ZTSN4aeo111pwm_stepperE
00004051   _ZTSN4aeo111ssi_displayE
00004066   _ZTSN4aeo111ssi_drv8711E
0000407b   _ZTSN4aeo110qei_sensorE
000040cc   _ZTIPKe
000040dc   _ZTSN4aeo17drv8711E
000040ec   _ZTVN10__cxxabiv117__class_type_infoE
000040fc   _ZTVN10__cxxabiv119__pointer_type_infoE
0000410c   _ZTVN10__cxxabiv120__si_class_type_infoE
0000411c   _ZTVN10__cxxabiv123__fundamental_type_infoE
0000412c   _ZTVN4aeo110qei_sensorE
0000413c   _ZTVN4aeo111pwm_stepperE
0000414c   _ZTVN4aeo112adc_potmeterE
0000415c   _ZTVN4aeo112gpio_stepperE
0000416c   _ZTVN4aeo17drv8711E
0000417c   _ZTSSt9type_info
0000418c   _ZTIN10__cxxabiv117__class_type_infoE
00004198   _ZTIN10__cxxabiv117__pbase_type_infoE
000041a4   _ZTIN10__cxxabiv119__pointer_type_infoE
000041b0   _ZTIN10__cxxabiv120__si_class_type_infoE
000041bc   _ZTIN10__cxxabiv123__fundamental_type_infoE
000041c8   _ZTIN4aeo111ssi_displayE
000041d4   _ZTIN4aeo111ssi_drv8711E
000041e0   _ZTIN4aeo110qei_sensorE
000041e8   _ZTIN4aeo111pwm_stepperE
000041f0   _ZTIN4aeo112adc_potmeterE
000041f8   _ZTIN4aeo112gpio_stepperE
00004200   _ZTIN4aeo114ssi_peripheralE
00004208   _ZTIN4aeo17drv8711E
00004210   _ZTISt9type_info
00004218   _ZTIe
00004220   _ZTSPKe
00004224   SHT$$INIT_ARRAY$$Base
00004228   SHT$$INIT_ARRAY$$Limit
00004394   __TI_Handler_Table_Base
000043a0   __TI_Handler_Table_Limit
000043a8   __TI_CINIT_Base
000043b8   __TI_CINIT_Limit
20000500   g_oDrv8711
2000055c   g_oDialerDisplay
200005b0   g_oScaleDisplay
20000628   g_oRotaryDialer
20000638   g_oLinearScale
20000648   _ZSt16__dummy_typeinfo
2000064c   __dso_handle
20000658   __stack
20000858   __STACK_END
20000858   __STACK_TOP
20000858   g_psCmdTable
20000900   _ZN4aeo118SSI0_SpecificationE
2000092c   _ZN4aeo118SSI1_SpecificationE
20000958   _ZN4aeo118SSI2_SpecificationE
20000984   _ZN4aeo118SSI3_SpecificationE
200009c8   _ZN4aeo112adc_potmeter10m_nCounterE
200009cc   _ZN4aeo112adc_potmeter15m_nErrorCounterE
200009d0   _ZN4aeo112adc_potmeter14m_nReadCounterE
200009d4   _ZN4aeo112adc_potmeter16m_pTheOneAndOnlyE
20000a04   _lock
20000a08   _unlock
20000a0c   __TI_cleanup_ptr
20000a10   __TI_dtors_ptr
20000a18   main_func_sp
20000a20   _sys_memory
ffffffff   __binit__
ffffffff   __c_args__
ffffffff   binit

[347 symbols]
