******************************************************************************
                  TI ARM Linker PC v5.1.11                     
******************************************************************************
>> Linked Fri Apr 03 15:52:59 2015

OUTPUT FILE NAME:   <test_drv8711.out>
ENTRY POINT SYMBOL: "_c_int00"  address: 00003f7d


MEMORY CONFIGURATION

         name            origin    length      used     unused   attr    fill
----------------------  --------  ---------  --------  --------  ----  --------
  FLASH                 00000000   00040000  00004fc4  0003b03c  R  X
  SRAM                  20000000   00008000  00000b79  00007487  RW X


SEGMENT ALLOCATION MAP

run origin  load origin   length   init length attrs members
----------  ----------- ---------- ----------- ----- -------
00000000    00000000    00004fc8   00004fc8    r-x
  00000000    00000000    0000026c   0000026c    r-- .intvecs
  0000026c    0000026c    00004310   00004310    r-x .text
  0000457c    0000457c    00000804   00000804    r-- .const
  00004d80    00004d80    00000004   00000004    r-- .init_array
  00004d88    00004d88    00000240   00000240    r-- .cinit
20000000    20000000    00000b80   00000000    rw-
  20000000    20000000    000006e9   00000000    rw- .bss
  200006ec    200006ec    00000288   00000000    rw- .data
  20000974    20000974    00000200   00000000    rw- .stack
  20000b78    20000b78    00000008   00000000    rw- .sysmem


SECTION ALLOCATION MAP

 output                                  attributes/
section   page    origin      length       input sections
--------  ----  ----------  ----------   ----------------
.intvecs   0    00000000    0000026c     
                  00000000    0000026c     tm4c123gh6pm_startup_ccs.obj (.intvecs)

.text      0    0000026c    00004310     
                  0000026c    00000c84     tiva_utils.lib : ustdlib.obj (.text)
                  00000ef0    00000860                    : uartstdio.obj (.text)
                  00001750    000006f0     main.obj (.text)
                  00001e40    00000570     aeo1_drivers.lib : ssi_peripheral.obj (.text)
                  000023b0    0000042c                      : ssi_drv8711.obj (.text)
                  000027dc    000003dc     rtsv7M4_T_le_v4SPD16_eabi.lib : memory.obj (.text)
                  00002bb8    00000354     drv8711.obj (.text)
                  00002f0c    000002c8     aeo1_drivers.lib : qei_sensor.obj (.text)
                  000031d4    00000264                      : ssi_display.obj (.text)
                  00003438    000001f4                      : adc_potmeter.obj (.text)
                  0000362c    00000130     driverlib.lib : gpio.obj (.text:GPIOPadConfigSet)
                  0000375c    00000118                   : sysctl.obj (.text:SysCtlClockGet)
                  00003874    000000f4     rtsv7M4_T_le_v4SPD16_eabi.lib : dtor_list.obj (.text)
                  00003968    000000bc                                   : typeinfo_.obj (.text)
                  00003a24    000000ac     tiva_utils.lib : cmdline.obj (.text)
                  00003ad0    0000009c     rtsv7M4_T_le_v4SPD16_eabi.lib : memcpy_t2.obj (.text)
                  00003b6c    00000094                                   : auto_init.obj (.text)
                  00003c00    00000080     driverlib.lib : adc.obj (.text:ADCSequenceStepConfigure)
                  00003c80    0000007a     rtsv7M4_T_le_v4SPD16_eabi.lib : memset_t2.obj (.text)
                  00003cfa    00000002                                   : i_div0.obj (.text)
                  00003cfc    00000064     aeo1_drivers.lib : alpha7segment.obj (.text)
                  00003d60    00000060     driverlib.lib : interrupt.obj (.text:IntDisable)
                  00003dc0    00000060                   : interrupt.obj (.text:IntEnable)
                  00003e20    00000060     aeo1_drivers.lib : pwm_stepper.obj (.text)
                  00003e80    0000005e     rtsv7M4_T_le_v4SPD16_eabi.lib : copy_decompress_rle.obj (.text)
                  00003ede    00000056     driverlib.lib : gpio.obj (.text:GPIOIntTypeSet)
                  00003f34    00000048                   : gpio.obj (.text:GPIOPinConfigure)
                  00003f7c    00000048     rtsv7M4_T_le_v4SPD16_eabi.lib : boot.obj (.text)
                  00003fc4    00000044                                   : cpy_tbl.obj (.text)
                  00004008    00000044                                   : exit.obj (.text)
                  0000404c    00000042     driverlib.lib : ssi.obj (.text:SSIConfigSetExpClk)
                  0000408e    00000040                   : uart.obj (.text:UARTConfigSetExpClk)
                  000040ce    00000040     rtsv7M4_T_le_v4SPD16_eabi.lib : u_divt2.obj (.text)
                  0000410e    0000003e     driverlib.lib : adc.obj (.text:ADCSequenceConfigure)
                  0000414c    00000034                   : sysctl.obj (.text:SysCtlPeripheralEnable)
                  00004180    00000034                   : sysctl.obj (.text:SysCtlPeripheralPresent)
                  000041b4    0000002e                   : adc.obj (.text:ADCIntStatus)
                  000041e2    0000002a                   : gpio.obj (.text:GPIODirModeSet)
                  0000420c    0000001e                   : adc.obj (.text:ADCSequenceDataGet)
                  0000422a    00000002     --HOLE-- [fill = 0]
                  0000422c    0000001c                   : uart.obj (.text:UARTDisable)
                  00004248    00000018                   : adc.obj (.text:ADCClockConfigSet)
                  00004260    00000018                   : gpio.obj (.text:GPIOPinTypeGPIOOutput)
                  00004278    00000018     rtsv7M4_T_le_v4SPD16_eabi.lib : args_main.obj (.text)
                  00004290    00000018                                   : strcmp.obj (.text)
                  000042a8    00000016     driverlib.lib : adc.obj (.text:ADCProcessorTrigger)
                  000042be    00000002     --HOLE-- [fill = 0]
                  000042c0    00000014                   : systick.obj (.text:SysTickEnable)
                  000042d4    00000014                   : systick.obj (.text:SysTickIntEnable)
                  000042e8    00000014                   : uart.obj (.text:UARTEnable)
                  000042fc    00000014     rtsv7M4_T_le_v4SPD16_eabi.lib : _lock.obj (.text)
                  00004310    00000012     driverlib.lib : adc.obj (.text:ADCHardwareOversampleConfigure)
                  00004322    00000012                   : gpio.obj (.text:GPIOPinTypeADC)
                  00004334    00000012                   : gpio.obj (.text:GPIOPinTypeGPIOInput)
                  00004346    00000012                   : gpio.obj (.text:GPIOPinTypeQEI)
                  00004358    00000012                   : gpio.obj (.text:GPIOPinTypeSSI)
                  0000436a    00000012                   : gpio.obj (.text:GPIOPinTypeUART)
                  0000437c    00000012                   : ssi.obj (.text:SSIDataGetNonBlocking)
                  0000438e    00000012     rtsv7M4_T_le_v4SPD16_eabi.lib : copy_zero_init.obj (.text:decompress:ZI)
                  000043a0    00000010     driverlib.lib : adc.obj (.text:ADCIntEnable)
                  000043b0    00000010                   : systick.obj (.text:SysTickPeriodSet)
                  000043c0    00000010     aeo1_drivers.lib : ssi_display.obj (.text:_ZNK4aeo114ssi_peripheral7IsEmptyEv)
                  000043d0    0000000e     driverlib.lib : adc.obj (.text:ADCIntDisable)
                  000043de    0000000e                   : adc.obj (.text:ADCSequenceDisable)
                  000043ec    0000000e                   : adc.obj (.text:ADCSequenceEnable)
                  000043fa    0000000e                   : gpio.obj (.text:GPIOIntDisable)
                  00004408    0000000e                   : qei.obj (.text:QEIConfigure)
                  00004416    0000000e                   : ssi.obj (.text:SSIDataPutNonBlocking)
                  00004424    0000000e                   : uart.obj (.text:UARTCharGetNonBlocking)
                  00004432    0000000e                   : uart.obj (.text:UARTCharPutNonBlocking)
                  00004440    0000000e     rtsv7M4_T_le_v4SPD16_eabi.lib : copy_decompress_none.obj (.text:decompress:none)
                  0000444e    0000000c     driverlib.lib : cpu.obj (.text:CPUcpsid)
                  0000445a    0000000c                   : cpu.obj (.text:CPUcpsie)
                  00004466    0000000c                   : gpio.obj (.text:GPIOIntEnable)
                  00004472    0000000c                   : ssi.obj (.text:SSIDataGet)
                  0000447e    0000000c                   : uart.obj (.text:UARTCharsAvail)
                  0000448a    0000000c                   : uart.obj (.text:UARTSpaceAvail)
                  00004496    0000000c     aeo1_drivers.lib : ssi_display.obj (.text:_ZN4aeo111ssi_display4OnTxEv)
                  000044a2    0000000c     tm4c123gh6pm_startup_ccs.obj (.text)
                  000044ae    0000000a     driverlib.lib : adc.obj (.text:ADCIntClear)
                  000044b8    0000000a                   : interrupt.obj (.text:IntMasterDisable)
                  000044c2    0000000a                   : interrupt.obj (.text:IntMasterEnable)
                  000044cc    0000000a                   : qei.obj (.text:QEIEnable)
                  000044d6    0000000a                   : ssi.obj (.text:SSIDataPut)
                  000044e0    0000000a                   : ssi.obj (.text:SSIDisable)
                  000044ea    0000000a                   : ssi.obj (.text:SSIEnable)
                  000044f4    0000000a                   : ssi.obj (.text:SSIIntDisable)
                  000044fe    0000000a                   : ssi.obj (.text:SSIIntStatus)
                  00004508    0000000a                   : uart.obj (.text:UARTIntDisable)
                  00004512    0000000a                   : uart.obj (.text:UARTIntStatus)
                  0000451c    0000000a     aeo1_drivers.lib : ssi_display.obj (.text:_ZN4aeo114ssi_peripheral4OnRxEv)
                  00004526    0000000a                      : ssi_drv8711.obj (.text:_ZN4aeo114ssi_peripheral4OnTxEv)
                  00004530    00000008     driverlib.lib : ssi.obj (.text:SSIIntEnable)
                  00004538    00000008                   : uart.obj (.text:UARTIntEnable)
                  00004540    00000008     rtsv7M4_T_le_v4SPD16_eabi.lib : delete.obj (.text)
                  00004548    00000006     driverlib.lib : gpio.obj (.text:GPIOPinRead)
                  0000454e    00000006                   : gpio.obj (.text:GPIOPinWrite)
                  00004554    00000006                   : sysctl.obj (.text:SysCtlDelay)
                  0000455a    00000006                   : uart.obj (.text:UARTClockSourceSet)
                  00004560    00000006                   : uart.obj (.text:UARTFIFOLevelSet)
                  00004566    00000006     rtsv7M4_T_le_v4SPD16_eabi.lib : copy_decompress_rle.obj (.text:decompress:rle24)
                  0000456c    00000004     driverlib.lib : qei.obj (.text:QEIPositionGet)
                  00004570    00000004                   : qei.obj (.text:QEIPositionSet)
                  00004574    00000004                   : ssi.obj (.text:SSIIntClear)
                  00004578    00000004                   : uart.obj (.text:UARTIntClear)

.const     0    0000457c    00000804     
                  0000457c    0000021e     main.obj (.const:.string)
                  0000479a    00000002     rtsv7M4_T_le_v4SPD16_eabi.lib : typeinfo_.obj (.const:.typeinfo:_ZTSe)
                  0000479c    00000090     driverlib.lib : gpio.obj (.const:g_pui32GPIOBaseAddrs)
                  0000482c    0000008e     aeo1_drivers.lib : alpha7segment.obj (.const:_ZN4aeo119alpha7segment_tableE)
                  000048ba    00000002     --HOLE-- [fill = 0]
                  000048bc    00000070     driverlib.lib : interrupt.obj (.const)
                  0000492c    0000006c                   : sysctl.obj (.const:g_pui32Xtals)
                  00004998    00000048     aeo1_drivers.lib : ssi_drv8711.obj (.const:$P$T0$1)
                  000049e0    00000030     tiva_utils.lib : ustdlib.obj (.const:g_psDaysToMonth)
                  00004a10    00000028     rtsv7M4_T_le_v4SPD16_eabi.lib : typeinfo_.obj (.const:.typeinfo:_ZTSN10__cxxabiv123__fundamental_type_infoE)
                  00004a38    00000028     aeo1_drivers.lib : ssi_display.obj (.const:_ZTVN4aeo111ssi_displayE)
                  00004a60    00000028                      : ssi_drv8711.obj (.const:_ZTVN4aeo111ssi_drv8711E)
                  00004a88    00000028                      : ssi_peripheral.obj (.const:_ZTVN4aeo114ssi_peripheralE)
                  00004ab0    00000028     tiva_utils.lib : uartstdio.obj (.const)
                  00004ad8    00000025     rtsv7M4_T_le_v4SPD16_eabi.lib : typeinfo_.obj (.const:.typeinfo:_ZTSN10__cxxabiv120__si_class_type_infoE)
                  00004afd    00000024                                   : typeinfo_.obj (.const:.typeinfo:_ZTSN10__cxxabiv119__pointer_type_infoE)
                  00004b21    00000022                                   : typeinfo_.obj (.const:.typeinfo:_ZTSN10__cxxabiv117__class_type_infoE)
                  00004b43    00000022                                   : typeinfo_.obj (.const:.typeinfo:_ZTSN10__cxxabiv117__pbase_type_infoE)
                  00004b65    00000003     --HOLE-- [fill = 0]
                  00004b68    0000001c     tiva_utils.lib : ustdlib.obj (.const)
                  00004b84    00000018     aeo1_drivers.lib : ssi_peripheral.obj (.const:.typeinfo:_ZTSN4aeo114ssi_peripheralE)
                  00004b9c    00000016                      : adc_potmeter.obj (.const:.typeinfo:_ZTSN4aeo112adc_potmeterE)
                  00004bb2    00000015                      : pwm_stepper.obj (.const:.typeinfo:_ZTSN4aeo111pwm_stepperE)
                  00004bc7    00000015                      : ssi_display.obj (.const:.typeinfo:_ZTSN4aeo111ssi_displayE)
                  00004bdc    00000015                      : ssi_drv8711.obj (.const:.typeinfo:_ZTSN4aeo111ssi_drv8711E)
                  00004bf1    00000014                      : qei_sensor.obj (.const:.typeinfo:_ZTSN4aeo110qei_sensorE)
                  00004c05    00000012                      : ssi_display.obj (.const:.string)
                  00004c17    00000001     --HOLE-- [fill = 0]
                  00004c18    00000012     tiva_utils.lib : uartstdio.obj (.const:.string)
                  00004c2a    00000002     --HOLE-- [fill = 0]
                  00004c2c    00000012                    : ustdlib.obj (.const:.string)
                  00004c3e    00000002     --HOLE-- [fill = 0]
                  00004c40    00000010     rtsv7M4_T_le_v4SPD16_eabi.lib : typeinfo_.obj (.const:.typeinfo:_ZTIPKe)
                  00004c50    00000010     drv8711.obj (.const:.typeinfo:_ZTSN4aeo17drv8711E)
                  00004c60    00000010     rtsv7M4_T_le_v4SPD16_eabi.lib : typeinfo_.obj (.const:_ZTVN10__cxxabiv117__class_type_infoE)
                  00004c70    00000010                                   : typeinfo_.obj (.const:_ZTVN10__cxxabiv119__pointer_type_infoE)
                  00004c80    00000010                                   : typeinfo_.obj (.const:_ZTVN10__cxxabiv120__si_class_type_infoE)
                  00004c90    00000010                                   : typeinfo_.obj (.const:_ZTVN10__cxxabiv123__fundamental_type_infoE)
                  00004ca0    00000010     aeo1_drivers.lib : qei_sensor.obj (.const:_ZTVN4aeo110qei_sensorE)
                  00004cb0    00000010                      : pwm_stepper.obj (.const:_ZTVN4aeo111pwm_stepperE)
                  00004cc0    00000010                      : adc_potmeter.obj (.const:_ZTVN4aeo112adc_potmeterE)
                  00004cd0    00000010     drv8711.obj (.const:_ZTVN4aeo17drv8711E)
                  00004ce0    0000000d     rtsv7M4_T_le_v4SPD16_eabi.lib : typeinfo_.obj (.const:.typeinfo:_ZTSSt9type_info)
                  00004ced    00000003     --HOLE-- [fill = 0]
                  00004cf0    0000000c                                   : typeinfo_.obj (.const:.typeinfo:_ZTIN10__cxxabiv117__class_type_infoE)
                  00004cfc    0000000c                                   : typeinfo_.obj (.const:.typeinfo:_ZTIN10__cxxabiv117__pbase_type_infoE)
                  00004d08    0000000c                                   : typeinfo_.obj (.const:.typeinfo:_ZTIN10__cxxabiv119__pointer_type_infoE)
                  00004d14    0000000c                                   : typeinfo_.obj (.const:.typeinfo:_ZTIN10__cxxabiv120__si_class_type_infoE)
                  00004d20    0000000c                                   : typeinfo_.obj (.const:.typeinfo:_ZTIN10__cxxabiv123__fundamental_type_infoE)
                  00004d2c    0000000c     aeo1_drivers.lib : ssi_display.obj (.const:.typeinfo:_ZTIN4aeo111ssi_displayE)
                  00004d38    0000000c                      : ssi_drv8711.obj (.const:.typeinfo:_ZTIN4aeo111ssi_drv8711E)
                  00004d44    00000008                      : qei_sensor.obj (.const:.typeinfo:_ZTIN4aeo110qei_sensorE)
                  00004d4c    00000008                      : pwm_stepper.obj (.const:.typeinfo:_ZTIN4aeo111pwm_stepperE)
                  00004d54    00000008                      : adc_potmeter.obj (.const:.typeinfo:_ZTIN4aeo112adc_potmeterE)
                  00004d5c    00000008                      : ssi_peripheral.obj (.const:.typeinfo:_ZTIN4aeo114ssi_peripheralE)
                  00004d64    00000008     drv8711.obj (.const:.typeinfo:_ZTIN4aeo17drv8711E)
                  00004d6c    00000008     rtsv7M4_T_le_v4SPD16_eabi.lib : typeinfo_.obj (.const:.typeinfo:_ZTISt9type_info)
                  00004d74    00000008                                   : typeinfo_.obj (.const:.typeinfo:_ZTIe)
                  00004d7c    00000004                                   : typeinfo_.obj (.const:.typeinfo:_ZTSPKe)

.init_array 
*          0    00004d80    00000004     
                  00004d80    00000004     main.obj (.init_array)

.cinit     0    00004d88    00000240     
                  00004d88    00000216     (.cinit..data.load) [load image, compression = rle]
                  00004f9e    00000002     --HOLE-- [fill = 0]
                  00004fa0    0000000c     (__TI_handler_table)
                  00004fac    00000004     --HOLE-- [fill = 0]
                  00004fb0    00000008     (.cinit..bss.load) [load image, compression = zero_init]
                  00004fb8    00000010     (__TI_cinit_table)

.bss       0    20000000    000006e9     UNINITIALIZED
                  20000000    00000400     tiva_utils.lib : uartstdio.obj (.bss:g_pcUARTTxBuffer)
                  20000400    000000a0     main.obj (.bss:g_oDrv8711)
                  200004a0    00000080     tiva_utils.lib : uartstdio.obj (.bss:g_pcUARTRxBuffer)
                  20000520    00000080     main.obj (.bss:g_zInput)
                  200005a0    0000007c     main.obj (.bss:g_oDialerDisplay)
                  2000061c    0000007c     main.obj (.bss:g_oScaleDisplay)
                  20000698    00000024     tiva_utils.lib : cmdline.obj (.bss:g_ppcArgv)
                  200006bc    00000020     main.obj (.bss)
                  200006dc    00000004     (.common:_ZSt16__dummy_typeinfo)
                  200006e0    00000004     (.common:__dso_handle)
                  200006e4    00000004     (.common:g_ui32PortNum)
                  200006e8    00000001     (.common:g_bDisableEcho)

.data      0    200006ec    00000288     UNINITIALIZED
                  200006ec    000000b4     main.obj (.data:g_psCmdTable)
                  200007a0    000000a8     main.obj (.data:g_psRotaryMenu)
                  20000848    0000002c     aeo1_drivers.lib : ssi_peripheral.obj (.data:_ZN4aeo118SSI0_SpecificationE)
                  20000874    0000002c                      : ssi_peripheral.obj (.data:_ZN4aeo118SSI1_SpecificationE)
                  200008a0    0000002c                      : ssi_peripheral.obj (.data:_ZN4aeo118SSI2_SpecificationE)
                  200008cc    0000002c                      : ssi_peripheral.obj (.data:_ZN4aeo118SSI3_SpecificationE)
                  200008f8    00000015     main.obj (.data)
                  2000090d    00000003     --HOLE--
                  20000910    00000015     tiva_utils.lib : uartstdio.obj (.data)
                  20000925    00000003     --HOLE--
                  20000928    00000010     aeo1_drivers.lib : adc_potmeter.obj (.data)
                  20000938    00000010                      : ssi_peripheral.obj (.data)
                  20000948    0000000c     rtsv7M4_T_le_v4SPD16_eabi.lib : memory.obj (.data)
                  20000954    00000008                                   : _lock.obj (.data)
                  2000095c    00000008                                   : exit.obj (.data)
                  20000964    00000004     aeo1_drivers.lib : ssi_drv8711.obj (.data)
                  20000968    00000004     rtsv7M4_T_le_v4SPD16_eabi.lib : dtor_list.obj (.data)
                  2000096c    00000004                                   : stkdepth_vars.obj (.data)
                  20000970    00000004     tiva_utils.lib : ustdlib.obj (.data)

.stack     0    20000974    00000200     UNINITIALIZED
                  20000974    00000200     --HOLE--

.sysmem    0    20000b78    00000008     UNINITIALIZED
                  20000b78    00000008     rtsv7M4_T_le_v4SPD16_eabi.lib : memory.obj (.sysmem)


LINKER GENERATED COPY TABLES

__TI_cinit_table @ 00004fb8 records: 2, size/record: 8, table size: 16
	.data: load addr=00004d88, load size=00000216 bytes, run addr=200006ec, run size=00000288 bytes, compression=rle
	.bss: load addr=00004fb0, load size=00000008 bytes, run addr=20000000, run size=000006e9 bytes, compression=zero_init


LINKER GENERATED HANDLER TABLE

__TI_handler_table @ 00004fa0 records: 3, size/record: 4, table size: 12
	index: 0, handler: __TI_decompress_rle24
	index: 1, handler: __TI_decompress_none
	index: 2, handler: __TI_zero_init


GLOBAL SYMBOLS: SORTED ALPHABETICALLY BY Name 

address    name
--------   ----
00004249   ADCClockConfigSet
00004311   ADCHardwareOversampleConfigure
000044af   ADCIntClear
000043d1   ADCIntDisable
000043a1   ADCIntEnable
000041b5   ADCIntStatus
000042a9   ADCProcessorTrigger
0000410f   ADCSequenceConfigure
0000420d   ADCSequenceDataGet
000043df   ADCSequenceDisable
000043ed   ADCSequenceEnable
00003c01   ADCSequenceStepConfigure
00004009   C$$EXIT
0000444f   CPUcpsid
0000445b   CPUcpsie
00003a25   CmdLineProcess
000041e3   GPIODirModeSet
000043fb   GPIOIntDisable
00004467   GPIOIntEnable
00003edf   GPIOIntTypeSet
0000362d   GPIOPadConfigSet
00003f35   GPIOPinConfigure
00004549   GPIOPinRead
00004323   GPIOPinTypeADC
00004335   GPIOPinTypeGPIOInput
00004261   GPIOPinTypeGPIOOutput
00004347   GPIOPinTypeQEI
00004359   GPIOPinTypeSSI
0000436b   GPIOPinTypeUART
0000454f   GPIOPinWrite
00003d61   IntDisable
00003dc1   IntEnable
000044b9   IntMasterDisable
000044c3   IntMasterEnable
00003439   OnADCInterrupt
000023b1   OnGPIOBInterrupt
000023cd   OnGPIOEInterrupt
00001e41   OnSSI0Interrupt
00001e5b   OnSSI1Interrupt
00001e75   OnSSI2Interrupt
00001e8f   OnSSI3Interrupt
00004409   QEIConfigure
000044cd   QEIEnable
0000456d   QEIPositionGet
00004571   QEIPositionSet
000044a3   ResetISR
00004d80   SHT$$INIT_ARRAY$$Base
00004d84   SHT$$INIT_ARRAY$$Limit
0000404d   SSIConfigSetExpClk
00004473   SSIDataGet
0000437d   SSIDataGetNonBlocking
000044d7   SSIDataPut
00004417   SSIDataPutNonBlocking
000044e1   SSIDisable
000044eb   SSIEnable
00004575   SSIIntClear
000044f5   SSIIntDisable
00004531   SSIIntEnable
000044ff   SSIIntStatus
0000375d   SysCtlClockGet
00004555   SysCtlDelay
0000414d   SysCtlPeripheralEnable
00004181   SysCtlPeripheralPresent
000042c1   SysTickEnable
000042d5   SysTickIntEnable
00001b8d   SysTickIntHandler
000043b1   SysTickPeriodSet
00004425   UARTCharGetNonBlocking
00004433   UARTCharPutNonBlocking
0000447f   UARTCharsAvail
0000455b   UARTClockSourceSet
0000408f   UARTConfigSetExpClk
0000422d   UARTDisable
000015c9   UARTEchoSet
000042e9   UARTEnable
00004561   UARTFIFOLevelSet
00001573   UARTFlushRx
00001593   UARTFlushTx
00004579   UARTIntClear
00004509   UARTIntDisable
00004539   UARTIntEnable
00004513   UARTIntStatus
00001519   UARTPeek
000014f7   UARTRxBytesAvail
0000448b   UARTSpaceAvail
00000fdd   UARTStdioConfig
000015f5   UARTStdioIntHandler
00001505   UARTTxBytesFree
0000117f   UARTgetc
00001103   UARTgets
000014d3   UARTprintf
000011d9   UARTvprintf
00001063   UARTwrite
00001c29   _Z10Initializev
00001981   _Z12OnMenuDialeri
00001b09   _Z13ConfigureUARTv
00001a0f   _Z14OnNumberDialeri
00001a39   _Z6OnFeedi
0000176b   _Z7CMD_setiPPc
00001929   _Z7MNU_setiPPc
00001827   _Z8CMD_diagiPPc
000017b1   _Z8CMD_feediPPc
000017a1   _Z8CMD_haltiPPc
000018d7   _Z8CMD_helpiPPc
00001791   _Z8CMD_idleiPPc
000017d7   _Z8CMD_moveiPPc
00001897   _Z8CMD_stepiPPc
000017fd   _Z8CMD_stopiPPc
0000180d   _Z8CMD_textiPPc
00001751   _Z8CMD_zeroiPPc
00001947   _Z8MNU_feediPPc
0000195d   _Z8MNU_moveiPPc
00001cb1   _Z8MainLoopv
00001aa5   _Z8OnDialeri
00001887   _Z9CMD_noerriPPc
00001877   _Z9CMD_resetiPPc
0000184f   _Z9CMD_sleepiPPc
00003a15   _ZN10__cxxabiv116__enum_type_infoD0Ev
00003a13   _ZN10__cxxabiv116__enum_type_infoD1Ev
00003a13   _ZN10__cxxabiv116__enum_type_infoD2Ev
00003a0b   _ZN10__cxxabiv117__array_type_infoD0Ev
00003a09   _ZN10__cxxabiv117__array_type_infoD1Ev
00003a09   _ZN10__cxxabiv117__array_type_infoD2Ev
00003a01   _ZN10__cxxabiv117__class_type_infoD0Ev
000039ff   _ZN10__cxxabiv117__class_type_infoD1Ev
000039ff   _ZN10__cxxabiv117__class_type_infoD2Ev
000039f7   _ZN10__cxxabiv117__pbase_type_infoD0Ev
000039f5   _ZN10__cxxabiv117__pbase_type_infoD1Ev
000039f5   _ZN10__cxxabiv117__pbase_type_infoD2Ev
000039ed   _ZN10__cxxabiv119__pointer_type_infoD0Ev
000039eb   _ZN10__cxxabiv119__pointer_type_infoD1Ev
000039eb   _ZN10__cxxabiv119__pointer_type_infoD2Ev
000039e3   _ZN10__cxxabiv120__function_type_infoD0Ev
000039e1   _ZN10__cxxabiv120__function_type_infoD1Ev
000039e1   _ZN10__cxxabiv120__function_type_infoD2Ev
000039d9   _ZN10__cxxabiv120__si_class_type_infoD0Ev
000039d7   _ZN10__cxxabiv120__si_class_type_infoD1Ev
000039d7   _ZN10__cxxabiv120__si_class_type_infoD2Ev
000039cf   _ZN10__cxxabiv121__vmi_class_type_infoD0Ev
000039cd   _ZN10__cxxabiv121__vmi_class_type_infoD1Ev
000039cd   _ZN10__cxxabiv121__vmi_class_type_infoD2Ev
000039c5   _ZN10__cxxabiv123__fundamental_type_infoD0Ev
000039c3   _ZN10__cxxabiv123__fundamental_type_infoD1Ev
000039c3   _ZN10__cxxabiv123__fundamental_type_infoD2Ev
000039bb   _ZN10__cxxabiv129__pointer_to_member_type_infoD0Ev
000039b9   _ZN10__cxxabiv129__pointer_to_member_type_infoD1Ev
000039b9   _ZN10__cxxabiv129__pointer_to_member_type_infoD2Ev
00002f69   _ZN4aeo110qei_sensor10InitializeEv
00002f93   _ZN4aeo110qei_sensor3GetEv
00002ff9   _ZN4aeo110qei_sensor3SetEi
0000302f   _ZN4aeo110qei_sensor4DiagEv
0000301f   _ZN4aeo110qei_sensor4ZeroEv
00002fbb   _ZN4aeo110qei_sensor8GetIndexEv
00002f0d   _ZN4aeo110qei_sensorC1ENS0_9device_idENS0_13configurationE
00002f0d   _ZN4aeo110qei_sensorC2ENS0_9device_idENS0_13configurationE
00002f53   _ZN4aeo110qei_sensorD0Ev
00002f47   _ZN4aeo110qei_sensorD1Ev
00002f47   _ZN4aeo110qei_sensorD2Ev
00003e55   _ZN4aeo111pwm_stepper10InitializeEv
00003e5f   _ZN4aeo111pwm_stepper4DiagEv
00003e21   _ZN4aeo111pwm_stepperC1Ev
00003e21   _ZN4aeo111pwm_stepperC2Ev
00003e3f   _ZN4aeo111pwm_stepperD0Ev
00003e33   _ZN4aeo111pwm_stepperD1Ev
00003e33   _ZN4aeo111pwm_stepperD2Ev
0000321b   _ZN4aeo111ssi_display10InitializeEv
000033b5   _ZN4aeo111ssi_display14Digit2SegmentsEjjb
00003317   _ZN4aeo111ssi_display3SetEPKc
00003239   _ZN4aeo111ssi_display3SetEii
00003227   _ZN4aeo111ssi_display4DiagEv
00004497   _ZN4aeo111ssi_display4OnTxEv
000031d5   _ZN4aeo111ssi_displayC1ENS_14ssi_peripheral9device_idE
000031d5   _ZN4aeo111ssi_displayC2ENS_14ssi_peripheral9device_idE
00003205   _ZN4aeo111ssi_displayD0Ev
000031f7   _ZN4aeo111ssi_displayD1Ev
000031f7   _ZN4aeo111ssi_displayD2Ev
00002433   _ZN4aeo111ssi_drv871110InitializeEv
00002551   _ZN4aeo111ssi_drv871111PrintStatusEj
00002629   _ZN4aeo111ssi_drv871115OnGpioInterruptENS0_5EventE
000024ff   _ZN4aeo111ssi_drv87114DiagEv
00002695   _ZN4aeo111ssi_drv87114ReadEj
000025ed   _ZN4aeo111ssi_drv87115ResetEv
000025cf   _ZN4aeo111ssi_drv87115SleepEb
000026f5   _ZN4aeo111ssi_drv87115WriteEjj
000023e9   _ZN4aeo111ssi_drv8711C1Ev
000023e9   _ZN4aeo111ssi_drv8711C2Ev
0000241d   _ZN4aeo111ssi_drv8711D0Ev
0000240f   _ZN4aeo111ssi_drv8711D1Ev
0000240f   _ZN4aeo111ssi_drv8711D2Ev
000034a3   _ZN4aeo112adc_potmeter10InitializeEv
20000928   _ZN4aeo112adc_potmeter10m_nCounterE
0000351f   _ZN4aeo112adc_potmeter11OnInterruptEv
20000930   _ZN4aeo112adc_potmeter14m_nReadCounterE
000035c9   _ZN4aeo112adc_potmeter15GetErrorCounterEv
2000092c   _ZN4aeo112adc_potmeter15m_nErrorCounterE
20000934   _ZN4aeo112adc_potmeter16m_pTheOneAndOnlyE
000035e1   _ZN4aeo112adc_potmeter4DiagEv
0000359b   _ZN4aeo112adc_potmeter7TriggerEv
000035a9   _ZN4aeo112adc_potmeter8GetValueEv
00003503   _ZN4aeo112adc_potmeter9TerminateEv
0000344b   _ZN4aeo112adc_potmeterC1Ev
0000344b   _ZN4aeo112adc_potmeterC2Ev
0000348d   _ZN4aeo112adc_potmeterD0Ev
00003469   _ZN4aeo112adc_potmeterD1Ev
00003469   _ZN4aeo112adc_potmeterD2Ev
00003cfd   _ZN4aeo113Alpha7SegmentEc
00001f83   _ZN4aeo114ssi_peripheral10InitializeEv
00002287   _ZN4aeo114ssi_peripheral10LoadTxFIFOEv
000020a5   _ZN4aeo114ssi_peripheral11OnInterruptEv
000022bd   _ZN4aeo114ssi_peripheral12UnloadRxFIFOEv
0000226f   _ZN4aeo114ssi_peripheral3GetEv
0000225b   _ZN4aeo114ssi_peripheral3PutEj
00002169   _ZN4aeo114ssi_peripheral4DiagEv
0000451d   _ZN4aeo114ssi_peripheral4OnRxEv
00004527   _ZN4aeo114ssi_peripheral4OnTxEv
000021ff   _ZN4aeo114ssi_peripheral9TerminateEv
00001ea9   _ZN4aeo114ssi_peripheralC1ENS0_9device_idEjb
00001ea9   _ZN4aeo114ssi_peripheralC2ENS0_9device_idEjb
00001f6d   _ZN4aeo114ssi_peripheralD0Ev
00001f59   _ZN4aeo114ssi_peripheralD1Ev
00001f59   _ZN4aeo114ssi_peripheralD2Ev
20000848   _ZN4aeo118SSI0_SpecificationE
20000874   _ZN4aeo118SSI1_SpecificationE
200008a0   _ZN4aeo118SSI2_SpecificationE
200008cc   _ZN4aeo118SSI3_SpecificationE
00002c05   _ZN4aeo17drv871110InitializeEv
00002cd1   _ZN4aeo17drv871110SetDefaultEv
00002e15   _ZN4aeo17drv871111ClearFaultsEv
00002e41   _ZN4aeo17drv871116ReadAllRegistersEv
00002d51   _ZN4aeo17drv87114DiagEv
00002c83   _ZN4aeo17drv87114FeedEi
00002c55   _ZN4aeo17drv87114HaltEv
00002c29   _ZN4aeo17drv87114IdleEv
00002c93   _ZN4aeo17drv87114MoveEi
00002d73   _ZN4aeo17drv87114StepEjb
00002d45   _ZN4aeo17drv87114StopEv
00002e2d   _ZN4aeo17drv87115ResetEv
00002de5   _ZN4aeo17drv87115SleepEb
00002ca3   _ZN4aeo17drv87119SetTorqueEj
00002bb9   _ZN4aeo17drv8711C1Ev
00002bb9   _ZN4aeo17drv8711C2Ev
00002bef   _ZN4aeo17drv8711D0Ev
00002bd7   _ZN4aeo17drv8711D1Ev
00002bd7   _ZN4aeo17drv8711D2Ev
000043c1   _ZNK4aeo114ssi_peripheral7IsEmptyEv
0000397b   _ZNKSt9type_info4nameEv
000039ab   _ZNKSt9type_info6beforeERKS_
00003995   _ZNKSt9type_infoeqERKS_
0000397f   _ZNKSt9type_infoneERKS_
00003973   _ZNSt9type_infoD0Ev
00003971   _ZNSt9type_infoD1Ev
00003971   _ZNSt9type_infoD2Ev
200006dc   _ZSt16__dummy_typeinfo
00003969   _ZSt21__gen_dummy_typeinfosv
00004cf0   _ZTIN10__cxxabiv117__class_type_infoE
00004cfc   _ZTIN10__cxxabiv117__pbase_type_infoE
00004d08   _ZTIN10__cxxabiv119__pointer_type_infoE
00004d14   _ZTIN10__cxxabiv120__si_class_type_infoE
00004d20   _ZTIN10__cxxabiv123__fundamental_type_infoE
00004d44   _ZTIN4aeo110qei_sensorE
00004d4c   _ZTIN4aeo111pwm_stepperE
00004d2c   _ZTIN4aeo111ssi_displayE
00004d38   _ZTIN4aeo111ssi_drv8711E
00004d54   _ZTIN4aeo112adc_potmeterE
00004d5c   _ZTIN4aeo114ssi_peripheralE
00004d64   _ZTIN4aeo17drv8711E
00004c40   _ZTIPKe
00004d6c   _ZTISt9type_info
00004d74   _ZTIe
00004b21   _ZTSN10__cxxabiv117__class_type_infoE
00004b43   _ZTSN10__cxxabiv117__pbase_type_infoE
00004afd   _ZTSN10__cxxabiv119__pointer_type_infoE
00004ad8   _ZTSN10__cxxabiv120__si_class_type_infoE
00004a10   _ZTSN10__cxxabiv123__fundamental_type_infoE
00004bf1   _ZTSN4aeo110qei_sensorE
00004bb2   _ZTSN4aeo111pwm_stepperE
00004bc7   _ZTSN4aeo111ssi_displayE
00004bdc   _ZTSN4aeo111ssi_drv8711E
00004b9c   _ZTSN4aeo112adc_potmeterE
00004b84   _ZTSN4aeo114ssi_peripheralE
00004c50   _ZTSN4aeo17drv8711E
00004d7c   _ZTSPKe
00004ce0   _ZTSSt9type_info
0000479a   _ZTSe
00004c60   _ZTVN10__cxxabiv117__class_type_infoE
00004c70   _ZTVN10__cxxabiv119__pointer_type_infoE
00004c80   _ZTVN10__cxxabiv120__si_class_type_infoE
00004c90   _ZTVN10__cxxabiv123__fundamental_type_infoE
00004ca0   _ZTVN4aeo110qei_sensorE
00004cb0   _ZTVN4aeo111pwm_stepperE
00004a38   _ZTVN4aeo111ssi_displayE
00004a60   _ZTVN4aeo111ssi_drv8711E
00004cc0   _ZTVN4aeo112adc_potmeterE
00004a88   _ZTVN4aeo114ssi_peripheralE
00004cd0   _ZTVN4aeo17drv8711E
00004541   _ZdlPv
20000b74   __STACK_END
00000200   __STACK_SIZE
20000b74   __STACK_TOP
00000008   __SYSMEM_SIZE
00004fb8   __TI_CINIT_Base
00004fc8   __TI_CINIT_Limit
00004fa0   __TI_Handler_Table_Base
00004fac   __TI_Handler_Table_Limit
00000001   __TI_args_main
00003b6d   __TI_auto_init
2000095c   __TI_cleanup_ptr
00004441   __TI_decompress_none
00004567   __TI_decompress_rle24
20000960   __TI_dtors_ptr
00000000   __TI_static_base__
0000438f   __TI_zero_init
000038cd   __aeabi_atexit
00003cfb   __aeabi_idiv0
00003c81   __aeabi_memclr
00003c81   __aeabi_memclr4
00003c81   __aeabi_memclr8
00003ad1   __aeabi_memcpy
00003ad1   __aeabi_memcpy4
00003ad1   __aeabi_memcpy8
00003c83   __aeabi_memset
00003c83   __aeabi_memset4
00003c83   __aeabi_memset8
000040cf   __aeabi_uidiv
000040cf   __aeabi_uidivmod
ffffffff   __binit__
ffffffff   __c_args__
000038bb   __cxa_atexit
00003875   __cxa_finalize
000038b5   __cxa_ia64_exit
200006e0   __dso_handle
20000974   __stack
00001d1d   __sti___8_main_cpp_1c94e432
00004279   _args_main
00003f7d   _c_int00
20000954   _lock
0000430b   _nop
00004303   _register_lock
000042fd   _register_unlock
20000b78   _sys_memory
20000958   _unlock
0000400d   abort
000038bf   atexit
ffffffff   binit
00002b81   calloc
00003fc5   copy_in
00004015   exit
000028d1   free
200005a0   g_oDialerDisplay
20000400   g_oDrv8711
200006cc   g_oLinearScale
200006bc   g_oRotaryDialer
2000061c   g_oScaleDisplay
00000000   g_pfnVectors
200006ec   g_psCmdTable
200007a0   g_psRotaryMenu
00001d07   main
2000096c   main_func_sp
00002869   malloc
00002a9d   memalign
00003ad1   memcpy
00003c89   memset
000027dd   minit
00002991   realloc
00004291   strcmp
00000751   ulocaltime
0000094f   umktime
00000ec9   urand
00000721   usnprintf
000006ef   usprintf
00000eb9   usrand
00000e31   ustrcasecmp
00000ea5   ustrcmp
00000d35   ustrlen
00000d8d   ustrncasecmp
00000e45   ustrncmp
0000026d   ustrncpy
00000d57   ustrstr
00000afd   ustrtof
000009c5   ustrtoul
000002c5   uvsnprintf


GLOBAL SYMBOLS: SORTED BY Symbol Address 

address    name
--------   ----
00000000   __TI_static_base__
00000000   g_pfnVectors
00000001   __TI_args_main
00000008   __SYSMEM_SIZE
00000200   __STACK_SIZE
0000026d   ustrncpy
000002c5   uvsnprintf
000006ef   usprintf
00000721   usnprintf
00000751   ulocaltime
0000094f   umktime
000009c5   ustrtoul
00000afd   ustrtof
00000d35   ustrlen
00000d57   ustrstr
00000d8d   ustrncasecmp
00000e31   ustrcasecmp
00000e45   ustrncmp
00000ea5   ustrcmp
00000eb9   usrand
00000ec9   urand
00000fdd   UARTStdioConfig
00001063   UARTwrite
00001103   UARTgets
0000117f   UARTgetc
000011d9   UARTvprintf
000014d3   UARTprintf
000014f7   UARTRxBytesAvail
00001505   UARTTxBytesFree
00001519   UARTPeek
00001573   UARTFlushRx
00001593   UARTFlushTx
000015c9   UARTEchoSet
000015f5   UARTStdioIntHandler
00001751   _Z8CMD_zeroiPPc
0000176b   _Z7CMD_setiPPc
00001791   _Z8CMD_idleiPPc
000017a1   _Z8CMD_haltiPPc
000017b1   _Z8CMD_feediPPc
000017d7   _Z8CMD_moveiPPc
000017fd   _Z8CMD_stopiPPc
0000180d   _Z8CMD_textiPPc
00001827   _Z8CMD_diagiPPc
0000184f   _Z9CMD_sleepiPPc
00001877   _Z9CMD_resetiPPc
00001887   _Z9CMD_noerriPPc
00001897   _Z8CMD_stepiPPc
000018d7   _Z8CMD_helpiPPc
00001929   _Z7MNU_setiPPc
00001947   _Z8MNU_feediPPc
0000195d   _Z8MNU_moveiPPc
00001981   _Z12OnMenuDialeri
00001a0f   _Z14OnNumberDialeri
00001a39   _Z6OnFeedi
00001aa5   _Z8OnDialeri
00001b09   _Z13ConfigureUARTv
00001b8d   SysTickIntHandler
00001c29   _Z10Initializev
00001cb1   _Z8MainLoopv
00001d07   main
00001d1d   __sti___8_main_cpp_1c94e432
00001e41   OnSSI0Interrupt
00001e5b   OnSSI1Interrupt
00001e75   OnSSI2Interrupt
00001e8f   OnSSI3Interrupt
00001ea9   _ZN4aeo114ssi_peripheralC1ENS0_9device_idEjb
00001ea9   _ZN4aeo114ssi_peripheralC2ENS0_9device_idEjb
00001f59   _ZN4aeo114ssi_peripheralD1Ev
00001f59   _ZN4aeo114ssi_peripheralD2Ev
00001f6d   _ZN4aeo114ssi_peripheralD0Ev
00001f83   _ZN4aeo114ssi_peripheral10InitializeEv
000020a5   _ZN4aeo114ssi_peripheral11OnInterruptEv
00002169   _ZN4aeo114ssi_peripheral4DiagEv
000021ff   _ZN4aeo114ssi_peripheral9TerminateEv
0000225b   _ZN4aeo114ssi_peripheral3PutEj
0000226f   _ZN4aeo114ssi_peripheral3GetEv
00002287   _ZN4aeo114ssi_peripheral10LoadTxFIFOEv
000022bd   _ZN4aeo114ssi_peripheral12UnloadRxFIFOEv
000023b1   OnGPIOBInterrupt
000023cd   OnGPIOEInterrupt
000023e9   _ZN4aeo111ssi_drv8711C1Ev
000023e9   _ZN4aeo111ssi_drv8711C2Ev
0000240f   _ZN4aeo111ssi_drv8711D1Ev
0000240f   _ZN4aeo111ssi_drv8711D2Ev
0000241d   _ZN4aeo111ssi_drv8711D0Ev
00002433   _ZN4aeo111ssi_drv871110InitializeEv
000024ff   _ZN4aeo111ssi_drv87114DiagEv
00002551   _ZN4aeo111ssi_drv871111PrintStatusEj
000025cf   _ZN4aeo111ssi_drv87115SleepEb
000025ed   _ZN4aeo111ssi_drv87115ResetEv
00002629   _ZN4aeo111ssi_drv871115OnGpioInterruptENS0_5EventE
00002695   _ZN4aeo111ssi_drv87114ReadEj
000026f5   _ZN4aeo111ssi_drv87115WriteEjj
000027dd   minit
00002869   malloc
000028d1   free
00002991   realloc
00002a9d   memalign
00002b81   calloc
00002bb9   _ZN4aeo17drv8711C1Ev
00002bb9   _ZN4aeo17drv8711C2Ev
00002bd7   _ZN4aeo17drv8711D1Ev
00002bd7   _ZN4aeo17drv8711D2Ev
00002bef   _ZN4aeo17drv8711D0Ev
00002c05   _ZN4aeo17drv871110InitializeEv
00002c29   _ZN4aeo17drv87114IdleEv
00002c55   _ZN4aeo17drv87114HaltEv
00002c83   _ZN4aeo17drv87114FeedEi
00002c93   _ZN4aeo17drv87114MoveEi
00002ca3   _ZN4aeo17drv87119SetTorqueEj
00002cd1   _ZN4aeo17drv871110SetDefaultEv
00002d45   _ZN4aeo17drv87114StopEv
00002d51   _ZN4aeo17drv87114DiagEv
00002d73   _ZN4aeo17drv87114StepEjb
00002de5   _ZN4aeo17drv87115SleepEb
00002e15   _ZN4aeo17drv871111ClearFaultsEv
00002e2d   _ZN4aeo17drv87115ResetEv
00002e41   _ZN4aeo17drv871116ReadAllRegistersEv
00002f0d   _ZN4aeo110qei_sensorC1ENS0_9device_idENS0_13configurationE
00002f0d   _ZN4aeo110qei_sensorC2ENS0_9device_idENS0_13configurationE
00002f47   _ZN4aeo110qei_sensorD1Ev
00002f47   _ZN4aeo110qei_sensorD2Ev
00002f53   _ZN4aeo110qei_sensorD0Ev
00002f69   _ZN4aeo110qei_sensor10InitializeEv
00002f93   _ZN4aeo110qei_sensor3GetEv
00002fbb   _ZN4aeo110qei_sensor8GetIndexEv
00002ff9   _ZN4aeo110qei_sensor3SetEi
0000301f   _ZN4aeo110qei_sensor4ZeroEv
0000302f   _ZN4aeo110qei_sensor4DiagEv
000031d5   _ZN4aeo111ssi_displayC1ENS_14ssi_peripheral9device_idE
000031d5   _ZN4aeo111ssi_displayC2ENS_14ssi_peripheral9device_idE
000031f7   _ZN4aeo111ssi_displayD1Ev
000031f7   _ZN4aeo111ssi_displayD2Ev
00003205   _ZN4aeo111ssi_displayD0Ev
0000321b   _ZN4aeo111ssi_display10InitializeEv
00003227   _ZN4aeo111ssi_display4DiagEv
00003239   _ZN4aeo111ssi_display3SetEii
00003317   _ZN4aeo111ssi_display3SetEPKc
000033b5   _ZN4aeo111ssi_display14Digit2SegmentsEjjb
00003439   OnADCInterrupt
0000344b   _ZN4aeo112adc_potmeterC1Ev
0000344b   _ZN4aeo112adc_potmeterC2Ev
00003469   _ZN4aeo112adc_potmeterD1Ev
00003469   _ZN4aeo112adc_potmeterD2Ev
0000348d   _ZN4aeo112adc_potmeterD0Ev
000034a3   _ZN4aeo112adc_potmeter10InitializeEv
00003503   _ZN4aeo112adc_potmeter9TerminateEv
0000351f   _ZN4aeo112adc_potmeter11OnInterruptEv
0000359b   _ZN4aeo112adc_potmeter7TriggerEv
000035a9   _ZN4aeo112adc_potmeter8GetValueEv
000035c9   _ZN4aeo112adc_potmeter15GetErrorCounterEv
000035e1   _ZN4aeo112adc_potmeter4DiagEv
0000362d   GPIOPadConfigSet
0000375d   SysCtlClockGet
00003875   __cxa_finalize
000038b5   __cxa_ia64_exit
000038bb   __cxa_atexit
000038bf   atexit
000038cd   __aeabi_atexit
00003969   _ZSt21__gen_dummy_typeinfosv
00003971   _ZNSt9type_infoD1Ev
00003971   _ZNSt9type_infoD2Ev
00003973   _ZNSt9type_infoD0Ev
0000397b   _ZNKSt9type_info4nameEv
0000397f   _ZNKSt9type_infoneERKS_
00003995   _ZNKSt9type_infoeqERKS_
000039ab   _ZNKSt9type_info6beforeERKS_
000039b9   _ZN10__cxxabiv129__pointer_to_member_type_infoD1Ev
000039b9   _ZN10__cxxabiv129__pointer_to_member_type_infoD2Ev
000039bb   _ZN10__cxxabiv129__pointer_to_member_type_infoD0Ev
000039c3   _ZN10__cxxabiv123__fundamental_type_infoD1Ev
000039c3   _ZN10__cxxabiv123__fundamental_type_infoD2Ev
000039c5   _ZN10__cxxabiv123__fundamental_type_infoD0Ev
000039cd   _ZN10__cxxabiv121__vmi_class_type_infoD1Ev
000039cd   _ZN10__cxxabiv121__vmi_class_type_infoD2Ev
000039cf   _ZN10__cxxabiv121__vmi_class_type_infoD0Ev
000039d7   _ZN10__cxxabiv120__si_class_type_infoD1Ev
000039d7   _ZN10__cxxabiv120__si_class_type_infoD2Ev
000039d9   _ZN10__cxxabiv120__si_class_type_infoD0Ev
000039e1   _ZN10__cxxabiv120__function_type_infoD1Ev
000039e1   _ZN10__cxxabiv120__function_type_infoD2Ev
000039e3   _ZN10__cxxabiv120__function_type_infoD0Ev
000039eb   _ZN10__cxxabiv119__pointer_type_infoD1Ev
000039eb   _ZN10__cxxabiv119__pointer_type_infoD2Ev
000039ed   _ZN10__cxxabiv119__pointer_type_infoD0Ev
000039f5   _ZN10__cxxabiv117__pbase_type_infoD1Ev
000039f5   _ZN10__cxxabiv117__pbase_type_infoD2Ev
000039f7   _ZN10__cxxabiv117__pbase_type_infoD0Ev
000039ff   _ZN10__cxxabiv117__class_type_infoD1Ev
000039ff   _ZN10__cxxabiv117__class_type_infoD2Ev
00003a01   _ZN10__cxxabiv117__class_type_infoD0Ev
00003a09   _ZN10__cxxabiv117__array_type_infoD1Ev
00003a09   _ZN10__cxxabiv117__array_type_infoD2Ev
00003a0b   _ZN10__cxxabiv117__array_type_infoD0Ev
00003a13   _ZN10__cxxabiv116__enum_type_infoD1Ev
00003a13   _ZN10__cxxabiv116__enum_type_infoD2Ev
00003a15   _ZN10__cxxabiv116__enum_type_infoD0Ev
00003a25   CmdLineProcess
00003ad1   __aeabi_memcpy
00003ad1   __aeabi_memcpy4
00003ad1   __aeabi_memcpy8
00003ad1   memcpy
00003b6d   __TI_auto_init
00003c01   ADCSequenceStepConfigure
00003c81   __aeabi_memclr
00003c81   __aeabi_memclr4
00003c81   __aeabi_memclr8
00003c83   __aeabi_memset
00003c83   __aeabi_memset4
00003c83   __aeabi_memset8
00003c89   memset
00003cfb   __aeabi_idiv0
00003cfd   _ZN4aeo113Alpha7SegmentEc
00003d61   IntDisable
00003dc1   IntEnable
00003e21   _ZN4aeo111pwm_stepperC1Ev
00003e21   _ZN4aeo111pwm_stepperC2Ev
00003e33   _ZN4aeo111pwm_stepperD1Ev
00003e33   _ZN4aeo111pwm_stepperD2Ev
00003e3f   _ZN4aeo111pwm_stepperD0Ev
00003e55   _ZN4aeo111pwm_stepper10InitializeEv
00003e5f   _ZN4aeo111pwm_stepper4DiagEv
00003edf   GPIOIntTypeSet
00003f35   GPIOPinConfigure
00003f7d   _c_int00
00003fc5   copy_in
00004009   C$$EXIT
0000400d   abort
00004015   exit
0000404d   SSIConfigSetExpClk
0000408f   UARTConfigSetExpClk
000040cf   __aeabi_uidiv
000040cf   __aeabi_uidivmod
0000410f   ADCSequenceConfigure
0000414d   SysCtlPeripheralEnable
00004181   SysCtlPeripheralPresent
000041b5   ADCIntStatus
000041e3   GPIODirModeSet
0000420d   ADCSequenceDataGet
0000422d   UARTDisable
00004249   ADCClockConfigSet
00004261   GPIOPinTypeGPIOOutput
00004279   _args_main
00004291   strcmp
000042a9   ADCProcessorTrigger
000042c1   SysTickEnable
000042d5   SysTickIntEnable
000042e9   UARTEnable
000042fd   _register_unlock
00004303   _register_lock
0000430b   _nop
00004311   ADCHardwareOversampleConfigure
00004323   GPIOPinTypeADC
00004335   GPIOPinTypeGPIOInput
00004347   GPIOPinTypeQEI
00004359   GPIOPinTypeSSI
0000436b   GPIOPinTypeUART
0000437d   SSIDataGetNonBlocking
0000438f   __TI_zero_init
000043a1   ADCIntEnable
000043b1   SysTickPeriodSet
000043c1   _ZNK4aeo114ssi_peripheral7IsEmptyEv
000043d1   ADCIntDisable
000043df   ADCSequenceDisable
000043ed   ADCSequenceEnable
000043fb   GPIOIntDisable
00004409   QEIConfigure
00004417   SSIDataPutNonBlocking
00004425   UARTCharGetNonBlocking
00004433   UARTCharPutNonBlocking
00004441   __TI_decompress_none
0000444f   CPUcpsid
0000445b   CPUcpsie
00004467   GPIOIntEnable
00004473   SSIDataGet
0000447f   UARTCharsAvail
0000448b   UARTSpaceAvail
00004497   _ZN4aeo111ssi_display4OnTxEv
000044a3   ResetISR
000044af   ADCIntClear
000044b9   IntMasterDisable
000044c3   IntMasterEnable
000044cd   QEIEnable
000044d7   SSIDataPut
000044e1   SSIDisable
000044eb   SSIEnable
000044f5   SSIIntDisable
000044ff   SSIIntStatus
00004509   UARTIntDisable
00004513   UARTIntStatus
0000451d   _ZN4aeo114ssi_peripheral4OnRxEv
00004527   _ZN4aeo114ssi_peripheral4OnTxEv
00004531   SSIIntEnable
00004539   UARTIntEnable
00004541   _ZdlPv
00004549   GPIOPinRead
0000454f   GPIOPinWrite
00004555   SysCtlDelay
0000455b   UARTClockSourceSet
00004561   UARTFIFOLevelSet
00004567   __TI_decompress_rle24
0000456d   QEIPositionGet
00004571   QEIPositionSet
00004575   SSIIntClear
00004579   UARTIntClear
0000479a   _ZTSe
00004a10   _ZTSN10__cxxabiv123__fundamental_type_infoE
00004a38   _ZTVN4aeo111ssi_displayE
00004a60   _ZTVN4aeo111ssi_drv8711E
00004a88   _ZTVN4aeo114ssi_peripheralE
00004ad8   _ZTSN10__cxxabiv120__si_class_type_infoE
00004afd   _ZTSN10__cxxabiv119__pointer_type_infoE
00004b21   _ZTSN10__cxxabiv117__class_type_infoE
00004b43   _ZTSN10__cxxabiv117__pbase_type_infoE
00004b84   _ZTSN4aeo114ssi_peripheralE
00004b9c   _ZTSN4aeo112adc_potmeterE
00004bb2   _ZTSN4aeo111pwm_stepperE
00004bc7   _ZTSN4aeo111ssi_displayE
00004bdc   _ZTSN4aeo111ssi_drv8711E
00004bf1   _ZTSN4aeo110qei_sensorE
00004c40   _ZTIPKe
00004c50   _ZTSN4aeo17drv8711E
00004c60   _ZTVN10__cxxabiv117__class_type_infoE
00004c70   _ZTVN10__cxxabiv119__pointer_type_infoE
00004c80   _ZTVN10__cxxabiv120__si_class_type_infoE
00004c90   _ZTVN10__cxxabiv123__fundamental_type_infoE
00004ca0   _ZTVN4aeo110qei_sensorE
00004cb0   _ZTVN4aeo111pwm_stepperE
00004cc0   _ZTVN4aeo112adc_potmeterE
00004cd0   _ZTVN4aeo17drv8711E
00004ce0   _ZTSSt9type_info
00004cf0   _ZTIN10__cxxabiv117__class_type_infoE
00004cfc   _ZTIN10__cxxabiv117__pbase_type_infoE
00004d08   _ZTIN10__cxxabiv119__pointer_type_infoE
00004d14   _ZTIN10__cxxabiv120__si_class_type_infoE
00004d20   _ZTIN10__cxxabiv123__fundamental_type_infoE
00004d2c   _ZTIN4aeo111ssi_displayE
00004d38   _ZTIN4aeo111ssi_drv8711E
00004d44   _ZTIN4aeo110qei_sensorE
00004d4c   _ZTIN4aeo111pwm_stepperE
00004d54   _ZTIN4aeo112adc_potmeterE
00004d5c   _ZTIN4aeo114ssi_peripheralE
00004d64   _ZTIN4aeo17drv8711E
00004d6c   _ZTISt9type_info
00004d74   _ZTIe
00004d7c   _ZTSPKe
00004d80   SHT$$INIT_ARRAY$$Base
00004d84   SHT$$INIT_ARRAY$$Limit
00004fa0   __TI_Handler_Table_Base
00004fac   __TI_Handler_Table_Limit
00004fb8   __TI_CINIT_Base
00004fc8   __TI_CINIT_Limit
20000400   g_oDrv8711
200005a0   g_oDialerDisplay
2000061c   g_oScaleDisplay
200006bc   g_oRotaryDialer
200006cc   g_oLinearScale
200006dc   _ZSt16__dummy_typeinfo
200006e0   __dso_handle
200006ec   g_psCmdTable
200007a0   g_psRotaryMenu
20000848   _ZN4aeo118SSI0_SpecificationE
20000874   _ZN4aeo118SSI1_SpecificationE
200008a0   _ZN4aeo118SSI2_SpecificationE
200008cc   _ZN4aeo118SSI3_SpecificationE
20000928   _ZN4aeo112adc_potmeter10m_nCounterE
2000092c   _ZN4aeo112adc_potmeter15m_nErrorCounterE
20000930   _ZN4aeo112adc_potmeter14m_nReadCounterE
20000934   _ZN4aeo112adc_potmeter16m_pTheOneAndOnlyE
20000954   _lock
20000958   _unlock
2000095c   __TI_cleanup_ptr
20000960   __TI_dtors_ptr
2000096c   main_func_sp
20000974   __stack
20000b74   __STACK_END
20000b74   __STACK_TOP
20000b78   _sys_memory
ffffffff   __binit__
ffffffff   __c_args__
ffffffff   binit

[381 symbols]
