******************************************************************************
                  TI ARM Linker PC v5.2.6                      
******************************************************************************
>> Linked Tue Dec 01 15:47:34 2015

OUTPUT FILE NAME:   <test_drv8711.out>
ENTRY POINT SYMBOL: "_c_int00"  address: 00004429


MEMORY CONFIGURATION

         name            origin    length      used     unused   attr    fill
----------------------  --------  ---------  --------  --------  ----  --------
  FLASH                 00000000   00040000  000055b4  0003aa4c  R  X
  SRAM                  20000000   00008000  00000bbd  00007443  RW X


SEGMENT ALLOCATION MAP

run origin  load origin   length   init length attrs members
----------  ----------- ---------- ----------- ----- -------
00000000    00000000    000055b8   000055b8    r-x
  00000000    00000000    0000026c   0000026c    r-- .intvecs
  0000026c    0000026c    000048d8   000048d8    r-x .text
  00004b44    00004b44    00000804   00000804    r-- .const
  00005348    00005348    00000004   00000004    r-- .init_array
  00005350    00005350    00000268   00000268    r-- .cinit
20000000    20000000    00000bc0   00000000    rw-
  20000000    20000000    00000701   00000000    rw- .bss
  20000704    20000704    000002b4   00000000    rw- .data
  200009b8    200009b8    00000200   00000000    rw- .stack
  20000bb8    20000bb8    00000008   00000000    rw- .sysmem


SECTION ALLOCATION MAP

 output                                  attributes/
section   page    origin      length       input sections
--------  ----  ----------  ----------   ----------------
.intvecs   0    00000000    0000026c     
                  00000000    0000026c     tm4c123gh6pm_startup_ccs.obj (.intvecs)

.text      0    0000026c    000048d8     
                  0000026c    00000c84     tiva_utils.lib : ustdlib.obj (.text)
                  00000ef0    00000860                    : uartstdio.obj (.text)
                  00001750    000007cc     main.obj (.text)
                  00001f1c    000005bc     aeo1_drivers.lib : ssi_peripheral.obj (.text)
                  000024d8    000004cc                      : ssi_drv8711.obj (.text)
                  000029a4    000003dc     rtsv7M4_T_le_v4SPD16_eabi.lib : memory.obj (.text)
                  00002d80    000003d4     drv8711.obj (.text)
                  00003154    00000310     aeo1_drivers.lib : pwm_stepper.obj (.text)
                  00003464    000002e0                      : qei_sensor.obj (.text)
                  00003744    00000264                      : ssi_display.obj (.text)
                  000039a8    000001f4                      : adc_potmeter.obj (.text)
                  00003b9c    00000130     driverlib.lib : gpio.obj (.text:GPIOPadConfigSet)
                  00003ccc    0000010c                   : sysctl.obj (.text:SysCtlClockGet)
                  00003dd8    000000f4     rtsv7M4_T_le_v4SPD16_eabi.lib : dtor_list.obj (.text)
                  00003ecc    000000bc                                   : typeinfo_.obj (.text)
                  00003f88    000000ac     tiva_utils.lib : cmdline.obj (.text)
                  00004034    0000009c     rtsv7M4_T_le_v4SPD16_eabi.lib : memcpy_t2.obj (.text)
                  000040d0    0000007a     driverlib.lib : adc.obj (.text:ADCSequenceStepConfigure)
                  0000414a    0000007a     rtsv7M4_T_le_v4SPD16_eabi.lib : memset_t2.obj (.text)
                  000041c4    0000006c                                   : autoinit.obj (.text)
                  00004230    0000006a                                   : copy_decompress_rle.obj (.text)
                  0000429a    00000002                                   : i_div0.obj (.text)
                  0000429c    00000068     driverlib.lib : interrupt.obj (.text:IntDisable)
                  00004304    00000068                   : interrupt.obj (.text:IntEnable)
                  0000436c    00000064     aeo1_drivers.lib : alpha7segment.obj (.text)
                  000043d0    00000056     driverlib.lib : gpio.obj (.text:GPIOIntTypeSet)
                  00004426    00000002     --HOLE-- [fill = 0]
                  00004428    00000050     rtsv7M4_T_le_v4SPD16_eabi.lib : boot.obj (.text)
                  00004478    0000004c                                   : cpy_tbl.obj (.text)
                  000044c4    00000048     driverlib.lib : gpio.obj (.text:GPIOPinConfigure)
                  0000450c    00000044     rtsv7M4_T_le_v4SPD16_eabi.lib : exit.obj (.text)
                  00004550    00000042     driverlib.lib : uart.obj (.text:UARTConfigSetExpClk)
                  00004592    00000040     rtsv7M4_T_le_v4SPD16_eabi.lib : u_divt2.obj (.text)
                  000045d2    0000003e     driverlib.lib : adc.obj (.text:ADCSequenceConfigure)
                  00004610    0000003c                   : ssi.obj (.text:SSIConfigSetExpClk)
                  0000464c    00000038                   : sysctl.obj (.text:SysCtlPeripheralPresent)
                  00004684    00000034                   : sysctl.obj (.text:SysCtlPeripheralEnable)
                  000046b8    0000002e                   : adc.obj (.text:ADCIntStatus)
                  000046e6    0000002a                   : gpio.obj (.text:GPIODirModeSet)
                  00004710    00000022                   : pwm.obj (.text:PWMGenConfigure)
                  00004732    0000001e                   : adc.obj (.text:ADCSequenceDataGet)
                  00004750    0000001e                   : pwm.obj (.text:PWMPulseWidthSet)
                  0000476e    00000002     --HOLE-- [fill = 0]
                  00004770    0000001c                   : uart.obj (.text:UARTDisable)
                  0000478c    00000018                   : adc.obj (.text:ADCClockConfigSet)
                  000047a4    00000018                   : adc.obj (.text:ADCProcessorTrigger)
                  000047bc    00000018                   : gpio.obj (.text:GPIOPinTypeGPIOOutput)
                  000047d4    00000018     rtsv7M4_T_le_v4SPD16_eabi.lib : args_main.obj (.text)
                  000047ec    00000018                                   : strcmp.obj (.text)
                  00004804    00000014     driverlib.lib : sysctl.obj (.text:SysCtlPWMClockSet)
                  00004818    00000014                   : systick.obj (.text:SysTickEnable)
                  0000482c    00000014                   : systick.obj (.text:SysTickIntEnable)
                  00004840    00000014                   : uart.obj (.text:UARTEnable)
                  00004854    00000014     rtsv7M4_T_le_v4SPD16_eabi.lib : _lock.obj (.text)
                  00004868    00000012     driverlib.lib : adc.obj (.text:ADCHardwareOversampleConfigure)
                  0000487a    00000012                   : gpio.obj (.text:GPIOPinTypeADC)
                  0000488c    00000012                   : gpio.obj (.text:GPIOPinTypeGPIOInput)
                  0000489e    00000012                   : gpio.obj (.text:GPIOPinTypePWM)
                  000048b0    00000012                   : gpio.obj (.text:GPIOPinTypeQEI)
                  000048c2    00000012                   : gpio.obj (.text:GPIOPinTypeSSI)
                  000048d4    00000012                   : gpio.obj (.text:GPIOPinTypeUART)
                  000048e6    00000012                   : pwm.obj (.text:PWMOutputState)
                  000048f8    00000012                   : ssi.obj (.text:SSIDataGetNonBlocking)
                  0000490a    00000010                   : adc.obj (.text:ADCIntEnable)
                  0000491a    00000010                   : interrupt.obj (.text:IntMasterDisable)
                  0000492a    00000010                   : interrupt.obj (.text:IntMasterEnable)
                  0000493a    00000010                   : pwm.obj (.text:PWMGenPeriodSet)
                  0000494a    00000002     --HOLE-- [fill = 0]
                  0000494c    00000010                   : systick.obj (.text:SysTickPeriodSet)
                  0000495c    00000010     aeo1_drivers.lib : ssi_display.obj (.text:_ZNK4aeo114ssi_peripheral7IsEmptyEv)
                  0000496c    0000000e     driverlib.lib : adc.obj (.text:ADCIntDisable)
                  0000497a    0000000e                   : adc.obj (.text:ADCSequenceDisable)
                  00004988    0000000e                   : adc.obj (.text:ADCSequenceEnable)
                  00004996    0000000e                   : gpio.obj (.text:GPIOIntDisable)
                  000049a4    0000000e                   : qei.obj (.text:QEIConfigure)
                  000049b2    0000000e                   : ssi.obj (.text:SSIDataPutNonBlocking)
                  000049c0    0000000e                   : uart.obj (.text:UARTCharGetNonBlocking)
                  000049ce    0000000e                   : uart.obj (.text:UARTCharPutNonBlocking)
                  000049dc    0000000e     rtsv7M4_T_le_v4SPD16_eabi.lib : copy_decompress_none.obj (.text:decompress:none)
                  000049ea    0000000c     driverlib.lib : cpu.obj (.text:CPUcpsid)
                  000049f6    0000000c                   : cpu.obj (.text:CPUcpsie)
                  00004a02    0000000c                   : gpio.obj (.text:GPIOIntEnable)
                  00004a0e    0000000c                   : pwm.obj (.text:PWMGenDisable)
                  00004a1a    0000000c                   : pwm.obj (.text:PWMGenEnable)
                  00004a26    0000000c                   : ssi.obj (.text:SSIDataGet)
                  00004a32    0000000c                   : uart.obj (.text:UARTCharsAvail)
                  00004a3e    0000000c                   : uart.obj (.text:UARTSpaceAvail)
                  00004a4a    0000000c     aeo1_drivers.lib : ssi_display.obj (.text:_ZN4aeo111ssi_display4OnTxEv)
                  00004a56    0000000c     rtsv7M4_T_le_v4SPD16_eabi.lib : copy_zero_init.obj (.text:decompress:ZI)
                  00004a62    0000000c     tm4c123gh6pm_startup_ccs.obj (.text)
                  00004a6e    0000000a     driverlib.lib : adc.obj (.text:ADCIntClear)
                  00004a78    0000000a                   : pwm.obj (.text:PWMGenIntTrigEnable)
                  00004a82    0000000a                   : qei.obj (.text:QEIEnable)
                  00004a8c    0000000a                   : ssi.obj (.text:SSIDataPut)
                  00004a96    0000000a                   : ssi.obj (.text:SSIDisable)
                  00004aa0    0000000a                   : ssi.obj (.text:SSIEnable)
                  00004aaa    0000000a                   : ssi.obj (.text:SSIIntDisable)
                  00004ab4    0000000a                   : ssi.obj (.text:SSIIntStatus)
                  00004abe    0000000a                   : uart.obj (.text:UARTIntDisable)
                  00004ac8    0000000a                   : uart.obj (.text:UARTIntStatus)
                  00004ad2    0000000a     aeo1_drivers.lib : ssi_display.obj (.text:_ZN4aeo114ssi_peripheral4OnRxEv)
                  00004adc    0000000a                      : ssi_drv8711.obj (.text:_ZN4aeo114ssi_peripheral4OnTxEv)
                  00004ae6    00000008     driverlib.lib : pwm.obj (.text:PWMIntEnable)
                  00004aee    00000008                   : ssi.obj (.text:SSIIntEnable)
                  00004af6    00000008                   : uart.obj (.text:UARTIntEnable)
                  00004afe    00000008     rtsv7M4_T_le_v4SPD16_eabi.lib : delete.obj (.text)
                  00004b06    00000006     driverlib.lib : gpio.obj (.text:GPIOPinRead)
                  00004b0c    00000006                   : gpio.obj (.text:GPIOPinWrite)
                  00004b12    00000006                   : pwm.obj (.text:PWMGenIntClear)
                  00004b18    00000006                   : sysctl.obj (.text:SysCtlDelay)
                  00004b1e    00000006                   : uart.obj (.text:UARTClockSourceSet)
                  00004b24    00000006                   : uart.obj (.text:UARTFIFOLevelSet)
                  00004b2a    00000006     rtsv7M4_T_le_v4SPD16_eabi.lib : copy_decompress_rle.obj (.text:decompress:rle24)
                  00004b30    00000004     driverlib.lib : qei.obj (.text:QEIPositionGet)
                  00004b34    00000004                   : qei.obj (.text:QEIPositionSet)
                  00004b38    00000004                   : ssi.obj (.text:SSIIntClear)
                  00004b3c    00000004                   : uart.obj (.text:UARTIntClear)
                  00004b40    00000004     rtsv7M4_T_le_v4SPD16_eabi.lib : pre_init.obj (.text)

.const     0    00004b44    00000804     
                  00004b44    0000021e     main.obj (.const:.string)
                  00004d62    00000002     rtsv7M4_T_le_v4SPD16_eabi.lib : typeinfo_.obj (.const:.typeinfo:_ZTSe)
                  00004d64    00000090     driverlib.lib : gpio.obj (.const:g_pui32GPIOBaseAddrs)
                  00004df4    0000008e     aeo1_drivers.lib : alpha7segment.obj (.const:_ZN4aeo119alpha7segment_tableE)
                  00004e82    00000002     --HOLE-- [fill = 0]
                  00004e84    00000070     driverlib.lib : interrupt.obj (.const)
                  00004ef4    0000006c                   : sysctl.obj (.const:g_pui32Xtals)
                  00004f60    00000048     aeo1_drivers.lib : ssi_drv8711.obj (.const:$P$T0$1)
                  00004fa8    00000030     tiva_utils.lib : ustdlib.obj (.const:g_psDaysToMonth)
                  00004fd8    00000028     rtsv7M4_T_le_v4SPD16_eabi.lib : typeinfo_.obj (.const:.typeinfo:_ZTSN10__cxxabiv123__fundamental_type_infoE)
                  00005000    00000028     aeo1_drivers.lib : ssi_display.obj (.const:_ZTVN4aeo111ssi_displayE)
                  00005028    00000028                      : ssi_drv8711.obj (.const:_ZTVN4aeo111ssi_drv8711E)
                  00005050    00000028                      : ssi_peripheral.obj (.const:_ZTVN4aeo114ssi_peripheralE)
                  00005078    00000028     tiva_utils.lib : uartstdio.obj (.const)
                  000050a0    00000025     rtsv7M4_T_le_v4SPD16_eabi.lib : typeinfo_.obj (.const:.typeinfo:_ZTSN10__cxxabiv120__si_class_type_infoE)
                  000050c5    00000024                                   : typeinfo_.obj (.const:.typeinfo:_ZTSN10__cxxabiv119__pointer_type_infoE)
                  000050e9    00000022                                   : typeinfo_.obj (.const:.typeinfo:_ZTSN10__cxxabiv117__class_type_infoE)
                  0000510b    00000022                                   : typeinfo_.obj (.const:.typeinfo:_ZTSN10__cxxabiv117__pbase_type_infoE)
                  0000512d    00000003     --HOLE-- [fill = 0]
                  00005130    0000001c     tiva_utils.lib : ustdlib.obj (.const)
                  0000514c    00000018     aeo1_drivers.lib : ssi_peripheral.obj (.const:.typeinfo:_ZTSN4aeo114ssi_peripheralE)
                  00005164    00000016                      : adc_potmeter.obj (.const:.typeinfo:_ZTSN4aeo112adc_potmeterE)
                  0000517a    00000015                      : pwm_stepper.obj (.const:.typeinfo:_ZTSN4aeo111pwm_stepperE)
                  0000518f    00000015                      : ssi_display.obj (.const:.typeinfo:_ZTSN4aeo111ssi_displayE)
                  000051a4    00000015                      : ssi_drv8711.obj (.const:.typeinfo:_ZTSN4aeo111ssi_drv8711E)
                  000051b9    00000014                      : qei_sensor.obj (.const:.typeinfo:_ZTSN4aeo110qei_sensorE)
                  000051cd    00000012                      : ssi_display.obj (.const:.string)
                  000051df    00000001     --HOLE-- [fill = 0]
                  000051e0    00000012     tiva_utils.lib : uartstdio.obj (.const:.string)
                  000051f2    00000002     --HOLE-- [fill = 0]
                  000051f4    00000012                    : ustdlib.obj (.const:.string)
                  00005206    00000002     --HOLE-- [fill = 0]
                  00005208    00000010     rtsv7M4_T_le_v4SPD16_eabi.lib : typeinfo_.obj (.const:.typeinfo:_ZTIPKe)
                  00005218    00000010     drv8711.obj (.const:.typeinfo:_ZTSN4aeo17drv8711E)
                  00005228    00000010     rtsv7M4_T_le_v4SPD16_eabi.lib : typeinfo_.obj (.const:_ZTVN10__cxxabiv117__class_type_infoE)
                  00005238    00000010                                   : typeinfo_.obj (.const:_ZTVN10__cxxabiv119__pointer_type_infoE)
                  00005248    00000010                                   : typeinfo_.obj (.const:_ZTVN10__cxxabiv120__si_class_type_infoE)
                  00005258    00000010                                   : typeinfo_.obj (.const:_ZTVN10__cxxabiv123__fundamental_type_infoE)
                  00005268    00000010     aeo1_drivers.lib : qei_sensor.obj (.const:_ZTVN4aeo110qei_sensorE)
                  00005278    00000010                      : pwm_stepper.obj (.const:_ZTVN4aeo111pwm_stepperE)
                  00005288    00000010                      : adc_potmeter.obj (.const:_ZTVN4aeo112adc_potmeterE)
                  00005298    00000010     drv8711.obj (.const:_ZTVN4aeo17drv8711E)
                  000052a8    0000000d     rtsv7M4_T_le_v4SPD16_eabi.lib : typeinfo_.obj (.const:.typeinfo:_ZTSSt9type_info)
                  000052b5    00000003     --HOLE-- [fill = 0]
                  000052b8    0000000c                                   : typeinfo_.obj (.const:.typeinfo:_ZTIN10__cxxabiv117__class_type_infoE)
                  000052c4    0000000c                                   : typeinfo_.obj (.const:.typeinfo:_ZTIN10__cxxabiv117__pbase_type_infoE)
                  000052d0    0000000c                                   : typeinfo_.obj (.const:.typeinfo:_ZTIN10__cxxabiv119__pointer_type_infoE)
                  000052dc    0000000c                                   : typeinfo_.obj (.const:.typeinfo:_ZTIN10__cxxabiv120__si_class_type_infoE)
                  000052e8    0000000c                                   : typeinfo_.obj (.const:.typeinfo:_ZTIN10__cxxabiv123__fundamental_type_infoE)
                  000052f4    0000000c     aeo1_drivers.lib : ssi_display.obj (.const:.typeinfo:_ZTIN4aeo111ssi_displayE)
                  00005300    0000000c                      : ssi_drv8711.obj (.const:.typeinfo:_ZTIN4aeo111ssi_drv8711E)
                  0000530c    00000008                      : qei_sensor.obj (.const:.typeinfo:_ZTIN4aeo110qei_sensorE)
                  00005314    00000008                      : pwm_stepper.obj (.const:.typeinfo:_ZTIN4aeo111pwm_stepperE)
                  0000531c    00000008                      : adc_potmeter.obj (.const:.typeinfo:_ZTIN4aeo112adc_potmeterE)
                  00005324    00000008                      : ssi_peripheral.obj (.const:.typeinfo:_ZTIN4aeo114ssi_peripheralE)
                  0000532c    00000008     drv8711.obj (.const:.typeinfo:_ZTIN4aeo17drv8711E)
                  00005334    00000008     rtsv7M4_T_le_v4SPD16_eabi.lib : typeinfo_.obj (.const:.typeinfo:_ZTISt9type_info)
                  0000533c    00000008                                   : typeinfo_.obj (.const:.typeinfo:_ZTIe)
                  00005344    00000004                                   : typeinfo_.obj (.const:.typeinfo:_ZTSPKe)

.init_array 
*          0    00005348    00000004     
                  00005348    00000004     main.obj (.init_array)

.cinit     0    00005350    00000268     
                  00005350    0000023d     (.cinit..data.load) [load image, compression = rle]
                  0000558d    00000003     --HOLE-- [fill = 0]
                  00005590    0000000c     (__TI_handler_table)
                  0000559c    00000004     --HOLE-- [fill = 0]
                  000055a0    00000008     (.cinit..bss.load) [load image, compression = zero_init]
                  000055a8    00000010     (__TI_cinit_table)

.bss       0    20000000    00000701     UNINITIALIZED
                  20000000    00000400     tiva_utils.lib : uartstdio.obj (.bss:g_pcUARTTxBuffer)
                  20000400    000000b8     main.obj (.bss:g_oDrv8711)
                  200004b8    00000080     tiva_utils.lib : uartstdio.obj (.bss:g_pcUARTRxBuffer)
                  20000538    00000080     main.obj (.bss:g_zInput)
                  200005b8    0000007c     main.obj (.bss:g_oDialerDisplay)
                  20000634    0000007c     main.obj (.bss:g_oScaleDisplay)
                  200006b0    00000024     tiva_utils.lib : cmdline.obj (.bss:g_ppcArgv)
                  200006d4    00000020     main.obj (.bss)
                  200006f4    00000004     (.common:_ZSt16__dummy_typeinfo)
                  200006f8    00000004     (.common:__dso_handle)
                  200006fc    00000004     (.common:g_ui32PortNum)
                  20000700    00000001     (.common:g_bDisableEcho)

.TI.noinit 
*          0    20000000    00000000     UNINITIALIZED

.data      0    20000704    000002b4     UNINITIALIZED
                  20000704    000000b4     main.obj (.data:g_psCmdTable)
                  200007b8    000000a8     main.obj (.data:g_psRotaryMenu)
                  20000860    00000034     aeo1_drivers.lib : ssi_peripheral.obj (.data:_ZN4aeo118SSI0_SpecificationE)
                  20000894    00000034                      : ssi_peripheral.obj (.data:_ZN4aeo118SSI1_SpecificationE)
                  200008c8    00000034                      : ssi_peripheral.obj (.data:_ZN4aeo118SSI2_SpecificationE)
                  200008fc    00000034                      : ssi_peripheral.obj (.data:_ZN4aeo118SSI3_SpecificationE)
                  20000930    0000001d     main.obj (.data)
                  2000094d    00000003     --HOLE--
                  20000950    00000015     tiva_utils.lib : uartstdio.obj (.data)
                  20000965    00000003     --HOLE--
                  20000968    00000010     aeo1_drivers.lib : adc_potmeter.obj (.data)
                  20000978    00000010                      : ssi_peripheral.obj (.data)
                  20000988    0000000c     rtsv7M4_T_le_v4SPD16_eabi.lib : memory.obj (.data)
                  20000994    00000008                                   : _lock.obj (.data)
                  2000099c    00000008                                   : exit.obj (.data)
                  200009a4    00000004     aeo1_drivers.lib : pwm_stepper.obj (.data)
                  200009a8    00000004                      : ssi_drv8711.obj (.data)
                  200009ac    00000004     rtsv7M4_T_le_v4SPD16_eabi.lib : dtor_list.obj (.data)
                  200009b0    00000004                                   : stkdepth_vars.obj (.data)
                  200009b4    00000004     tiva_utils.lib : ustdlib.obj (.data)

.TI.persistent 
*          0    20000704    00000000     UNINITIALIZED

.stack     0    200009b8    00000200     UNINITIALIZED
                  200009b8    00000200     --HOLE--

.sysmem    0    20000bb8    00000008     UNINITIALIZED
                  20000bb8    00000008     rtsv7M4_T_le_v4SPD16_eabi.lib : memory.obj (.sysmem)


LINKER GENERATED COPY TABLES

__TI_cinit_table @ 000055a8 records: 2, size/record: 8, table size: 16
	.data: load addr=00005350, load size=0000023d bytes, run addr=20000704, run size=000002b4 bytes, compression=rle
	.bss: load addr=000055a0, load size=00000008 bytes, run addr=20000000, run size=00000701 bytes, compression=zero_init


LINKER GENERATED HANDLER TABLE

__TI_handler_table @ 00005590 records: 3, size/record: 4, table size: 12
	index: 0, handler: __TI_decompress_rle24
	index: 1, handler: __TI_decompress_none
	index: 2, handler: __TI_zero_init


GLOBAL SYMBOLS: SORTED ALPHABETICALLY BY Name 

address   name                                                      
-------   ----                                                      
0000478d  ADCClockConfigSet                                         
00004869  ADCHardwareOversampleConfigure                            
00004a6f  ADCIntClear                                               
0000496d  ADCIntDisable                                             
0000490b  ADCIntEnable                                              
000046b9  ADCIntStatus                                              
000047a5  ADCProcessorTrigger                                       
000045d3  ADCSequenceConfigure                                      
00004733  ADCSequenceDataGet                                        
0000497b  ADCSequenceDisable                                        
00004989  ADCSequenceEnable                                         
000040d1  ADCSequenceStepConfigure                                  
0000450d  C$$EXIT                                                   
000049eb  CPUcpsid                                                  
000049f7  CPUcpsie                                                  
00003f89  CmdLineProcess                                            
000046e7  GPIODirModeSet                                            
00004997  GPIOIntDisable                                            
00004a03  GPIOIntEnable                                             
000043d1  GPIOIntTypeSet                                            
00003b9d  GPIOPadConfigSet                                          
000044c5  GPIOPinConfigure                                          
00004b07  GPIOPinRead                                               
0000487b  GPIOPinTypeADC                                            
0000488d  GPIOPinTypeGPIOInput                                      
000047bd  GPIOPinTypeGPIOOutput                                     
0000489f  GPIOPinTypePWM                                            
000048b1  GPIOPinTypeQEI                                            
000048c3  GPIOPinTypeSSI                                            
000048d5  GPIOPinTypeUART                                           
00004b0d  GPIOPinWrite                                              
0000429d  IntDisable                                                
00004305  IntEnable                                                 
0000491b  IntMasterDisable                                          
0000492b  IntMasterEnable                                           
000039a9  OnADCInterrupt                                            
000024d9  OnGPIOBInterrupt                                          
000024f5  OnGPIOEInterrupt                                          
00003155  OnPWM1Gen1Interrupt                                       
00001f1d  OnSSI0Interrupt                                           
00001f37  OnSSI1Interrupt                                           
00001f51  OnSSI2Interrupt                                           
00001f6b  OnSSI3Interrupt                                           
00004711  PWMGenConfigure                                           
00004a0f  PWMGenDisable                                             
00004a1b  PWMGenEnable                                              
00004b13  PWMGenIntClear                                            
00004a79  PWMGenIntTrigEnable                                       
0000493b  PWMGenPeriodSet                                           
00004ae7  PWMIntEnable                                              
000048e7  PWMOutputState                                            
00004751  PWMPulseWidthSet                                          
000049a5  QEIConfigure                                              
00004a83  QEIEnable                                                 
00004b31  QEIPositionGet                                            
00004b35  QEIPositionSet                                            
00004a63  ResetISR                                                  
00005348  SHT$$INIT_ARRAY$$Base                                     
0000534c  SHT$$INIT_ARRAY$$Limit                                    
00004611  SSIConfigSetExpClk                                        
00004a27  SSIDataGet                                                
000048f9  SSIDataGetNonBlocking                                     
00004a8d  SSIDataPut                                                
000049b3  SSIDataPutNonBlocking                                     
00004a97  SSIDisable                                                
00004aa1  SSIEnable                                                 
00004b39  SSIIntClear                                               
00004aab  SSIIntDisable                                             
00004aef  SSIIntEnable                                              
00004ab5  SSIIntStatus                                              
00003ccd  SysCtlClockGet                                            
00004b19  SysCtlDelay                                               
00004805  SysCtlPWMClockSet                                         
00004685  SysCtlPeripheralEnable                                    
0000464d  SysCtlPeripheralPresent                                   
00004819  SysTickEnable                                             
0000482d  SysTickIntEnable                                          
00001c59  SysTickIntHandler                                         
0000494d  SysTickPeriodSet                                          
000049c1  UARTCharGetNonBlocking                                    
000049cf  UARTCharPutNonBlocking                                    
00004a33  UARTCharsAvail                                            
00004b1f  UARTClockSourceSet                                        
00004551  UARTConfigSetExpClk                                       
00004771  UARTDisable                                               
000015c9  UARTEchoSet                                               
00004841  UARTEnable                                                
00004b25  UARTFIFOLevelSet                                          
00001573  UARTFlushRx                                               
00001593  UARTFlushTx                                               
00004b3d  UARTIntClear                                              
00004abf  UARTIntDisable                                            
00004af7  UARTIntEnable                                             
00004ac9  UARTIntStatus                                             
00001519  UARTPeek                                                  
000014f7  UARTRxBytesAvail                                          
00004a3f  UARTSpaceAvail                                            
00000fdd  UARTStdioConfig                                           
000015f5  UARTStdioIntHandler                                       
00001505  UARTTxBytesFree                                           
0000117f  UARTgetc                                                  
00001103  UARTgets                                                  
000014d3  UARTprintf                                                
000011d9  UARTvprintf                                               
00001063  UARTwrite                                                 
00001ced  _Z10Initializev                                           
00001999  _Z12OnMenuDialeri                                         
00001c15  _Z13ConfigureUARTv                                        
00001a27  _Z14OnNumberDialeri                                       
00001a61  _Z6OnFeedi                                                
00001ae1  _Z6OnMovei                                                
0000176b  _Z7CMD_setiPPc                                            
00001941  _Z7MNU_setiPPc                                            
00001841  _Z8CMD_diagiPPc                                           
000017b1  _Z8CMD_feediPPc                                           
000017a1  _Z8CMD_haltiPPc                                           
000018f1  _Z8CMD_helpiPPc                                           
00001791  _Z8CMD_idleiPPc                                           
000017d7  _Z8CMD_moveiPPc                                           
000018b1  _Z8CMD_stepiPPc                                           
00001805  _Z8CMD_stopiPPc                                           
00001827  _Z8CMD_textiPPc                                           
00001751  _Z8CMD_zeroiPPc                                           
0000195f  _Z8MNU_feediPPc                                           
00001975  _Z8MNU_moveiPPc                                           
00001d89  _Z8MainLoopv                                              
00001bb1  _Z8OnDialeri                                              
000018a1  _Z9CMD_noerriPPc                                          
00001891  _Z9CMD_resetiPPc                                          
00001869  _Z9CMD_sleepiPPc                                          
00003f79  _ZN10__cxxabiv116__enum_type_infoD0Ev                     
00003f77  _ZN10__cxxabiv116__enum_type_infoD1Ev                     
00003f77  _ZN10__cxxabiv116__enum_type_infoD2Ev                     
00003f6f  _ZN10__cxxabiv117__array_type_infoD0Ev                    
00003f6d  _ZN10__cxxabiv117__array_type_infoD1Ev                    
00003f6d  _ZN10__cxxabiv117__array_type_infoD2Ev                    
00003f65  _ZN10__cxxabiv117__class_type_infoD0Ev                    
00003f63  _ZN10__cxxabiv117__class_type_infoD1Ev                    
00003f63  _ZN10__cxxabiv117__class_type_infoD2Ev                    
00003f5b  _ZN10__cxxabiv117__pbase_type_infoD0Ev                    
00003f59  _ZN10__cxxabiv117__pbase_type_infoD1Ev                    
00003f59  _ZN10__cxxabiv117__pbase_type_infoD2Ev                    
00003f51  _ZN10__cxxabiv119__pointer_type_infoD0Ev                  
00003f4f  _ZN10__cxxabiv119__pointer_type_infoD1Ev                  
00003f4f  _ZN10__cxxabiv119__pointer_type_infoD2Ev                  
00003f47  _ZN10__cxxabiv120__function_type_infoD0Ev                 
00003f45  _ZN10__cxxabiv120__function_type_infoD1Ev                 
00003f45  _ZN10__cxxabiv120__function_type_infoD2Ev                 
00003f3d  _ZN10__cxxabiv120__si_class_type_infoD0Ev                 
00003f3b  _ZN10__cxxabiv120__si_class_type_infoD1Ev                 
00003f3b  _ZN10__cxxabiv120__si_class_type_infoD2Ev                 
00003f33  _ZN10__cxxabiv121__vmi_class_type_infoD0Ev                
00003f31  _ZN10__cxxabiv121__vmi_class_type_infoD1Ev                
00003f31  _ZN10__cxxabiv121__vmi_class_type_infoD2Ev                
00003f29  _ZN10__cxxabiv123__fundamental_type_infoD0Ev              
00003f27  _ZN10__cxxabiv123__fundamental_type_infoD1Ev              
00003f27  _ZN10__cxxabiv123__fundamental_type_infoD2Ev              
00003f1f  _ZN10__cxxabiv129__pointer_to_member_type_infoD0Ev        
00003f1d  _ZN10__cxxabiv129__pointer_to_member_type_infoD1Ev        
00003f1d  _ZN10__cxxabiv129__pointer_to_member_type_infoD2Ev        
000034c1  _ZN4aeo110qei_sensor10InitializeEv                        
000034eb  _ZN4aeo110qei_sensor3GetEv                                
00003551  _ZN4aeo110qei_sensor3SetEi                                
00003587  _ZN4aeo110qei_sensor4DiagEv                               
00003577  _ZN4aeo110qei_sensor4ZeroEv                               
00003513  _ZN4aeo110qei_sensor8GetIndexEv                           
00003465  _ZN4aeo110qei_sensorC1ENS0_9device_idENS0_13configurationE
00003465  _ZN4aeo110qei_sensorC2ENS0_9device_idENS0_13configurationE
000034ab  _ZN4aeo110qei_sensorD0Ev                                  
0000349f  _ZN4aeo110qei_sensorD1Ev                                  
0000349f  _ZN4aeo110qei_sensorD2Ev                                  
000031cb  _ZN4aeo111pwm_stepper10InitializeEv                       
000032ef  _ZN4aeo111pwm_stepper11OnInterruptEv                      
0000323d  _ZN4aeo111pwm_stepper4DiagEv                              
00003269  _ZN4aeo111pwm_stepper4MoveEj                              
000032c1  _ZN4aeo111pwm_stepper4StopEb                              
00003171  _ZN4aeo111pwm_stepperC1Ev                                 
00003171  _ZN4aeo111pwm_stepperC2Ev                                 
000031b5  _ZN4aeo111pwm_stepperD0Ev                                 
000031a9  _ZN4aeo111pwm_stepperD1Ev                                 
000031a9  _ZN4aeo111pwm_stepperD2Ev                                 
0000378b  _ZN4aeo111ssi_display10InitializeEv                       
00003925  _ZN4aeo111ssi_display14Digit2SegmentsEjjb                 
00003887  _ZN4aeo111ssi_display3SetEPKc                             
000037a9  _ZN4aeo111ssi_display3SetEii                              
00003797  _ZN4aeo111ssi_display4DiagEv                              
00004a4b  _ZN4aeo111ssi_display4OnTxEv                              
00003745  _ZN4aeo111ssi_displayC1ENS_14ssi_peripheral9device_idE    
00003745  _ZN4aeo111ssi_displayC2ENS_14ssi_peripheral9device_idE    
00003775  _ZN4aeo111ssi_displayD0Ev                                 
00003767  _ZN4aeo111ssi_displayD1Ev                                 
00003767  _ZN4aeo111ssi_displayD2Ev                                 
0000255b  _ZN4aeo111ssi_drv871110InitializeEv                       
000026bd  _ZN4aeo111ssi_drv871111PrintStatusEj                      
00002795  _ZN4aeo111ssi_drv871115OnGpioInterruptENS0_5EventE        
00002627  _ZN4aeo111ssi_drv87114DiagEv                              
000027ef  _ZN4aeo111ssi_drv87114ReadEj                              
0000275b  _ZN4aeo111ssi_drv87115ResetEv                             
0000273d  _ZN4aeo111ssi_drv87115SleepEb                             
00002849  _ZN4aeo111ssi_drv87115WriteEjj                            
00002511  _ZN4aeo111ssi_drv8711C1Ev                                 
00002511  _ZN4aeo111ssi_drv8711C2Ev                                 
00002545  _ZN4aeo111ssi_drv8711D0Ev                                 
00002537  _ZN4aeo111ssi_drv8711D1Ev                                 
00002537  _ZN4aeo111ssi_drv8711D2Ev                                 
00003a13  _ZN4aeo112adc_potmeter10InitializeEv                      
20000968  _ZN4aeo112adc_potmeter10m_nCounterE                       
00003a8f  _ZN4aeo112adc_potmeter11OnInterruptEv                     
20000970  _ZN4aeo112adc_potmeter14m_nReadCounterE                   
00003b39  _ZN4aeo112adc_potmeter15GetErrorCounterEv                 
2000096c  _ZN4aeo112adc_potmeter15m_nErrorCounterE                  
20000974  _ZN4aeo112adc_potmeter16m_pTheOneAndOnlyE                 
00003b51  _ZN4aeo112adc_potmeter4DiagEv                             
00003b0b  _ZN4aeo112adc_potmeter7TriggerEv                          
00003b19  _ZN4aeo112adc_potmeter8GetValueEv                         
00003a73  _ZN4aeo112adc_potmeter9TerminateEv                        
000039bb  _ZN4aeo112adc_potmeterC1Ev                                
000039bb  _ZN4aeo112adc_potmeterC2Ev                                
000039fd  _ZN4aeo112adc_potmeterD0Ev                                
000039d9  _ZN4aeo112adc_potmeterD1Ev                                
000039d9  _ZN4aeo112adc_potmeterD2Ev                                
0000436d  _ZN4aeo113Alpha7SegmentEc                                 
00002063  _ZN4aeo114ssi_peripheral10InitializeEv                    
0000239f  _ZN4aeo114ssi_peripheral10LoadTxFIFOEv                    
000021b1  _ZN4aeo114ssi_peripheral11OnInterruptEv                   
000023d5  _ZN4aeo114ssi_peripheral12UnloadRxFIFOEv                  
00002387  _ZN4aeo114ssi_peripheral3GetEv                            
00002373  _ZN4aeo114ssi_peripheral3PutEj                            
00002271  _ZN4aeo114ssi_peripheral4DiagEv                           
00004ad3  _ZN4aeo114ssi_peripheral4OnRxEv                           
00004add  _ZN4aeo114ssi_peripheral4OnTxEv                           
00002317  _ZN4aeo114ssi_peripheral9TerminateEv                      
00001f85  _ZN4aeo114ssi_peripheralC1ENS0_9device_idEjb              
00001f85  _ZN4aeo114ssi_peripheralC2ENS0_9device_idEjb              
0000204d  _ZN4aeo114ssi_peripheralD0Ev                              
00002039  _ZN4aeo114ssi_peripheralD1Ev                              
00002039  _ZN4aeo114ssi_peripheralD2Ev                              
20000860  _ZN4aeo118SSI0_SpecificationE                             
20000894  _ZN4aeo118SSI1_SpecificationE                             
200008c8  _ZN4aeo118SSI2_SpecificationE                             
200008fc  _ZN4aeo118SSI3_SpecificationE                             
00002dcd  _ZN4aeo17drv871110InitializeEv                            
00002f05  _ZN4aeo17drv871110SetDefaultEv                            
00003065  _ZN4aeo17drv871111ClearFaultsEv                           
00003091  _ZN4aeo17drv871116ReadAllRegistersEv                      
00002fa3  _ZN4aeo17drv87114DiagEv                                   
00002e4b  _ZN4aeo17drv87114FeedEi                                   
00002e1d  _ZN4aeo17drv87114HaltEv                                   
00002df1  _ZN4aeo17drv87114IdleEv                                   
00002e5b  _ZN4aeo17drv87114MoveEi                                   
00002fc5  _ZN4aeo17drv87114StepEjb                                  
00002f79  _ZN4aeo17drv87114StopEb                                   
0000307d  _ZN4aeo17drv87115ResetEv                                  
00003037  _ZN4aeo17drv87115SleepEb                                  
00002ed7  _ZN4aeo17drv87119SetTorqueEj                              
00002d81  _ZN4aeo17drv8711C1Ev                                      
00002d81  _ZN4aeo17drv8711C2Ev                                      
00002db7  _ZN4aeo17drv8711D0Ev                                      
00002d9f  _ZN4aeo17drv8711D1Ev                                      
00002d9f  _ZN4aeo17drv8711D2Ev                                      
0000495d  _ZNK4aeo114ssi_peripheral7IsEmptyEv                       
00003edf  _ZNKSt9type_info4nameEv                                   
00003f0f  _ZNKSt9type_info6beforeERKS_                              
00003ef9  _ZNKSt9type_infoeqERKS_                                   
00003ee3  _ZNKSt9type_infoneERKS_                                   
00003ed7  _ZNSt9type_infoD0Ev                                       
00003ed5  _ZNSt9type_infoD1Ev                                       
00003ed5  _ZNSt9type_infoD2Ev                                       
200006f4  _ZSt16__dummy_typeinfo                                    
00003ecd  _ZSt21__gen_dummy_typeinfosv                              
000052b8  _ZTIN10__cxxabiv117__class_type_infoE                     
000052c4  _ZTIN10__cxxabiv117__pbase_type_infoE                     
000052d0  _ZTIN10__cxxabiv119__pointer_type_infoE                   
000052dc  _ZTIN10__cxxabiv120__si_class_type_infoE                  
000052e8  _ZTIN10__cxxabiv123__fundamental_type_infoE               
0000530c  _ZTIN4aeo110qei_sensorE                                   
00005314  _ZTIN4aeo111pwm_stepperE                                  
000052f4  _ZTIN4aeo111ssi_displayE                                  
00005300  _ZTIN4aeo111ssi_drv8711E                                  
0000531c  _ZTIN4aeo112adc_potmeterE                                 
00005324  _ZTIN4aeo114ssi_peripheralE                               
0000532c  _ZTIN4aeo17drv8711E                                       
00005208  _ZTIPKe                                                   
00005334  _ZTISt9type_info                                          
0000533c  _ZTIe                                                     
000050e9  _ZTSN10__cxxabiv117__class_type_infoE                     
0000510b  _ZTSN10__cxxabiv117__pbase_type_infoE                     
000050c5  _ZTSN10__cxxabiv119__pointer_type_infoE                   
000050a0  _ZTSN10__cxxabiv120__si_class_type_infoE                  
00004fd8  _ZTSN10__cxxabiv123__fundamental_type_infoE               
000051b9  _ZTSN4aeo110qei_sensorE                                   
0000517a  _ZTSN4aeo111pwm_stepperE                                  
0000518f  _ZTSN4aeo111ssi_displayE                                  
000051a4  _ZTSN4aeo111ssi_drv8711E                                  
00005164  _ZTSN4aeo112adc_potmeterE                                 
0000514c  _ZTSN4aeo114ssi_peripheralE                               
00005218  _ZTSN4aeo17drv8711E                                       
00005344  _ZTSPKe                                                   
000052a8  _ZTSSt9type_info                                          
00004d62  _ZTSe                                                     
00005228  _ZTVN10__cxxabiv117__class_type_infoE                     
00005238  _ZTVN10__cxxabiv119__pointer_type_infoE                   
00005248  _ZTVN10__cxxabiv120__si_class_type_infoE                  
00005258  _ZTVN10__cxxabiv123__fundamental_type_infoE               
00005268  _ZTVN4aeo110qei_sensorE                                   
00005278  _ZTVN4aeo111pwm_stepperE                                  
00005000  _ZTVN4aeo111ssi_displayE                                  
00005028  _ZTVN4aeo111ssi_drv8711E                                  
00005288  _ZTVN4aeo112adc_potmeterE                                 
00005050  _ZTVN4aeo114ssi_peripheralE                               
00005298  _ZTVN4aeo17drv8711E                                       
00004aff  _ZdlPv                                                    
20000bb8  __STACK_END                                               
00000200  __STACK_SIZE                                              
20000bb8  __STACK_TOP                                               
00000008  __SYSMEM_SIZE                                             
000055a8  __TI_CINIT_Base                                           
000055b8  __TI_CINIT_Limit                                          
00005590  __TI_Handler_Table_Base                                   
0000559c  __TI_Handler_Table_Limit                                  
000041c5  __TI_auto_init                                            
2000099c  __TI_cleanup_ptr                                          
000049dd  __TI_decompress_none                                      
00004b2b  __TI_decompress_rle24                                     
200009a0  __TI_dtors_ptr                                            
00000000  __TI_static_base__                                        
00004a57  __TI_zero_init                                            
00003e2f  __aeabi_atexit                                            
0000429b  __aeabi_idiv0                                             
0000414b  __aeabi_memclr                                            
0000414b  __aeabi_memclr4                                           
0000414b  __aeabi_memclr8                                           
00004035  __aeabi_memcpy                                            
00004035  __aeabi_memcpy4                                           
00004035  __aeabi_memcpy8                                           
0000414d  __aeabi_memset                                            
0000414d  __aeabi_memset4                                           
0000414d  __aeabi_memset8                                           
00004593  __aeabi_uidiv                                             
00004593  __aeabi_uidivmod                                          
ffffffff  __binit__                                                 
ffffffff  __c_args__                                                
00003e73  __cxa_atexit                                              
00003dd9  __cxa_finalize                                            
00003e1b  __cxa_ia64_exit                                           
200006f8  __dso_handle                                              
200009b8  __stack                                                   
00001df7  __sti___8_main_cpp_1c94e432                               
000047d5  _args_main                                                
00004429  _c_int00                                                  
20000994  _lock                                                     
00004863  _nop                                                      
0000485b  _register_lock                                            
00004855  _register_unlock                                          
20000bb8  _sys_memory                                               
00004b41  _system_pre_init                                          
20000998  _unlock                                                   
00004511  abort                                                     
00003e21  atexit                                                    
ffffffff  binit                                                     
00002d4d  calloc                                                    
00004479  copy_in                                                   
00004519  exit                                                      
00002a9b  free                                                      
200005b8  g_oDialerDisplay                                          
20000400  g_oDrv8711                                                
200006e4  g_oLinearScale                                            
200006d4  g_oRotaryDialer                                           
20000634  g_oScaleDisplay                                           
00000000  g_pfnVectors                                              
20000704  g_psCmdTable                                              
200007b8  g_psRotaryMenu                                            
00001de5  main                                                      
200009b0  main_func_sp                                              
00002a33  malloc                                                    
00002c69  memalign                                                  
00004035  memcpy                                                    
00004153  memset                                                    
000029a5  minit                                                     
00002b5d  realloc                                                   
000047ed  strcmp                                                    
00000751  ulocaltime                                                
0000094f  umktime                                                   
00000ec9  urand                                                     
00000721  usnprintf                                                 
000006ef  usprintf                                                  
00000eb9  usrand                                                    
00000e31  ustrcasecmp                                               
00000ea5  ustrcmp                                                   
00000d35  ustrlen                                                   
00000d8d  ustrncasecmp                                              
00000e45  ustrncmp                                                  
0000026d  ustrncpy                                                  
00000d57  ustrstr                                                   
00000afd  ustrtof                                                   
000009c5  ustrtoul                                                  
000002c5  uvsnprintf                                                


GLOBAL SYMBOLS: SORTED BY Symbol Address 

address   name                                                      
-------   ----                                                      
00000000  __TI_static_base__                                        
00000000  g_pfnVectors                                              
00000008  __SYSMEM_SIZE                                             
00000200  __STACK_SIZE                                              
0000026d  ustrncpy                                                  
000002c5  uvsnprintf                                                
000006ef  usprintf                                                  
00000721  usnprintf                                                 
00000751  ulocaltime                                                
0000094f  umktime                                                   
000009c5  ustrtoul                                                  
00000afd  ustrtof                                                   
00000d35  ustrlen                                                   
00000d57  ustrstr                                                   
00000d8d  ustrncasecmp                                              
00000e31  ustrcasecmp                                               
00000e45  ustrncmp                                                  
00000ea5  ustrcmp                                                   
00000eb9  usrand                                                    
00000ec9  urand                                                     
00000fdd  UARTStdioConfig                                           
00001063  UARTwrite                                                 
00001103  UARTgets                                                  
0000117f  UARTgetc                                                  
000011d9  UARTvprintf                                               
000014d3  UARTprintf                                                
000014f7  UARTRxBytesAvail                                          
00001505  UARTTxBytesFree                                           
00001519  UARTPeek                                                  
00001573  UARTFlushRx                                               
00001593  UARTFlushTx                                               
000015c9  UARTEchoSet                                               
000015f5  UARTStdioIntHandler                                       
00001751  _Z8CMD_zeroiPPc                                           
0000176b  _Z7CMD_setiPPc                                            
00001791  _Z8CMD_idleiPPc                                           
000017a1  _Z8CMD_haltiPPc                                           
000017b1  _Z8CMD_feediPPc                                           
000017d7  _Z8CMD_moveiPPc                                           
00001805  _Z8CMD_stopiPPc                                           
00001827  _Z8CMD_textiPPc                                           
00001841  _Z8CMD_diagiPPc                                           
00001869  _Z9CMD_sleepiPPc                                          
00001891  _Z9CMD_resetiPPc                                          
000018a1  _Z9CMD_noerriPPc                                          
000018b1  _Z8CMD_stepiPPc                                           
000018f1  _Z8CMD_helpiPPc                                           
00001941  _Z7MNU_setiPPc                                            
0000195f  _Z8MNU_feediPPc                                           
00001975  _Z8MNU_moveiPPc                                           
00001999  _Z12OnMenuDialeri                                         
00001a27  _Z14OnNumberDialeri                                       
00001a61  _Z6OnFeedi                                                
00001ae1  _Z6OnMovei                                                
00001bb1  _Z8OnDialeri                                              
00001c15  _Z13ConfigureUARTv                                        
00001c59  SysTickIntHandler                                         
00001ced  _Z10Initializev                                           
00001d89  _Z8MainLoopv                                              
00001de5  main                                                      
00001df7  __sti___8_main_cpp_1c94e432                               
00001f1d  OnSSI0Interrupt                                           
00001f37  OnSSI1Interrupt                                           
00001f51  OnSSI2Interrupt                                           
00001f6b  OnSSI3Interrupt                                           
00001f85  _ZN4aeo114ssi_peripheralC1ENS0_9device_idEjb              
00001f85  _ZN4aeo114ssi_peripheralC2ENS0_9device_idEjb              
00002039  _ZN4aeo114ssi_peripheralD1Ev                              
00002039  _ZN4aeo114ssi_peripheralD2Ev                              
0000204d  _ZN4aeo114ssi_peripheralD0Ev                              
00002063  _ZN4aeo114ssi_peripheral10InitializeEv                    
000021b1  _ZN4aeo114ssi_peripheral11OnInterruptEv                   
00002271  _ZN4aeo114ssi_peripheral4DiagEv                           
00002317  _ZN4aeo114ssi_peripheral9TerminateEv                      
00002373  _ZN4aeo114ssi_peripheral3PutEj                            
00002387  _ZN4aeo114ssi_peripheral3GetEv                            
0000239f  _ZN4aeo114ssi_peripheral10LoadTxFIFOEv                    
000023d5  _ZN4aeo114ssi_peripheral12UnloadRxFIFOEv                  
000024d9  OnGPIOBInterrupt                                          
000024f5  OnGPIOEInterrupt                                          
00002511  _ZN4aeo111ssi_drv8711C1Ev                                 
00002511  _ZN4aeo111ssi_drv8711C2Ev                                 
00002537  _ZN4aeo111ssi_drv8711D1Ev                                 
00002537  _ZN4aeo111ssi_drv8711D2Ev                                 
00002545  _ZN4aeo111ssi_drv8711D0Ev                                 
0000255b  _ZN4aeo111ssi_drv871110InitializeEv                       
00002627  _ZN4aeo111ssi_drv87114DiagEv                              
000026bd  _ZN4aeo111ssi_drv871111PrintStatusEj                      
0000273d  _ZN4aeo111ssi_drv87115SleepEb                             
0000275b  _ZN4aeo111ssi_drv87115ResetEv                             
00002795  _ZN4aeo111ssi_drv871115OnGpioInterruptENS0_5EventE        
000027ef  _ZN4aeo111ssi_drv87114ReadEj                              
00002849  _ZN4aeo111ssi_drv87115WriteEjj                            
000029a5  minit                                                     
00002a33  malloc                                                    
00002a9b  free                                                      
00002b5d  realloc                                                   
00002c69  memalign                                                  
00002d4d  calloc                                                    
00002d81  _ZN4aeo17drv8711C1Ev                                      
00002d81  _ZN4aeo17drv8711C2Ev                                      
00002d9f  _ZN4aeo17drv8711D1Ev                                      
00002d9f  _ZN4aeo17drv8711D2Ev                                      
00002db7  _ZN4aeo17drv8711D0Ev                                      
00002dcd  _ZN4aeo17drv871110InitializeEv                            
00002df1  _ZN4aeo17drv87114IdleEv                                   
00002e1d  _ZN4aeo17drv87114HaltEv                                   
00002e4b  _ZN4aeo17drv87114FeedEi                                   
00002e5b  _ZN4aeo17drv87114MoveEi                                   
00002ed7  _ZN4aeo17drv87119SetTorqueEj                              
00002f05  _ZN4aeo17drv871110SetDefaultEv                            
00002f79  _ZN4aeo17drv87114StopEb                                   
00002fa3  _ZN4aeo17drv87114DiagEv                                   
00002fc5  _ZN4aeo17drv87114StepEjb                                  
00003037  _ZN4aeo17drv87115SleepEb                                  
00003065  _ZN4aeo17drv871111ClearFaultsEv                           
0000307d  _ZN4aeo17drv87115ResetEv                                  
00003091  _ZN4aeo17drv871116ReadAllRegistersEv                      
00003155  OnPWM1Gen1Interrupt                                       
00003171  _ZN4aeo111pwm_stepperC1Ev                                 
00003171  _ZN4aeo111pwm_stepperC2Ev                                 
000031a9  _ZN4aeo111pwm_stepperD1Ev                                 
000031a9  _ZN4aeo111pwm_stepperD2Ev                                 
000031b5  _ZN4aeo111pwm_stepperD0Ev                                 
000031cb  _ZN4aeo111pwm_stepper10InitializeEv                       
0000323d  _ZN4aeo111pwm_stepper4DiagEv                              
00003269  _ZN4aeo111pwm_stepper4MoveEj                              
000032c1  _ZN4aeo111pwm_stepper4StopEb                              
000032ef  _ZN4aeo111pwm_stepper11OnInterruptEv                      
00003465  _ZN4aeo110qei_sensorC1ENS0_9device_idENS0_13configurationE
00003465  _ZN4aeo110qei_sensorC2ENS0_9device_idENS0_13configurationE
0000349f  _ZN4aeo110qei_sensorD1Ev                                  
0000349f  _ZN4aeo110qei_sensorD2Ev                                  
000034ab  _ZN4aeo110qei_sensorD0Ev                                  
000034c1  _ZN4aeo110qei_sensor10InitializeEv                        
000034eb  _ZN4aeo110qei_sensor3GetEv                                
00003513  _ZN4aeo110qei_sensor8GetIndexEv                           
00003551  _ZN4aeo110qei_sensor3SetEi                                
00003577  _ZN4aeo110qei_sensor4ZeroEv                               
00003587  _ZN4aeo110qei_sensor4DiagEv                               
00003745  _ZN4aeo111ssi_displayC1ENS_14ssi_peripheral9device_idE    
00003745  _ZN4aeo111ssi_displayC2ENS_14ssi_peripheral9device_idE    
00003767  _ZN4aeo111ssi_displayD1Ev                                 
00003767  _ZN4aeo111ssi_displayD2Ev                                 
00003775  _ZN4aeo111ssi_displayD0Ev                                 
0000378b  _ZN4aeo111ssi_display10InitializeEv                       
00003797  _ZN4aeo111ssi_display4DiagEv                              
000037a9  _ZN4aeo111ssi_display3SetEii                              
00003887  _ZN4aeo111ssi_display3SetEPKc                             
00003925  _ZN4aeo111ssi_display14Digit2SegmentsEjjb                 
000039a9  OnADCInterrupt                                            
000039bb  _ZN4aeo112adc_potmeterC1Ev                                
000039bb  _ZN4aeo112adc_potmeterC2Ev                                
000039d9  _ZN4aeo112adc_potmeterD1Ev                                
000039d9  _ZN4aeo112adc_potmeterD2Ev                                
000039fd  _ZN4aeo112adc_potmeterD0Ev                                
00003a13  _ZN4aeo112adc_potmeter10InitializeEv                      
00003a73  _ZN4aeo112adc_potmeter9TerminateEv                        
00003a8f  _ZN4aeo112adc_potmeter11OnInterruptEv                     
00003b0b  _ZN4aeo112adc_potmeter7TriggerEv                          
00003b19  _ZN4aeo112adc_potmeter8GetValueEv                         
00003b39  _ZN4aeo112adc_potmeter15GetErrorCounterEv                 
00003b51  _ZN4aeo112adc_potmeter4DiagEv                             
00003b9d  GPIOPadConfigSet                                          
00003ccd  SysCtlClockGet                                            
00003dd9  __cxa_finalize                                            
00003e1b  __cxa_ia64_exit                                           
00003e21  atexit                                                    
00003e2f  __aeabi_atexit                                            
00003e73  __cxa_atexit                                              
00003ecd  _ZSt21__gen_dummy_typeinfosv                              
00003ed5  _ZNSt9type_infoD1Ev                                       
00003ed5  _ZNSt9type_infoD2Ev                                       
00003ed7  _ZNSt9type_infoD0Ev                                       
00003edf  _ZNKSt9type_info4nameEv                                   
00003ee3  _ZNKSt9type_infoneERKS_                                   
00003ef9  _ZNKSt9type_infoeqERKS_                                   
00003f0f  _ZNKSt9type_info6beforeERKS_                              
00003f1d  _ZN10__cxxabiv129__pointer_to_member_type_infoD1Ev        
00003f1d  _ZN10__cxxabiv129__pointer_to_member_type_infoD2Ev        
00003f1f  _ZN10__cxxabiv129__pointer_to_member_type_infoD0Ev        
00003f27  _ZN10__cxxabiv123__fundamental_type_infoD1Ev              
00003f27  _ZN10__cxxabiv123__fundamental_type_infoD2Ev              
00003f29  _ZN10__cxxabiv123__fundamental_type_infoD0Ev              
00003f31  _ZN10__cxxabiv121__vmi_class_type_infoD1Ev                
00003f31  _ZN10__cxxabiv121__vmi_class_type_infoD2Ev                
00003f33  _ZN10__cxxabiv121__vmi_class_type_infoD0Ev                
00003f3b  _ZN10__cxxabiv120__si_class_type_infoD1Ev                 
00003f3b  _ZN10__cxxabiv120__si_class_type_infoD2Ev                 
00003f3d  _ZN10__cxxabiv120__si_class_type_infoD0Ev                 
00003f45  _ZN10__cxxabiv120__function_type_infoD1Ev                 
00003f45  _ZN10__cxxabiv120__function_type_infoD2Ev                 
00003f47  _ZN10__cxxabiv120__function_type_infoD0Ev                 
00003f4f  _ZN10__cxxabiv119__pointer_type_infoD1Ev                  
00003f4f  _ZN10__cxxabiv119__pointer_type_infoD2Ev                  
00003f51  _ZN10__cxxabiv119__pointer_type_infoD0Ev                  
00003f59  _ZN10__cxxabiv117__pbase_type_infoD1Ev                    
00003f59  _ZN10__cxxabiv117__pbase_type_infoD2Ev                    
00003f5b  _ZN10__cxxabiv117__pbase_type_infoD0Ev                    
00003f63  _ZN10__cxxabiv117__class_type_infoD1Ev                    
00003f63  _ZN10__cxxabiv117__class_type_infoD2Ev                    
00003f65  _ZN10__cxxabiv117__class_type_infoD0Ev                    
00003f6d  _ZN10__cxxabiv117__array_type_infoD1Ev                    
00003f6d  _ZN10__cxxabiv117__array_type_infoD2Ev                    
00003f6f  _ZN10__cxxabiv117__array_type_infoD0Ev                    
00003f77  _ZN10__cxxabiv116__enum_type_infoD1Ev                     
00003f77  _ZN10__cxxabiv116__enum_type_infoD2Ev                     
00003f79  _ZN10__cxxabiv116__enum_type_infoD0Ev                     
00003f89  CmdLineProcess                                            
00004035  __aeabi_memcpy                                            
00004035  __aeabi_memcpy4                                           
00004035  __aeabi_memcpy8                                           
00004035  memcpy                                                    
000040d1  ADCSequenceStepConfigure                                  
0000414b  __aeabi_memclr                                            
0000414b  __aeabi_memclr4                                           
0000414b  __aeabi_memclr8                                           
0000414d  __aeabi_memset                                            
0000414d  __aeabi_memset4                                           
0000414d  __aeabi_memset8                                           
00004153  memset                                                    
000041c5  __TI_auto_init                                            
0000429b  __aeabi_idiv0                                             
0000429d  IntDisable                                                
00004305  IntEnable                                                 
0000436d  _ZN4aeo113Alpha7SegmentEc                                 
000043d1  GPIOIntTypeSet                                            
00004429  _c_int00                                                  
00004479  copy_in                                                   
000044c5  GPIOPinConfigure                                          
0000450d  C$$EXIT                                                   
00004511  abort                                                     
00004519  exit                                                      
00004551  UARTConfigSetExpClk                                       
00004593  __aeabi_uidiv                                             
00004593  __aeabi_uidivmod                                          
000045d3  ADCSequenceConfigure                                      
00004611  SSIConfigSetExpClk                                        
0000464d  SysCtlPeripheralPresent                                   
00004685  SysCtlPeripheralEnable                                    
000046b9  ADCIntStatus                                              
000046e7  GPIODirModeSet                                            
00004711  PWMGenConfigure                                           
00004733  ADCSequenceDataGet                                        
00004751  PWMPulseWidthSet                                          
00004771  UARTDisable                                               
0000478d  ADCClockConfigSet                                         
000047a5  ADCProcessorTrigger                                       
000047bd  GPIOPinTypeGPIOOutput                                     
000047d5  _args_main                                                
000047ed  strcmp                                                    
00004805  SysCtlPWMClockSet                                         
00004819  SysTickEnable                                             
0000482d  SysTickIntEnable                                          
00004841  UARTEnable                                                
00004855  _register_unlock                                          
0000485b  _register_lock                                            
00004863  _nop                                                      
00004869  ADCHardwareOversampleConfigure                            
0000487b  GPIOPinTypeADC                                            
0000488d  GPIOPinTypeGPIOInput                                      
0000489f  GPIOPinTypePWM                                            
000048b1  GPIOPinTypeQEI                                            
000048c3  GPIOPinTypeSSI                                            
000048d5  GPIOPinTypeUART                                           
000048e7  PWMOutputState                                            
000048f9  SSIDataGetNonBlocking                                     
0000490b  ADCIntEnable                                              
0000491b  IntMasterDisable                                          
0000492b  IntMasterEnable                                           
0000493b  PWMGenPeriodSet                                           
0000494d  SysTickPeriodSet                                          
0000495d  _ZNK4aeo114ssi_peripheral7IsEmptyEv                       
0000496d  ADCIntDisable                                             
0000497b  ADCSequenceDisable                                        
00004989  ADCSequenceEnable                                         
00004997  GPIOIntDisable                                            
000049a5  QEIConfigure                                              
000049b3  SSIDataPutNonBlocking                                     
000049c1  UARTCharGetNonBlocking                                    
000049cf  UARTCharPutNonBlocking                                    
000049dd  __TI_decompress_none                                      
000049eb  CPUcpsid                                                  
000049f7  CPUcpsie                                                  
00004a03  GPIOIntEnable                                             
00004a0f  PWMGenDisable                                             
00004a1b  PWMGenEnable                                              
00004a27  SSIDataGet                                                
00004a33  UARTCharsAvail                                            
00004a3f  UARTSpaceAvail                                            
00004a4b  _ZN4aeo111ssi_display4OnTxEv                              
00004a57  __TI_zero_init                                            
00004a63  ResetISR                                                  
00004a6f  ADCIntClear                                               
00004a79  PWMGenIntTrigEnable                                       
00004a83  QEIEnable                                                 
00004a8d  SSIDataPut                                                
00004a97  SSIDisable                                                
00004aa1  SSIEnable                                                 
00004aab  SSIIntDisable                                             
00004ab5  SSIIntStatus                                              
00004abf  UARTIntDisable                                            
00004ac9  UARTIntStatus                                             
00004ad3  _ZN4aeo114ssi_peripheral4OnRxEv                           
00004add  _ZN4aeo114ssi_peripheral4OnTxEv                           
00004ae7  PWMIntEnable                                              
00004aef  SSIIntEnable                                              
00004af7  UARTIntEnable                                             
00004aff  _ZdlPv                                                    
00004b07  GPIOPinRead                                               
00004b0d  GPIOPinWrite                                              
00004b13  PWMGenIntClear                                            
00004b19  SysCtlDelay                                               
00004b1f  UARTClockSourceSet                                        
00004b25  UARTFIFOLevelSet                                          
00004b2b  __TI_decompress_rle24                                     
00004b31  QEIPositionGet                                            
00004b35  QEIPositionSet                                            
00004b39  SSIIntClear                                               
00004b3d  UARTIntClear                                              
00004b41  _system_pre_init                                          
00004d62  _ZTSe                                                     
00004fd8  _ZTSN10__cxxabiv123__fundamental_type_infoE               
00005000  _ZTVN4aeo111ssi_displayE                                  
00005028  _ZTVN4aeo111ssi_drv8711E                                  
00005050  _ZTVN4aeo114ssi_peripheralE                               
000050a0  _ZTSN10__cxxabiv120__si_class_type_infoE                  
000050c5  _ZTSN10__cxxabiv119__pointer_type_infoE                   
000050e9  _ZTSN10__cxxabiv117__class_type_infoE                     
0000510b  _ZTSN10__cxxabiv117__pbase_type_infoE                     
0000514c  _ZTSN4aeo114ssi_peripheralE                               
00005164  _ZTSN4aeo112adc_potmeterE                                 
0000517a  _ZTSN4aeo111pwm_stepperE                                  
0000518f  _ZTSN4aeo111ssi_displayE                                  
000051a4  _ZTSN4aeo111ssi_drv8711E                                  
000051b9  _ZTSN4aeo110qei_sensorE                                   
00005208  _ZTIPKe                                                   
00005218  _ZTSN4aeo17drv8711E                                       
00005228  _ZTVN10__cxxabiv117__class_type_infoE                     
00005238  _ZTVN10__cxxabiv119__pointer_type_infoE                   
00005248  _ZTVN10__cxxabiv120__si_class_type_infoE                  
00005258  _ZTVN10__cxxabiv123__fundamental_type_infoE               
00005268  _ZTVN4aeo110qei_sensorE                                   
00005278  _ZTVN4aeo111pwm_stepperE                                  
00005288  _ZTVN4aeo112adc_potmeterE                                 
00005298  _ZTVN4aeo17drv8711E                                       
000052a8  _ZTSSt9type_info                                          
000052b8  _ZTIN10__cxxabiv117__class_type_infoE                     
000052c4  _ZTIN10__cxxabiv117__pbase_type_infoE                     
000052d0  _ZTIN10__cxxabiv119__pointer_type_infoE                   
000052dc  _ZTIN10__cxxabiv120__si_class_type_infoE                  
000052e8  _ZTIN10__cxxabiv123__fundamental_type_infoE               
000052f4  _ZTIN4aeo111ssi_displayE                                  
00005300  _ZTIN4aeo111ssi_drv8711E                                  
0000530c  _ZTIN4aeo110qei_sensorE                                   
00005314  _ZTIN4aeo111pwm_stepperE                                  
0000531c  _ZTIN4aeo112adc_potmeterE                                 
00005324  _ZTIN4aeo114ssi_peripheralE                               
0000532c  _ZTIN4aeo17drv8711E                                       
00005334  _ZTISt9type_info                                          
0000533c  _ZTIe                                                     
00005344  _ZTSPKe                                                   
00005348  SHT$$INIT_ARRAY$$Base                                     
0000534c  SHT$$INIT_ARRAY$$Limit                                    
00005590  __TI_Handler_Table_Base                                   
0000559c  __TI_Handler_Table_Limit                                  
000055a8  __TI_CINIT_Base                                           
000055b8  __TI_CINIT_Limit                                          
20000400  g_oDrv8711                                                
200005b8  g_oDialerDisplay                                          
20000634  g_oScaleDisplay                                           
200006d4  g_oRotaryDialer                                           
200006e4  g_oLinearScale                                            
200006f4  _ZSt16__dummy_typeinfo                                    
200006f8  __dso_handle                                              
20000704  g_psCmdTable                                              
200007b8  g_psRotaryMenu                                            
20000860  _ZN4aeo118SSI0_SpecificationE                             
20000894  _ZN4aeo118SSI1_SpecificationE                             
200008c8  _ZN4aeo118SSI2_SpecificationE                             
200008fc  _ZN4aeo118SSI3_SpecificationE                             
20000968  _ZN4aeo112adc_potmeter10m_nCounterE                       
2000096c  _ZN4aeo112adc_potmeter15m_nErrorCounterE                  
20000970  _ZN4aeo112adc_potmeter14m_nReadCounterE                   
20000974  _ZN4aeo112adc_potmeter16m_pTheOneAndOnlyE                 
20000994  _lock                                                     
20000998  _unlock                                                   
2000099c  __TI_cleanup_ptr                                          
200009a0  __TI_dtors_ptr                                            
200009b0  main_func_sp                                              
200009b8  __stack                                                   
20000bb8  __STACK_END                                               
20000bb8  __STACK_TOP                                               
20000bb8  _sys_memory                                               
ffffffff  __binit__                                                 
ffffffff  __c_args__                                                
ffffffff  binit                                                     

[397 symbols]
