******************************************************************************
                  TI ARM Linker PC v5.1.11                     
******************************************************************************
>> Linked Mon Mar 23 16:12:00 2015

OUTPUT FILE NAME:   <test_dialer.out>
ENTRY POINT SYMBOL: "_c_int00"  address: 00002e3d


MEMORY CONFIGURATION

         name            origin    length      used     unused   attr    fill
----------------------  --------  ---------  --------  --------  ----  --------
  FLASH                 00000000   00040000  0000367c  0003c984  R  X
  SRAM                  20000000   00008000  000008f5  0000770b  RW X


SEGMENT ALLOCATION MAP

run origin  load origin   length   init length attrs members
----------  ----------- ---------- ----------- ----- -------
00000000    00000000    00003680   00003680    r-x
  00000000    00000000    0000026c   0000026c    r-- .intvecs
  0000026c    0000026c    00002ee4   00002ee4    r-x .text
  00003150    00003150    00000450   00000450    r-- .const
  000035a0    000035a0    00000004   00000004    r-- .init_array
  000035a8    000035a8    000000d8   000000d8    r-- .cinit
20000000    20000000    000008f8   00000000    rw-
  20000000    20000000    000005e9   00000000    rw- .bss
  200005ec    200005ec    00000200   00000000    rw- .stack
  200007ec    200007ec    00000104   00000000    rw- .data
  200008f0    200008f0    00000008   00000000    rw- .sysmem


SECTION ALLOCATION MAP

 output                                  attributes/
section   page    origin      length       input sections
--------  ----  ----------  ----------   ----------------
.intvecs   0    00000000    0000026c     
                  00000000    0000026c     tm4c123gh6pm_startup_ccs.obj (.intvecs)

.text      0    0000026c    00002ee4     
                  0000026c    00000c84     ustdlib.obj (.text)
                  00000ef0    00000900     uartstdio.obj (.text)
                  000017f0    00000438     ssi_display.obj (.text)
                  00001c28    000003dc     rtsv7M4_T_le_v4SPD16_eabi.lib : memory.obj (.text)
                  00002004    00000264     adc_potmeter.obj (.text)
                  00002268    00000224     qei_sensor.obj (.text)
                  0000248c    00000220     main.obj (.text)
                  000026ac    00000130     driverlib.lib : gpio.obj (.text:GPIOPadConfigSet)
                  000027dc    00000118                   : sysctl.obj (.text:SysCtlClockGet)
                  000028f4    00000114     commands.obj (.text)
                  00002a08    000000f4     rtsv7M4_T_le_v4SPD16_eabi.lib : dtor_list.obj (.text)
                  00002afc    000000bc                                   : typeinfo_.obj (.text)
                  00002bb8    000000ac     cmdline.obj (.text)
                  00002c64    0000009c     rtsv7M4_T_le_v4SPD16_eabi.lib : memcpy_t2.obj (.text)
                  00002d00    00000094                                   : auto_init.obj (.text)
                  00002d94    0000005e                                   : copy_decompress_rle.obj (.text)
                  00002df2    00000002                                   : i_div0.obj (.text)
                  00002df4    00000048     driverlib.lib : gpio.obj (.text:GPIOPinConfigure)
                  00002e3c    00000048     rtsv7M4_T_le_v4SPD16_eabi.lib : boot.obj (.text)
                  00002e84    00000044                                   : cpy_tbl.obj (.text)
                  00002ec8    00000044                                   : exit.obj (.text)
                  00002f0c    00000042     driverlib.lib : ssi.obj (.text:SSIConfigSetExpClk)
                  00002f4e    00000040     rtsv7M4_T_le_v4SPD16_eabi.lib : u_divt2.obj (.text)
                  00002f8e    00000002     --HOLE-- [fill = 0]
                  00002f90    00000034     driverlib.lib : sysctl.obj (.text:SysCtlPeripheralEnable)
                  00002fc4    0000002a                   : gpio.obj (.text:GPIODirModeSet)
                  00002fee    00000018                   : adc.obj (.text:ADCClockConfigSet)
                  00003006    00000002     --HOLE-- [fill = 0]
                  00003008    00000018     rtsv7M4_T_le_v4SPD16_eabi.lib : args_main.obj (.text)
                  00003020    00000018                                   : strcmp.obj (.text)
                  00003038    00000014     driverlib.lib : systick.obj (.text:SysTickEnable)
                  0000304c    00000014                   : systick.obj (.text:SysTickIntEnable)
                  00003060    00000014     rtsv7M4_T_le_v4SPD16_eabi.lib : _lock.obj (.text)
                  00003074    00000012     driverlib.lib : gpio.obj (.text:GPIOPinTypeQEI)
                  00003086    00000012                   : gpio.obj (.text:GPIOPinTypeUART)
                  00003098    00000012     rtsv7M4_T_le_v4SPD16_eabi.lib : copy_zero_init.obj (.text:decompress:ZI)
                  000030aa    00000002     --HOLE-- [fill = 0]
                  000030ac    00000010     driverlib.lib : systick.obj (.text:SysTickPeriodSet)
                  000030bc    0000000e                   : qei.obj (.text:QEIConfigure)
                  000030ca    0000000e                   : ssi.obj (.text:SSIDataPutNonBlocking)
                  000030d8    0000000e     rtsv7M4_T_le_v4SPD16_eabi.lib : copy_decompress_none.obj (.text:decompress:none)
                  000030e6    0000000c     driverlib.lib : cpu.obj (.text:CPUcpsie)
                  000030f2    0000000c     tm4c123gh6pm_startup_ccs.obj (.text)
                  000030fe    0000000a     driverlib.lib : interrupt.obj (.text:IntMasterEnable)
                  00003108    0000000a                   : qei.obj (.text:QEIEnable)
                  00003112    0000000a                   : ssi.obj (.text:SSIIntDisable)
                  0000311c    0000000a                   : ssi.obj (.text:SSIIntStatus)
                  00003126    00000008                   : ssi.obj (.text:SSIIntEnable)
                  0000312e    00000008     rtsv7M4_T_le_v4SPD16_eabi.lib : delete.obj (.text)
                  00003136    00000006     driverlib.lib : sysctl.obj (.text:SysCtlDelay)
                  0000313c    00000006                   : uart.obj (.text:UARTClockSourceSet)
                  00003142    00000006     rtsv7M4_T_le_v4SPD16_eabi.lib : copy_decompress_rle.obj (.text:decompress:rle24)
                  00003148    00000004     driverlib.lib : qei.obj (.text:QEIPositionGet)
                  0000314c    00000004                   : ssi.obj (.text:SSIIntClear)

.const     0    00003150    00000450     
                  00003150    000000b2     commands.obj (.const:.string)
                  00003202    00000002     rtsv7M4_T_le_v4SPD16_eabi.lib : typeinfo_.obj (.const:.typeinfo:_ZTSe)
                  00003204    00000090     driverlib.lib : gpio.obj (.const:g_pui32GPIOBaseAddrs)
                  00003294    0000006c                   : sysctl.obj (.const:g_pui32Xtals)
                  00003300    00000030     ustdlib.obj (.const:g_psDaysToMonth)
                  00003330    00000028     rtsv7M4_T_le_v4SPD16_eabi.lib : typeinfo_.obj (.const:.typeinfo:_ZTSN10__cxxabiv123__fundamental_type_infoE)
                  00003358    00000028     uartstdio.obj (.const)
                  00003380    00000025     rtsv7M4_T_le_v4SPD16_eabi.lib : typeinfo_.obj (.const:.typeinfo:_ZTSN10__cxxabiv120__si_class_type_infoE)
                  000033a5    00000024                                   : typeinfo_.obj (.const:.typeinfo:_ZTSN10__cxxabiv119__pointer_type_infoE)
                  000033c9    00000022                                   : typeinfo_.obj (.const:.typeinfo:_ZTSN10__cxxabiv117__class_type_infoE)
                  000033eb    00000022                                   : typeinfo_.obj (.const:.typeinfo:_ZTSN10__cxxabiv117__pbase_type_infoE)
                  0000340d    00000003     --HOLE-- [fill = 0]
                  00003410    0000001c     ustdlib.obj (.const)
                  0000342c    00000016     adc_potmeter.obj (.const:.typeinfo:_ZTSN4aeo112adc_potmeterE)
                  00003442    00000015     ssi_display.obj (.const:.typeinfo:_ZTSN4aeo111ssi_displayE)
                  00003457    00000014     qei_sensor.obj (.const:.typeinfo:_ZTSN4aeo110qei_sensorE)
                  0000346b    00000012     ssi_display.obj (.const:.string)
                  0000347d    00000003     --HOLE-- [fill = 0]
                  00003480    00000012     uartstdio.obj (.const:.string)
                  00003492    00000002     --HOLE-- [fill = 0]
                  00003494    00000012     ustdlib.obj (.const:.string)
                  000034a6    00000002     --HOLE-- [fill = 0]
                  000034a8    00000010     rtsv7M4_T_le_v4SPD16_eabi.lib : typeinfo_.obj (.const:.typeinfo:_ZTIPKe)
                  000034b8    00000010                                   : typeinfo_.obj (.const:_ZTVN10__cxxabiv117__class_type_infoE)
                  000034c8    00000010                                   : typeinfo_.obj (.const:_ZTVN10__cxxabiv119__pointer_type_infoE)
                  000034d8    00000010                                   : typeinfo_.obj (.const:_ZTVN10__cxxabiv120__si_class_type_infoE)
                  000034e8    00000010                                   : typeinfo_.obj (.const:_ZTVN10__cxxabiv123__fundamental_type_infoE)
                  000034f8    00000010     qei_sensor.obj (.const:_ZTVN4aeo110qei_sensorE)
                  00003508    00000010     ssi_display.obj (.const:_ZTVN4aeo111ssi_displayE)
                  00003518    00000010     adc_potmeter.obj (.const:_ZTVN4aeo112adc_potmeterE)
                  00003528    0000000d     rtsv7M4_T_le_v4SPD16_eabi.lib : typeinfo_.obj (.const:.typeinfo:_ZTSSt9type_info)
                  00003535    00000003     --HOLE-- [fill = 0]
                  00003538    0000000c                                   : typeinfo_.obj (.const:.typeinfo:_ZTIN10__cxxabiv117__class_type_infoE)
                  00003544    0000000c                                   : typeinfo_.obj (.const:.typeinfo:_ZTIN10__cxxabiv117__pbase_type_infoE)
                  00003550    0000000c                                   : typeinfo_.obj (.const:.typeinfo:_ZTIN10__cxxabiv119__pointer_type_infoE)
                  0000355c    0000000c                                   : typeinfo_.obj (.const:.typeinfo:_ZTIN10__cxxabiv120__si_class_type_infoE)
                  00003568    0000000c                                   : typeinfo_.obj (.const:.typeinfo:_ZTIN10__cxxabiv123__fundamental_type_infoE)
                  00003574    00000008     qei_sensor.obj (.const:.typeinfo:_ZTIN4aeo110qei_sensorE)
                  0000357c    00000008     ssi_display.obj (.const:.typeinfo:_ZTIN4aeo111ssi_displayE)
                  00003584    00000008     adc_potmeter.obj (.const:.typeinfo:_ZTIN4aeo112adc_potmeterE)
                  0000358c    00000008     rtsv7M4_T_le_v4SPD16_eabi.lib : typeinfo_.obj (.const:.typeinfo:_ZTISt9type_info)
                  00003594    00000008                                   : typeinfo_.obj (.const:.typeinfo:_ZTIe)
                  0000359c    00000004                                   : typeinfo_.obj (.const:.typeinfo:_ZTSPKe)

.init_array 
*          0    000035a0    00000004     
                  000035a0    00000004     main.obj (.init_array)

.cinit     0    000035a8    000000d8     
                  000035a8    000000b4     (.cinit..data.load) [load image, compression = rle]
                  0000365c    0000000c     (__TI_handler_table)
                  00003668    00000008     (.cinit..bss.load) [load image, compression = zero_init]
                  00003670    00000010     (__TI_cinit_table)

.bss       0    20000000    000005e9     UNINITIALIZED
                  20000000    00000400     uartstdio.obj (.bss:g_pcUARTTxBuffer)
                  20000400    00000080     uartstdio.obj (.bss:g_pcUARTRxBuffer)
                  20000480    00000080     main.obj (.bss:g_zInput)
                  20000500    00000054     main.obj (.bss:g_oDisplay1)
                  20000554    00000054     main.obj (.bss:g_oDisplay2)
                  200005a8    00000024     cmdline.obj (.bss:g_ppcArgv)
                  200005cc    00000010     main.obj (.bss)
                  200005dc    00000004     (.common:_ZSt16__dummy_typeinfo)
                  200005e0    00000004     (.common:__dso_handle)
                  200005e4    00000004     (.common:g_ui32PortNum)
                  200005e8    00000001     (.common:g_bDisableEcho)

.stack     0    200005ec    00000200     UNINITIALIZED
                  200005ec    00000200     --HOLE--

.data      0    200007ec    00000104     UNINITIALIZED
                  200007ec    00000048     commands.obj (.data:g_psCmdTable)
                  20000834    0000002c     ssi_display.obj (.data:_ZN4aeo112Display_SSI1E)
                  20000860    0000002c     ssi_display.obj (.data:_ZN4aeo112Display_SSI3E)
                  2000088c    00000015     uartstdio.obj (.data)
                  200008a1    00000003     --HOLE--
                  200008a4    00000014     ssi_display.obj (.data)
                  200008b8    00000010     adc_potmeter.obj (.data)
                  200008c8    0000000c     rtsv7M4_T_le_v4SPD16_eabi.lib : memory.obj (.data)
                  200008d4    00000008                                   : _lock.obj (.data)
                  200008dc    00000008                                   : exit.obj (.data)
                  200008e4    00000004                                   : dtor_list.obj (.data)
                  200008e8    00000004                                   : stkdepth_vars.obj (.data)
                  200008ec    00000004     ustdlib.obj (.data)

.sysmem    0    200008f0    00000008     UNINITIALIZED
                  200008f0    00000008     rtsv7M4_T_le_v4SPD16_eabi.lib : memory.obj (.sysmem)


LINKER GENERATED COPY TABLES

__TI_cinit_table @ 00003670 records: 2, size/record: 8, table size: 16
	.data: load addr=000035a8, load size=000000b4 bytes, run addr=200007ec, run size=00000104 bytes, compression=rle
	.bss: load addr=00003668, load size=00000008 bytes, run addr=20000000, run size=000005e9 bytes, compression=zero_init


LINKER GENERATED HANDLER TABLE

__TI_handler_table @ 0000365c records: 3, size/record: 4, table size: 12
	index: 0, handler: __TI_decompress_rle24
	index: 1, handler: __TI_decompress_none
	index: 2, handler: __TI_zero_init


GLOBAL SYMBOLS: SORTED ALPHABETICALLY BY Name 

address    name
--------   ----
00002fef   ADCClockConfigSet
00002ec9   C$$EXIT
000030e7   CPUcpsie
00002bb9   CmdLineProcess
00002fc5   GPIODirModeSet
000026ad   GPIOPadConfigSet
00002df5   GPIOPinConfigure
00003075   GPIOPinTypeQEI
00003087   GPIOPinTypeUART
000030ff   IntMasterEnable
00002005   OnADCInterrupt
000017f1   OnSSI1Interrupt
00001803   OnSSI3Interrupt
000030bd   QEIConfigure
00003109   QEIEnable
00003149   QEIPositionGet
000030f3   ResetISR
000035a0   SHT$$INIT_ARRAY$$Base
000035a4   SHT$$INIT_ARRAY$$Limit
00002f0d   SSIConfigSetExpClk
000030cb   SSIDataPutNonBlocking
0000314d   SSIIntClear
00003113   SSIIntDisable
00003127   SSIIntEnable
0000311d   SSIIntStatus
000027dd   SysCtlClockGet
00003137   SysCtlDelay
00002f91   SysCtlPeripheralEnable
00003039   SysTickEnable
0000304d   SysTickIntEnable
000024c9   SysTickIntHandler
000030ad   SysTickPeriodSet
0000313d   UARTClockSourceSet
00001639   UARTEchoSet
000015d3   UARTFlushRx
000015fb   UARTFlushTx
00001579   UARTPeek
00001557   UARTRxBytesAvail
00000ff7   UARTStdioConfig
00001665   UARTStdioIntHandler
00001565   UARTTxBytesFree
000011d1   UARTgetc
00001155   UARTgets
00001533   UARTprintf
00001239   UARTvprintf
000010af   UARTwrite
000024ed   _Z10Initializev
0000297d   _Z13CMD_set_scaleiPPc
0000248d   _Z13ConfigureUARTv
00002955   _Z14CMD_set_dialeriPPc
000029a5   _Z8CMD_diagiPPc
000028f5   _Z8CMD_helpiPPc
00002555   _Z8MainLoopv
00002947   _Z9CMD_dummyiPPc
00002ba9   _ZN10__cxxabiv116__enum_type_infoD0Ev
00002ba7   _ZN10__cxxabiv116__enum_type_infoD1Ev
00002ba7   _ZN10__cxxabiv116__enum_type_infoD2Ev
00002b9f   _ZN10__cxxabiv117__array_type_infoD0Ev
00002b9d   _ZN10__cxxabiv117__array_type_infoD1Ev
00002b9d   _ZN10__cxxabiv117__array_type_infoD2Ev
00002b95   _ZN10__cxxabiv117__class_type_infoD0Ev
00002b93   _ZN10__cxxabiv117__class_type_infoD1Ev
00002b93   _ZN10__cxxabiv117__class_type_infoD2Ev
00002b8b   _ZN10__cxxabiv117__pbase_type_infoD0Ev
00002b89   _ZN10__cxxabiv117__pbase_type_infoD1Ev
00002b89   _ZN10__cxxabiv117__pbase_type_infoD2Ev
00002b81   _ZN10__cxxabiv119__pointer_type_infoD0Ev
00002b7f   _ZN10__cxxabiv119__pointer_type_infoD1Ev
00002b7f   _ZN10__cxxabiv119__pointer_type_infoD2Ev
00002b77   _ZN10__cxxabiv120__function_type_infoD0Ev
00002b75   _ZN10__cxxabiv120__function_type_infoD1Ev
00002b75   _ZN10__cxxabiv120__function_type_infoD2Ev
00002b6d   _ZN10__cxxabiv120__si_class_type_infoD0Ev
00002b6b   _ZN10__cxxabiv120__si_class_type_infoD1Ev
00002b6b   _ZN10__cxxabiv120__si_class_type_infoD2Ev
00002b63   _ZN10__cxxabiv121__vmi_class_type_infoD0Ev
00002b61   _ZN10__cxxabiv121__vmi_class_type_infoD1Ev
00002b61   _ZN10__cxxabiv121__vmi_class_type_infoD2Ev
00002b59   _ZN10__cxxabiv123__fundamental_type_infoD0Ev
00002b57   _ZN10__cxxabiv123__fundamental_type_infoD1Ev
00002b57   _ZN10__cxxabiv123__fundamental_type_infoD2Ev
00002b4f   _ZN10__cxxabiv129__pointer_to_member_type_infoD0Ev
00002b4d   _ZN10__cxxabiv129__pointer_to_member_type_infoD1Ev
00002b4d   _ZN10__cxxabiv129__pointer_to_member_type_infoD2Ev
000022a9   _ZN4aeo110qei_sensor10InitializeEv
000022cb   _ZN4aeo110qei_sensor3GetEv
000022f5   _ZN4aeo110qei_sensor4DiagEv
00002269   _ZN4aeo110qei_sensorC1ENS0_9device_idE
00002269   _ZN4aeo110qei_sensorC2ENS0_9device_idE
00002293   _ZN4aeo110qei_sensorD0Ev
00002287   _ZN4aeo110qei_sensorD1Ev
00002287   _ZN4aeo110qei_sensorD2Ev
0000187d   _ZN4aeo111ssi_display10InitializeEv
200008a4   _ZN4aeo111ssi_display10m_nCounterE
200008b0   _ZN4aeo111ssi_display10m_pTheSSI1E
200008b4   _ZN4aeo111ssi_display10m_pTheSSI3E
00001af5   _ZN4aeo111ssi_display11OnInterruptEv
200008a8   _ZN4aeo111ssi_display13m_nEotCounterE
00001b49   _ZN4aeo111ssi_display14Digit2SegmentsEjjb
200008ac   _ZN4aeo111ssi_display18m_nOverflowCounterE
00001a0d   _ZN4aeo111ssi_display3SetEii
00001b2b   _ZN4aeo111ssi_display4DiagEv
00001bb9   _ZN4aeo111ssi_display8LoadFIFOEv
000019a9   _ZN4aeo111ssi_display9TerminateEv
00001815   _ZN4aeo111ssi_displayC1ENS0_9device_idE
00001815   _ZN4aeo111ssi_displayC2ENS0_9device_idE
00001867   _ZN4aeo111ssi_displayD0Ev
00001853   _ZN4aeo111ssi_displayD1Ev
00001853   _ZN4aeo111ssi_displayD2Ev
20000834   _ZN4aeo112Display_SSI1E
20000860   _ZN4aeo112Display_SSI3E
0000206f   _ZN4aeo112adc_potmeter10InitializeEv
200008b8   _ZN4aeo112adc_potmeter10m_nCounterE
00002133   _ZN4aeo112adc_potmeter11OnInterruptEv
200008c0   _ZN4aeo112adc_potmeter14m_nReadCounterE
000021f5   _ZN4aeo112adc_potmeter15GetErrorCounterEv
200008bc   _ZN4aeo112adc_potmeter15m_nErrorCounterE
200008c4   _ZN4aeo112adc_potmeter16m_pTheOneAndOnlyE
0000220d   _ZN4aeo112adc_potmeter4DiagEv
000021c1   _ZN4aeo112adc_potmeter7TriggerEv
000021d5   _ZN4aeo112adc_potmeter8GetValueEv
00002105   _ZN4aeo112adc_potmeter9TerminateEv
00002017   _ZN4aeo112adc_potmeterC1Ev
00002017   _ZN4aeo112adc_potmeterC2Ev
00002059   _ZN4aeo112adc_potmeterD0Ev
00002035   _ZN4aeo112adc_potmeterD1Ev
00002035   _ZN4aeo112adc_potmeterD2Ev
00002b0f   _ZNKSt9type_info4nameEv
00002b3f   _ZNKSt9type_info6beforeERKS_
00002b29   _ZNKSt9type_infoeqERKS_
00002b13   _ZNKSt9type_infoneERKS_
00002b07   _ZNSt9type_infoD0Ev
00002b05   _ZNSt9type_infoD1Ev
00002b05   _ZNSt9type_infoD2Ev
200005dc   _ZSt16__dummy_typeinfo
00002afd   _ZSt21__gen_dummy_typeinfosv
00003538   _ZTIN10__cxxabiv117__class_type_infoE
00003544   _ZTIN10__cxxabiv117__pbase_type_infoE
00003550   _ZTIN10__cxxabiv119__pointer_type_infoE
0000355c   _ZTIN10__cxxabiv120__si_class_type_infoE
00003568   _ZTIN10__cxxabiv123__fundamental_type_infoE
00003574   _ZTIN4aeo110qei_sensorE
0000357c   _ZTIN4aeo111ssi_displayE
00003584   _ZTIN4aeo112adc_potmeterE
000034a8   _ZTIPKe
0000358c   _ZTISt9type_info
00003594   _ZTIe
000033c9   _ZTSN10__cxxabiv117__class_type_infoE
000033eb   _ZTSN10__cxxabiv117__pbase_type_infoE
000033a5   _ZTSN10__cxxabiv119__pointer_type_infoE
00003380   _ZTSN10__cxxabiv120__si_class_type_infoE
00003330   _ZTSN10__cxxabiv123__fundamental_type_infoE
00003457   _ZTSN4aeo110qei_sensorE
00003442   _ZTSN4aeo111ssi_displayE
0000342c   _ZTSN4aeo112adc_potmeterE
0000359c   _ZTSPKe
00003528   _ZTSSt9type_info
00003202   _ZTSe
000034b8   _ZTVN10__cxxabiv117__class_type_infoE
000034c8   _ZTVN10__cxxabiv119__pointer_type_infoE
000034d8   _ZTVN10__cxxabiv120__si_class_type_infoE
000034e8   _ZTVN10__cxxabiv123__fundamental_type_infoE
000034f8   _ZTVN4aeo110qei_sensorE
00003508   _ZTVN4aeo111ssi_displayE
00003518   _ZTVN4aeo112adc_potmeterE
0000312f   _ZdlPv
200007ec   __STACK_END
00000200   __STACK_SIZE
200007ec   __STACK_TOP
00000008   __SYSMEM_SIZE
00003670   __TI_CINIT_Base
00003680   __TI_CINIT_Limit
0000365c   __TI_Handler_Table_Base
00003668   __TI_Handler_Table_Limit
00000001   __TI_args_main
00002d01   __TI_auto_init
200008dc   __TI_cleanup_ptr
000030d9   __TI_decompress_none
00003143   __TI_decompress_rle24
200008e0   __TI_dtors_ptr
00000000   __TI_static_base__
00003099   __TI_zero_init
00002a61   __aeabi_atexit
00002df3   __aeabi_idiv0
00002c65   __aeabi_memcpy
00002c65   __aeabi_memcpy4
00002c65   __aeabi_memcpy8
00002f4f   __aeabi_uidiv
00002f4f   __aeabi_uidivmod
ffffffff   __binit__
ffffffff   __c_args__
00002a4f   __cxa_atexit
00002a09   __cxa_finalize
00002a49   __cxa_ia64_exit
200005e0   __dso_handle
200005ec   __stack
000025bd   __sti___8_main_cpp_89f6d04f
00003009   _args_main
00002e3d   _c_int00
200008d4   _lock
0000306f   _nop
00003067   _register_lock
00003061   _register_unlock
200008f0   _sys_memory
200008d8   _unlock
00002ecd   abort
00002a53   atexit
ffffffff   binit
00001fcd   calloc
00002e85   copy_in
00002ed5   exit
00001d1d   free
20000500   g_oDisplay1
20000554   g_oDisplay2
200005d4   g_oLinearScale
200005cc   g_oRotaryDialer
00000000   g_pfnVectors
200007ec   g_psCmdTable
000025ab   main
200008e8   main_func_sp
00001cb5   malloc
00001ee9   memalign
00002c65   memcpy
00001c29   minit
00001ddd   realloc
00003021   strcmp
00000751   ulocaltime
0000094f   umktime
00000ec9   urand
00000721   usnprintf
000006ef   usprintf
00000eb9   usrand
00000e31   ustrcasecmp
00000ea5   ustrcmp
00000d35   ustrlen
00000d8d   ustrncasecmp
00000e45   ustrncmp
0000026d   ustrncpy
00000d57   ustrstr
00000afd   ustrtof
000009c5   ustrtoul
000002c5   uvsnprintf


GLOBAL SYMBOLS: SORTED BY Symbol Address 

address    name
--------   ----
00000000   __TI_static_base__
00000000   g_pfnVectors
00000001   __TI_args_main
00000008   __SYSMEM_SIZE
00000200   __STACK_SIZE
0000026d   ustrncpy
000002c5   uvsnprintf
000006ef   usprintf
00000721   usnprintf
00000751   ulocaltime
0000094f   umktime
000009c5   ustrtoul
00000afd   ustrtof
00000d35   ustrlen
00000d57   ustrstr
00000d8d   ustrncasecmp
00000e31   ustrcasecmp
00000e45   ustrncmp
00000ea5   ustrcmp
00000eb9   usrand
00000ec9   urand
00000ff7   UARTStdioConfig
000010af   UARTwrite
00001155   UARTgets
000011d1   UARTgetc
00001239   UARTvprintf
00001533   UARTprintf
00001557   UARTRxBytesAvail
00001565   UARTTxBytesFree
00001579   UARTPeek
000015d3   UARTFlushRx
000015fb   UARTFlushTx
00001639   UARTEchoSet
00001665   UARTStdioIntHandler
000017f1   OnSSI1Interrupt
00001803   OnSSI3Interrupt
00001815   _ZN4aeo111ssi_displayC1ENS0_9device_idE
00001815   _ZN4aeo111ssi_displayC2ENS0_9device_idE
00001853   _ZN4aeo111ssi_displayD1Ev
00001853   _ZN4aeo111ssi_displayD2Ev
00001867   _ZN4aeo111ssi_displayD0Ev
0000187d   _ZN4aeo111ssi_display10InitializeEv
000019a9   _ZN4aeo111ssi_display9TerminateEv
00001a0d   _ZN4aeo111ssi_display3SetEii
00001af5   _ZN4aeo111ssi_display11OnInterruptEv
00001b2b   _ZN4aeo111ssi_display4DiagEv
00001b49   _ZN4aeo111ssi_display14Digit2SegmentsEjjb
00001bb9   _ZN4aeo111ssi_display8LoadFIFOEv
00001c29   minit
00001cb5   malloc
00001d1d   free
00001ddd   realloc
00001ee9   memalign
00001fcd   calloc
00002005   OnADCInterrupt
00002017   _ZN4aeo112adc_potmeterC1Ev
00002017   _ZN4aeo112adc_potmeterC2Ev
00002035   _ZN4aeo112adc_potmeterD1Ev
00002035   _ZN4aeo112adc_potmeterD2Ev
00002059   _ZN4aeo112adc_potmeterD0Ev
0000206f   _ZN4aeo112adc_potmeter10InitializeEv
00002105   _ZN4aeo112adc_potmeter9TerminateEv
00002133   _ZN4aeo112adc_potmeter11OnInterruptEv
000021c1   _ZN4aeo112adc_potmeter7TriggerEv
000021d5   _ZN4aeo112adc_potmeter8GetValueEv
000021f5   _ZN4aeo112adc_potmeter15GetErrorCounterEv
0000220d   _ZN4aeo112adc_potmeter4DiagEv
00002269   _ZN4aeo110qei_sensorC1ENS0_9device_idE
00002269   _ZN4aeo110qei_sensorC2ENS0_9device_idE
00002287   _ZN4aeo110qei_sensorD1Ev
00002287   _ZN4aeo110qei_sensorD2Ev
00002293   _ZN4aeo110qei_sensorD0Ev
000022a9   _ZN4aeo110qei_sensor10InitializeEv
000022cb   _ZN4aeo110qei_sensor3GetEv
000022f5   _ZN4aeo110qei_sensor4DiagEv
0000248d   _Z13ConfigureUARTv
000024c9   SysTickIntHandler
000024ed   _Z10Initializev
00002555   _Z8MainLoopv
000025ab   main
000025bd   __sti___8_main_cpp_89f6d04f
000026ad   GPIOPadConfigSet
000027dd   SysCtlClockGet
000028f5   _Z8CMD_helpiPPc
00002947   _Z9CMD_dummyiPPc
00002955   _Z14CMD_set_dialeriPPc
0000297d   _Z13CMD_set_scaleiPPc
000029a5   _Z8CMD_diagiPPc
00002a09   __cxa_finalize
00002a49   __cxa_ia64_exit
00002a4f   __cxa_atexit
00002a53   atexit
00002a61   __aeabi_atexit
00002afd   _ZSt21__gen_dummy_typeinfosv
00002b05   _ZNSt9type_infoD1Ev
00002b05   _ZNSt9type_infoD2Ev
00002b07   _ZNSt9type_infoD0Ev
00002b0f   _ZNKSt9type_info4nameEv
00002b13   _ZNKSt9type_infoneERKS_
00002b29   _ZNKSt9type_infoeqERKS_
00002b3f   _ZNKSt9type_info6beforeERKS_
00002b4d   _ZN10__cxxabiv129__pointer_to_member_type_infoD1Ev
00002b4d   _ZN10__cxxabiv129__pointer_to_member_type_infoD2Ev
00002b4f   _ZN10__cxxabiv129__pointer_to_member_type_infoD0Ev
00002b57   _ZN10__cxxabiv123__fundamental_type_infoD1Ev
00002b57   _ZN10__cxxabiv123__fundamental_type_infoD2Ev
00002b59   _ZN10__cxxabiv123__fundamental_type_infoD0Ev
00002b61   _ZN10__cxxabiv121__vmi_class_type_infoD1Ev
00002b61   _ZN10__cxxabiv121__vmi_class_type_infoD2Ev
00002b63   _ZN10__cxxabiv121__vmi_class_type_infoD0Ev
00002b6b   _ZN10__cxxabiv120__si_class_type_infoD1Ev
00002b6b   _ZN10__cxxabiv120__si_class_type_infoD2Ev
00002b6d   _ZN10__cxxabiv120__si_class_type_infoD0Ev
00002b75   _ZN10__cxxabiv120__function_type_infoD1Ev
00002b75   _ZN10__cxxabiv120__function_type_infoD2Ev
00002b77   _ZN10__cxxabiv120__function_type_infoD0Ev
00002b7f   _ZN10__cxxabiv119__pointer_type_infoD1Ev
00002b7f   _ZN10__cxxabiv119__pointer_type_infoD2Ev
00002b81   _ZN10__cxxabiv119__pointer_type_infoD0Ev
00002b89   _ZN10__cxxabiv117__pbase_type_infoD1Ev
00002b89   _ZN10__cxxabiv117__pbase_type_infoD2Ev
00002b8b   _ZN10__cxxabiv117__pbase_type_infoD0Ev
00002b93   _ZN10__cxxabiv117__class_type_infoD1Ev
00002b93   _ZN10__cxxabiv117__class_type_infoD2Ev
00002b95   _ZN10__cxxabiv117__class_type_infoD0Ev
00002b9d   _ZN10__cxxabiv117__array_type_infoD1Ev
00002b9d   _ZN10__cxxabiv117__array_type_infoD2Ev
00002b9f   _ZN10__cxxabiv117__array_type_infoD0Ev
00002ba7   _ZN10__cxxabiv116__enum_type_infoD1Ev
00002ba7   _ZN10__cxxabiv116__enum_type_infoD2Ev
00002ba9   _ZN10__cxxabiv116__enum_type_infoD0Ev
00002bb9   CmdLineProcess
00002c65   __aeabi_memcpy
00002c65   __aeabi_memcpy4
00002c65   __aeabi_memcpy8
00002c65   memcpy
00002d01   __TI_auto_init
00002df3   __aeabi_idiv0
00002df5   GPIOPinConfigure
00002e3d   _c_int00
00002e85   copy_in
00002ec9   C$$EXIT
00002ecd   abort
00002ed5   exit
00002f0d   SSIConfigSetExpClk
00002f4f   __aeabi_uidiv
00002f4f   __aeabi_uidivmod
00002f91   SysCtlPeripheralEnable
00002fc5   GPIODirModeSet
00002fef   ADCClockConfigSet
00003009   _args_main
00003021   strcmp
00003039   SysTickEnable
0000304d   SysTickIntEnable
00003061   _register_unlock
00003067   _register_lock
0000306f   _nop
00003075   GPIOPinTypeQEI
00003087   GPIOPinTypeUART
00003099   __TI_zero_init
000030ad   SysTickPeriodSet
000030bd   QEIConfigure
000030cb   SSIDataPutNonBlocking
000030d9   __TI_decompress_none
000030e7   CPUcpsie
000030f3   ResetISR
000030ff   IntMasterEnable
00003109   QEIEnable
00003113   SSIIntDisable
0000311d   SSIIntStatus
00003127   SSIIntEnable
0000312f   _ZdlPv
00003137   SysCtlDelay
0000313d   UARTClockSourceSet
00003143   __TI_decompress_rle24
00003149   QEIPositionGet
0000314d   SSIIntClear
00003202   _ZTSe
00003330   _ZTSN10__cxxabiv123__fundamental_type_infoE
00003380   _ZTSN10__cxxabiv120__si_class_type_infoE
000033a5   _ZTSN10__cxxabiv119__pointer_type_infoE
000033c9   _ZTSN10__cxxabiv117__class_type_infoE
000033eb   _ZTSN10__cxxabiv117__pbase_type_infoE
0000342c   _ZTSN4aeo112adc_potmeterE
00003442   _ZTSN4aeo111ssi_displayE
00003457   _ZTSN4aeo110qei_sensorE
000034a8   _ZTIPKe
000034b8   _ZTVN10__cxxabiv117__class_type_infoE
000034c8   _ZTVN10__cxxabiv119__pointer_type_infoE
000034d8   _ZTVN10__cxxabiv120__si_class_type_infoE
000034e8   _ZTVN10__cxxabiv123__fundamental_type_infoE
000034f8   _ZTVN4aeo110qei_sensorE
00003508   _ZTVN4aeo111ssi_displayE
00003518   _ZTVN4aeo112adc_potmeterE
00003528   _ZTSSt9type_info
00003538   _ZTIN10__cxxabiv117__class_type_infoE
00003544   _ZTIN10__cxxabiv117__pbase_type_infoE
00003550   _ZTIN10__cxxabiv119__pointer_type_infoE
0000355c   _ZTIN10__cxxabiv120__si_class_type_infoE
00003568   _ZTIN10__cxxabiv123__fundamental_type_infoE
00003574   _ZTIN4aeo110qei_sensorE
0000357c   _ZTIN4aeo111ssi_displayE
00003584   _ZTIN4aeo112adc_potmeterE
0000358c   _ZTISt9type_info
00003594   _ZTIe
0000359c   _ZTSPKe
000035a0   SHT$$INIT_ARRAY$$Base
000035a4   SHT$$INIT_ARRAY$$Limit
0000365c   __TI_Handler_Table_Base
00003668   __TI_Handler_Table_Limit
00003670   __TI_CINIT_Base
00003680   __TI_CINIT_Limit
20000500   g_oDisplay1
20000554   g_oDisplay2
200005cc   g_oRotaryDialer
200005d4   g_oLinearScale
200005dc   _ZSt16__dummy_typeinfo
200005e0   __dso_handle
200005ec   __stack
200007ec   __STACK_END
200007ec   __STACK_TOP
200007ec   g_psCmdTable
20000834   _ZN4aeo112Display_SSI1E
20000860   _ZN4aeo112Display_SSI3E
200008a4   _ZN4aeo111ssi_display10m_nCounterE
200008a8   _ZN4aeo111ssi_display13m_nEotCounterE
200008ac   _ZN4aeo111ssi_display18m_nOverflowCounterE
200008b0   _ZN4aeo111ssi_display10m_pTheSSI1E
200008b4   _ZN4aeo111ssi_display10m_pTheSSI3E
200008b8   _ZN4aeo112adc_potmeter10m_nCounterE
200008bc   _ZN4aeo112adc_potmeter15m_nErrorCounterE
200008c0   _ZN4aeo112adc_potmeter14m_nReadCounterE
200008c4   _ZN4aeo112adc_potmeter16m_pTheOneAndOnlyE
200008d4   _lock
200008d8   _unlock
200008dc   __TI_cleanup_ptr
200008e0   __TI_dtors_ptr
200008e8   main_func_sp
200008f0   _sys_memory
ffffffff   __binit__
ffffffff   __c_args__
ffffffff   binit

[242 symbols]
