******************************************************************************
                  TI ARM Linker PC v5.2.5                      
******************************************************************************
>> Linked Fri Aug 21 12:20:44 2015

OUTPUT FILE NAME:   <test_qei.out>
ENTRY POINT SYMBOL: "_c_int00"  address: 000010c9


MEMORY CONFIGURATION

         name            origin    length      used     unused   attr    fill
----------------------  --------  ---------  --------  --------  ----  --------
  FLASH                 00000000   00040000  000014c2  0003eb3e  R  X
  SRAM                  20000000   00008000  000006b5  0000794b  RW X


SEGMENT ALLOCATION MAP

run origin  load origin   length   init length attrs members
----------  ----------- ---------- ----------- ----- -------
00000000    00000000    000014c8   000014c8    r-x
  00000000    00000000    0000026c   0000026c    r-- .intvecs
  0000026c    0000026c    000010e8   000010e8    r-x .text
  00001354    00001354    00000136   00000136    r-- .const
  00001490    00001490    00000038   00000038    r-- .cinit
20000000    20000000    000006b8   00000000    rw-
  20000000    20000000    00000485   00000000    rw- .bss
  20000488    20000488    00000200   00000000    rw- .stack
  20000688    20000688    00000030   00000000    rw- .data


SECTION ALLOCATION MAP

 output                                  attributes/
section   page    origin      length       input sections
--------  ----  ----------  ----------   ----------------
.intvecs   0    00000000    0000026c     
                  00000000    0000026c     tm4c123gh6pm_startup_ccs.obj (.intvecs)

.text      0    0000026c    000010e8     
                  0000026c    00000900     uartstdio.obj (.text)
                  00000b6c    00000130     driverlib.lib : gpio.obj (.text:GPIOPadConfigSet)
                  00000c9c    00000124     main.obj (.text)
                  00000dc0    00000118     driverlib.lib : sysctl.obj (.text:SysCtlClockGet)
                  00000ed8    0000009c     rtsv7M4_T_le_v4SPD16_eabi.lib : memcpy_t2.obj (.text)
                  00000f74    0000007a                                   : memset_t2.obj (.text)
                  00000fee    00000002                                   : i_div0.obj (.text)
                  00000ff0    0000006c                                   : autoinit.obj (.text)
                  0000105c    0000006a                                   : copy_decompress_rle.obj (.text)
                  000010c6    00000002     --HOLE-- [fill = 0]
                  000010c8    00000050                                   : boot.obj (.text)
                  00001118    0000004c                                   : cpy_tbl.obj (.text)
                  00001164    00000048     driverlib.lib : gpio.obj (.text:GPIOPinConfigure)
                  000011ac    00000044     rtsv7M4_T_le_v4SPD16_eabi.lib : exit.obj (.text)
                  000011f0    00000040                                   : u_divt2.obj (.text)
                  00001230    00000034     driverlib.lib : sysctl.obj (.text:SysCtlPeripheralEnable)
                  00001264    0000002a                   : gpio.obj (.text:GPIODirModeSet)
                  0000128e    00000002     --HOLE-- [fill = 0]
                  00001290    00000018     rtsv7M4_T_le_v4SPD16_eabi.lib : args_main.obj (.text)
                  000012a8    00000014     driverlib.lib : systick.obj (.text:SysTickEnable)
                  000012bc    00000014                   : systick.obj (.text:SysTickIntEnable)
                  000012d0    00000014     rtsv7M4_T_le_v4SPD16_eabi.lib : _lock.obj (.text)
                  000012e4    00000012     driverlib.lib : gpio.obj (.text:GPIOPinTypeUART)
                  000012f6    00000002     --HOLE-- [fill = 0]
                  000012f8    00000010                   : systick.obj (.text:SysTickPeriodSet)
                  00001308    0000000e     rtsv7M4_T_le_v4SPD16_eabi.lib : copy_decompress_none.obj (.text:decompress:none)
                  00001316    0000000c     driverlib.lib : cpu.obj (.text:CPUcpsie)
                  00001322    0000000c     rtsv7M4_T_le_v4SPD16_eabi.lib : copy_zero_init.obj (.text:decompress:ZI)
                  0000132e    0000000c     tm4c123gh6pm_startup_ccs.obj (.text)
                  0000133a    0000000a     driverlib.lib : interrupt.obj (.text:IntMasterEnable)
                  00001344    00000006                   : uart.obj (.text:UARTClockSourceSet)
                  0000134a    00000006     rtsv7M4_T_le_v4SPD16_eabi.lib : copy_decompress_rle.obj (.text:decompress:rle24)
                  00001350    00000004                                   : pre_init.obj (.text)

.const     0    00001354    00000136     
                  00001354    00000090     driverlib.lib : gpio.obj (.const:g_pui32GPIOBaseAddrs)
                  000013e4    0000006c                   : sysctl.obj (.const:g_pui32Xtals)
                  00001450    00000028     uartstdio.obj (.const)
                  00001478    00000012     uartstdio.obj (.const:.string)

.cinit     0    00001490    00000038     
                  00001490    00000012     (.cinit..data.load) [load image, compression = rle]
                  000014a2    00000002     --HOLE-- [fill = 0]
                  000014a4    0000000c     (__TI_handler_table)
                  000014b0    00000008     (.cinit..bss.load) [load image, compression = zero_init]
                  000014b8    00000010     (__TI_cinit_table)

.init_array 
*          0    00000000    00000000     UNINITIALIZED

.bss       0    20000000    00000485     UNINITIALIZED
                  20000000    00000400     uartstdio.obj (.bss:g_pcUARTTxBuffer)
                  20000400    00000080     uartstdio.obj (.bss:g_pcUARTRxBuffer)
                  20000480    00000004     (.common:g_ui32PortNum)
                  20000484    00000001     (.common:g_bDisableEcho)

.TI.noinit 
*          0    20000000    00000000     UNINITIALIZED

.stack     0    20000488    00000200     UNINITIALIZED
                  20000488    00000200     --HOLE--

.data      0    20000688    00000030     UNINITIALIZED
                  20000688    00000015     uartstdio.obj (.data)
                  2000069d    00000003     --HOLE--
                  200006a0    00000008     rtsv7M4_T_le_v4SPD16_eabi.lib : _lock.obj (.data)
                  200006a8    00000008                                   : exit.obj (.data)
                  200006b0    00000004     main.obj (.data)
                  200006b4    00000004     rtsv7M4_T_le_v4SPD16_eabi.lib : stkdepth_vars.obj (.data)

.TI.persistent 
*          0    20000688    00000000     UNINITIALIZED


LINKER GENERATED COPY TABLES

__TI_cinit_table @ 000014b8 records: 2, size/record: 8, table size: 16
	.data: load addr=00001490, load size=00000012 bytes, run addr=20000688, run size=00000030 bytes, compression=rle
	.bss: load addr=000014b0, load size=00000008 bytes, run addr=20000000, run size=00000485 bytes, compression=zero_init


LINKER GENERATED HANDLER TABLE

__TI_handler_table @ 000014a4 records: 3, size/record: 4, table size: 12
	index: 0, handler: __TI_decompress_rle24
	index: 1, handler: __TI_decompress_none
	index: 2, handler: __TI_zero_init


GLOBAL SYMBOLS: SORTED ALPHABETICALLY BY Name 

address   name                    
-------   ----                    
000011ad  C$$EXIT                 
00001317  CPUcpsie                
00001265  GPIODirModeSet          
00000b6d  GPIOPadConfigSet        
00001165  GPIOPinConfigure        
000012e5  GPIOPinTypeUART         
0000133b  IntMasterEnable         
0000132f  ResetISR                
UNDEFED   SHT$$INIT_ARRAY$$Base   
UNDEFED   SHT$$INIT_ARRAY$$Limit  
00000dc1  SysCtlClockGet          
00001231  SysCtlPeripheralEnable  
000012a9  SysTickEnable           
000012bd  SysTickIntEnable        
00000cef  SysTickIntHandler       
000012f9  SysTickPeriodSet        
00001345  UARTClockSourceSet      
000009b5  UARTEchoSet             
0000094f  UARTFlushRx             
00000977  UARTFlushTx             
000008f5  UARTPeek                
000008d3  UARTRxBytesAvail        
00000373  UARTStdioConfig         
000009e1  UARTStdioIntHandler     
000008e1  UARTTxBytesFree         
0000054d  UARTgetc                
000004d1  UARTgets                
000008af  UARTprintf              
000005b5  UARTvprintf             
0000042b  UARTwrite               
00000cf9  _Z10Initializev         
00000c9d  _Z13ConfigureUARTv      
00000d39  _Z8MainLoopv            
20000688  __STACK_END             
00000200  __STACK_SIZE            
20000688  __STACK_TOP             
000014b8  __TI_CINIT_Base         
000014c8  __TI_CINIT_Limit        
000014a4  __TI_Handler_Table_Base 
000014b0  __TI_Handler_Table_Limit
00000ff1  __TI_auto_init          
200006a8  __TI_cleanup_ptr        
00001309  __TI_decompress_none    
0000134b  __TI_decompress_rle24   
200006ac  __TI_dtors_ptr          
00000000  __TI_static_base__      
00001323  __TI_zero_init          
00000fef  __aeabi_idiv0           
00000f75  __aeabi_memclr          
00000f75  __aeabi_memclr4         
00000f75  __aeabi_memclr8         
00000ed9  __aeabi_memcpy          
00000ed9  __aeabi_memcpy4         
00000ed9  __aeabi_memcpy8         
00000f77  __aeabi_memset          
00000f77  __aeabi_memset4         
00000f77  __aeabi_memset8         
000011f1  __aeabi_uidiv           
000011f1  __aeabi_uidivmod        
ffffffff  __binit__               
ffffffff  __c_args__              
20000488  __stack                 
00001291  _args_main              
000010c9  _c_int00                
200006a0  _lock                   
000012df  _nop                    
000012d7  _register_lock          
000012d1  _register_unlock        
00001351  _system_pre_init        
200006a4  _unlock                 
000011b1  abort                   
ffffffff  binit                   
00001119  copy_in                 
000011b9  exit                    
00000000  g_pfnVectors            
00000d67  main                    
200006b4  main_func_sp            
00000ed9  memcpy                  
00000f7d  memset                  


GLOBAL SYMBOLS: SORTED BY Symbol Address 

address   name                    
-------   ----                    
00000000  __TI_static_base__      
00000000  g_pfnVectors            
00000200  __STACK_SIZE            
00000373  UARTStdioConfig         
0000042b  UARTwrite               
000004d1  UARTgets                
0000054d  UARTgetc                
000005b5  UARTvprintf             
000008af  UARTprintf              
000008d3  UARTRxBytesAvail        
000008e1  UARTTxBytesFree         
000008f5  UARTPeek                
0000094f  UARTFlushRx             
00000977  UARTFlushTx             
000009b5  UARTEchoSet             
000009e1  UARTStdioIntHandler     
00000b6d  GPIOPadConfigSet        
00000c9d  _Z13ConfigureUARTv      
00000cef  SysTickIntHandler       
00000cf9  _Z10Initializev         
00000d39  _Z8MainLoopv            
00000d67  main                    
00000dc1  SysCtlClockGet          
00000ed9  __aeabi_memcpy          
00000ed9  __aeabi_memcpy4         
00000ed9  __aeabi_memcpy8         
00000ed9  memcpy                  
00000f75  __aeabi_memclr          
00000f75  __aeabi_memclr4         
00000f75  __aeabi_memclr8         
00000f77  __aeabi_memset          
00000f77  __aeabi_memset4         
00000f77  __aeabi_memset8         
00000f7d  memset                  
00000fef  __aeabi_idiv0           
00000ff1  __TI_auto_init          
000010c9  _c_int00                
00001119  copy_in                 
00001165  GPIOPinConfigure        
000011ad  C$$EXIT                 
000011b1  abort                   
000011b9  exit                    
000011f1  __aeabi_uidiv           
000011f1  __aeabi_uidivmod        
00001231  SysCtlPeripheralEnable  
00001265  GPIODirModeSet          
00001291  _args_main              
000012a9  SysTickEnable           
000012bd  SysTickIntEnable        
000012d1  _register_unlock        
000012d7  _register_lock          
000012df  _nop                    
000012e5  GPIOPinTypeUART         
000012f9  SysTickPeriodSet        
00001309  __TI_decompress_none    
00001317  CPUcpsie                
00001323  __TI_zero_init          
0000132f  ResetISR                
0000133b  IntMasterEnable         
00001345  UARTClockSourceSet      
0000134b  __TI_decompress_rle24   
00001351  _system_pre_init        
000014a4  __TI_Handler_Table_Base 
000014b0  __TI_Handler_Table_Limit
000014b8  __TI_CINIT_Base         
000014c8  __TI_CINIT_Limit        
20000488  __stack                 
20000688  __STACK_END             
20000688  __STACK_TOP             
200006a0  _lock                   
200006a4  _unlock                 
200006a8  __TI_cleanup_ptr        
200006ac  __TI_dtors_ptr          
200006b4  main_func_sp            
ffffffff  __binit__               
ffffffff  __c_args__              
ffffffff  binit                   
UNDEFED   SHT$$INIT_ARRAY$$Base   
UNDEFED   SHT$$INIT_ARRAY$$Limit  

[79 symbols]
