******************************************************************************
                  TI ARM Linker PC v5.2.5                      
******************************************************************************
>> Linked Fri Aug 21 13:28:36 2015

OUTPUT FILE NAME:   <test_qei.out>
ENTRY POINT SYMBOL: "_c_int00"  address: 000018d9


MEMORY CONFIGURATION

         name            origin    length      used     unused   attr    fill
----------------------  --------  ---------  --------  --------  ----  --------
  FLASH                 00000000   00040000  00001eb0  0003e150  R  X
  SRAM                  20000000   00008000  000006e5  0000791b  RW X


SEGMENT ALLOCATION MAP

run origin  load origin   length   init length attrs members
----------  ----------- ---------- ----------- ----- -------
00000000    00000000    00001eb0   00001eb0    r-x
  00000000    00000000    0000026c   0000026c    r-- .intvecs
  0000026c    0000026c    0000192c   0000192c    r-x .text
  00001b98    00001b98    000002cc   000002cc    r-- .const
  00001e64    00001e64    00000004   00000004    r-- .init_array
  00001e68    00001e68    00000048   00000048    r-- .cinit
20000000    20000000    000006e8   00000000    rw-
  20000000    20000000    0000049d   00000000    rw- .bss
  200004a0    200004a0    00000200   00000000    rw- .stack
  200006a0    200006a0    00000040   00000000    rw- .data
  200006e0    200006e0    00000008   00000000    rw- .sysmem


SECTION ALLOCATION MAP

 output                                  attributes/
section   page    origin      length       input sections
--------  ----  ----------  ----------   ----------------
.intvecs   0    00000000    0000026c     
                  00000000    0000026c     tm4c123gh6pm_startup_ccs.obj (.intvecs)

.text      0    0000026c    0000192c     
                  0000026c    00000900     uartstdio.obj (.text)
                  00000b6c    000003dc     rtsv7M4_T_le_v4SPD16_eabi.lib : memory.obj (.text)
                  00000f48    00000224     qei_sensor.obj (.text)
                  0000116c    00000184     main.obj (.text)
                  000012f0    00000130     driverlib.lib : gpio.obj (.text:GPIOPadConfigSet)
                  00001420    00000118                   : sysctl.obj (.text:SysCtlClockGet)
                  00001538    000000f4     rtsv7M4_T_le_v4SPD16_eabi.lib : dtor_list.obj (.text)
                  0000162c    000000bc                                   : typeinfo_.obj (.text)
                  000016e8    0000009c                                   : memcpy_t2.obj (.text)
                  00001784    0000007a                                   : memset_t2.obj (.text)
                  000017fe    00000002                                   : i_div0.obj (.text)
                  00001800    0000006c                                   : autoinit.obj (.text)
                  0000186c    0000006a                                   : copy_decompress_rle.obj (.text)
                  000018d6    00000002     --HOLE-- [fill = 0]
                  000018d8    00000050                                   : boot.obj (.text)
                  00001928    0000004c                                   : cpy_tbl.obj (.text)
                  00001974    00000048     driverlib.lib : gpio.obj (.text:GPIOPinConfigure)
                  000019bc    00000044     rtsv7M4_T_le_v4SPD16_eabi.lib : exit.obj (.text)
                  00001a00    00000040                                   : u_divt2.obj (.text)
                  00001a40    00000034     driverlib.lib : sysctl.obj (.text:SysCtlPeripheralEnable)
                  00001a74    0000002a                   : gpio.obj (.text:GPIODirModeSet)
                  00001a9e    00000002     --HOLE-- [fill = 0]
                  00001aa0    00000018     rtsv7M4_T_le_v4SPD16_eabi.lib : args_main.obj (.text)
                  00001ab8    00000014     driverlib.lib : systick.obj (.text:SysTickEnable)
                  00001acc    00000014                   : systick.obj (.text:SysTickIntEnable)
                  00001ae0    00000014     rtsv7M4_T_le_v4SPD16_eabi.lib : _lock.obj (.text)
                  00001af4    00000012     driverlib.lib : gpio.obj (.text:GPIOPinTypeQEI)
                  00001b06    00000012                   : gpio.obj (.text:GPIOPinTypeUART)
                  00001b18    00000010                   : systick.obj (.text:SysTickPeriodSet)
                  00001b28    0000000e                   : qei.obj (.text:QEIConfigure)
                  00001b36    0000000e     rtsv7M4_T_le_v4SPD16_eabi.lib : copy_decompress_none.obj (.text:decompress:none)
                  00001b44    0000000c     driverlib.lib : cpu.obj (.text:CPUcpsie)
                  00001b50    0000000c     rtsv7M4_T_le_v4SPD16_eabi.lib : copy_zero_init.obj (.text:decompress:ZI)
                  00001b5c    0000000c     tm4c123gh6pm_startup_ccs.obj (.text)
                  00001b68    0000000a     driverlib.lib : interrupt.obj (.text:IntMasterEnable)
                  00001b72    0000000a                   : qei.obj (.text:QEIEnable)
                  00001b7c    00000008     rtsv7M4_T_le_v4SPD16_eabi.lib : delete.obj (.text)
                  00001b84    00000006     driverlib.lib : uart.obj (.text:UARTClockSourceSet)
                  00001b8a    00000006     rtsv7M4_T_le_v4SPD16_eabi.lib : copy_decompress_rle.obj (.text:decompress:rle24)
                  00001b90    00000004     driverlib.lib : qei.obj (.text:QEIPositionGet)
                  00001b94    00000004     rtsv7M4_T_le_v4SPD16_eabi.lib : pre_init.obj (.text)

.const     0    00001b98    000002cc     
                  00001b98    00000090     driverlib.lib : gpio.obj (.const:g_pui32GPIOBaseAddrs)
                  00001c28    0000006c                   : sysctl.obj (.const:g_pui32Xtals)
                  00001c94    00000028     rtsv7M4_T_le_v4SPD16_eabi.lib : typeinfo_.obj (.const:.typeinfo:_ZTSN10__cxxabiv123__fundamental_type_infoE)
                  00001cbc    00000028     uartstdio.obj (.const)
                  00001ce4    00000025     rtsv7M4_T_le_v4SPD16_eabi.lib : typeinfo_.obj (.const:.typeinfo:_ZTSN10__cxxabiv120__si_class_type_infoE)
                  00001d09    00000024                                   : typeinfo_.obj (.const:.typeinfo:_ZTSN10__cxxabiv119__pointer_type_infoE)
                  00001d2d    00000022                                   : typeinfo_.obj (.const:.typeinfo:_ZTSN10__cxxabiv117__class_type_infoE)
                  00001d4f    00000022                                   : typeinfo_.obj (.const:.typeinfo:_ZTSN10__cxxabiv117__pbase_type_infoE)
                  00001d71    00000014     qei_sensor.obj (.const:.typeinfo:_ZTSN4aeo110qei_sensorE)
                  00001d85    00000002     rtsv7M4_T_le_v4SPD16_eabi.lib : typeinfo_.obj (.const:.typeinfo:_ZTSe)
                  00001d87    00000001     --HOLE-- [fill = 0]
                  00001d88    00000012     uartstdio.obj (.const:.string)
                  00001d9a    00000002     --HOLE-- [fill = 0]
                  00001d9c    00000010     rtsv7M4_T_le_v4SPD16_eabi.lib : typeinfo_.obj (.const:.typeinfo:_ZTIPKe)
                  00001dac    00000010                                   : typeinfo_.obj (.const:_ZTVN10__cxxabiv117__class_type_infoE)
                  00001dbc    00000010                                   : typeinfo_.obj (.const:_ZTVN10__cxxabiv119__pointer_type_infoE)
                  00001dcc    00000010                                   : typeinfo_.obj (.const:_ZTVN10__cxxabiv120__si_class_type_infoE)
                  00001ddc    00000010                                   : typeinfo_.obj (.const:_ZTVN10__cxxabiv123__fundamental_type_infoE)
                  00001dec    00000010     qei_sensor.obj (.const:_ZTVN4aeo110qei_sensorE)
                  00001dfc    0000000d     rtsv7M4_T_le_v4SPD16_eabi.lib : typeinfo_.obj (.const:.typeinfo:_ZTSSt9type_info)
                  00001e09    00000003     --HOLE-- [fill = 0]
                  00001e0c    0000000c                                   : typeinfo_.obj (.const:.typeinfo:_ZTIN10__cxxabiv117__class_type_infoE)
                  00001e18    0000000c                                   : typeinfo_.obj (.const:.typeinfo:_ZTIN10__cxxabiv117__pbase_type_infoE)
                  00001e24    0000000c                                   : typeinfo_.obj (.const:.typeinfo:_ZTIN10__cxxabiv119__pointer_type_infoE)
                  00001e30    0000000c                                   : typeinfo_.obj (.const:.typeinfo:_ZTIN10__cxxabiv120__si_class_type_infoE)
                  00001e3c    0000000c                                   : typeinfo_.obj (.const:.typeinfo:_ZTIN10__cxxabiv123__fundamental_type_infoE)
                  00001e48    00000008     qei_sensor.obj (.const:.typeinfo:_ZTIN4aeo110qei_sensorE)
                  00001e50    00000008     rtsv7M4_T_le_v4SPD16_eabi.lib : typeinfo_.obj (.const:.typeinfo:_ZTISt9type_info)
                  00001e58    00000008                                   : typeinfo_.obj (.const:.typeinfo:_ZTIe)
                  00001e60    00000004                                   : typeinfo_.obj (.const:.typeinfo:_ZTSPKe)

.init_array 
*          0    00001e64    00000004     
                  00001e64    00000004     main.obj (.init_array)

.cinit     0    00001e68    00000048     
                  00001e68    0000001e     (.cinit..data.load) [load image, compression = rle]
                  00001e86    00000002     --HOLE-- [fill = 0]
                  00001e88    0000000c     (__TI_handler_table)
                  00001e94    00000004     --HOLE-- [fill = 0]
                  00001e98    00000008     (.cinit..bss.load) [load image, compression = zero_init]
                  00001ea0    00000010     (__TI_cinit_table)

.bss       0    20000000    0000049d     UNINITIALIZED
                  20000000    00000400     uartstdio.obj (.bss:g_pcUARTTxBuffer)
                  20000400    00000080     uartstdio.obj (.bss:g_pcUARTRxBuffer)
                  20000480    00000010     main.obj (.bss)
                  20000490    00000004     (.common:_ZSt16__dummy_typeinfo)
                  20000494    00000004     (.common:__dso_handle)
                  20000498    00000004     (.common:g_ui32PortNum)
                  2000049c    00000001     (.common:g_bDisableEcho)

.TI.noinit 
*          0    20000000    00000000     UNINITIALIZED

.stack     0    200004a0    00000200     UNINITIALIZED
                  200004a0    00000200     --HOLE--

.data      0    200006a0    00000040     UNINITIALIZED
                  200006a0    00000015     uartstdio.obj (.data)
                  200006b5    00000003     --HOLE--
                  200006b8    0000000c     rtsv7M4_T_le_v4SPD16_eabi.lib : memory.obj (.data)
                  200006c4    00000008                                   : _lock.obj (.data)
                  200006cc    00000008                                   : exit.obj (.data)
                  200006d4    00000004     main.obj (.data)
                  200006d8    00000004     rtsv7M4_T_le_v4SPD16_eabi.lib : dtor_list.obj (.data)
                  200006dc    00000004                                   : stkdepth_vars.obj (.data)

.TI.persistent 
*          0    200006a0    00000000     UNINITIALIZED

.sysmem    0    200006e0    00000008     UNINITIALIZED
                  200006e0    00000008     rtsv7M4_T_le_v4SPD16_eabi.lib : memory.obj (.sysmem)


LINKER GENERATED COPY TABLES

__TI_cinit_table @ 00001ea0 records: 2, size/record: 8, table size: 16
	.data: load addr=00001e68, load size=0000001e bytes, run addr=200006a0, run size=00000040 bytes, compression=rle
	.bss: load addr=00001e98, load size=00000008 bytes, run addr=20000000, run size=0000049d bytes, compression=zero_init


LINKER GENERATED HANDLER TABLE

__TI_handler_table @ 00001e88 records: 3, size/record: 4, table size: 12
	index: 0, handler: __TI_decompress_rle24
	index: 1, handler: __TI_decompress_none
	index: 2, handler: __TI_zero_init


GLOBAL SYMBOLS: SORTED ALPHABETICALLY BY Name 

address   name                                              
-------   ----                                              
000019bd  C$$EXIT                                           
00001b45  CPUcpsie                                          
00001a75  GPIODirModeSet                                    
000012f1  GPIOPadConfigSet                                  
00001975  GPIOPinConfigure                                  
00001af5  GPIOPinTypeQEI                                    
00001b07  GPIOPinTypeUART                                   
00001b69  IntMasterEnable                                   
00001b29  QEIConfigure                                      
00001b73  QEIEnable                                         
00001b91  QEIPositionGet                                    
00001b5d  ResetISR                                          
00001e64  SHT$$INIT_ARRAY$$Base                             
00001e68  SHT$$INIT_ARRAY$$Limit                            
00001421  SysCtlClockGet                                    
00001a41  SysCtlPeripheralEnable                            
00001ab9  SysTickEnable                                     
00001acd  SysTickIntEnable                                  
000011bf  SysTickIntHandler                                 
00001b19  SysTickPeriodSet                                  
00001b85  UARTClockSourceSet                                
000009b5  UARTEchoSet                                       
0000094f  UARTFlushRx                                       
00000977  UARTFlushTx                                       
000008f5  UARTPeek                                          
000008d3  UARTRxBytesAvail                                  
00000373  UARTStdioConfig                                   
000009e1  UARTStdioIntHandler                               
000008e1  UARTTxBytesFree                                   
0000054d  UARTgetc                                          
000004d1  UARTgets                                          
000008af  UARTprintf                                        
000005b5  UARTvprintf                                       
0000042b  UARTwrite                                         
000011c9  _Z10Initializev                                   
0000116d  _Z13ConfigureUARTv                                
00001215  _Z8MainLoopv                                      
000016d9  _ZN10__cxxabiv116__enum_type_infoD0Ev             
000016d7  _ZN10__cxxabiv116__enum_type_infoD1Ev             
000016d7  _ZN10__cxxabiv116__enum_type_infoD2Ev             
000016cf  _ZN10__cxxabiv117__array_type_infoD0Ev            
000016cd  _ZN10__cxxabiv117__array_type_infoD1Ev            
000016cd  _ZN10__cxxabiv117__array_type_infoD2Ev            
000016c5  _ZN10__cxxabiv117__class_type_infoD0Ev            
000016c3  _ZN10__cxxabiv117__class_type_infoD1Ev            
000016c3  _ZN10__cxxabiv117__class_type_infoD2Ev            
000016bb  _ZN10__cxxabiv117__pbase_type_infoD0Ev            
000016b9  _ZN10__cxxabiv117__pbase_type_infoD1Ev            
000016b9  _ZN10__cxxabiv117__pbase_type_infoD2Ev            
000016b1  _ZN10__cxxabiv119__pointer_type_infoD0Ev          
000016af  _ZN10__cxxabiv119__pointer_type_infoD1Ev          
000016af  _ZN10__cxxabiv119__pointer_type_infoD2Ev          
000016a7  _ZN10__cxxabiv120__function_type_infoD0Ev         
000016a5  _ZN10__cxxabiv120__function_type_infoD1Ev         
000016a5  _ZN10__cxxabiv120__function_type_infoD2Ev         
0000169d  _ZN10__cxxabiv120__si_class_type_infoD0Ev         
0000169b  _ZN10__cxxabiv120__si_class_type_infoD1Ev         
0000169b  _ZN10__cxxabiv120__si_class_type_infoD2Ev         
00001693  _ZN10__cxxabiv121__vmi_class_type_infoD0Ev        
00001691  _ZN10__cxxabiv121__vmi_class_type_infoD1Ev        
00001691  _ZN10__cxxabiv121__vmi_class_type_infoD2Ev        
00001689  _ZN10__cxxabiv123__fundamental_type_infoD0Ev      
00001687  _ZN10__cxxabiv123__fundamental_type_infoD1Ev      
00001687  _ZN10__cxxabiv123__fundamental_type_infoD2Ev      
0000167f  _ZN10__cxxabiv129__pointer_to_member_type_infoD0Ev
0000167d  _ZN10__cxxabiv129__pointer_to_member_type_infoD1Ev
0000167d  _ZN10__cxxabiv129__pointer_to_member_type_infoD2Ev
00000f89  _ZN4aeo110qei_sensor10InitializeEv                
00000fab  _ZN4aeo110qei_sensor3GetEv                        
00000fd5  _ZN4aeo110qei_sensor4DiagEv                       
00000f49  _ZN4aeo110qei_sensorC1ENS0_9device_idE            
00000f49  _ZN4aeo110qei_sensorC2ENS0_9device_idE            
00000f73  _ZN4aeo110qei_sensorD0Ev                          
00000f67  _ZN4aeo110qei_sensorD1Ev                          
00000f67  _ZN4aeo110qei_sensorD2Ev                          
0000163f  _ZNKSt9type_info4nameEv                           
0000166f  _ZNKSt9type_info6beforeERKS_                      
00001659  _ZNKSt9type_infoeqERKS_                           
00001643  _ZNKSt9type_infoneERKS_                           
00001637  _ZNSt9type_infoD0Ev                               
00001635  _ZNSt9type_infoD1Ev                               
00001635  _ZNSt9type_infoD2Ev                               
20000490  _ZSt16__dummy_typeinfo                            
0000162d  _ZSt21__gen_dummy_typeinfosv                      
00001e0c  _ZTIN10__cxxabiv117__class_type_infoE             
00001e18  _ZTIN10__cxxabiv117__pbase_type_infoE             
00001e24  _ZTIN10__cxxabiv119__pointer_type_infoE           
00001e30  _ZTIN10__cxxabiv120__si_class_type_infoE          
00001e3c  _ZTIN10__cxxabiv123__fundamental_type_infoE       
00001e48  _ZTIN4aeo110qei_sensorE                           
00001d9c  _ZTIPKe                                           
00001e50  _ZTISt9type_info                                  
00001e58  _ZTIe                                             
00001d2d  _ZTSN10__cxxabiv117__class_type_infoE             
00001d4f  _ZTSN10__cxxabiv117__pbase_type_infoE             
00001d09  _ZTSN10__cxxabiv119__pointer_type_infoE           
00001ce4  _ZTSN10__cxxabiv120__si_class_type_infoE          
00001c94  _ZTSN10__cxxabiv123__fundamental_type_infoE       
00001d71  _ZTSN4aeo110qei_sensorE                           
00001e60  _ZTSPKe                                           
00001dfc  _ZTSSt9type_info                                  
00001d85  _ZTSe                                             
00001dac  _ZTVN10__cxxabiv117__class_type_infoE             
00001dbc  _ZTVN10__cxxabiv119__pointer_type_infoE           
00001dcc  _ZTVN10__cxxabiv120__si_class_type_infoE          
00001ddc  _ZTVN10__cxxabiv123__fundamental_type_infoE       
00001dec  _ZTVN4aeo110qei_sensorE                           
00001b7d  _ZdlPv                                            
200006a0  __STACK_END                                       
00000200  __STACK_SIZE                                      
200006a0  __STACK_TOP                                       
00000008  __SYSMEM_SIZE                                     
00001ea0  __TI_CINIT_Base                                   
00001eb0  __TI_CINIT_Limit                                  
00001e88  __TI_Handler_Table_Base                           
00001e94  __TI_Handler_Table_Limit                          
00001801  __TI_auto_init                                    
200006cc  __TI_cleanup_ptr                                  
00001b37  __TI_decompress_none                              
00001b8b  __TI_decompress_rle24                             
200006d0  __TI_dtors_ptr                                    
00000000  __TI_static_base__                                
00001b51  __TI_zero_init                                    
0000158f  __aeabi_atexit                                    
000017ff  __aeabi_idiv0                                     
00001785  __aeabi_memclr                                    
00001785  __aeabi_memclr4                                   
00001785  __aeabi_memclr8                                   
000016e9  __aeabi_memcpy                                    
000016e9  __aeabi_memcpy4                                   
000016e9  __aeabi_memcpy8                                   
00001787  __aeabi_memset                                    
00001787  __aeabi_memset4                                   
00001787  __aeabi_memset8                                   
00001a01  __aeabi_uidiv                                     
00001a01  __aeabi_uidivmod                                  
ffffffff  __binit__                                         
ffffffff  __c_args__                                        
000015d3  __cxa_atexit                                      
00001539  __cxa_finalize                                    
0000157b  __cxa_ia64_exit                                   
20000494  __dso_handle                                      
200004a0  __stack                                           
00001267  __sti___8_main_cpp_g_oQei0                        
00001aa1  _args_main                                        
000018d9  _c_int00                                          
200006c4  _lock                                             
00001aef  _nop                                              
00001ae7  _register_lock                                    
00001ae1  _register_unlock                                  
200006e0  _sys_memory                                       
00001b95  _system_pre_init                                  
200006c8  _unlock                                           
000019c1  abort                                             
00001581  atexit                                            
ffffffff  binit                                             
00000f15  calloc                                            
00001929  copy_in                                           
000019c9  exit                                              
00000c63  free                                              
20000480  g_oQei0                                           
20000488  g_oQei1                                           
00000000  g_pfnVectors                                      
00001255  main                                              
200006dc  main_func_sp                                      
00000bfb  malloc                                            
00000e31  memalign                                          
000016e9  memcpy                                            
0000178d  memset                                            
00000b6d  minit                                             
00000d25  realloc                                           


GLOBAL SYMBOLS: SORTED BY Symbol Address 

address   name                                              
-------   ----                                              
00000000  __TI_static_base__                                
00000000  g_pfnVectors                                      
00000008  __SYSMEM_SIZE                                     
00000200  __STACK_SIZE                                      
00000373  UARTStdioConfig                                   
0000042b  UARTwrite                                         
000004d1  UARTgets                                          
0000054d  UARTgetc                                          
000005b5  UARTvprintf                                       
000008af  UARTprintf                                        
000008d3  UARTRxBytesAvail                                  
000008e1  UARTTxBytesFree                                   
000008f5  UARTPeek                                          
0000094f  UARTFlushRx                                       
00000977  UARTFlushTx                                       
000009b5  UARTEchoSet                                       
000009e1  UARTStdioIntHandler                               
00000b6d  minit                                             
00000bfb  malloc                                            
00000c63  free                                              
00000d25  realloc                                           
00000e31  memalign                                          
00000f15  calloc                                            
00000f49  _ZN4aeo110qei_sensorC1ENS0_9device_idE            
00000f49  _ZN4aeo110qei_sensorC2ENS0_9device_idE            
00000f67  _ZN4aeo110qei_sensorD1Ev                          
00000f67  _ZN4aeo110qei_sensorD2Ev                          
00000f73  _ZN4aeo110qei_sensorD0Ev                          
00000f89  _ZN4aeo110qei_sensor10InitializeEv                
00000fab  _ZN4aeo110qei_sensor3GetEv                        
00000fd5  _ZN4aeo110qei_sensor4DiagEv                       
0000116d  _Z13ConfigureUARTv                                
000011bf  SysTickIntHandler                                 
000011c9  _Z10Initializev                                   
00001215  _Z8MainLoopv                                      
00001255  main                                              
00001267  __sti___8_main_cpp_g_oQei0                        
000012f1  GPIOPadConfigSet                                  
00001421  SysCtlClockGet                                    
00001539  __cxa_finalize                                    
0000157b  __cxa_ia64_exit                                   
00001581  atexit                                            
0000158f  __aeabi_atexit                                    
000015d3  __cxa_atexit                                      
0000162d  _ZSt21__gen_dummy_typeinfosv                      
00001635  _ZNSt9type_infoD1Ev                               
00001635  _ZNSt9type_infoD2Ev                               
00001637  _ZNSt9type_infoD0Ev                               
0000163f  _ZNKSt9type_info4nameEv                           
00001643  _ZNKSt9type_infoneERKS_                           
00001659  _ZNKSt9type_infoeqERKS_                           
0000166f  _ZNKSt9type_info6beforeERKS_                      
0000167d  _ZN10__cxxabiv129__pointer_to_member_type_infoD1Ev
0000167d  _ZN10__cxxabiv129__pointer_to_member_type_infoD2Ev
0000167f  _ZN10__cxxabiv129__pointer_to_member_type_infoD0Ev
00001687  _ZN10__cxxabiv123__fundamental_type_infoD1Ev      
00001687  _ZN10__cxxabiv123__fundamental_type_infoD2Ev      
00001689  _ZN10__cxxabiv123__fundamental_type_infoD0Ev      
00001691  _ZN10__cxxabiv121__vmi_class_type_infoD1Ev        
00001691  _ZN10__cxxabiv121__vmi_class_type_infoD2Ev        
00001693  _ZN10__cxxabiv121__vmi_class_type_infoD0Ev        
0000169b  _ZN10__cxxabiv120__si_class_type_infoD1Ev         
0000169b  _ZN10__cxxabiv120__si_class_type_infoD2Ev         
0000169d  _ZN10__cxxabiv120__si_class_type_infoD0Ev         
000016a5  _ZN10__cxxabiv120__function_type_infoD1Ev         
000016a5  _ZN10__cxxabiv120__function_type_infoD2Ev         
000016a7  _ZN10__cxxabiv120__function_type_infoD0Ev         
000016af  _ZN10__cxxabiv119__pointer_type_infoD1Ev          
000016af  _ZN10__cxxabiv119__pointer_type_infoD2Ev          
000016b1  _ZN10__cxxabiv119__pointer_type_infoD0Ev          
000016b9  _ZN10__cxxabiv117__pbase_type_infoD1Ev            
000016b9  _ZN10__cxxabiv117__pbase_type_infoD2Ev            
000016bb  _ZN10__cxxabiv117__pbase_type_infoD0Ev            
000016c3  _ZN10__cxxabiv117__class_type_infoD1Ev            
000016c3  _ZN10__cxxabiv117__class_type_infoD2Ev            
000016c5  _ZN10__cxxabiv117__class_type_infoD0Ev            
000016cd  _ZN10__cxxabiv117__array_type_infoD1Ev            
000016cd  _ZN10__cxxabiv117__array_type_infoD2Ev            
000016cf  _ZN10__cxxabiv117__array_type_infoD0Ev            
000016d7  _ZN10__cxxabiv116__enum_type_infoD1Ev             
000016d7  _ZN10__cxxabiv116__enum_type_infoD2Ev             
000016d9  _ZN10__cxxabiv116__enum_type_infoD0Ev             
000016e9  __aeabi_memcpy                                    
000016e9  __aeabi_memcpy4                                   
000016e9  __aeabi_memcpy8                                   
000016e9  memcpy                                            
00001785  __aeabi_memclr                                    
00001785  __aeabi_memclr4                                   
00001785  __aeabi_memclr8                                   
00001787  __aeabi_memset                                    
00001787  __aeabi_memset4                                   
00001787  __aeabi_memset8                                   
0000178d  memset                                            
000017ff  __aeabi_idiv0                                     
00001801  __TI_auto_init                                    
000018d9  _c_int00                                          
00001929  copy_in                                           
00001975  GPIOPinConfigure                                  
000019bd  C$$EXIT                                           
000019c1  abort                                             
000019c9  exit                                              
00001a01  __aeabi_uidiv                                     
00001a01  __aeabi_uidivmod                                  
00001a41  SysCtlPeripheralEnable                            
00001a75  GPIODirModeSet                                    
00001aa1  _args_main                                        
00001ab9  SysTickEnable                                     
00001acd  SysTickIntEnable                                  
00001ae1  _register_unlock                                  
00001ae7  _register_lock                                    
00001aef  _nop                                              
00001af5  GPIOPinTypeQEI                                    
00001b07  GPIOPinTypeUART                                   
00001b19  SysTickPeriodSet                                  
00001b29  QEIConfigure                                      
00001b37  __TI_decompress_none                              
00001b45  CPUcpsie                                          
00001b51  __TI_zero_init                                    
00001b5d  ResetISR                                          
00001b69  IntMasterEnable                                   
00001b73  QEIEnable                                         
00001b7d  _ZdlPv                                            
00001b85  UARTClockSourceSet                                
00001b8b  __TI_decompress_rle24                             
00001b91  QEIPositionGet                                    
00001b95  _system_pre_init                                  
00001c94  _ZTSN10__cxxabiv123__fundamental_type_infoE       
00001ce4  _ZTSN10__cxxabiv120__si_class_type_infoE          
00001d09  _ZTSN10__cxxabiv119__pointer_type_infoE           
00001d2d  _ZTSN10__cxxabiv117__class_type_infoE             
00001d4f  _ZTSN10__cxxabiv117__pbase_type_infoE             
00001d71  _ZTSN4aeo110qei_sensorE                           
00001d85  _ZTSe                                             
00001d9c  _ZTIPKe                                           
00001dac  _ZTVN10__cxxabiv117__class_type_infoE             
00001dbc  _ZTVN10__cxxabiv119__pointer_type_infoE           
00001dcc  _ZTVN10__cxxabiv120__si_class_type_infoE          
00001ddc  _ZTVN10__cxxabiv123__fundamental_type_infoE       
00001dec  _ZTVN4aeo110qei_sensorE                           
00001dfc  _ZTSSt9type_info                                  
00001e0c  _ZTIN10__cxxabiv117__class_type_infoE             
00001e18  _ZTIN10__cxxabiv117__pbase_type_infoE             
00001e24  _ZTIN10__cxxabiv119__pointer_type_infoE           
00001e30  _ZTIN10__cxxabiv120__si_class_type_infoE          
00001e3c  _ZTIN10__cxxabiv123__fundamental_type_infoE       
00001e48  _ZTIN4aeo110qei_sensorE                           
00001e50  _ZTISt9type_info                                  
00001e58  _ZTIe                                             
00001e60  _ZTSPKe                                           
00001e64  SHT$$INIT_ARRAY$$Base                             
00001e68  SHT$$INIT_ARRAY$$Limit                            
00001e88  __TI_Handler_Table_Base                           
00001e94  __TI_Handler_Table_Limit                          
00001ea0  __TI_CINIT_Base                                   
00001eb0  __TI_CINIT_Limit                                  
20000480  g_oQei0                                           
20000488  g_oQei1                                           
20000490  _ZSt16__dummy_typeinfo                            
20000494  __dso_handle                                      
200004a0  __stack                                           
200006a0  __STACK_END                                       
200006a0  __STACK_TOP                                       
200006c4  _lock                                             
200006c8  _unlock                                           
200006cc  __TI_cleanup_ptr                                  
200006d0  __TI_dtors_ptr                                    
200006dc  main_func_sp                                      
200006e0  _sys_memory                                       
ffffffff  __binit__                                         
ffffffff  __c_args__                                        
ffffffff  binit                                             

[171 symbols]
